#
# A fatal error has been detected by the Java Runtime Environment:
#
#  SIGSEGV (0xb) at pc=0x00007f6fb5069cb4, pid=5942, tid=0x00007f6fa05b3700
#
# JRE version: Java(TM) SE Runtime Environment (8.0_191-b12) (build 1.8.0_191-b12)
# Java VM: Java HotSpot(TM) 64-Bit Server VM (25.191-b12 mixed mode linux-amd64 compressed oops)
# Problematic frame:
# v  ~BufferBlob::jni_fast_GetLongField
#
# Failed to write core dump. Core dumps have been disabled. To enable core dumping, try "ulimit -c unlimited" before starting Java again
#
# If you would like to submit a bug report, please visit:
#   http://bugreport.java.com/bugreport/crash.jsp
# The crash happened outside the Java Virtual Machine in native code.
# See problematic frame for where to report the bug.
#

---------------  T H R E A D  ---------------

Current thread (0x00007f6fc41da800):  JavaThread "AWT-XAWT" daemon [_thread_in_native, id=5985, stack(0x00007f6fa04b3000,0x00007f6fa05b4000)]

siginfo: si_signo: 11 (SIGSEGV), si_code: 1 (SEGV_MAPERR), si_addr: 0x0000000000000000

Registers:
RAX=0x00007f6fcb0e03c0, RBX=0x00007f6fc41da9f8, RCX=0x0000000000000001, RDX=0x0000000000000042
RSP=0x00007f6fa05b2838, RBP=0x00007f6fa05b2860, RSI=0x0000000000000000, RDI=0x00007f6fc41da9f8
R8 =0x00000000bce828e8, R9 =0x0000000000000000, R10=0x0000000000000016, R11=0x00007f6fa17e86b0
R12=0x00007f6fac03d2b0, R13=0x0000000000000000, R14=0x00007f6fb4729b00, R15=0x00007f6fc41da800
RIP=0x00007f6fb5069cb4, EFLAGS=0x0000000000010246, CSGSFS=0x0000000000000033, ERR=0x0000000000000004
  TRAPNO=0x000000000000000e

Top of Stack: (sp=0x00007f6fa05b2838)
0x00007f6fa05b2838:   00007f6fb4507b84 00007f6fc88bcd98
0x00007f6fa05b2848:   00007f6fac03d2b0 00007f6fa05b2910
0x00007f6fa05b2858:   00007f6fa05b28e0 0000000000000000
0x00007f6fa05b2868:   00007f6fa17e8708 00007f6fc88bcd98
0x00007f6fa05b2878:   00007f6fa05b28a0 0000000000000000
0x00007f6fa05b2888:   00007f6fa17dfee3 00007f6fa05b2910
0x00007f6fa05b2898:   00007f6fb44fffef 00007f6fa05b28f0
0x00007f6fa05b28a8:   00007f6fb52364b6 0000000000000000
0x00007f6fa05b28b8:   00007f6fb5228536 00007f6fa05b2910
0x00007f6fa05b28c8:   00007f6fb513efac 00007f6fa05b2970
0x00007f6fa05b28d8:   00000000bd09a6d0 00000000bd060880
0x00007f6fa05b28e8:   0000000000000001 00007f6fa05b2970
0x00007f6fa05b28f8:   00007f6fb5007a90 00007f6fa05b2970
0x00007f6fa05b2908:   00007f6fb5007a90 0000000000000000
0x00007f6fa05b2918:   00007f6fb5007dd0 00007f6f9804dab0
0x00007f6fa05b2928:   00000000bd144af0 00007f6fa05b2930
0x00007f6fa05b2938:   00007f6fc89b1f84 00007f6fa05b29b8
0x00007f6fa05b2948:   00007f6fc89baf68 0000000000000000
0x00007f6fa05b2958:   00007f6fc89b20c0 00007f6fa05b2910
0x00007f6fa05b2968:   00007f6fa05b29b0 00007f6fa05b2a00
0x00007f6fa05b2978:   00007f6fb50082bd 0000000000000000
0x00007f6fa05b2988:   00000000bd527568 0000000000000000
0x00007f6fa05b2998:   0000000000000000 0000000000000000
0x00007f6fa05b29a8:   00000000bd144af0 0000000000000000
0x00007f6fa05b29b8:   00000000bd09b270 00007f6fa05b29c0
0x00007f6fa05b29c8:   00007f6fc89b1dc5 00007f6fa05b2a10
0x00007f6fa05b29d8:   00007f6fc89baf68 0000000000000000
0x00007f6fa05b29e8:   00007f6fc89b1dd0 00007f6fa05b29b0
0x00007f6fa05b29f8:   00007f6fa05b2a10 00007f6fa05b2a58
0x00007f6fa05b2a08:   00007f6fb5008302 00000000bd09b270
0x00007f6fa05b2a18:   00007f6fa05b2a18 00007f6fc84ce6cb
0x00007f6fa05b2a28:   00007f6fa05b2a68 00007f6fc85563e8 

Instructions: (pc=0x00007f6fb5069cb4)
0x00007f6fb5069c94:   00 00 00 00 00 00 00 00 00 00 00 00 44 8b 15 55
0x00007f6fb5069ca4:   62 0b 16 4c 8b ce 41 f6 c2 01 0f 85 1c 00 00 00
0x00007f6fb5069cb4:   4d 8b 09 4c 8b da 49 c1 eb 02 4b 8b 04 19 44 3b
0x00007f6fb5069cc4:   15 33 62 0b 16 0f 85 01 00 00 00 c3 e9 eb dc 7a 

Register to memory mapping:

RAX=0x00007f6fcb0e03c0: <offset 0xf883c0> in /jdk1.8.0_191/jre/lib/amd64/server/libjvm.so at 0x00007f6fca158000
RBX=0x00007f6fc41da9f8 is an unknown value
RCX=0x0000000000000001 is an unknown value
RDX=0x0000000000000042 is an unknown value
RSP=0x00007f6fa05b2838 is pointing into the stack for thread: 0x00007f6fc41da800
RBP=0x00007f6fa05b2860 is pointing into the stack for thread: 0x00007f6fc41da800
RSI=0x0000000000000000 is an unknown value
RDI=0x00007f6fc41da9f8 is an unknown value
R8 =0x00000000bce828e8 is an oop
sun.util.logging.PlatformLogger$Level 
 - klass: 'sun/util/logging/PlatformLogger$Level'
R9 =0x0000000000000000 is an unknown value
R10=0x0000000000000016 is an unknown value
R11=0x00007f6fa17e86b0: _XimServerDestroy+0 in /lib64/libX11.so.6 at 0x00007f6fa177f000
R12=0x00007f6fac03d2b0 is an unknown value
R13=0x0000000000000000 is an unknown value
R14=0x00007f6fb4729b00: <offset 0x256b00> in /jdk1.8.0_191/jre/lib/amd64/libawt_xawt.so at 0x00007f6fb44d3000
R15=0x00007f6fc41da800 is a thread


Stack: [0x00007f6fa04b3000,0x00007f6fa05b4000],  sp=0x00007f6fa05b2838,  free space=1022k
Native frames: (J=compiled Java code, j=interpreted, Vv=VM code, C=native code)
v  ~BufferBlob::jni_fast_GetLongField
C  [libX11.so.6+0x69708]  _XimServerDestroy+0x58

Java frames: (J=compiled Java code, j=interpreted, Vv=VM code)
J 529  sun.awt.X11.XlibWrapper.XFilterEvent(JJ)Z (0 bytes) @ 0x00007f6fb5236444 [0x00007f6fb5236400+0x44]
j  sun.awt.X11.XToolkit.run(Z)V+300
j  sun.awt.X11.XToolkit.run()V+5
j  java.lang.Thread.run()V+11
v  ~StubRoutines::call_stub

---------------  P R O C E S S  ---------------

Java Threads: ( => current thread )
  0x00007f6fc4009800 JavaThread "DestroyJavaVM" [_thread_blocked, id=5946, stack(0x00007f6fcbc46000,0x00007f6fcbd46000)]
  0x00007f6fc42e2800 JavaThread "AWT-EventQueue-0" [_thread_blocked, id=6003, stack(0x00007f6f93793000,0x00007f6f93894000)]
  0x00007f6fc4224000 JavaThread "AWT-Shutdown" [_thread_blocked, id=6001, stack(0x00007f6fa00b1000,0x00007f6fa01b2000)]
=>0x00007f6fc41da800 JavaThread "AWT-XAWT" daemon [_thread_in_native, id=5985, stack(0x00007f6fa04b3000,0x00007f6fa05b4000)]
  0x00007f6fc41b3000 JavaThread "Java2D Disposer" daemon [_thread_blocked, id=5979, stack(0x00007f6fa09c5000,0x00007f6fa0ac6000)]
  0x00007f6fc40b4800 JavaThread "Service Thread" daemon [_thread_blocked, id=5972, stack(0x00007f6fb4afb000,0x00007f6fb4bfc000)]
  0x00007f6fc40b1800 JavaThread "C1 CompilerThread1" daemon [_thread_blocked, id=5971, stack(0x00007f6fb4bfd000,0x00007f6fb4cfd000)]
  0x00007f6fc40af000 JavaThread "C2 CompilerThread0" daemon [_thread_blocked, id=5967, stack(0x00007f6fb4cfe000,0x00007f6fb4dfe000)]
  0x00007f6fc40ad800 JavaThread "Signal Dispatcher" daemon [_thread_in_vm, id=5964, stack(0x00007f6fb4dfe000,0x00007f6fb4eff000)]
  0x00007f6fc407a800 JavaThread "Finalizer" daemon [_thread_blocked, id=5957, stack(0x00007f6fb4eff000,0x00007f6fb5000000)]
  0x00007f6fc4078000 JavaThread "Reference Handler" daemon [_thread_blocked, id=5956, stack(0x00007f6fc804e000,0x00007f6fc814f000)]

Other Threads:
  0x00007f6fc406e000 VMThread [stack: 0x00007f6fc8150000,0x00007f6fc8250000] [id=5952]
  0x00007f6fc40ba000 WatcherThread [stack: 0x00007f6fb49fb000,0x00007f6fb4afb000] [id=5973]

VM state:not at safepoint (normal execution)

VM Mutex/Monitor currently owned by a thread:  ([mutex/lock_event])
[0x00007f6fc40070a0] Threads_lock - owner thread: 0x00007f6fc40ad800

Heap:
 def new generation   total 20864K, used 9819K [0x00000000bce00000, 0x00000000be4a0000, 0x00000000d3400000)
  eden space 18560K,  52% used [0x00000000bce00000, 0x00000000bd796c80, 0x00000000be020000)
  from space 2304K,   0% used [0x00000000be020000, 0x00000000be020000, 0x00000000be260000)
  to   space 2304K,   0% used [0x00000000be260000, 0x00000000be260000, 0x00000000be4a0000)
 tenured generation   total 46464K, used 0K [0x00000000d3400000, 0x00000000d6160000, 0x0000000100000000)
   the space 46464K,   0% used [0x00000000d3400000, 0x00000000d3400000, 0x00000000d3400200, 0x00000000d6160000)
 Metaspace       used 12156K, capacity 12362K, committed 12672K, reserved 1060864K
  class space    used 1476K, capacity 1579K, committed 1664K, reserved 1048576K

Card table byte_map: [0x00007f6fc8e07000,0x00007f6fc9021000] byte_map_base: 0x00007f6fc8820000

Polling page: 0x00007f6fcbd61000

CodeCache: size=245760Kb used=2304Kb max_used=2304Kb free=243455Kb
 bounds [0x00007f6fb5000000, 0x00007f6fb5270000, 0x00007f6fc4000000]
 total_blobs=1056 nmethods=513 adapters=457
 compilation: enabled

Compilation events (10 events):
Event: 2200.723 Thread 0x00007f6fc40b1800  526       3       sun.awt.X11.XDragSourceContextPeer::processProxyModeEvent (120 bytes)
Event: 2200.723 Thread 0x00007f6fc40b1800 nmethod 526 0x00007f6fb523e5d0 code [0x00007f6fb523e960, 0x00007f6fb52405d0]
Event: 2200.723 Thread 0x00007f6fc40b1800  527       3       sun.awt.X11.XDragSourceContextPeer::getProxyModeSourceWindow (5 bytes)
Event: 2200.723 Thread 0x00007f6fc40b1800 nmethod 527 0x00007f6fb5238750 code [0x00007f6fb52388a0, 0x00007f6fb52389f0]
Event: 2200.723 Thread 0x00007f6fc40b1800  528       3       sun.awt.X11.XEvent::getPData (5 bytes)
Event: 2200.723 Thread 0x00007f6fc40b1800 nmethod 528 0x00007f6fb5238450 code [0x00007f6fb52385a0, 0x00007f6fb52386f0]
Event: 2200.723 Thread 0x00007f6fc40b1800  531       3       sun.awt.X11.XBaseWindow::dispatchToWindow (44 bytes)
Event: 2200.724 Thread 0x00007f6fc40b1800 nmethod 531 0x00007f6fb5241390 code [0x00007f6fb5241620, 0x00007f6fb5242678]
Event: 2225.732 Thread 0x00007f6fc40b1800  532       3       java.lang.Long::equals (30 bytes)
Event: 2225.732 Thread 0x00007f6fc40b1800 nmethod 532 0x00007f6fb5237d10 code [0x00007f6fb5237ea0, 0x00007f6fb5238350]

GC Heap History (0 events):
No events

Deoptimization events (0 events):
No events

Classes redefined (0 events):
No events

Internal exceptions (10 events):
Event: 0.274 Thread 0x00007f6fc4009800 Exception <a 'java/security/PrivilegedActionException'> (0x00000000bce682c8) thrown at [/HUDSON/workspace/8-2-build-linux-amd64/jdk8u191/11894/hotspot/src/share/vm/prims/jvm.cpp, line 1435]
Event: 0.274 Thread 0x00007f6fc4009800 Exception <a 'java/security/PrivilegedActionException'> (0x00000000bce684d8) thrown at [/HUDSON/workspace/8-2-build-linux-amd64/jdk8u191/11894/hotspot/src/share/vm/prims/jvm.cpp, line 1435]
Event: 0.327 Thread 0x00007f6fc4009800 Exception <a 'java/security/PrivilegedActionException'> (0x00000000bce94a78) thrown at [/HUDSON/workspace/8-2-build-linux-amd64/jdk8u191/11894/hotspot/src/share/vm/prims/jvm.cpp, line 1435]
Event: 0.327 Thread 0x00007f6fc4009800 Exception <a 'java/security/PrivilegedActionException'> (0x00000000bce94c88) thrown at [/HUDSON/workspace/8-2-build-linux-amd64/jdk8u191/11894/hotspot/src/share/vm/prims/jvm.cpp, line 1435]
Event: 0.327 Thread 0x00007f6fc4009800 Exception <a 'java/security/PrivilegedActionException'> (0x00000000bce96b50) thrown at [/HUDSON/workspace/8-2-build-linux-amd64/jdk8u191/11894/hotspot/src/share/vm/prims/jvm.cpp, line 1435]
Event: 0.327 Thread 0x00007f6fc4009800 Exception <a 'java/security/PrivilegedActionException'> (0x00000000bce96d60) thrown at [/HUDSON/workspace/8-2-build-linux-amd64/jdk8u191/11894/hotspot/src/share/vm/prims/jvm.cpp, line 1435]
Event: 0.418 Thread 0x00007f6fc4009800 Exception <a 'java/lang/NoSuchFieldError': method resolution failed> (0x00000000bcfc2a78) thrown at [/HUDSON/workspace/8-2-build-linux-amd64/jdk8u191/11894/hotspot/src/share/vm/prims/methodHandles.cpp, line 1167]
Event: 0.420 Thread 0x00007f6fc4009800 Exception <a 'java/lang/NoSuchFieldError': method resolution failed> (0x00000000bcfd0248) thrown at [/HUDSON/workspace/8-2-build-linux-amd64/jdk8u191/11894/hotspot/src/share/vm/prims/methodHandles.cpp, line 1167]
Event: 0.626 Thread 0x00007f6fc4009800 Exception <a 'java/io/FileNotFoundException'> (0x00000000bd04dba0) thrown at [/HUDSON/workspace/8-2-build-linux-amd64/jdk8u191/11894/hotspot/src/share/vm/prims/jni.cpp, line 709]
Event: 0.626 Thread 0x00007f6fc4009800 Exception <a 'java/io/FileNotFoundException'> (0x00000000bd04e4e0) thrown at [/HUDSON/workspace/8-2-build-linux-amd64/jdk8u191/11894/hotspot/src/share/vm/prims/jni.cpp, line 709]

Events (10 events):
Event: 56.917 loading class java/awt/KeyboardFocusManager$2
Event: 56.917 loading class java/awt/KeyboardFocusManager$2 done
Event: 56.918 loading class sun/awt/SunToolkit$1
Event: 56.918 loading class sun/awt/SunToolkit$1 done
Event: 56.918 loading class sun/awt/X11/XUnmapEvent
Event: 56.918 loading class sun/awt/X11/XUnmapEvent done
Event: 2245.789 loading class sun/awt/X11/XDestroyWindowEvent
Event: 2245.789 loading class sun/awt/X11/XDestroyWindowEvent done
Event: 2245.974 loading class sun/misc/Signal$1
Event: 2245.974 loading class sun/misc/Signal$1 done


Dynamic libraries:
00400000-00401000 r-xp 00000000 fd:00 102659985                          /jdk1.8.0_191/bin/java
00600000-00601000 r--p 00000000 fd:00 102659985                          /jdk1.8.0_191/bin/java
00601000-00602000 rw-p 00001000 fd:00 102659985                          /jdk1.8.0_191/bin/java
00d63000-00d84000 rw-p 00000000 00:00 0                                  [heap]
bce00000-be4a0000 rw-p 00000000 00:00 0 
be4a0000-d3400000 ---p 00000000 00:00 0 
d3400000-d6160000 rw-p 00000000 00:00 0 
d6160000-100000000 ---p 00000000 00:00 0 
100000000-1001a0000 rw-p 00000000 00:00 0 
1001a0000-140000000 ---p 00000000 00:00 0 
7f6f8c000000-7f6f8c021000 rw-p 00000000 00:00 0 
7f6f8c021000-7f6f90000000 ---p 00000000 00:00 0 
7f6f93593000-7f6f93653000 rw-p 00000000 00:00 0 
7f6f93653000-7f6f93793000 ---p 00000000 00:00 0 
7f6f93793000-7f6f93796000 ---p 00000000 00:00 0 
7f6f93796000-7f6f93894000 rw-p 00000000 00:00 0 
7f6f93964000-7f6f939d0000 r-xp 00000000 fd:00 68611362                   /jdk1.8.0_191/jre/lib/amd64/libt2k.so
7f6f939d0000-7f6f93bd0000 ---p 0006c000 fd:00 68611362                   /jdk1.8.0_191/jre/lib/amd64/libt2k.so
7f6f93bd0000-7f6f93bd6000 r--p 0006c000 fd:00 68611362                   /jdk1.8.0_191/jre/lib/amd64/libt2k.so
7f6f93bd6000-7f6f93bd7000 rw-p 00072000 fd:00 68611362                   /jdk1.8.0_191/jre/lib/amd64/libt2k.so
7f6f93bd7000-7f6f93be8000 r-xp 00000000 fd:00 68628421                   /jdk1.8.0_191/jre/lib/amd64/libnio.so
7f6f93be8000-7f6f93de7000 ---p 00011000 fd:00 68628421                   /jdk1.8.0_191/jre/lib/amd64/libnio.so
7f6f93de7000-7f6f93de8000 r--p 00010000 fd:00 68628421                   /jdk1.8.0_191/jre/lib/amd64/libnio.so
7f6f93de8000-7f6f93de9000 rw-p 00011000 fd:00 68628421                   /jdk1.8.0_191/jre/lib/amd64/libnio.so
7f6f93de9000-7f6f93dff000 r-xp 00000000 fd:00 68628418                   /jdk1.8.0_191/jre/lib/amd64/libnet.so
7f6f93dff000-7f6f93ffe000 ---p 00016000 fd:00 68628418                   /jdk1.8.0_191/jre/lib/amd64/libnet.so
7f6f93ffe000-7f6f93fff000 r--p 00015000 fd:00 68628418                   /jdk1.8.0_191/jre/lib/amd64/libnet.so
7f6f93fff000-7f6f94000000 rw-p 00016000 fd:00 68628418                   /jdk1.8.0_191/jre/lib/amd64/libnet.so
7f6f94000000-7f6f94501000 rw-p 00000000 00:00 0 
7f6f94501000-7f6f98000000 ---p 00000000 00:00 0 
7f6f98000000-7f6f98467000 rw-p 00000000 00:00 0 
7f6f98467000-7f6f9c000000 ---p 00000000 00:00 0 
7f6f9c000000-7f6f9c021000 rw-p 00000000 00:00 0 
7f6f9c021000-7f6fa0000000 ---p 00000000 00:00 0 
7f6fa00b1000-7f6fa00b4000 ---p 00000000 00:00 0 
7f6fa00b4000-7f6fa03b2000 rw-p 00000000 00:00 0 
7f6fa03b2000-7f6fa03b5000 ---p 00000000 00:00 0 
7f6fa03b5000-7f6fa04b3000 rw-p 00000000 00:00 0 
7f6fa04b3000-7f6fa04b6000 ---p 00000000 00:00 0 
7f6fa04b6000-7f6fa05b4000 rw-p 00000000 00:00 0 
7f6fa05b4000-7f6fa05b9000 r-xp 00000000 fd:00 35263117                   /usr/lib64/libXfixes.so.3.1.0
7f6fa05b9000-7f6fa07b8000 ---p 00005000 fd:00 35263117                   /usr/lib64/libXfixes.so.3.1.0
7f6fa07b8000-7f6fa07b9000 r--p 00004000 fd:00 35263117                   /usr/lib64/libXfixes.so.3.1.0
7f6fa07b9000-7f6fa07ba000 rw-p 00005000 fd:00 35263117                   /usr/lib64/libXfixes.so.3.1.0
7f6fa07ba000-7f6fa07c3000 r-xp 00000000 fd:00 35263210                   /usr/lib64/libXcursor.so.1.0.2
7f6fa07c3000-7f6fa09c3000 ---p 00009000 fd:00 35263210                   /usr/lib64/libXcursor.so.1.0.2
7f6fa09c3000-7f6fa09c4000 r--p 00009000 fd:00 35263210                   /usr/lib64/libXcursor.so.1.0.2
7f6fa09c4000-7f6fa09c5000 rw-p 0000a000 fd:00 35263210                   /usr/lib64/libXcursor.so.1.0.2
7f6fa09c5000-7f6fa09c8000 ---p 00000000 00:00 0 
7f6fa09c8000-7f6fa0ac6000 rw-p 00000000 00:00 0 
7f6fa0ac6000-7f6fa0adb000 r-xp 00000000 fd:00 40121674                   /usr/lib64/libgcc_s-4.8.5-20150702.so.1
7f6fa0adb000-7f6fa0cda000 ---p 00015000 fd:00 40121674                   /usr/lib64/libgcc_s-4.8.5-20150702.so.1
7f6fa0cda000-7f6fa0cdb000 r--p 00014000 fd:00 40121674                   /usr/lib64/libgcc_s-4.8.5-20150702.so.1
7f6fa0cdb000-7f6fa0cdc000 rw-p 00015000 fd:00 40121674                   /usr/lib64/libgcc_s-4.8.5-20150702.so.1
7f6fa0cdc000-7f6fa0d39000 r-xp 00000000 fd:00 68611374                   /jdk1.8.0_191/jre/lib/amd64/libfontmanager.so
7f6fa0d39000-7f6fa0f39000 ---p 0005d000 fd:00 68611374                   /jdk1.8.0_191/jre/lib/amd64/libfontmanager.so
7f6fa0f39000-7f6fa0f3c000 r--p 0005d000 fd:00 68611374                   /jdk1.8.0_191/jre/lib/amd64/libfontmanager.so
7f6fa0f3c000-7f6fa0f3d000 rw-p 00060000 fd:00 68611374                   /jdk1.8.0_191/jre/lib/amd64/libfontmanager.so
7f6fa0f3d000-7f6fa0f3f000 r-xp 00000000 fd:00 33780200                   /usr/lib64/libXau.so.6.0.0
7f6fa0f3f000-7f6fa113f000 ---p 00002000 fd:00 33780200                   /usr/lib64/libXau.so.6.0.0
7f6fa113f000-7f6fa1140000 r--p 00002000 fd:00 33780200                   /usr/lib64/libXau.so.6.0.0
7f6fa1140000-7f6fa1141000 rw-p 00003000 fd:00 33780200                   /usr/lib64/libXau.so.6.0.0
7f6fa1141000-7f6fa1168000 r-xp 00000000 fd:00 33809088                   /usr/lib64/libxcb.so.1.1.0
7f6fa1168000-7f6fa1367000 ---p 00027000 fd:00 33809088                   /usr/lib64/libxcb.so.1.1.0
7f6fa1367000-7f6fa1368000 r--p 00026000 fd:00 33809088                   /usr/lib64/libxcb.so.1.1.0
7f6fa1368000-7f6fa1369000 rw-p 00027000 fd:00 33809088                   /usr/lib64/libxcb.so.1.1.0
7f6fa1369000-7f6fa1378000 r-xp 00000000 fd:00 35263123                   /usr/lib64/libXi.so.6.1.0
7f6fa1378000-7f6fa1577000 ---p 0000f000 fd:00 35263123                   /usr/lib64/libXi.so.6.1.0
7f6fa1577000-7f6fa1578000 r--p 0000e000 fd:00 35263123                   /usr/lib64/libXi.so.6.1.0
7f6fa1578000-7f6fa1579000 rw-p 0000f000 fd:00 35263123                   /usr/lib64/libXi.so.6.1.0
7f6fa1579000-7f6fa157e000 r-xp 00000000 fd:00 35263171                   /usr/lib64/libXtst.so.6.1.0
7f6fa157e000-7f6fa177d000 ---p 00005000 fd:00 35263171                   /usr/lib64/libXtst.so.6.1.0
7f6fa177d000-7f6fa177e000 r--p 00004000 fd:00 35263171                   /usr/lib64/libXtst.so.6.1.0
7f6fa177e000-7f6fa177f000 rw-p 00005000 fd:00 35263171                   /usr/lib64/libXtst.so.6.1.0
7f6fa177f000-7f6fa18b7000 r-xp 00000000 fd:00 36315762                   /usr/lib64/libX11.so.6.3.0
7f6fa18b7000-7f6fa1ab7000 ---p 00138000 fd:00 36315762                   /usr/lib64/libX11.so.6.3.0
7f6fa1ab7000-7f6fa1ab8000 r--p 00138000 fd:00 36315762                   /usr/lib64/libX11.so.6.3.0
7f6fa1ab8000-7f6fa1abd000 rw-p 00139000 fd:00 36315762                   /usr/lib64/libX11.so.6.3.0
7f6fa1abd000-7f6fa8000000 r--p 00000000 fd:00 101106078                  /usr/lib/locale/locale-archive
7f6fa8000000-7f6fa8021000 rw-p 00000000 00:00 0 
7f6fa8021000-7f6fac000000 ---p 00000000 00:00 0 
7f6fac000000-7f6fac04a000 rw-p 00000000 00:00 0 
7f6fac04a000-7f6fb0000000 ---p 00000000 00:00 0 
7f6fb0000000-7f6fb0021000 rw-p 00000000 00:00 0 
7f6fb0021000-7f6fb4000000 ---p 00000000 00:00 0 
7f6fb4078000-7f6fb40b6000 rw-s 00000000 00:04 98307                      /SYSV00000000 (deleted)
7f6fb40b6000-7f6fb40bf000 r-xp 00000000 fd:00 35263135                   /usr/lib64/libXrender.so.1.3.0
7f6fb40bf000-7f6fb42bf000 ---p 00009000 fd:00 35263135                   /usr/lib64/libXrender.so.1.3.0
7f6fb42bf000-7f6fb42c0000 r--p 00009000 fd:00 35263135                   /usr/lib64/libXrender.so.1.3.0
7f6fb42c0000-7f6fb42c1000 rw-p 0000a000 fd:00 35263135                   /usr/lib64/libXrender.so.1.3.0
7f6fb42c1000-7f6fb42d2000 r-xp 00000000 fd:00 35263116                   /usr/lib64/libXext.so.6.4.0
7f6fb42d2000-7f6fb44d1000 ---p 00011000 fd:00 35263116                   /usr/lib64/libXext.so.6.4.0
7f6fb44d1000-7f6fb44d2000 r--p 00010000 fd:00 35263116                   /usr/lib64/libXext.so.6.4.0
7f6fb44d2000-7f6fb44d3000 rw-p 00011000 fd:00 35263116                   /usr/lib64/libXext.so.6.4.0
7f6fb44d3000-7f6fb4526000 r-xp 00000000 fd:00 68628425                   /jdk1.8.0_191/jre/lib/amd64/libawt_xawt.so
7f6fb4526000-7f6fb4725000 ---p 00053000 fd:00 68628425                   /jdk1.8.0_191/jre/lib/amd64/libawt_xawt.so
7f6fb4725000-7f6fb4726000 r--p 00052000 fd:00 68628425                   /jdk1.8.0_191/jre/lib/amd64/libawt_xawt.so
7f6fb4726000-7f6fb4729000 rw-p 00053000 fd:00 68628425                   /jdk1.8.0_191/jre/lib/amd64/libawt_xawt.so
7f6fb4729000-7f6fb472a000 rw-p 00000000 00:00 0 
7f6fb472a000-7f6fb47c9000 r-xp 00000000 fd:00 68611387                   /jdk1.8.0_191/jre/lib/amd64/libawt.so
7f6fb47c9000-7f6fb49c9000 ---p 0009f000 fd:00 68611387                   /jdk1.8.0_191/jre/lib/amd64/libawt.so
7f6fb49c9000-7f6fb49ca000 r--p 0009f000 fd:00 68611387                   /jdk1.8.0_191/jre/lib/amd64/libawt.so
7f6fb49ca000-7f6fb49d5000 rw-p 000a0000 fd:00 68611387                   /jdk1.8.0_191/jre/lib/amd64/libawt.so
7f6fb49d5000-7f6fb49fa000 rw-p 00000000 00:00 0 
7f6fb49fa000-7f6fb49fb000 ---p 00000000 00:00 0 
7f6fb49fb000-7f6fb4afb000 rw-p 00000000 00:00 0 
7f6fb4afb000-7f6fb4afe000 ---p 00000000 00:00 0 
7f6fb4afe000-7f6fb4bfc000 rw-p 00000000 00:00 0 
7f6fb4bfc000-7f6fb4c00000 ---p 00000000 00:00 0 
7f6fb4c00000-7f6fb4cfd000 rw-p 00000000 00:00 0 
7f6fb4cfd000-7f6fb4d01000 ---p 00000000 00:00 0 
7f6fb4d01000-7f6fb4dfe000 rw-p 00000000 00:00 0 
7f6fb4dfe000-7f6fb4e01000 ---p 00000000 00:00 0 
7f6fb4e01000-7f6fb4eff000 rw-p 00000000 00:00 0 
7f6fb4eff000-7f6fb4f02000 ---p 00000000 00:00 0 
7f6fb4f02000-7f6fb5000000 rw-p 00000000 00:00 0 
7f6fb5000000-7f6fb5270000 rwxp 00000000 00:00 0 
7f6fb5270000-7f6fc4000000 ---p 00000000 00:00 0 
7f6fc4000000-7f6fc42eb000 rw-p 00000000 00:00 0 
7f6fc42eb000-7f6fc8000000 ---p 00000000 00:00 0 
7f6fc803b000-7f6fc804e000 r--s 00345000 fd:00 3556547                    /jdk1.8.0_191/jre/lib/resources.jar
7f6fc804e000-7f6fc8051000 ---p 00000000 00:00 0 
7f6fc8051000-7f6fc814f000 rw-p 00000000 00:00 0 
7f6fc814f000-7f6fc8150000 ---p 00000000 00:00 0 
7f6fc8150000-7f6fc8250000 rw-p 00000000 00:00 0 
7f6fc8250000-7f6fc842a000 r--s 03d6c000 fd:00 3532122                    /jdk1.8.0_191/jre/lib/rt.jar
7f6fc842a000-7f6fc8cb7000 rw-p 00000000 00:00 0 
7f6fc8cb7000-7f6fc8e07000 ---p 00000000 00:00 0 
7f6fc8e07000-7f6fc8e13000 rw-p 00000000 00:00 0 
7f6fc8e13000-7f6fc8eba000 ---p 00000000 00:00 0 
7f6fc8eba000-7f6fc8ed1000 rw-p 00000000 00:00 0 
7f6fc8ed1000-7f6fc9020000 ---p 00000000 00:00 0 
7f6fc9020000-7f6fc902b000 rw-p 00000000 00:00 0 
7f6fc902b000-7f6fc93e1000 ---p 00000000 00:00 0 
7f6fc93e1000-7f6fc93fb000 r-xp 00000000 fd:00 68611390                   /jdk1.8.0_191/jre/lib/amd64/libzip.so
7f6fc93fb000-7f6fc95fb000 ---p 0001a000 fd:00 68611390                   /jdk1.8.0_191/jre/lib/amd64/libzip.so
7f6fc95fb000-7f6fc95fc000 r--p 0001a000 fd:00 68611390                   /jdk1.8.0_191/jre/lib/amd64/libzip.so
7f6fc95fc000-7f6fc95fd000 rw-p 0001b000 fd:00 68611390                   /jdk1.8.0_191/jre/lib/amd64/libzip.so
7f6fc95fd000-7f6fc9609000 r-xp 00000000 fd:00 35108647                   /usr/lib64/libnss_files-2.17.so
7f6fc9609000-7f6fc9808000 ---p 0000c000 fd:00 35108647                   /usr/lib64/libnss_files-2.17.so
7f6fc9808000-7f6fc9809000 r--p 0000b000 fd:00 35108647                   /usr/lib64/libnss_files-2.17.so
7f6fc9809000-7f6fc980a000 rw-p 0000c000 fd:00 35108647                   /usr/lib64/libnss_files-2.17.so
7f6fc980a000-7f6fc9810000 rw-p 00000000 00:00 0 
7f6fc9810000-7f6fc983d000 r-xp 00000000 fd:00 68611384                   /jdk1.8.0_191/jre/lib/amd64/libjava.so
7f6fc983d000-7f6fc9a3c000 ---p 0002d000 fd:00 68611384                   /jdk1.8.0_191/jre/lib/amd64/libjava.so
7f6fc9a3c000-7f6fc9a3d000 r--p 0002c000 fd:00 68611384                   /jdk1.8.0_191/jre/lib/amd64/libjava.so
7f6fc9a3d000-7f6fc9a3f000 rw-p 0002d000 fd:00 68611384                   /jdk1.8.0_191/jre/lib/amd64/libjava.so
7f6fc9a3f000-7f6fc9a4c000 r-xp 00000000 fd:00 68611389                   /jdk1.8.0_191/jre/lib/amd64/libverify.so
7f6fc9a4c000-7f6fc9c4b000 ---p 0000d000 fd:00 68611389                   /jdk1.8.0_191/jre/lib/amd64/libverify.so
7f6fc9c4b000-7f6fc9c4d000 r--p 0000c000 fd:00 68611389                   /jdk1.8.0_191/jre/lib/amd64/libverify.so
7f6fc9c4d000-7f6fc9c4e000 rw-p 0000e000 fd:00 68611389                   /jdk1.8.0_191/jre/lib/amd64/libverify.so
7f6fc9c4e000-7f6fc9c55000 r-xp 00000000 fd:00 35108651                   /usr/lib64/librt-2.17.so
7f6fc9c55000-7f6fc9e54000 ---p 00007000 fd:00 35108651                   /usr/lib64/librt-2.17.so
7f6fc9e54000-7f6fc9e55000 r--p 00006000 fd:00 35108651                   /usr/lib64/librt-2.17.so
7f6fc9e55000-7f6fc9e56000 rw-p 00007000 fd:00 35108651                   /usr/lib64/librt-2.17.so
7f6fc9e56000-7f6fc9f57000 r-xp 00000000 fd:00 35108644                   /usr/lib64/libm-2.17.so
7f6fc9f57000-7f6fca156000 ---p 00101000 fd:00 35108644                   /usr/lib64/libm-2.17.so
7f6fca156000-7f6fca157000 r--p 00100000 fd:00 35108644                   /usr/lib64/libm-2.17.so
7f6fca157000-7f6fca158000 rw-p 00101000 fd:00 35108644                   /usr/lib64/libm-2.17.so
7f6fca158000-7f6fcae3a000 r-xp 00000000 fd:00 3556594                    /jdk1.8.0_191/jre/lib/amd64/server/libjvm.so
7f6fcae3a000-7f6fcb03a000 ---p 00ce2000 fd:00 3556594                    /jdk1.8.0_191/jre/lib/amd64/server/libjvm.so
7f6fcb03a000-7f6fcb0d0000 r--p 00ce2000 fd:00 3556594                    /jdk1.8.0_191/jre/lib/amd64/server/libjvm.so
7f6fcb0d0000-7f6fcb101000 rw-p 00d78000 fd:00 3556594                    /jdk1.8.0_191/jre/lib/amd64/server/libjvm.so
7f6fcb101000-7f6fcb13c000 rw-p 00000000 00:00 0 
7f6fcb13c000-7f6fcb2ff000 r-xp 00000000 fd:00 33644670                   /usr/lib64/libc-2.17.so
7f6fcb2ff000-7f6fcb4ff000 ---p 001c3000 fd:00 33644670                   /usr/lib64/libc-2.17.so
7f6fcb4ff000-7f6fcb503000 r--p 001c3000 fd:00 33644670                   /usr/lib64/libc-2.17.so
7f6fcb503000-7f6fcb505000 rw-p 001c7000 fd:00 33644670                   /usr/lib64/libc-2.17.so
7f6fcb505000-7f6fcb50a000 rw-p 00000000 00:00 0 
7f6fcb50a000-7f6fcb50c000 r-xp 00000000 fd:00 35108643                   /usr/lib64/libdl-2.17.so
7f6fcb50c000-7f6fcb70c000 ---p 00002000 fd:00 35108643                   /usr/lib64/libdl-2.17.so
7f6fcb70c000-7f6fcb70d000 r--p 00002000 fd:00 35108643                   /usr/lib64/libdl-2.17.so
7f6fcb70d000-7f6fcb70e000 rw-p 00003000 fd:00 35108643                   /usr/lib64/libdl-2.17.so
7f6fcb70e000-7f6fcb725000 r-xp 00000000 fd:00 36652250                   /jdk1.8.0_191/lib/amd64/jli/libjli.so
7f6fcb725000-7f6fcb924000 ---p 00017000 fd:00 36652250                   /jdk1.8.0_191/lib/amd64/jli/libjli.so
7f6fcb924000-7f6fcb925000 r--p 00016000 fd:00 36652250                   /jdk1.8.0_191/lib/amd64/jli/libjli.so
7f6fcb925000-7f6fcb926000 rw-p 00017000 fd:00 36652250                   /jdk1.8.0_191/lib/amd64/jli/libjli.so
7f6fcb926000-7f6fcb93d000 r-xp 00000000 fd:00 33644696                   /usr/lib64/libpthread-2.17.so
7f6fcb93d000-7f6fcbb3c000 ---p 00017000 fd:00 33644696                   /usr/lib64/libpthread-2.17.so
7f6fcbb3c000-7f6fcbb3d000 r--p 00016000 fd:00 33644696                   /usr/lib64/libpthread-2.17.so
7f6fcbb3d000-7f6fcbb3e000 rw-p 00017000 fd:00 33644696                   /usr/lib64/libpthread-2.17.so
7f6fcbb3e000-7f6fcbb42000 rw-p 00000000 00:00 0 
7f6fcbb42000-7f6fcbb64000 r-xp 00000000 fd:00 33644662                   /usr/lib64/ld-2.17.so
7f6fcbb64000-7f6fcbb69000 r--s 00084000 fd:00 3532075                    /jdk1.8.0_191/jre/lib/jfr.jar
7f6fcbb69000-7f6fcbb6e000 r--s 002f9000 fd:00 3532120                    /jdk1.8.0_191/jre/lib/charsets.jar
7f6fcbb6e000-7f6fcbb73000 r--s 000a0000 fd:00 3556556                    /jdk1.8.0_191/jre/lib/jsse.jar
7f6fcbb73000-7f6fcbc45000 rw-p 00000000 00:00 0 
7f6fcbc45000-7f6fcbc49000 ---p 00000000 00:00 0 
7f6fcbc49000-7f6fcbd4a000 rw-p 00000000 00:00 0 
7f6fcbd4b000-7f6fcbd4e000 r--s 0001a000 fd:00 3556598                    /jdk1.8.0_191/jre/lib/jce.jar
7f6fcbd4e000-7f6fcbd58000 r--s 000c0000 fd:00 889162                     /jdk1.8.0_191/jre/lib/ext/postgresql-42.2.5.jar
7f6fcbd58000-7f6fcbd60000 rw-s 00000000 fd:00 103909237                  /tmp/hsperfdata_root/5942
7f6fcbd60000-7f6fcbd61000 rw-p 00000000 00:00 0 
7f6fcbd61000-7f6fcbd62000 r--p 00000000 00:00 0 
7f6fcbd62000-7f6fcbd63000 rw-p 00000000 00:00 0 
7f6fcbd63000-7f6fcbd64000 r--p 00021000 fd:00 33644662                   /usr/lib64/ld-2.17.so
7f6fcbd64000-7f6fcbd65000 rw-p 00022000 fd:00 33644662                   /usr/lib64/ld-2.17.so
7f6fcbd65000-7f6fcbd66000 rw-p 00000000 00:00 0 
7fffae254000-7fffae275000 rw-p 00000000 00:00 0                          [stack]
7fffae3b8000-7fffae3ba000 r-xp 00000000 00:00 0                          [vdso]
ffffffffff600000-ffffffffff601000 r-xp 00000000 00:00 0                  [vsyscall]

VM Arguments:
jvm_args: -Dfile.encoding=UTF-8 
java_command: electricity.billing.system.Signup
java_class_path (initial): /jdk1.8.0_191/jre/lib/resources.jar:/jdk1.8.0_191/jre/lib/rt.jar:/jdk1.8.0_191/jre/lib/jsse.jar:/jdk1.8.0_191/jre/lib/jce.jar:/jdk1.8.0_191/jre/lib/charsets.jar:/jdk1.8.0_191/jre/lib/jfr.jar:/jdk1.8.0_191/jre/lib/ext/sunec.jar:/jdk1.8.0_191/jre/lib/ext/dnsns.jar:/jdk1.8.0_191/jre/lib/ext/cldrdata.jar:/jdk1.8.0_191/jre/lib/ext/jfxrt.jar:/jdk1.8.0_191/jre/lib/ext/jaccess.jar:/jdk1.8.0_191/jre/lib/ext/nashorn.jar:/jdk1.8.0_191/jre/lib/ext/zipfs.jar:/jdk1.8.0_191/jre/lib/ext/sunpkcs11.jar:/jdk1.8.0_191/jre/lib/ext/localedata.jar:/jdk1.8.0_191/jre/lib/ext/sunjce_provider.jar:/jdk1.8.0_191/jre/lib/ext/postgresql-42.2.5.jar:/root/apurva/Electricity Billing System/bin:/root/Downloads/ResultSet2xml.jar
Launcher Type: SUN_STANDARD

Environment Variables:
JAVA_HOME=/jdk1.8.0_191
CLASSPATH=:/apache-tomcat-8.5.38/common/lib/servlet-api.jar
PATH=/jdk1.8.0_191/bin:/usr/local/bin:/usr/local/sbin:/usr/bin:/usr/sbin:/bin:/sbin:/root/bin
USERNAME=root
SHELL=/bin/bash
DISPLAY=:0

Signal Handlers:
SIGSEGV: [libjvm.so+0xaced60], sa_mask[0]=11111111011111111101111111111110, sa_flags=SA_RESTART|SA_SIGINFO
SIGBUS: [libjvm.so+0xaced60], sa_mask[0]=11111111011111111101111111111110, sa_flags=SA_RESTART|SA_SIGINFO
SIGFPE: [libjvm.so+0x907ca0], sa_mask[0]=11111111011111111101111111111110, sa_flags=SA_RESTART|SA_SIGINFO
SIGPIPE: [libjvm.so+0x907ca0], sa_mask[0]=11111111011111111101111111111110, sa_flags=SA_RESTART|SA_SIGINFO
SIGXFSZ: [libjvm.so+0x907ca0], sa_mask[0]=11111111011111111101111111111110, sa_flags=SA_RESTART|SA_SIGINFO
SIGILL: [libjvm.so+0x907ca0], sa_mask[0]=11111111011111111101111111111110, sa_flags=SA_RESTART|SA_SIGINFO
SIGUSR1: SIG_DFL, sa_mask[0]=00000000000000000000000000000000, sa_flags=none
SIGUSR2: [libjvm.so+0x907b70], sa_mask[0]=00100000000000000000000000000000, sa_flags=SA_RESTART|SA_SIGINFO
SIGHUP: [libjvm.so+0x908190], sa_mask[0]=11111111011111111101111111111110, sa_flags=SA_RESTART|SA_SIGINFO
SIGINT: [libjvm.so+0x908190], sa_mask[0]=11111111011111111101111111111110, sa_flags=SA_RESTART|SA_SIGINFO
SIGTERM: [libjvm.so+0x908190], sa_mask[0]=11111111011111111101111111111110, sa_flags=SA_RESTART|SA_SIGINFO
SIGQUIT: [libjvm.so+0x908190], sa_mask[0]=11111111011111111101111111111110, sa_flags=SA_RESTART|SA_SIGINFO


---------------  S Y S T E M  ---------------

OS:CentOS Linux release 7.8.2003 (Core)

uname:Linux 3.10.0-1127.13.1.el7.x86_64 #1 SMP Tue Jun 23 15:46:38 UTC 2020 x86_64
libc:glibc 2.17 NPTL 2.17 
rlimit: STACK 8192k, CORE 0k, NPROC 17043, NOFILE 4096, AS infinity
load average:0.28 0.33 0.30

/proc/meminfo:
MemTotal:        4396508 kB
MemFree:          490184 kB
MemAvailable:    1496776 kB
Buffers:              96 kB
Cached:          1237424 kB
SwapCached:            0 kB
Active:          2815404 kB
Inactive:         791088 kB
Active(anon):    2360188 kB
Inactive(anon):    61948 kB
Active(file):     455216 kB
Inactive(file):   729140 kB
Unevictable:          32 kB
Mlocked:              32 kB
SwapTotal:       2359292 kB
SwapFree:        2359292 kB
Dirty:               380 kB
Writeback:             0 kB
AnonPages:       2387296 kB
Mapped:           196336 kB
Shmem:             53152 kB
Slab:             107564 kB
SReclaimable:      54820 kB
SUnreclaim:        52744 kB
KernelStack:       14608 kB
PageTables:        33700 kB
NFS_Unstable:          0 kB
Bounce:                0 kB
WritebackTmp:          0 kB
CommitLimit:     4557544 kB
Committed_AS:    5457980 kB
VmallocTotal:   34359738367 kB
VmallocUsed:       38408 kB
VmallocChunk:   34359695352 kB
Percpu:              188 kB
HardwareCorrupted:     0 kB
AnonHugePages:   1361920 kB
CmaTotal:              0 kB
CmaFree:               0 kB
HugePages_Total:       0
HugePages_Free:        0
HugePages_Rsvd:        0
HugePages_Surp:        0
Hugepagesize:       2048 kB
DirectMap4k:      104384 kB
DirectMap2M:     4614144 kB

container (cgroup) information:
container_type: cgroupv1
cpu_cpuset_cpus: 0
cpu_memory_nodes: 0
active_processor_count: 1
cpu_quota: -1
cpu_period: 100000
cpu_shares: -1
memory_limit_in_bytes: -1
memory_and_swap_limit_in_bytes: -1
memory_soft_limit_in_bytes: -1
memory_usage_in_bytes: 3693015040
memory_max_usage_in_bytes: 0


CPU:total 1 (initial active 1) (1 cores per cpu, 1 threads per core) family 6 model 126 stepping 5, cmov, cx8, fxsr, mmx, sse, sse2, sse3, ssse3, sse4.1, sse4.2, popcnt, avx, avx2, aes, clmul, 3dnowpref, lzcnt, tsc, tscinvbit, bmi1, bmi2

/proc/cpuinfo:
processor	: 0
vendor_id	: GenuineIntel
cpu family	: 6
model		: 126
model name	: Intel(R) Core(TM) i5-1035G1 CPU @ 1.00GHz
stepping	: 5
cpu MHz		: 1190.400
cache size	: 6144 KB
physical id	: 0
siblings	: 1
core id		: 0
cpu cores	: 1
apicid		: 0
initial apicid	: 0
fpu		: yes
fpu_exception	: yes
cpuid level	: 22
wp		: yes
flags		: fpu vme de pse tsc msr pae mce cx8 apic sep mtrr pge mca cmov pat pse36 clflush mmx fxsr sse sse2 ht syscall nx rdtscp lm constant_tsc rep_good nopl xtopology nonstop_tsc eagerfpu pni pclmulqdq monitor ssse3 cx16 pcid sse4_1 sse4_2 x2apic movbe popcnt aes xsave avx rdrand hypervisor lahf_lm abm 3dnowprefetch invpcid_single fsgsbase bmi1 avx2 bmi2 invpcid rdseed clflushopt md_clear flush_l1d arch_capabilities
bogomips	: 2380.80
clflush size	: 64
cache_alignment	: 64
address sizes	: 39 bits physical, 48 bits virtual
power management:



Memory: 4k page, physical 4396508k(490164k free), swap 2359292k(2359292k free)

vm_info: Java HotSpot(TM) 64-Bit Server VM (25.191-b12) for linux-amd64 JRE (1.8.0_191-b12), built on Oct  6 2018 05:43:09 by "java_re" with gcc 7.3.0

time: Thu Mar 23 22:15:40 2023
elapsed time: 2245 seconds (0d 0h 37m 25s)

