#
# A fatal error has been detected by the Java Runtime Environment:
#
#  SIGSEGV (0xb) at pc=0x00007f277d069cb4, pid=6507, tid=0x00007f2770196700
#
# JRE version: Java(TM) SE Runtime Environment (8.0_191-b12) (build 1.8.0_191-b12)
# Java VM: Java HotSpot(TM) 64-Bit Server VM (25.191-b12 mixed mode linux-amd64 compressed oops)
# Problematic frame:
# v  ~BufferBlob::jni_fast_GetLongField
#
# Failed to write core dump. Core dumps have been disabled. To enable core dumping, try "ulimit -c unlimited" before starting Java again
#
# If you would like to submit a bug report, please visit:
#   http://bugreport.java.com/bugreport/crash.jsp
# The crash happened outside the Java Virtual Machine in native code.
# See problematic frame for where to report the bug.
#

---------------  T H R E A D  ---------------

Current thread (0x00007f278c1e2000):  JavaThread "AWT-XAWT" daemon [_thread_in_native, id=6524, stack(0x00007f2770096000,0x00007f2770197000)]

siginfo: si_signo: 11 (SIGSEGV), si_code: 1 (SEGV_MAPERR), si_addr: 0x0000000000000000

Registers:
RAX=0x00007f2792d1d3c0, RBX=0x00007f278c1e21f8, RCX=0x0000000000000001, RDX=0x0000000000000042
RSP=0x00007f2770195838, RBP=0x00007f2770195860, RSI=0x0000000000000000, RDI=0x00007f278c1e21f8
R8 =0x00000000be3d3058, R9 =0x0000000000000000, R10=0x0000000000000092, R11=0x00007f27715d66b0
R12=0x00007f27680b7f90, R13=0x0000000000000000, R14=0x00007f277c34db00, R15=0x00007f278c1e2000
RIP=0x00007f277d069cb4, EFLAGS=0x0000000000010246, CSGSFS=0x0000000000000033, ERR=0x0000000000000004
  TRAPNO=0x000000000000000e

Top of Stack: (sp=0x00007f2770195838)
0x00007f2770195838:   00007f277c12bb84 00007f27904fbca0
0x00007f2770195848:   00007f27680b7f90 00007f2770195910
0x00007f2770195858:   00007f27701958e0 0000000000000000
0x00007f2770195868:   00007f27715d6708 00007f27904fbca0
0x00007f2770195878:   00007f27701958a0 0000000000000000
0x00007f2770195888:   00007f27715cdee3 00007f2770195910
0x00007f2770195898:   00007f277c123fef 00007f27701958f0
0x00007f27701958a8:   00007f277d311176 0000000000000000
0x00007f27701958b8:   00007f277d25c1f6 00007f2770195910
0x00007f27701958c8:   00007f277d1471ac 00000000bd3d3648
0x00007f27701958d8:   00000000be2ff198 00000000be2a49a0
0x00007f27701958e8:   0000000000000009 00007f2770195970
0x00007f27701958f8:   00007f277d007a90 00007f2770195970
0x00007f2770195908:   00007f277d007a90 0000000000000000
0x00007f2770195918:   00007f277d007dd0 00007f27601e0e00
0x00007f2770195928:   00000000be2bd1d8 00007f2770195930
0x00007f2770195938:   00007f27905f129c 00007f27701959b8
0x00007f2770195948:   00007f27905fa288 0000000000000000
0x00007f2770195958:   00007f27905f13d8 00007f2770195910
0x00007f2770195968:   00007f27701959b0 00007f2770195a00
0x00007f2770195978:   00007f277d0082bd 0000000000000000
0x00007f2770195988:   00000000bd353518 0000000000000000
0x00007f2770195998:   0000000000000000 0000000000000000
0x00007f27701959a8:   00000000be2bd1d8 0000000000000000
0x00007f27701959b8:   00000000be2bcc00 00007f27701959c0
0x00007f27701959c8:   00007f27905f10dd 00007f2770195a10
0x00007f27701959d8:   00007f27905fa288 0000000000000000
0x00007f27701959e8:   00007f27905f10e8 00007f27701959b0
0x00007f27701959f8:   00007f2770195a10 00007f2770195a58
0x00007f2770195a08:   00007f277d008302 00000000be2bcc00
0x00007f2770195a18:   00007f2770195a18 00007f279010b6cb
0x00007f2770195a28:   00007f2770195a68 00007f27901933e8 

Instructions: (pc=0x00007f277d069cb4)
0x00007f277d069c94:   00 00 00 00 00 00 00 00 00 00 00 00 44 8b 15 55
0x00007f277d069ca4:   32 cf 15 4c 8b ce 41 f6 c2 01 0f 85 1c 00 00 00
0x00007f277d069cb4:   4d 8b 09 4c 8b da 49 c1 eb 02 4b 8b 04 19 44 3b
0x00007f277d069cc4:   15 33 32 cf 15 0f 85 01 00 00 00 c3 e9 eb ac 3e 

Register to memory mapping:

RAX=0x00007f2792d1d3c0: <offset 0xf883c0> in /jdk1.8.0_191/jre/lib/amd64/server/libjvm.so at 0x00007f2791d95000
RBX=0x00007f278c1e21f8 is an unknown value
RCX=0x0000000000000001 is an unknown value
RDX=0x0000000000000042 is an unknown value
RSP=0x00007f2770195838 is pointing into the stack for thread: 0x00007f278c1e2000
RBP=0x00007f2770195860 is pointing into the stack for thread: 0x00007f278c1e2000
RSI=0x0000000000000000 is an unknown value
RDI=0x00007f278c1e21f8 is an unknown value
R8 =0x00000000be3d3058 is an oop
java.util.logging.Logger 
 - klass: 'java/util/logging/Logger'
R9 =0x0000000000000000 is an unknown value
R10=0x0000000000000092 is an unknown value
R11=0x00007f27715d66b0: _XimServerDestroy+0 in /lib64/libX11.so.6 at 0x00007f277156d000
R12=0x00007f27680b7f90 is an unknown value
R13=0x0000000000000000 is an unknown value
R14=0x00007f277c34db00: <offset 0x256b00> in /jdk1.8.0_191/jre/lib/amd64/libawt_xawt.so at 0x00007f277c0f7000
R15=0x00007f278c1e2000 is a thread


Stack: [0x00007f2770096000,0x00007f2770197000],  sp=0x00007f2770195838,  free space=1022k
Native frames: (J=compiled Java code, j=interpreted, Vv=VM code, C=native code)
v  ~BufferBlob::jni_fast_GetLongField
C  [libX11.so.6+0x69708]  _XimServerDestroy+0x58

Java frames: (J=compiled Java code, j=interpreted, Vv=VM code)
J 893  sun.awt.X11.XlibWrapper.XFilterEvent(JJ)Z (0 bytes) @ 0x00007f277d311104 [0x00007f277d3110c0+0x44]
j  sun.awt.X11.XToolkit.run(Z)V+300
j  sun.awt.X11.XToolkit.run()V+5
j  java.lang.Thread.run()V+11
v  ~StubRoutines::call_stub

---------------  P R O C E S S  ---------------

Java Threads: ( => current thread )
  0x00007f2768117000 JavaThread "TimerQueue" daemon [_thread_blocked, id=6528, stack(0x00007f275b160000,0x00007f275b261000)]
  0x00007f278c009800 JavaThread "DestroyJavaVM" [_thread_blocked, id=6508, stack(0x00007f2793883000,0x00007f2793983000)]
  0x00007f278c211800 JavaThread "AWT-EventQueue-0" [_thread_blocked, id=6526, stack(0x00007f275bdfe000,0x00007f275beff000)]
  0x00007f278c20f800 JavaThread "AWT-Shutdown" [_thread_blocked, id=6525, stack(0x00007f275beff000,0x00007f275c000000)]
=>0x00007f278c1e2000 JavaThread "AWT-XAWT" daemon [_thread_in_native, id=6524, stack(0x00007f2770096000,0x00007f2770197000)]
  0x00007f278c1ba800 JavaThread "Java2D Disposer" daemon [_thread_blocked, id=6523, stack(0x00007f27705a8000,0x00007f27706a9000)]
  0x00007f278c0b4800 JavaThread "Service Thread" daemon [_thread_blocked, id=6521, stack(0x00007f277c71f000,0x00007f277c820000)]
  0x00007f278c0b1800 JavaThread "C1 CompilerThread1" daemon [_thread_blocked, id=6520, stack(0x00007f277c821000,0x00007f277c921000)]
  0x00007f278c0af000 JavaThread "C2 CompilerThread0" daemon [_thread_blocked, id=6519, stack(0x00007f277c922000,0x00007f277ca22000)]
  0x00007f278c0ad800 JavaThread "Signal Dispatcher" daemon [_thread_in_vm, id=6518, stack(0x00007f277ca22000,0x00007f277cb23000)]
  0x00007f278c07a800 JavaThread "Finalizer" daemon [_thread_blocked, id=6517, stack(0x00007f277cb23000,0x00007f277cc24000)]
  0x00007f278c078000 JavaThread "Reference Handler" daemon [_thread_blocked, id=6516, stack(0x00007f277cc24000,0x00007f277cd25000)]

Other Threads:
  0x00007f278c06e000 VMThread [stack: 0x00007f277cd26000,0x00007f277ce26000] [id=6515]
  0x00007f278c0b9800 WatcherThread [stack: 0x00007f277c61f000,0x00007f277c71f000] [id=6522]

VM state:not at safepoint (normal execution)

VM Mutex/Monitor currently owned by a thread:  ([mutex/lock_event])
[0x00007f278c0070a0] Threads_lock - owner thread: 0x00007f278c0ad800

Heap:
 def new generation   total 20864K, used 8797K [0x00000000bce00000, 0x00000000be4a0000, 0x00000000d3400000)
  eden space 18560K,  34% used [0x00000000bce00000, 0x00000000bd4577e0, 0x00000000be020000)
  from space 2304K,  99% used [0x00000000be260000, 0x00000000be49fff8, 0x00000000be4a0000)
  to   space 2304K,   0% used [0x00000000be020000, 0x00000000be020000, 0x00000000be260000)
 tenured generation   total 46464K, used 2226K [0x00000000d3400000, 0x00000000d6160000, 0x0000000100000000)
   the space 46464K,   4% used [0x00000000d3400000, 0x00000000d362c988, 0x00000000d362ca00, 0x00000000d6160000)
 Metaspace       used 15452K, capacity 15728K, committed 16000K, reserved 1062912K
  class space    used 1795K, capacity 1910K, committed 1920K, reserved 1048576K

Card table byte_map: [0x00007f2790a44000,0x00007f2790c5e000] byte_map_base: 0x00007f279045d000

Polling page: 0x00007f279399e000

CodeCache: size=245760Kb used=4995Kb max_used=5007Kb free=240764Kb
 bounds [0x00007f277d000000, 0x00007f277d4f0000, 0x00007f278c000000]
 total_blobs=2070 nmethods=1486 adapters=497
 compilation: enabled

Compilation events (10 events):
Event: 1739.319 Thread 0x00007f278c0af000 1511   !   4       sun.awt.X11.XToolkit::getNextTaskTime (55 bytes)
Event: 1739.326 Thread 0x00007f278c0af000 nmethod 1511 0x00007f277d4e0290 code [0x00007f277d4e0420, 0x00007f277d4e0730]
Event: 1769.958 Thread 0x00007f278c0b1800 1512   !   3       sun.awt.X11.XToolkit$1::dispatchEvent (34 bytes)
Event: 1769.959 Thread 0x00007f278c0b1800 nmethod 1512 0x00007f277d4e2a90 code [0x00007f277d4e2ce0, 0x00007f277d4e3ae8]
Event: 1769.959 Thread 0x00007f278c0b1800 1513       3       sun.awt.X11.XMSelection$1::dispatchEvent (10 bytes)
Event: 1769.959 Thread 0x00007f278c0b1800 nmethod 1513 0x00007f277d4df950 code [0x00007f277d4dfb00, 0x00007f277d4dff50]
Event: 1769.959 Thread 0x00007f278c0b1800 1514       3       sun.awt.X11.XMSelection::processRootEvent (32 bytes)
Event: 1769.959 Thread 0x00007f278c0b1800 nmethod 1514 0x00007f277d4e2290 code [0x00007f277d4e2440, 0x00007f277d4e2810]
Event: 1793.384 Thread 0x00007f278c0af000 1515       4       sun.awt.X11.XEvent::get_type (18 bytes)
Event: 1793.386 Thread 0x00007f278c0af000 nmethod 1515 0x00007f277d4e1a10 code [0x00007f277d4e1ba0, 0x00007f277d4e1df8]

GC Heap History (2 events):
Event: 46.052 GC heap before
{Heap before GC invocations=0 (full 0):
 def new generation   total 20864K, used 18560K [0x00000000bce00000, 0x00000000be4a0000, 0x00000000d3400000)
  eden space 18560K, 100% used [0x00000000bce00000, 0x00000000be020000, 0x00000000be020000)
  from space 2304K,   0% used [0x00000000be020000, 0x00000000be020000, 0x00000000be260000)
  to   space 2304K,   0% used [0x00000000be260000, 0x00000000be260000, 0x00000000be4a0000)
 tenured generation   total 46464K, used 0K [0x00000000d3400000, 0x00000000d6160000, 0x0000000100000000)
   the space 46464K,   0% used [0x00000000d3400000, 0x00000000d3400000, 0x00000000d3400200, 0x00000000d6160000)
 Metaspace       used 14186K, capacity 14400K, committed 14592K, reserved 1062912K
  class space    used 1648K, capacity 1748K, committed 1792K, reserved 1048576K
Event: 46.071 GC heap after
Heap after GC invocations=1 (full 0):
 def new generation   total 20864K, used 2303K [0x00000000bce00000, 0x00000000be4a0000, 0x00000000d3400000)
  eden space 18560K,   0% used [0x00000000bce00000, 0x00000000bce00000, 0x00000000be020000)
  from space 2304K,  99% used [0x00000000be260000, 0x00000000be49fff8, 0x00000000be4a0000)
  to   space 2304K,   0% used [0x00000000be020000, 0x00000000be020000, 0x00000000be260000)
 tenured generation   total 46464K, used 2226K [0x00000000d3400000, 0x00000000d6160000, 0x0000000100000000)
   the space 46464K,   4% used [0x00000000d3400000, 0x00000000d362c988, 0x00000000d362ca00, 0x00000000d6160000)
 Metaspace       used 14186K, capacity 14400K, committed 14592K, reserved 1062912K
  class space    used 1648K, capacity 1748K, committed 1792K, reserved 1048576K
}

Deoptimization events (10 events):
Event: 46.047 Thread 0x00007f278c1e2000 Uncommon trap: reason=unstable_if action=reinterpret pc=0x00007f277d2fffc8 method=sun.util.logging.PlatformLogger.isLoggable(Lsun/util/logging/PlatformLogger$Level;)Z @ 18
Event: 46.072 Thread 0x00007f278c211800 Uncommon trap: reason=unstable_if action=reinterpret pc=0x00007f277d422a20 method=java.lang.ref.SoftReference.get()Ljava/lang/Object; @ 17
Event: 46.153 Thread 0x00007f278c211800 Uncommon trap: reason=unstable_if action=reinterpret pc=0x00007f277d3f7240 method=java.lang.Class.getInterfaces()[Ljava/lang/Class; @ 20
Event: 46.160 Thread 0x00007f2768181800 Uncommon trap: reason=unstable_if action=reinterpret pc=0x00007f277d1d8ef8 method=sun.awt.image.PNGImageDecoder.produceImage()V @ 867
Event: 46.179 Thread 0x00007f278c211800 Uncommon trap: reason=class_check action=maybe_recompile pc=0x00007f277d26dc20 method=sun.util.logging.PlatformLogger.finest(Ljava/lang/String;)V @ 8
Event: 46.179 Thread 0x00007f278c211800 Uncommon trap: reason=class_check action=maybe_recompile pc=0x00007f277d26dc20 method=sun.util.logging.PlatformLogger.finest(Ljava/lang/String;)V @ 8
Event: 46.179 Thread 0x00007f278c211800 Uncommon trap: reason=class_check action=maybe_recompile pc=0x00007f277d26dc20 method=sun.util.logging.PlatformLogger.finest(Ljava/lang/String;)V @ 8
Event: 46.179 Thread 0x00007f278c211800 Uncommon trap: reason=class_check action=maybe_recompile pc=0x00007f277d26dc20 method=sun.util.logging.PlatformLogger.finest(Ljava/lang/String;)V @ 8
Event: 46.186 Thread 0x00007f278c1e2000 Uncommon trap: reason=class_check action=maybe_recompile pc=0x00007f277d40785c method=sun.util.logging.PlatformLogger.finest(Ljava/lang/String;)V @ 8
Event: 55.952 Thread 0x00007f278c211800 Uncommon trap: reason=unstable_if action=reinterpret pc=0x00007f277d4623fc method=java.util.logging.Logger.isLoggable(Ljava/util/logging/Level;)Z @ 8

Classes redefined (0 events):
No events

Internal exceptions (10 events):
Event: 0.234 Thread 0x00007f278c009800 Exception <a 'java/security/PrivilegedActionException'> (0x00000000bce96a68) thrown at [/HUDSON/workspace/8-2-build-linux-amd64/jdk8u191/11894/hotspot/src/share/vm/prims/jvm.cpp, line 1435]
Event: 0.268 Thread 0x00007f278c009800 Exception <a 'java/lang/NoSuchFieldError': method resolution failed> (0x00000000bcfc3318) thrown at [/HUDSON/workspace/8-2-build-linux-amd64/jdk8u191/11894/hotspot/src/share/vm/prims/methodHandles.cpp, line 1167]
Event: 0.270 Thread 0x00007f278c009800 Exception <a 'java/lang/NoSuchFieldError': method resolution failed> (0x00000000bcfd0d10) thrown at [/HUDSON/workspace/8-2-build-linux-amd64/jdk8u191/11894/hotspot/src/share/vm/prims/methodHandles.cpp, line 1167]
Event: 0.301 Thread 0x00007f278c009800 Exception <a 'java/io/FileNotFoundException'> (0x00000000bd04e968) thrown at [/HUDSON/workspace/8-2-build-linux-amd64/jdk8u191/11894/hotspot/src/share/vm/prims/jni.cpp, line 709]
Event: 0.301 Thread 0x00007f278c009800 Exception <a 'java/io/FileNotFoundException'> (0x00000000bd04f2a8) thrown at [/HUDSON/workspace/8-2-build-linux-amd64/jdk8u191/11894/hotspot/src/share/vm/prims/jni.cpp, line 709]
Event: 1.071 Thread 0x00007f278c211800 Exception <a 'java/lang/UnsupportedOperationException': > (0x00000000bdb95960) thrown at [/HUDSON/workspace/8-2-build-linux-amd64/jdk8u191/11894/hotspot/src/share/vm/prims/jni.cpp, line 735]
Event: 46.153 Thread 0x00007f278c211800 Implicit null exception at 0x00007f277d3f6678 to 0x00007f277d3f7229
Event: 46.297 Thread 0x00007f278c211800 Exception <a 'java/lang/UnsupportedOperationException': > (0x00000000bcfe06f8) thrown at [/HUDSON/workspace/8-2-build-linux-amd64/jdk8u191/11894/hotspot/src/share/vm/prims/jni.cpp, line 735]
Event: 55.756 Thread 0x00007f278c211800 Exception <a 'java/lang/UnsupportedOperationException': > (0x00000000bd3326c8) thrown at [/HUDSON/workspace/8-2-build-linux-amd64/jdk8u191/11894/hotspot/src/share/vm/prims/jni.cpp, line 735]
Event: 56.048 Thread 0x00007f278c211800 Exception <a 'java/lang/UnsupportedOperationException': > (0x00000000bd36cb68) thrown at [/HUDSON/workspace/8-2-build-linux-amd64/jdk8u191/11894/hotspot/src/share/vm/prims/jni.cpp, line 735]

Events (10 events):
Event: 55.273 Thread 0x00007f2768181800 Thread exited: 0x00007f2768181800
Event: 55.952 Thread 0x00007f278c211800 Uncommon trap: trap_request=0xffffff65 fr.pc=0x00007f277d4623fc
Event: 55.952 Thread 0x00007f278c211800 DEOPT PACKING pc=0x00007f277d4623fc sp=0x00007f275befb420
Event: 55.952 Thread 0x00007f278c211800 DEOPT UNPACKING pc=0x00007f277d04573a sp=0x00007f275befb3e0 mode 2
Event: 56.008 Executing VM operation: RevokeBias
Event: 56.008 Executing VM operation: RevokeBias done
Event: 2540.054 loading class sun/awt/X11/XDestroyWindowEvent
Event: 2540.054 loading class sun/awt/X11/XDestroyWindowEvent done
Event: 2540.244 loading class sun/misc/Signal$1
Event: 2540.244 loading class sun/misc/Signal$1 done


Dynamic libraries:
00400000-00401000 r-xp 00000000 fd:00 102659985                          /jdk1.8.0_191/bin/java
00600000-00601000 r--p 00000000 fd:00 102659985                          /jdk1.8.0_191/bin/java
00601000-00602000 rw-p 00001000 fd:00 102659985                          /jdk1.8.0_191/bin/java
0184a000-0186b000 rw-p 00000000 00:00 0                                  [heap]
bce00000-be4a0000 rw-p 00000000 00:00 0 
be4a0000-d3400000 ---p 00000000 00:00 0 
d3400000-d6160000 rw-p 00000000 00:00 0 
d6160000-100000000 ---p 00000000 00:00 0 
100000000-1001e0000 rw-p 00000000 00:00 0 
1001e0000-140000000 ---p 00000000 00:00 0 
7f2754000000-7f2754021000 rw-p 00000000 00:00 0 
7f2754021000-7f2758000000 ---p 00000000 00:00 0 
7f275af60000-7f275b120000 rw-p 00000000 00:00 0 
7f275b120000-7f275b160000 ---p 00000000 00:00 0 
7f275b160000-7f275b163000 ---p 00000000 00:00 0 
7f275b163000-7f275b461000 rw-p 00000000 00:00 0 
7f275b461000-7f275b4cd000 r-xp 00000000 fd:00 68611362                   /jdk1.8.0_191/jre/lib/amd64/libt2k.so
7f275b4cd000-7f275b6cd000 ---p 0006c000 fd:00 68611362                   /jdk1.8.0_191/jre/lib/amd64/libt2k.so
7f275b6cd000-7f275b6d3000 r--p 0006c000 fd:00 68611362                   /jdk1.8.0_191/jre/lib/amd64/libt2k.so
7f275b6d3000-7f275b6d4000 rw-p 00072000 fd:00 68611362                   /jdk1.8.0_191/jre/lib/amd64/libt2k.so
7f275b6d4000-7f275b6e5000 r-xp 00000000 fd:00 68628421                   /jdk1.8.0_191/jre/lib/amd64/libnio.so
7f275b6e5000-7f275b8e4000 ---p 00011000 fd:00 68628421                   /jdk1.8.0_191/jre/lib/amd64/libnio.so
7f275b8e4000-7f275b8e5000 r--p 00010000 fd:00 68628421                   /jdk1.8.0_191/jre/lib/amd64/libnio.so
7f275b8e5000-7f275b8e6000 rw-p 00011000 fd:00 68628421                   /jdk1.8.0_191/jre/lib/amd64/libnio.so
7f275b8e6000-7f275b8fc000 r-xp 00000000 fd:00 68628418                   /jdk1.8.0_191/jre/lib/amd64/libnet.so
7f275b8fc000-7f275bafb000 ---p 00016000 fd:00 68628418                   /jdk1.8.0_191/jre/lib/amd64/libnet.so
7f275bafb000-7f275bafc000 r--p 00015000 fd:00 68628418                   /jdk1.8.0_191/jre/lib/amd64/libnet.so
7f275bafc000-7f275bafd000 rw-p 00016000 fd:00 68628418                   /jdk1.8.0_191/jre/lib/amd64/libnet.so
7f275bafd000-7f275bcfd000 rw-p 00000000 00:00 0 
7f275bcfd000-7f275bd00000 ---p 00000000 00:00 0 
7f275bd00000-7f275bdfe000 rw-p 00000000 00:00 0 
7f275bdfe000-7f275be01000 ---p 00000000 00:00 0 
7f275be01000-7f275beff000 rw-p 00000000 00:00 0 
7f275beff000-7f275bf02000 ---p 00000000 00:00 0 
7f275bf02000-7f275c000000 rw-p 00000000 00:00 0 
7f275c000000-7f275cb5a000 rw-p 00000000 00:00 0 
7f275cb5a000-7f2760000000 ---p 00000000 00:00 0 
7f2760000000-7f27607bd000 rw-p 00000000 00:00 0 
7f27607bd000-7f2764000000 ---p 00000000 00:00 0 
7f2764000000-7f2764049000 rw-p 00000000 00:00 0 
7f2764049000-7f2768000000 ---p 00000000 00:00 0 
7f2768000000-7f27681da000 rw-p 00000000 00:00 0 
7f27681da000-7f276c000000 ---p 00000000 00:00 0 
7f276c000000-7f276c29a000 rw-p 00000000 00:00 0 
7f276c29a000-7f2770000000 ---p 00000000 00:00 0 
7f2770018000-7f2770022000 r--s 00116000 fd:00 3556567                    /jdk1.8.0_191/jre/lib/ext/localedata.jar
7f2770022000-7f277003e000 r--s 00393000 fd:00 3556560                    /jdk1.8.0_191/jre/lib/ext/cldrdata.jar
7f2770088000-7f2770096000 r--s 00000000 fd:00 67484505                   /usr/share/X11/fonts/Type1/cursor.pfa
7f2770096000-7f2770099000 ---p 00000000 00:00 0 
7f2770099000-7f2770197000 rw-p 00000000 00:00 0 
7f2770197000-7f277019c000 r-xp 00000000 fd:00 35263117                   /usr/lib64/libXfixes.so.3.1.0
7f277019c000-7f277039b000 ---p 00005000 fd:00 35263117                   /usr/lib64/libXfixes.so.3.1.0
7f277039b000-7f277039c000 r--p 00004000 fd:00 35263117                   /usr/lib64/libXfixes.so.3.1.0
7f277039c000-7f277039d000 rw-p 00005000 fd:00 35263117                   /usr/lib64/libXfixes.so.3.1.0
7f277039d000-7f27703a6000 r-xp 00000000 fd:00 35263210                   /usr/lib64/libXcursor.so.1.0.2
7f27703a6000-7f27705a6000 ---p 00009000 fd:00 35263210                   /usr/lib64/libXcursor.so.1.0.2
7f27705a6000-7f27705a7000 r--p 00009000 fd:00 35263210                   /usr/lib64/libXcursor.so.1.0.2
7f27705a7000-7f27705a8000 rw-p 0000a000 fd:00 35263210                   /usr/lib64/libXcursor.so.1.0.2
7f27705a8000-7f27705ab000 ---p 00000000 00:00 0 
7f27705ab000-7f27706a9000 rw-p 00000000 00:00 0 
7f27706a9000-7f27706be000 r-xp 00000000 fd:00 40121674                   /usr/lib64/libgcc_s-4.8.5-20150702.so.1
7f27706be000-7f27708bd000 ---p 00015000 fd:00 40121674                   /usr/lib64/libgcc_s-4.8.5-20150702.so.1
7f27708bd000-7f27708be000 r--p 00014000 fd:00 40121674                   /usr/lib64/libgcc_s-4.8.5-20150702.so.1
7f27708be000-7f27708bf000 rw-p 00015000 fd:00 40121674                   /usr/lib64/libgcc_s-4.8.5-20150702.so.1
7f27708bf000-7f277091c000 r-xp 00000000 fd:00 68611374                   /jdk1.8.0_191/jre/lib/amd64/libfontmanager.so
7f277091c000-7f2770b1c000 ---p 0005d000 fd:00 68611374                   /jdk1.8.0_191/jre/lib/amd64/libfontmanager.so
7f2770b1c000-7f2770b1f000 r--p 0005d000 fd:00 68611374                   /jdk1.8.0_191/jre/lib/amd64/libfontmanager.so
7f2770b1f000-7f2770b20000 rw-p 00060000 fd:00 68611374                   /jdk1.8.0_191/jre/lib/amd64/libfontmanager.so
7f2770b20000-7f2770b22000 r-xp 00000000 fd:00 33780200                   /usr/lib64/libXau.so.6.0.0
7f2770b22000-7f2770d22000 ---p 00002000 fd:00 33780200                   /usr/lib64/libXau.so.6.0.0
7f2770d22000-7f2770d23000 r--p 00002000 fd:00 33780200                   /usr/lib64/libXau.so.6.0.0
7f2770d23000-7f2770d24000 rw-p 00003000 fd:00 33780200                   /usr/lib64/libXau.so.6.0.0
7f2770d24000-7f2770d4b000 r-xp 00000000 fd:00 33809088                   /usr/lib64/libxcb.so.1.1.0
7f2770d4b000-7f2770f4a000 ---p 00027000 fd:00 33809088                   /usr/lib64/libxcb.so.1.1.0
7f2770f4a000-7f2770f4b000 r--p 00026000 fd:00 33809088                   /usr/lib64/libxcb.so.1.1.0
7f2770f4b000-7f2770f4c000 rw-p 00027000 fd:00 33809088                   /usr/lib64/libxcb.so.1.1.0
7f2770f4c000-7f2770f5b000 r-xp 00000000 fd:00 35263123                   /usr/lib64/libXi.so.6.1.0
7f2770f5b000-7f277115a000 ---p 0000f000 fd:00 35263123                   /usr/lib64/libXi.so.6.1.0
7f277115a000-7f277115b000 r--p 0000e000 fd:00 35263123                   /usr/lib64/libXi.so.6.1.0
7f277115b000-7f277115c000 rw-p 0000f000 fd:00 35263123                   /usr/lib64/libXi.so.6.1.0
7f277115c000-7f2771161000 r-xp 00000000 fd:00 35263171                   /usr/lib64/libXtst.so.6.1.0
7f2771161000-7f2771360000 ---p 00005000 fd:00 35263171                   /usr/lib64/libXtst.so.6.1.0
7f2771360000-7f2771361000 r--p 00004000 fd:00 35263171                   /usr/lib64/libXtst.so.6.1.0
7f2771361000-7f2771362000 rw-p 00005000 fd:00 35263171                   /usr/lib64/libXtst.so.6.1.0
7f2771362000-7f277136b000 r-xp 00000000 fd:00 35263135                   /usr/lib64/libXrender.so.1.3.0
7f277136b000-7f277156b000 ---p 00009000 fd:00 35263135                   /usr/lib64/libXrender.so.1.3.0
7f277156b000-7f277156c000 r--p 00009000 fd:00 35263135                   /usr/lib64/libXrender.so.1.3.0
7f277156c000-7f277156d000 rw-p 0000a000 fd:00 35263135                   /usr/lib64/libXrender.so.1.3.0
7f277156d000-7f27716a5000 r-xp 00000000 fd:00 36315762                   /usr/lib64/libX11.so.6.3.0
7f27716a5000-7f27718a5000 ---p 00138000 fd:00 36315762                   /usr/lib64/libX11.so.6.3.0
7f27718a5000-7f27718a6000 r--p 00138000 fd:00 36315762                   /usr/lib64/libX11.so.6.3.0
7f27718a6000-7f27718ab000 rw-p 00139000 fd:00 36315762                   /usr/lib64/libX11.so.6.3.0
7f27718ab000-7f27718bc000 r-xp 00000000 fd:00 35263116                   /usr/lib64/libXext.so.6.4.0
7f27718bc000-7f2771abb000 ---p 00011000 fd:00 35263116                   /usr/lib64/libXext.so.6.4.0
7f2771abb000-7f2771abc000 r--p 00010000 fd:00 35263116                   /usr/lib64/libXext.so.6.4.0
7f2771abc000-7f2771abd000 rw-p 00011000 fd:00 35263116                   /usr/lib64/libXext.so.6.4.0
7f2771abd000-7f2778000000 r--p 00000000 fd:00 101106078                  /usr/lib/locale/locale-archive
7f2778000000-7f277803f000 rw-p 00000000 00:00 0 
7f277803f000-7f277c000000 ---p 00000000 00:00 0 
7f277c002000-7f277c005000 r--s 00027000 fd:00 103922881                  /root/Downloads/ResultSet2xml.jar
7f277c005000-7f277c00e000 r--s 00000000 fd:00 67484504                   /usr/share/X11/fonts/Type1/c0649bt_.pfb
7f277c00e000-7f277c017000 r--s 00000000 fd:00 67484502                   /usr/share/X11/fonts/Type1/c0648bt_.pfb
7f277c017000-7f277c020000 r--s 00000000 fd:00 67484500                   /usr/share/X11/fonts/Type1/c0633bt_.pfb
7f277c020000-7f277c029000 r--s 00000000 fd:00 67484498                   /usr/share/X11/fonts/Type1/c0632bt_.pfb
7f277c029000-7f277c033000 r--s 00000000 fd:00 67484496                   /usr/share/X11/fonts/Type1/c0611bt_.pfb
7f277c033000-7f277c03d000 r--s 00000000 fd:00 67484494                   /usr/share/X11/fonts/Type1/c0583bt_.pfb
7f277c03d000-7f277c047000 r--s 00000000 fd:00 67484492                   /usr/share/X11/fonts/Type1/c0582bt_.pfb
7f277c047000-7f277c051000 r--s 00000000 fd:00 67484490                   /usr/share/X11/fonts/Type1/c0419bt_.pfb
7f277c051000-7f277c063000 r--s 00000000 fd:00 67484488                   /usr/share/X11/fonts/Type1/UTRG____.pfa
7f277c063000-7f277c076000 r--s 00000000 fd:00 67484486                   /usr/share/X11/fonts/Type1/UTI_____.pfa
7f277c076000-7f277c088000 r--s 00000000 fd:00 67484484                   /usr/share/X11/fonts/Type1/UTB_____.pfa
7f277c088000-7f277c09b000 r--s 00000000 fd:00 67484482                   /usr/share/X11/fonts/Type1/UTBI____.pfa
7f277c09b000-7f277c09d000 r--s 00000000 fd:00 34006571                   /usr/lib/fontconfig/cache/ab158498-11c2-474d-b3ed-c8ffc5d72d91-le64.cache-7
7f277c09d000-7f277c0a0000 r--s 00000000 fd:00 34006568                   /usr/lib/fontconfig/cache/8dfae9f4-6fac-417a-8664-6e1213f8e5d9-le64.cache-7
7f277c0a0000-7f277c0a2000 r--s 00000000 fd:00 34006566                   /usr/lib/fontconfig/cache/158ec229-398c-4ec9-b874-7907df0ed7c4-le64.cache-7
7f277c0a2000-7f277c0a4000 r--s 00000000 fd:00 34006564                   /usr/lib/fontconfig/cache/8a0bfbc7-d573-4efa-8ac1-e5d867c4edef-le64.cache-7
7f277c0a4000-7f277c0bc000 r--s 00000000 fd:00 41693932                   /usr/lib/fontconfig/cache/7492abdf-6856-4ae8-a6af-8189edd8b16e-le64.cache-7
7f277c0bc000-7f277c0c7000 r--s 00000000 fd:00 34006562                   /usr/lib/fontconfig/cache/43475d3b-9987-4064-a976-9838a12b04e1-le64.cache-7
7f277c0c7000-7f277c0c9000 r--s 00000000 fd:00 34006561                   /usr/lib/fontconfig/cache/c965e70d-570b-478d-8660-d95b9457e76c-le64.cache-7
7f277c0c9000-7f277c0cc000 r--s 00000000 fd:00 34006559                   /usr/lib/fontconfig/cache/ce2e5557-7641-4d51-a0bc-a5339e0d8f13-le64.cache-7
7f277c0cc000-7f277c0cd000 r--s 00000000 fd:00 34006558                   /usr/lib/fontconfig/cache/da47ede2-b46c-4449-9f1d-bce1e030ade2-le64.cache-7
7f277c0cd000-7f277c0ce000 r--s 00000000 fd:00 34006557                   /usr/lib/fontconfig/cache/b16861f1-c32b-4685-81a3-6f709027d5b5-le64.cache-7
7f277c0ce000-7f277c0cf000 r--s 00000000 fd:00 34006556                   /usr/lib/fontconfig/cache/9d97921b-5e36-4fa6-9e09-b811c15f996e-le64.cache-7
7f277c0cf000-7f277c0d0000 r--s 00000000 fd:00 34006555                   /usr/lib/fontconfig/cache/271ef989-55bd-4ebf-a891-7a9d117e965c-le64.cache-7
7f277c0d0000-7f277c0d3000 r--s 00000000 fd:00 34006553                   /usr/lib/fontconfig/cache/d06e2a81-e415-4971-8a58-c8041e223d69-le64.cache-7
7f277c0d3000-7f277c0d4000 r--s 00000000 fd:00 34006552                   /usr/lib/fontconfig/cache/e2eab557-f3aa-4c1b-b500-64ed1a5a0c64-le64.cache-7
7f277c0d4000-7f277c0d8000 r--s 00000000 fd:00 34006551                   /usr/lib/fontconfig/cache/77b5af50-3813-44e8-a49b-128083e21c13-le64.cache-7
7f277c0d8000-7f277c0d9000 r--s 00000000 fd:00 41692416                   /usr/lib/fontconfig/cache/92459b18-a480-4c31-80fc-74a8988f96dc-le64.cache-7
7f277c0d9000-7f277c0dd000 r--s 00000000 fd:00 34006549                   /usr/lib/fontconfig/cache/8c85221b-4d93-4924-a6d8-8f77da10e7f8-le64.cache-7
7f277c0dd000-7f277c0e0000 r--s 00000000 fd:00 34006548                   /usr/lib/fontconfig/cache/5378b022-cf1e-406b-8b07-5e075dd78a7c-le64.cache-7
7f277c0e0000-7f277c0e1000 r--s 00000000 fd:00 34006547                   /usr/lib/fontconfig/cache/f15c9128-de32-436f-944a-73ae18e58c79-le64.cache-7
7f277c0e1000-7f277c0e2000 r--s 00000000 fd:00 34006546                   /usr/lib/fontconfig/cache/81259c55-d229-435f-8ac9-4995cca1005c-le64.cache-7
7f277c0e2000-7f277c0e3000 r--s 00000000 fd:00 34006545                   /usr/lib/fontconfig/cache/72ba67be-ef62-43ba-a5d7-39d457e716f4-le64.cache-7
7f277c0e3000-7f277c0e4000 r--s 00000000 fd:00 34006543                   /usr/lib/fontconfig/cache/be007748-1d00-4015-81a2-3672563ef800-le64.cache-7
7f277c0e4000-7f277c0e5000 r--s 00000000 fd:00 34006542                   /usr/lib/fontconfig/cache/3bfcd86f-f561-4fbe-a1ed-3540a9a46c46-le64.cache-7
7f277c0e5000-7f277c0e6000 r--s 00000000 fd:00 34006540                   /usr/lib/fontconfig/cache/2a3a952e-8d15-4301-b1ce-4f21f7e9fe78-le64.cache-7
7f277c0e6000-7f277c0e7000 r--s 00000000 fd:00 34006539                   /usr/lib/fontconfig/cache/96010491-a296-469e-8d74-f435d7d8981b-le64.cache-7
7f277c0e7000-7f277c0e8000 r--s 00000000 fd:00 34006537                   /usr/lib/fontconfig/cache/6e33928b-1559-4a7e-bafb-ed3ad4371dd4-le64.cache-7
7f277c0e8000-7f277c0e9000 r--s 00000000 fd:00 34006536                   /usr/lib/fontconfig/cache/cc7acb12-7f7f-4dc8-a08b-6d3ef3cd34a0-le64.cache-7
7f277c0e9000-7f277c0ea000 r--s 00000000 fd:00 34006535                   /usr/lib/fontconfig/cache/9f192625-d65d-41c8-9950-f944eb3e2ab7-le64.cache-7
7f277c0ea000-7f277c0eb000 r--s 00000000 fd:00 34006534                   /usr/lib/fontconfig/cache/955d773e-b9db-4e14-9aa3-4f153c94e935-le64.cache-7
7f277c0eb000-7f277c0ec000 r--s 00000000 fd:00 34006533                   /usr/lib/fontconfig/cache/c38058e6-ef79-42fd-9832-a51ed3b490a5-le64.cache-7
7f277c0ec000-7f277c0ed000 r--s 00000000 fd:00 34006583                   /usr/lib/fontconfig/cache/9db4e249-665a-41bf-bcc7-61da2adf39c8-le64.cache-7
7f277c0ed000-7f277c0ee000 r--s 00000000 fd:00 34006532                   /usr/lib/fontconfig/cache/beb7d81a-47d2-4601-aaf9-6ad89cc0d7a2-le64.cache-7
7f277c0ee000-7f277c0f5000 r--s 00000000 fd:00 34091492                   /usr/lib/fontconfig/cache/52729f95-cce0-46ab-a740-4cebac938cd4-le64.cache-7
7f277c0f5000-7f277c0f7000 r--s 00000000 fd:00 34006582                   /usr/lib/fontconfig/cache/0baf6553-dcc5-41f8-8be4-56a9dbf7bbd7-le64.cache-7
7f277c0f7000-7f277c14a000 r-xp 00000000 fd:00 68628425                   /jdk1.8.0_191/jre/lib/amd64/libawt_xawt.so
7f277c14a000-7f277c349000 ---p 00053000 fd:00 68628425                   /jdk1.8.0_191/jre/lib/amd64/libawt_xawt.so
7f277c349000-7f277c34a000 r--p 00052000 fd:00 68628425                   /jdk1.8.0_191/jre/lib/amd64/libawt_xawt.so
7f277c34a000-7f277c34d000 rw-p 00053000 fd:00 68628425                   /jdk1.8.0_191/jre/lib/amd64/libawt_xawt.so
7f277c34d000-7f277c34e000 rw-p 00000000 00:00 0 
7f277c34e000-7f277c3ed000 r-xp 00000000 fd:00 68611387                   /jdk1.8.0_191/jre/lib/amd64/libawt.so
7f277c3ed000-7f277c5ed000 ---p 0009f000 fd:00 68611387                   /jdk1.8.0_191/jre/lib/amd64/libawt.so
7f277c5ed000-7f277c5ee000 r--p 0009f000 fd:00 68611387                   /jdk1.8.0_191/jre/lib/amd64/libawt.so
7f277c5ee000-7f277c5f9000 rw-p 000a0000 fd:00 68611387                   /jdk1.8.0_191/jre/lib/amd64/libawt.so
7f277c5f9000-7f277c61e000 rw-p 00000000 00:00 0 
7f277c61e000-7f277c61f000 ---p 00000000 00:00 0 
7f277c61f000-7f277c71f000 rw-p 00000000 00:00 0 
7f277c71f000-7f277c722000 ---p 00000000 00:00 0 
7f277c722000-7f277c820000 rw-p 00000000 00:00 0 
7f277c820000-7f277c824000 ---p 00000000 00:00 0 
7f277c824000-7f277c921000 rw-p 00000000 00:00 0 
7f277c921000-7f277c925000 ---p 00000000 00:00 0 
7f277c925000-7f277ca22000 rw-p 00000000 00:00 0 
7f277ca22000-7f277ca25000 ---p 00000000 00:00 0 
7f277ca25000-7f277cb23000 rw-p 00000000 00:00 0 
7f277cb23000-7f277cb26000 ---p 00000000 00:00 0 
7f277cb26000-7f277cc24000 rw-p 00000000 00:00 0 
7f277cc24000-7f277cc27000 ---p 00000000 00:00 0 
7f277cc27000-7f277cd25000 rw-p 00000000 00:00 0 
7f277cd25000-7f277cd26000 ---p 00000000 00:00 0 
7f277cd26000-7f277ce26000 rw-p 00000000 00:00 0 
7f277ce26000-7f277d000000 r--s 03d6c000 fd:00 3532122                    /jdk1.8.0_191/jre/lib/rt.jar
7f277d000000-7f277d4f0000 rwxp 00000000 00:00 0 
7f277d4f0000-7f278c000000 ---p 00000000 00:00 0 
7f278c000000-7f278c255000 rw-p 00000000 00:00 0 
7f278c255000-7f2790000000 ---p 00000000 00:00 0 
7f2790000000-7f2790001000 r--s 00000000 fd:00 34006581                   /usr/lib/fontconfig/cache/13297fdb-e4cc-43e7-b51d-15f3dc74529e-le64.cache-7
7f2790001000-7f2790003000 r--s 00000000 fd:00 34006580                   /usr/lib/fontconfig/cache/ab3c62a8-1894-49f8-9211-540531e356f1-le64.cache-7
7f2790003000-7f2790005000 r--s 00000000 fd:00 34006579                   /usr/lib/fontconfig/cache/0e0e9588-af2a-48e7-8050-2a1ff7efa804-le64.cache-7
7f2790005000-7f279000d000 r--s 00000000 fd:00 34006578                   /usr/lib/fontconfig/cache/565d9d1c-bf03-472e-94e1-2381c17b3369-le64.cache-7
7f279000d000-7f2790018000 r--s 00000000 fd:00 34006572                   /usr/lib/fontconfig/cache/85b03c03-664b-48dd-a3ec-a0cbe040cd06-le64.cache-7
7f2790018000-7f2790020000 r--s 00000000 fd:00 34006575                   /usr/lib/fontconfig/cache/29b25067-ee4b-49fb-a626-1e72f8bceecb-le64.cache-7
7f2790020000-7f2790022000 r--s 00000000 fd:00 34006574                   /usr/lib/fontconfig/cache/4f0d4131-ff42-4411-9573-559582879965-le64.cache-7
7f2790022000-7f2790027000 r--s 00000000 fd:00 34006570                   /usr/lib/fontconfig/cache/390251cc-b2b0-4fff-a231-4d9b690996f7-le64.cache-7
7f2790027000-7f2790054000 rw-s 00000000 00:04 131110                     /SYSV00000000 (deleted)
7f2790054000-7f2790067000 r--s 00345000 fd:00 3556547                    /jdk1.8.0_191/jre/lib/resources.jar
7f2790067000-7f27908f4000 rw-p 00000000 00:00 0 
7f27908f4000-7f2790a44000 ---p 00000000 00:00 0 
7f2790a44000-7f2790a50000 rw-p 00000000 00:00 0 
7f2790a50000-7f2790af7000 ---p 00000000 00:00 0 
7f2790af7000-7f2790b0e000 rw-p 00000000 00:00 0 
7f2790b0e000-7f2790c5d000 ---p 00000000 00:00 0 
7f2790c5d000-7f2790c72000 rw-p 00000000 00:00 0 
7f2790c72000-7f279101e000 ---p 00000000 00:00 0 
7f279101e000-7f2791038000 r-xp 00000000 fd:00 68611390                   /jdk1.8.0_191/jre/lib/amd64/libzip.so
7f2791038000-7f2791238000 ---p 0001a000 fd:00 68611390                   /jdk1.8.0_191/jre/lib/amd64/libzip.so
7f2791238000-7f2791239000 r--p 0001a000 fd:00 68611390                   /jdk1.8.0_191/jre/lib/amd64/libzip.so
7f2791239000-7f279123a000 rw-p 0001b000 fd:00 68611390                   /jdk1.8.0_191/jre/lib/amd64/libzip.so
7f279123a000-7f2791246000 r-xp 00000000 fd:00 35108647                   /usr/lib64/libnss_files-2.17.so
7f2791246000-7f2791445000 ---p 0000c000 fd:00 35108647                   /usr/lib64/libnss_files-2.17.so
7f2791445000-7f2791446000 r--p 0000b000 fd:00 35108647                   /usr/lib64/libnss_files-2.17.so
7f2791446000-7f2791447000 rw-p 0000c000 fd:00 35108647                   /usr/lib64/libnss_files-2.17.so
7f2791447000-7f279144d000 rw-p 00000000 00:00 0 
7f279144d000-7f279147a000 r-xp 00000000 fd:00 68611384                   /jdk1.8.0_191/jre/lib/amd64/libjava.so
7f279147a000-7f2791679000 ---p 0002d000 fd:00 68611384                   /jdk1.8.0_191/jre/lib/amd64/libjava.so
7f2791679000-7f279167a000 r--p 0002c000 fd:00 68611384                   /jdk1.8.0_191/jre/lib/amd64/libjava.so
7f279167a000-7f279167c000 rw-p 0002d000 fd:00 68611384                   /jdk1.8.0_191/jre/lib/amd64/libjava.so
7f279167c000-7f2791689000 r-xp 00000000 fd:00 68611389                   /jdk1.8.0_191/jre/lib/amd64/libverify.so
7f2791689000-7f2791888000 ---p 0000d000 fd:00 68611389                   /jdk1.8.0_191/jre/lib/amd64/libverify.so
7f2791888000-7f279188a000 r--p 0000c000 fd:00 68611389                   /jdk1.8.0_191/jre/lib/amd64/libverify.so
7f279188a000-7f279188b000 rw-p 0000e000 fd:00 68611389                   /jdk1.8.0_191/jre/lib/amd64/libverify.so
7f279188b000-7f2791892000 r-xp 00000000 fd:00 35108651                   /usr/lib64/librt-2.17.so
7f2791892000-7f2791a91000 ---p 00007000 fd:00 35108651                   /usr/lib64/librt-2.17.so
7f2791a91000-7f2791a92000 r--p 00006000 fd:00 35108651                   /usr/lib64/librt-2.17.so
7f2791a92000-7f2791a93000 rw-p 00007000 fd:00 35108651                   /usr/lib64/librt-2.17.so
7f2791a93000-7f2791b94000 r-xp 00000000 fd:00 35108644                   /usr/lib64/libm-2.17.so
7f2791b94000-7f2791d93000 ---p 00101000 fd:00 35108644                   /usr/lib64/libm-2.17.so
7f2791d93000-7f2791d94000 r--p 00100000 fd:00 35108644                   /usr/lib64/libm-2.17.so
7f2791d94000-7f2791d95000 rw-p 00101000 fd:00 35108644                   /usr/lib64/libm-2.17.so
7f2791d95000-7f2792a77000 r-xp 00000000 fd:00 3556594                    /jdk1.8.0_191/jre/lib/amd64/server/libjvm.so
7f2792a77000-7f2792c77000 ---p 00ce2000 fd:00 3556594                    /jdk1.8.0_191/jre/lib/amd64/server/libjvm.so
7f2792c77000-7f2792d0d000 r--p 00ce2000 fd:00 3556594                    /jdk1.8.0_191/jre/lib/amd64/server/libjvm.so
7f2792d0d000-7f2792d3e000 rw-p 00d78000 fd:00 3556594                    /jdk1.8.0_191/jre/lib/amd64/server/libjvm.so
7f2792d3e000-7f2792d79000 rw-p 00000000 00:00 0 
7f2792d79000-7f2792f3c000 r-xp 00000000 fd:00 33644670                   /usr/lib64/libc-2.17.so
7f2792f3c000-7f279313c000 ---p 001c3000 fd:00 33644670                   /usr/lib64/libc-2.17.so
7f279313c000-7f2793140000 r--p 001c3000 fd:00 33644670                   /usr/lib64/libc-2.17.so
7f2793140000-7f2793142000 rw-p 001c7000 fd:00 33644670                   /usr/lib64/libc-2.17.so
7f2793142000-7f2793147000 rw-p 00000000 00:00 0 
7f2793147000-7f2793149000 r-xp 00000000 fd:00 35108643                   /usr/lib64/libdl-2.17.so
7f2793149000-7f2793349000 ---p 00002000 fd:00 35108643                   /usr/lib64/libdl-2.17.so
7f2793349000-7f279334a000 r--p 00002000 fd:00 35108643                   /usr/lib64/libdl-2.17.so
7f279334a000-7f279334b000 rw-p 00003000 fd:00 35108643                   /usr/lib64/libdl-2.17.so
7f279334b000-7f2793362000 r-xp 00000000 fd:00 36652250                   /jdk1.8.0_191/lib/amd64/jli/libjli.so
7f2793362000-7f2793561000 ---p 00017000 fd:00 36652250                   /jdk1.8.0_191/lib/amd64/jli/libjli.so
7f2793561000-7f2793562000 r--p 00016000 fd:00 36652250                   /jdk1.8.0_191/lib/amd64/jli/libjli.so
7f2793562000-7f2793563000 rw-p 00017000 fd:00 36652250                   /jdk1.8.0_191/lib/amd64/jli/libjli.so
7f2793563000-7f279357a000 r-xp 00000000 fd:00 33644696                   /usr/lib64/libpthread-2.17.so
7f279357a000-7f2793779000 ---p 00017000 fd:00 33644696                   /usr/lib64/libpthread-2.17.so
7f2793779000-7f279377a000 r--p 00016000 fd:00 33644696                   /usr/lib64/libpthread-2.17.so
7f279377a000-7f279377b000 rw-p 00017000 fd:00 33644696                   /usr/lib64/libpthread-2.17.so
7f279377b000-7f279377f000 rw-p 00000000 00:00 0 
7f279377f000-7f27937a1000 r-xp 00000000 fd:00 33644662                   /usr/lib64/ld-2.17.so
7f27937a1000-7f27937a6000 r--s 00084000 fd:00 3532075                    /jdk1.8.0_191/jre/lib/jfr.jar
7f27937a6000-7f27937ab000 r--s 002f9000 fd:00 3532120                    /jdk1.8.0_191/jre/lib/charsets.jar
7f27937ab000-7f27937b0000 r--s 000a0000 fd:00 3556556                    /jdk1.8.0_191/jre/lib/jsse.jar
7f27937b0000-7f2793882000 rw-p 00000000 00:00 0 
7f2793882000-7f2793886000 ---p 00000000 00:00 0 
7f2793886000-7f2793987000 rw-p 00000000 00:00 0 
7f2793987000-7f2793988000 r--s 00000000 fd:00 34745984                   /usr/lib/fontconfig/cache/68f9b6f8-1540-4fe5-a61f-56a4947dc1e1-le64.cache-7
7f2793988000-7f279398b000 r--s 0001a000 fd:00 3556598                    /jdk1.8.0_191/jre/lib/jce.jar
7f279398b000-7f2793995000 r--s 000c0000 fd:00 889162                     /jdk1.8.0_191/jre/lib/ext/postgresql-42.2.5.jar
7f2793995000-7f279399d000 rw-s 00000000 fd:00 103909233                  /tmp/hsperfdata_root/6507
7f279399d000-7f279399e000 rw-p 00000000 00:00 0 
7f279399e000-7f279399f000 r--p 00000000 00:00 0 
7f279399f000-7f27939a0000 rw-p 00000000 00:00 0 
7f27939a0000-7f27939a1000 r--p 00021000 fd:00 33644662                   /usr/lib64/ld-2.17.so
7f27939a1000-7f27939a2000 rw-p 00022000 fd:00 33644662                   /usr/lib64/ld-2.17.so
7f27939a2000-7f27939a3000 rw-p 00000000 00:00 0 
7ffe1c543000-7ffe1c564000 rw-p 00000000 00:00 0                          [stack]
7ffe1c599000-7ffe1c59b000 r-xp 00000000 00:00 0                          [vdso]
ffffffffff600000-ffffffffff601000 r-xp 00000000 00:00 0                  [vsyscall]

VM Arguments:
jvm_args: -Dfile.encoding=UTF-8 
java_command: electricity.billing.system.newCustomer
java_class_path (initial): /jdk1.8.0_191/jre/lib/resources.jar:/jdk1.8.0_191/jre/lib/rt.jar:/jdk1.8.0_191/jre/lib/jsse.jar:/jdk1.8.0_191/jre/lib/jce.jar:/jdk1.8.0_191/jre/lib/charsets.jar:/jdk1.8.0_191/jre/lib/jfr.jar:/jdk1.8.0_191/jre/lib/ext/sunec.jar:/jdk1.8.0_191/jre/lib/ext/dnsns.jar:/jdk1.8.0_191/jre/lib/ext/cldrdata.jar:/jdk1.8.0_191/jre/lib/ext/jfxrt.jar:/jdk1.8.0_191/jre/lib/ext/jaccess.jar:/jdk1.8.0_191/jre/lib/ext/nashorn.jar:/jdk1.8.0_191/jre/lib/ext/zipfs.jar:/jdk1.8.0_191/jre/lib/ext/sunpkcs11.jar:/jdk1.8.0_191/jre/lib/ext/localedata.jar:/jdk1.8.0_191/jre/lib/ext/sunjce_provider.jar:/jdk1.8.0_191/jre/lib/ext/postgresql-42.2.5.jar:/root/apurva/Electricity Billing System/bin:/root/Downloads/ResultSet2xml.jar
Launcher Type: SUN_STANDARD

Environment Variables:
JAVA_HOME=/jdk1.8.0_191
CLASSPATH=:/apache-tomcat-8.5.38/common/lib/servlet-api.jar
PATH=/jdk1.8.0_191/bin:/usr/local/bin:/usr/local/sbin:/usr/bin:/usr/sbin:/bin:/sbin:/root/bin
USERNAME=root
SHELL=/bin/bash
DISPLAY=:0

Signal Handlers:
SIGSEGV: [libjvm.so+0xaced60], sa_mask[0]=11111111011111111101111111111110, sa_flags=SA_RESTART|SA_SIGINFO
SIGBUS: [libjvm.so+0xaced60], sa_mask[0]=11111111011111111101111111111110, sa_flags=SA_RESTART|SA_SIGINFO
SIGFPE: [libjvm.so+0x907ca0], sa_mask[0]=11111111011111111101111111111110, sa_flags=SA_RESTART|SA_SIGINFO
SIGPIPE: [libjvm.so+0x907ca0], sa_mask[0]=11111111011111111101111111111110, sa_flags=SA_RESTART|SA_SIGINFO
SIGXFSZ: [libjvm.so+0x907ca0], sa_mask[0]=11111111011111111101111111111110, sa_flags=SA_RESTART|SA_SIGINFO
SIGILL: [libjvm.so+0x907ca0], sa_mask[0]=11111111011111111101111111111110, sa_flags=SA_RESTART|SA_SIGINFO
SIGUSR1: SIG_DFL, sa_mask[0]=00000000000000000000000000000000, sa_flags=none
SIGUSR2: [libjvm.so+0x907b70], sa_mask[0]=00100000000000000000000000000000, sa_flags=SA_RESTART|SA_SIGINFO
SIGHUP: [libjvm.so+0x908190], sa_mask[0]=11111111011111111101111111111110, sa_flags=SA_RESTART|SA_SIGINFO
SIGINT: [libjvm.so+0x908190], sa_mask[0]=11111111011111111101111111111110, sa_flags=SA_RESTART|SA_SIGINFO
SIGTERM: [libjvm.so+0x908190], sa_mask[0]=11111111011111111101111111111110, sa_flags=SA_RESTART|SA_SIGINFO
SIGQUIT: [libjvm.so+0x908190], sa_mask[0]=11111111011111111101111111111110, sa_flags=SA_RESTART|SA_SIGINFO


---------------  S Y S T E M  ---------------

OS:CentOS Linux release 7.8.2003 (Core)

uname:Linux 3.10.0-1127.13.1.el7.x86_64 #1 SMP Tue Jun 23 15:46:38 UTC 2020 x86_64
libc:glibc 2.17 NPTL 2.17 
rlimit: STACK 8192k, CORE 0k, NPROC 17043, NOFILE 4096, AS infinity
load average:0.12 0.32 0.34

/proc/meminfo:
MemTotal:        4396508 kB
MemFree:          736816 kB
MemAvailable:     897512 kB
Buffers:               0 kB
Cached:           349460 kB
SwapCached:          248 kB
Active:          2590416 kB
Inactive:         668156 kB
Active(anon):    2423076 kB
Inactive(anon):   519412 kB
Active(file):     167340 kB
Inactive(file):   148744 kB
Unevictable:          32 kB
Mlocked:              32 kB
SwapTotal:       2359292 kB
SwapFree:        2358004 kB
Dirty:               524 kB
Writeback:             0 kB
AnonPages:       2893968 kB
Mapped:           135428 kB
Shmem:             33340 kB
Slab:             163340 kB
SReclaimable:      99576 kB
SUnreclaim:        63764 kB
KernelStack:       14304 kB
PageTables:        36968 kB
NFS_Unstable:          0 kB
Bounce:                0 kB
WritebackTmp:          0 kB
CommitLimit:     4557544 kB
Committed_AS:    5531228 kB
VmallocTotal:   34359738367 kB
VmallocUsed:       38408 kB
VmallocChunk:   34359695352 kB
Percpu:              200 kB
HardwareCorrupted:     0 kB
AnonHugePages:   1214464 kB
CmaTotal:              0 kB
CmaFree:               0 kB
HugePages_Total:       0
HugePages_Free:        0
HugePages_Rsvd:        0
HugePages_Surp:        0
Hugepagesize:       2048 kB
DirectMap4k:       98240 kB
DirectMap2M:     4620288 kB

container (cgroup) information:
container_type: cgroupv1
cpu_cpuset_cpus: 0
cpu_memory_nodes: 0
active_processor_count: 1
cpu_quota: -1
cpu_period: 100000
cpu_shares: -1
memory_limit_in_bytes: -1
memory_and_swap_limit_in_bytes: -1
memory_soft_limit_in_bytes: -1
memory_usage_in_bytes: 3331977216
memory_max_usage_in_bytes: 0


CPU:total 1 (initial active 1) (1 cores per cpu, 1 threads per core) family 6 model 126 stepping 5, cmov, cx8, fxsr, mmx, sse, sse2, sse3, ssse3, sse4.1, sse4.2, popcnt, avx, avx2, aes, clmul, 3dnowpref, lzcnt, tsc, tscinvbit, bmi1, bmi2

/proc/cpuinfo:
processor	: 0
vendor_id	: GenuineIntel
cpu family	: 6
model		: 126
model name	: Intel(R) Core(TM) i5-1035G1 CPU @ 1.00GHz
stepping	: 5
cpu MHz		: 1190.400
cache size	: 6144 KB
physical id	: 0
siblings	: 1
core id		: 0
cpu cores	: 1
apicid		: 0
initial apicid	: 0
fpu		: yes
fpu_exception	: yes
cpuid level	: 22
wp		: yes
flags		: fpu vme de pse tsc msr pae mce cx8 apic sep mtrr pge mca cmov pat pse36 clflush mmx fxsr sse sse2 ht syscall nx rdtscp lm constant_tsc rep_good nopl xtopology nonstop_tsc eagerfpu pni pclmulqdq monitor ssse3 cx16 pcid sse4_1 sse4_2 x2apic movbe popcnt aes xsave avx rdrand hypervisor lahf_lm abm 3dnowprefetch invpcid_single fsgsbase bmi1 avx2 bmi2 invpcid rdseed clflushopt md_clear flush_l1d arch_capabilities
bogomips	: 2380.80
clflush size	: 64
cache_alignment	: 64
address sizes	: 39 bits physical, 48 bits virtual
power management:



Memory: 4k page, physical 4396508k(736816k free), swap 2359292k(2358004k free)

vm_info: Java HotSpot(TM) 64-Bit Server VM (25.191-b12) for linux-amd64 JRE (1.8.0_191-b12), built on Oct  6 2018 05:43:09 by "java_re" with gcc 7.3.0

time: Fri Mar 24 21:29:29 2023
elapsed time: 2540 seconds (0d 0h 42m 20s)

