#
# A fatal error has been detected by the Java Runtime Environment:
#
#  SIGSEGV (0xb) at pc=0x00007f4351069cb4, pid=4109, tid=0x00007f433d394700
#
# JRE version: Java(TM) SE Runtime Environment (8.0_191-b12) (build 1.8.0_191-b12)
# Java VM: Java HotSpot(TM) 64-Bit Server VM (25.191-b12 mixed mode linux-amd64 compressed oops)
# Problematic frame:
# v  ~BufferBlob::jni_fast_GetLongField
#
# Failed to write core dump. Core dumps have been disabled. To enable core dumping, try "ulimit -c unlimited" before starting Java again
#
# If you would like to submit a bug report, please visit:
#   http://bugreport.java.com/bugreport/crash.jsp
# The crash happened outside the Java Virtual Machine in native code.
# See problematic frame for where to report the bug.
#

---------------  T H R E A D  ---------------

Current thread (0x00007f43601d8000):  JavaThread "AWT-XAWT" daemon [_thread_in_native, id=4125, stack(0x00007f433d294000,0x00007f433d395000)]

siginfo: si_signo: 11 (SIGSEGV), si_code: 1 (SEGV_MAPERR), si_addr: 0x0000000000000000

Registers:
RAX=0x00007f4367ee73c0, RBX=0x00007f43601d81f8, RCX=0x0000000000000001, RDX=0x0000000000000042
RSP=0x00007f433d393838, RBP=0x00007f433d393860, RSI=0x0000000000000000, RDI=0x00007f43601d81f8
R8 =0x00000000bce82360, R9 =0x0000000000000000, R10=0x000000000000001c, R11=0x00007f4350d2b6b0
R12=0x00007f434800ab60, R13=0x0000000000000000, R14=0x00007f436456bb00, R15=0x00007f43601d8000
RIP=0x00007f4351069cb4, EFLAGS=0x0000000000010246, CSGSFS=0x0000000000000033, ERR=0x0000000000000004
  TRAPNO=0x000000000000000e

Top of Stack: (sp=0x00007f433d393838)
0x00007f433d393838:   00007f4364349b84 00007f43656c1fb8
0x00007f433d393848:   00007f434800ab60 00007f433d393910
0x00007f433d393858:   00007f433d3938e0 0000000000000000
0x00007f433d393868:   00007f4350d2b708 00007f43656c1fb8
0x00007f433d393878:   00007f433d3938a0 0000000000000000
0x00007f433d393888:   00007f4350d22ee3 00007f433d393910
0x00007f433d393898:   00007f4364341fef 00007f433d3938f0
0x00007f433d3938a8:   00007f4351273f36 0000000000000000
0x00007f433d3938b8:   00007f4351265376 00007f433d393910
0x00007f433d3938c8:   00007f43511481ec 00007f433d393970
0x00007f433d3938d8:   00000000bd09afd8 00000000bd0613a0
0x00007f433d3938e8:   0000000000000001 00007f433d393970
0x00007f433d3938f8:   00007f4351007a90 00007f433d393970
0x00007f433d393908:   00007f4351007a90 0000000000000000
0x00007f433d393918:   00007f4351007dd0 00007f43341bfc70
0x00007f433d393928:   00000000bd0e6e60 00007f433d393930
0x00007f433d393938:   00007f43657b63cc 00007f433d3939b8
0x00007f433d393948:   00007f43657bf828 0000000000000000
0x00007f433d393958:   00007f43657b6508 00007f433d393910
0x00007f433d393968:   00007f433d3939b0 00007f433d393a00
0x00007f433d393978:   00007f43510082bd 0000000000000000
0x00007f433d393988:   00000000bd4ea740 0000000000000000
0x00007f433d393998:   0000000000000000 0000000000000000
0x00007f433d3939a8:   00000000bd0e6e60 0000000000000000
0x00007f433d3939b8:   00000000bd09bb78 00007f433d3939c0
0x00007f433d3939c8:   00007f43657b620d 00007f433d393a10
0x00007f433d3939d8:   00007f43657bf828 0000000000000000
0x00007f433d3939e8:   00007f43657b6218 00007f433d3939b0
0x00007f433d3939f8:   00007f433d393a10 00007f433d393a58
0x00007f433d393a08:   00007f4351008302 00000000bd09bb78
0x00007f433d393a18:   00007f433d393a18 00007f43652d56cb
0x00007f433d393a28:   00007f433d393a68 00007f436535d3e8 

Instructions: (pc=0x00007f4351069cb4)
0x00007f4351069c94:   00 00 00 00 00 00 00 00 00 00 00 00 44 8b 15 55
0x00007f4351069ca4:   d2 eb 16 4c 8b ce 41 f6 c2 01 0f 85 1c 00 00 00
0x00007f4351069cb4:   4d 8b 09 4c 8b da 49 c1 eb 02 4b 8b 04 19 44 3b
0x00007f4351069cc4:   15 33 d2 eb 16 0f 85 01 00 00 00 c3 e9 eb 4c 5b 

Register to memory mapping:

RAX=0x00007f4367ee73c0: <offset 0xf883c0> in /jdk1.8.0_191/jre/lib/amd64/server/libjvm.so at 0x00007f4366f5f000
RBX=0x00007f43601d81f8 is an unknown value
RCX=0x0000000000000001 is an unknown value
RDX=0x0000000000000042 is an unknown value
RSP=0x00007f433d393838 is pointing into the stack for thread: 0x00007f43601d8000
RBP=0x00007f433d393860 is pointing into the stack for thread: 0x00007f43601d8000
RSI=0x0000000000000000 is an unknown value
RDI=0x00007f43601d81f8 is an unknown value
R8 =0x00000000bce82360 is an oop
sun.util.logging.PlatformLogger$Level 
 - klass: 'sun/util/logging/PlatformLogger$Level'
R9 =0x0000000000000000 is an unknown value
R10=0x000000000000001c is an unknown value
R11=0x00007f4350d2b6b0: _XimServerDestroy+0 in /lib64/libX11.so.6 at 0x00007f4350cc2000
R12=0x00007f434800ab60 is an unknown value
R13=0x0000000000000000 is an unknown value
R14=0x00007f436456bb00: <offset 0x256b00> in /jdk1.8.0_191/jre/lib/amd64/libawt_xawt.so at 0x00007f4364315000
R15=0x00007f43601d8000 is a thread


Stack: [0x00007f433d294000,0x00007f433d395000],  sp=0x00007f433d393838,  free space=1022k
Native frames: (J=compiled Java code, j=interpreted, Vv=VM code, C=native code)
v  ~BufferBlob::jni_fast_GetLongField
C  [libX11.so.6+0x69708]  _XimServerDestroy+0x58

Java frames: (J=compiled Java code, j=interpreted, Vv=VM code)
J 656  sun.awt.X11.XlibWrapper.XFilterEvent(JJ)Z (0 bytes) @ 0x00007f4351273ec4 [0x00007f4351273e80+0x44]
j  sun.awt.X11.XToolkit.run(Z)V+300
j  sun.awt.X11.XToolkit.run()V+5
j  java.lang.Thread.run()V+11
v  ~StubRoutines::call_stub

---------------  P R O C E S S  ---------------

Java Threads: ( => current thread )
  0x00007f4344001000 JavaThread "XToolkt-Shutdown-Thread" [_thread_in_Java, id=11823, stack(0x00007f433c26c000,0x00007f433c36d000)]
  0x00007f4338002000 JavaThread "SIGTERM handler" daemon [_thread_blocked, id=11822, stack(0x00007f433c36d000,0x00007f433c46e000)]
  0x00007f4338001000 JavaThread "SIGHUP handler" daemon [_thread_blocked, id=11821, stack(0x00007f433d193000,0x00007f433d294000)]
  0x00007f4360009800 JavaThread "DestroyJavaVM" [_thread_blocked, id=4110, stack(0x00007f4368a4d000,0x00007f4368b4d000)]
  0x00007f43602af800 JavaThread "AWT-EventQueue-0" [_thread_blocked, id=4128, stack(0x00007f433c6f5000,0x00007f433c7f6000)]
  0x00007f436022a800 JavaThread "AWT-Shutdown" [_thread_blocked, id=4127, stack(0x00007f433ce92000,0x00007f433cf93000)]
=>0x00007f43601d8000 JavaThread "AWT-XAWT" daemon [_thread_in_native, id=4125, stack(0x00007f433d294000,0x00007f433d395000)]
  0x00007f43601b3000 JavaThread "Java2D Disposer" daemon [_thread_blocked, id=4124, stack(0x00007f433d7a6000,0x00007f433d8a7000)]
  0x00007f43600b4800 JavaThread "Service Thread" daemon [_thread_blocked, id=4122, stack(0x00007f4364950000,0x00007f4364a51000)]
  0x00007f43600b1800 JavaThread "C1 CompilerThread1" daemon [_thread_blocked, id=4121, stack(0x00007f4364a52000,0x00007f4364b52000)]
  0x00007f43600af000 JavaThread "C2 CompilerThread0" daemon [_thread_blocked, id=4120, stack(0x00007f4364b53000,0x00007f4364c53000)]
  0x00007f43600ad800 JavaThread "Signal Dispatcher" daemon [_thread_blocked, id=4119, stack(0x00007f4364c53000,0x00007f4364d54000)]
  0x00007f436007a800 JavaThread "Finalizer" daemon [_thread_blocked, id=4118, stack(0x00007f4364d54000,0x00007f4364e55000)]
  0x00007f4360078000 JavaThread "Reference Handler" daemon [_thread_blocked, id=4117, stack(0x00007f4364e55000,0x00007f4364f56000)]

Other Threads:
  0x00007f436006e000 VMThread [stack: 0x00007f4364f57000,0x00007f4365057000] [id=4115]
  0x00007f43600b9800 WatcherThread [stack: 0x00007f4364850000,0x00007f4364950000] [id=4123]

VM state:not at safepoint (normal execution)

VM Mutex/Monitor currently owned by a thread: None

Heap:
 def new generation   total 20864K, used 15224K [0x00000000bce00000, 0x00000000be4a0000, 0x00000000d3400000)
  eden space 18560K,  82% used [0x00000000bce00000, 0x00000000bdcde060, 0x00000000be020000)
  from space 2304K,   0% used [0x00000000be020000, 0x00000000be020000, 0x00000000be260000)
  to   space 2304K,   0% used [0x00000000be260000, 0x00000000be260000, 0x00000000be4a0000)
 tenured generation   total 46464K, used 0K [0x00000000d3400000, 0x00000000d6160000, 0x0000000100000000)
   the space 46464K,   0% used [0x00000000d3400000, 0x00000000d3400000, 0x00000000d3400200, 0x00000000d6160000)
 Metaspace       used 11401K, capacity 11588K, committed 11904K, reserved 1060864K
  class space    used 1308K, capacity 1386K, committed 1408K, reserved 1048576K

Card table byte_map: [0x00007f4365c0e000,0x00007f4365e28000] byte_map_base: 0x00007f4365627000

Polling page: 0x00007f4368b68000

CodeCache: size=245760Kb used=2657Kb max_used=2668Kb free=243102Kb
 bounds [0x00007f4351000000, 0x00007f43512a0000, 0x00007f4360000000]
 total_blobs=1203 nmethods=669 adapters=448
 compilation: enabled

Compilation events (10 events):
Event: 6384.435 Thread 0x00007f43600b1800  666       3       sun.awt.X11.XMSelection$1::dispatchEvent (10 bytes)
Event: 6384.435 Thread 0x00007f43600b1800 nmethod 666 0x00007f43512971d0 code [0x00007f4351297380, 0x00007f43512977d0]
Event: 6384.435 Thread 0x00007f43600b1800  667       3       sun.awt.X11.XMSelection::processRootEvent (32 bytes)
Event: 6384.436 Thread 0x00007f43600b1800 nmethod 667 0x00007f4351297ad0 code [0x00007f4351297c80, 0x00007f4351298050]
Event: 6999.047 Thread 0x00007f43600af000  668       4       java.lang.Long::compareTo (9 bytes)
Event: 6999.047 Thread 0x00007f43600af000 nmethod 668 0x00007f435129af90 code [0x00007f435129b0e0, 0x00007f435129b198]
Event: 7817.416 Thread 0x00007f43600af000  669       4       java.util.HashMap::getNode (148 bytes)
Event: 7817.420 Thread 0x00007f43600af000 nmethod 669 0x00007f4351299250 code [0x00007f43512993e0, 0x00007f43512997b8]
Event: 15488.865 Thread 0x00007f43600af000  670       4       java.lang.Long::valueOf (36 bytes)
Event: 15488.866 Thread 0x00007f43600af000 nmethod 670 0x00007f4351298ed0 code [0x00007f4351299020, 0x00007f4351299158]

GC Heap History (0 events):
No events

Deoptimization events (1 events):
Event: 2.579 Thread 0x00007f43602af800 Uncommon trap: reason=unstable_if action=reinterpret pc=0x00007f4351249ab8 method=java.lang.CharacterData.of(I)Ljava/lang/CharacterData; @ 4

Classes redefined (0 events):
No events

Internal exceptions (10 events):
Event: 0.301 Thread 0x00007f4360009800 Exception <a 'java/security/PrivilegedActionException'> (0x00000000bce682e0) thrown at [/HUDSON/workspace/8-2-build-linux-amd64/jdk8u191/11894/hotspot/src/share/vm/prims/jvm.cpp, line 1435]
Event: 0.301 Thread 0x00007f4360009800 Exception <a 'java/security/PrivilegedActionException'> (0x00000000bce684f0) thrown at [/HUDSON/workspace/8-2-build-linux-amd64/jdk8u191/11894/hotspot/src/share/vm/prims/jvm.cpp, line 1435]
Event: 0.311 Thread 0x00007f4360009800 Exception <a 'java/security/PrivilegedActionException'> (0x00000000bce944f0) thrown at [/HUDSON/workspace/8-2-build-linux-amd64/jdk8u191/11894/hotspot/src/share/vm/prims/jvm.cpp, line 1435]
Event: 0.311 Thread 0x00007f4360009800 Exception <a 'java/security/PrivilegedActionException'> (0x00000000bce94700) thrown at [/HUDSON/workspace/8-2-build-linux-amd64/jdk8u191/11894/hotspot/src/share/vm/prims/jvm.cpp, line 1435]
Event: 0.312 Thread 0x00007f4360009800 Exception <a 'java/security/PrivilegedActionException'> (0x00000000bce965c8) thrown at [/HUDSON/workspace/8-2-build-linux-amd64/jdk8u191/11894/hotspot/src/share/vm/prims/jvm.cpp, line 1435]
Event: 0.312 Thread 0x00007f4360009800 Exception <a 'java/security/PrivilegedActionException'> (0x00000000bce967d8) thrown at [/HUDSON/workspace/8-2-build-linux-amd64/jdk8u191/11894/hotspot/src/share/vm/prims/jvm.cpp, line 1435]
Event: 0.345 Thread 0x00007f4360009800 Exception <a 'java/lang/NoSuchFieldError': method resolution failed> (0x00000000bcfc3038) thrown at [/HUDSON/workspace/8-2-build-linux-amd64/jdk8u191/11894/hotspot/src/share/vm/prims/methodHandles.cpp, line 1167]
Event: 0.347 Thread 0x00007f4360009800 Exception <a 'java/lang/NoSuchFieldError': method resolution failed> (0x00000000bcfd0b08) thrown at [/HUDSON/workspace/8-2-build-linux-amd64/jdk8u191/11894/hotspot/src/share/vm/prims/methodHandles.cpp, line 1167]
Event: 0.378 Thread 0x00007f4360009800 Exception <a 'java/io/FileNotFoundException'> (0x00000000bd04e760) thrown at [/HUDSON/workspace/8-2-build-linux-amd64/jdk8u191/11894/hotspot/src/share/vm/prims/jni.cpp, line 709]
Event: 0.378 Thread 0x00007f4360009800 Exception <a 'java/io/FileNotFoundException'> (0x00000000bd04f0a0) thrown at [/HUDSON/workspace/8-2-build-linux-amd64/jdk8u191/11894/hotspot/src/share/vm/prims/jni.cpp, line 709]

Events (10 events):
Event: 6.761 loading class java/awt/KeyboardFocusManager$2
Event: 6.761 loading class java/awt/KeyboardFocusManager$2 done
Event: 6.761 loading class sun/awt/SunToolkit$1
Event: 6.761 loading class sun/awt/SunToolkit$1 done
Event: 6.761 loading class sun/awt/X11/XUnmapEvent
Event: 6.762 loading class sun/awt/X11/XUnmapEvent done
Event: 15665.459 loading class sun/awt/X11/XDestroyWindowEvent
Event: 15667.844 loading class sun/awt/X11/XDestroyWindowEvent done
Event: 15668.451 loading class sun/misc/Signal$1
Event: 15669.364 loading class sun/misc/Signal$1 done


Dynamic libraries:
00400000-00401000 r-xp 00000000 fd:00 102659985                          /jdk1.8.0_191/bin/java
00600000-00601000 r--p 00000000 fd:00 102659985                          /jdk1.8.0_191/bin/java
00601000-00602000 rw-p 00001000 fd:00 102659985                          /jdk1.8.0_191/bin/java
009cb000-009ec000 rw-p 00000000 00:00 0                                  [heap]
bce00000-be4a0000 rw-p 00000000 00:00 0 
be4a0000-d3400000 ---p 00000000 00:00 0 
d3400000-d6160000 rw-p 00000000 00:00 0 
d6160000-100000000 ---p 00000000 00:00 0 
100000000-100160000 rw-p 00000000 00:00 0 
100160000-140000000 ---p 00000000 00:00 0 
7f4328000000-7f4328021000 rw-p 00000000 00:00 0 
7f4328021000-7f432c000000 ---p 00000000 00:00 0 
7f4330000000-7f4330514000 rw-p 00000000 00:00 0 
7f4330514000-7f4334000000 ---p 00000000 00:00 0 
7f4334000000-7f43343d4000 rw-p 00000000 00:00 0 
7f43343d4000-7f4338000000 ---p 00000000 00:00 0 
7f4338000000-7f4338021000 rw-p 00000000 00:00 0 
7f4338021000-7f433c000000 ---p 00000000 00:00 0 
7f433c26c000-7f433c26f000 ---p 00000000 00:00 0 
7f433c26f000-7f433c36d000 rw-p 00000000 00:00 0 
7f433c36d000-7f433c370000 ---p 00000000 00:00 0 
7f433c370000-7f433c4ae000 rw-p 00000000 00:00 0 
7f433c4ae000-7f433c66e000 ---p 00000000 00:00 0 
7f433c66e000-7f433c681000 r--s 00000000 fd:00 314274                     /usr/share/fonts/default/ghostscript/putri.pfa
7f433c681000-7f433c693000 r--s 00000000 fd:00 314273                     /usr/share/fonts/default/ghostscript/putr.pfa
7f433c693000-7f433c6a6000 r--s 00000000 fd:00 314272                     /usr/share/fonts/default/ghostscript/putbi.pfa
7f433c6a6000-7f433c6b8000 r--s 00000000 fd:00 314271                     /usr/share/fonts/default/ghostscript/putb.pfa
7f433c6b8000-7f433c6c6000 r--s 00000000 fd:00 67484505                   /usr/share/X11/fonts/Type1/cursor.pfa
7f433c6c6000-7f433c6cf000 r--s 00000000 fd:00 67484504                   /usr/share/X11/fonts/Type1/c0649bt_.pfb
7f433c6cf000-7f433c6d8000 r--s 00000000 fd:00 67484502                   /usr/share/X11/fonts/Type1/c0648bt_.pfb
7f433c6d8000-7f433c6e1000 r--s 00000000 fd:00 67484500                   /usr/share/X11/fonts/Type1/c0633bt_.pfb
7f433c6e1000-7f433c6eb000 r--s 00000000 fd:00 67484496                   /usr/share/X11/fonts/Type1/c0611bt_.pfb
7f433c6eb000-7f433c6f5000 r--s 00000000 fd:00 67484494                   /usr/share/X11/fonts/Type1/c0583bt_.pfb
7f433c6f5000-7f433c6f8000 ---p 00000000 00:00 0 
7f433c6f8000-7f433c7f6000 rw-p 00000000 00:00 0 
7f433c7f6000-7f433c862000 r-xp 00000000 fd:00 68611362                   /jdk1.8.0_191/jre/lib/amd64/libt2k.so
7f433c862000-7f433ca62000 ---p 0006c000 fd:00 68611362                   /jdk1.8.0_191/jre/lib/amd64/libt2k.so
7f433ca62000-7f433ca68000 r--p 0006c000 fd:00 68611362                   /jdk1.8.0_191/jre/lib/amd64/libt2k.so
7f433ca68000-7f433ca69000 rw-p 00072000 fd:00 68611362                   /jdk1.8.0_191/jre/lib/amd64/libt2k.so
7f433ca69000-7f433ca7a000 r-xp 00000000 fd:00 68628421                   /jdk1.8.0_191/jre/lib/amd64/libnio.so
7f433ca7a000-7f433cc79000 ---p 00011000 fd:00 68628421                   /jdk1.8.0_191/jre/lib/amd64/libnio.so
7f433cc79000-7f433cc7a000 r--p 00010000 fd:00 68628421                   /jdk1.8.0_191/jre/lib/amd64/libnio.so
7f433cc7a000-7f433cc7b000 rw-p 00011000 fd:00 68628421                   /jdk1.8.0_191/jre/lib/amd64/libnio.so
7f433cc7b000-7f433cc91000 r-xp 00000000 fd:00 68628418                   /jdk1.8.0_191/jre/lib/amd64/libnet.so
7f433cc91000-7f433ce90000 ---p 00016000 fd:00 68628418                   /jdk1.8.0_191/jre/lib/amd64/libnet.so
7f433ce90000-7f433ce91000 r--p 00015000 fd:00 68628418                   /jdk1.8.0_191/jre/lib/amd64/libnet.so
7f433ce91000-7f433ce92000 rw-p 00016000 fd:00 68628418                   /jdk1.8.0_191/jre/lib/amd64/libnet.so
7f433ce92000-7f433ce95000 ---p 00000000 00:00 0 
7f433ce95000-7f433d193000 rw-p 00000000 00:00 0 
7f433d193000-7f433d196000 ---p 00000000 00:00 0 
7f433d196000-7f433d294000 rw-p 00000000 00:00 0 
7f433d294000-7f433d297000 ---p 00000000 00:00 0 
7f433d297000-7f433d395000 rw-p 00000000 00:00 0 
7f433d395000-7f433d39a000 r-xp 00000000 fd:00 35263117                   /usr/lib64/libXfixes.so.3.1.0
7f433d39a000-7f433d599000 ---p 00005000 fd:00 35263117                   /usr/lib64/libXfixes.so.3.1.0
7f433d599000-7f433d59a000 r--p 00004000 fd:00 35263117                   /usr/lib64/libXfixes.so.3.1.0
7f433d59a000-7f433d59b000 rw-p 00005000 fd:00 35263117                   /usr/lib64/libXfixes.so.3.1.0
7f433d59b000-7f433d5a4000 r-xp 00000000 fd:00 35263210                   /usr/lib64/libXcursor.so.1.0.2
7f433d5a4000-7f433d7a4000 ---p 00009000 fd:00 35263210                   /usr/lib64/libXcursor.so.1.0.2
7f433d7a4000-7f433d7a5000 r--p 00009000 fd:00 35263210                   /usr/lib64/libXcursor.so.1.0.2
7f433d7a5000-7f433d7a6000 rw-p 0000a000 fd:00 35263210                   /usr/lib64/libXcursor.so.1.0.2
7f433d7a6000-7f433d7a9000 ---p 00000000 00:00 0 
7f433d7a9000-7f433d8a7000 rw-p 00000000 00:00 0 
7f433d8a7000-7f433d8bc000 r-xp 00000000 fd:00 40121674                   /usr/lib64/libgcc_s-4.8.5-20150702.so.1
7f433d8bc000-7f433dabb000 ---p 00015000 fd:00 40121674                   /usr/lib64/libgcc_s-4.8.5-20150702.so.1
7f433dabb000-7f433dabc000 r--p 00014000 fd:00 40121674                   /usr/lib64/libgcc_s-4.8.5-20150702.so.1
7f433dabc000-7f433dabd000 rw-p 00015000 fd:00 40121674                   /usr/lib64/libgcc_s-4.8.5-20150702.so.1
7f433dabd000-7f4344000000 r--p 00000000 fd:00 101106078                  /usr/lib/locale/locale-archive
7f4344000000-7f4344021000 rw-p 00000000 00:00 0 
7f4344021000-7f4348000000 ---p 00000000 00:00 0 
7f4348000000-7f434832b000 rw-p 00000000 00:00 0 
7f434832b000-7f434c000000 ---p 00000000 00:00 0 
7f434c000000-7f434c021000 rw-p 00000000 00:00 0 
7f434c021000-7f4350000000 ---p 00000000 00:00 0 
7f4350000000-7f435000a000 r--s 00000000 fd:00 67484492                   /usr/share/X11/fonts/Type1/c0582bt_.pfb
7f435000a000-7f4350014000 r--s 00000000 fd:00 67484490                   /usr/share/X11/fonts/Type1/c0419bt_.pfb
7f4350014000-7f4350071000 r-xp 00000000 fd:00 68611374                   /jdk1.8.0_191/jre/lib/amd64/libfontmanager.so
7f4350071000-7f4350271000 ---p 0005d000 fd:00 68611374                   /jdk1.8.0_191/jre/lib/amd64/libfontmanager.so
7f4350271000-7f4350274000 r--p 0005d000 fd:00 68611374                   /jdk1.8.0_191/jre/lib/amd64/libfontmanager.so
7f4350274000-7f4350275000 rw-p 00060000 fd:00 68611374                   /jdk1.8.0_191/jre/lib/amd64/libfontmanager.so
7f4350275000-7f4350277000 r-xp 00000000 fd:00 33780200                   /usr/lib64/libXau.so.6.0.0
7f4350277000-7f4350477000 ---p 00002000 fd:00 33780200                   /usr/lib64/libXau.so.6.0.0
7f4350477000-7f4350478000 r--p 00002000 fd:00 33780200                   /usr/lib64/libXau.so.6.0.0
7f4350478000-7f4350479000 rw-p 00003000 fd:00 33780200                   /usr/lib64/libXau.so.6.0.0
7f4350479000-7f43504a0000 r-xp 00000000 fd:00 33809088                   /usr/lib64/libxcb.so.1.1.0
7f43504a0000-7f435069f000 ---p 00027000 fd:00 33809088                   /usr/lib64/libxcb.so.1.1.0
7f435069f000-7f43506a0000 r--p 00026000 fd:00 33809088                   /usr/lib64/libxcb.so.1.1.0
7f43506a0000-7f43506a1000 rw-p 00027000 fd:00 33809088                   /usr/lib64/libxcb.so.1.1.0
7f43506a1000-7f43506b0000 r-xp 00000000 fd:00 35263123                   /usr/lib64/libXi.so.6.1.0
7f43506b0000-7f43508af000 ---p 0000f000 fd:00 35263123                   /usr/lib64/libXi.so.6.1.0
7f43508af000-7f43508b0000 r--p 0000e000 fd:00 35263123                   /usr/lib64/libXi.so.6.1.0
7f43508b0000-7f43508b1000 rw-p 0000f000 fd:00 35263123                   /usr/lib64/libXi.so.6.1.0
7f43508b1000-7f43508b6000 r-xp 00000000 fd:00 35263171                   /usr/lib64/libXtst.so.6.1.0
7f43508b6000-7f4350ab5000 ---p 00005000 fd:00 35263171                   /usr/lib64/libXtst.so.6.1.0
7f4350ab5000-7f4350ab6000 r--p 00004000 fd:00 35263171                   /usr/lib64/libXtst.so.6.1.0
7f4350ab6000-7f4350ab7000 rw-p 00005000 fd:00 35263171                   /usr/lib64/libXtst.so.6.1.0
7f4350ab7000-7f4350ac0000 r-xp 00000000 fd:00 35263135                   /usr/lib64/libXrender.so.1.3.0
7f4350ac0000-7f4350cc0000 ---p 00009000 fd:00 35263135                   /usr/lib64/libXrender.so.1.3.0
7f4350cc0000-7f4350cc1000 r--p 00009000 fd:00 35263135                   /usr/lib64/libXrender.so.1.3.0
7f4350cc1000-7f4350cc2000 rw-p 0000a000 fd:00 35263135                   /usr/lib64/libXrender.so.1.3.0
7f4350cc2000-7f4350dfa000 r-xp 00000000 fd:00 36315762                   /usr/lib64/libX11.so.6.3.0
7f4350dfa000-7f4350ffa000 ---p 00138000 fd:00 36315762                   /usr/lib64/libX11.so.6.3.0
7f4350ffa000-7f4350ffb000 r--p 00138000 fd:00 36315762                   /usr/lib64/libX11.so.6.3.0
7f4350ffb000-7f4351000000 rw-p 00139000 fd:00 36315762                   /usr/lib64/libX11.so.6.3.0
7f4351000000-7f43512a0000 rwxp 00000000 00:00 0 
7f43512a0000-7f4360000000 ---p 00000000 00:00 0 
7f4360000000-7f43602b1000 rw-p 00000000 00:00 0 
7f43602b1000-7f4364000000 ---p 00000000 00:00 0 
7f4364000000-7f4364009000 r--s 00000000 fd:00 67484498                   /usr/share/X11/fonts/Type1/c0632bt_.pfb
7f4364009000-7f436401b000 r--s 00000000 fd:00 67484488                   /usr/share/X11/fonts/Type1/UTRG____.pfa
7f436401b000-7f436402e000 r--s 00000000 fd:00 67484486                   /usr/share/X11/fonts/Type1/UTI_____.pfa
7f436402e000-7f4364040000 r--s 00000000 fd:00 67484484                   /usr/share/X11/fonts/Type1/UTB_____.pfa
7f4364040000-7f4364053000 r--s 00000000 fd:00 67484482                   /usr/share/X11/fonts/Type1/UTBI____.pfa
7f4364053000-7f4364055000 r--s 00000000 fd:00 34006571                   /usr/lib/fontconfig/cache/ab158498-11c2-474d-b3ed-c8ffc5d72d91-le64.cache-7
7f4364055000-7f4364058000 r--s 00000000 fd:00 34006568                   /usr/lib/fontconfig/cache/8dfae9f4-6fac-417a-8664-6e1213f8e5d9-le64.cache-7
7f4364058000-7f436405a000 r--s 00000000 fd:00 34006566                   /usr/lib/fontconfig/cache/158ec229-398c-4ec9-b874-7907df0ed7c4-le64.cache-7
7f436405a000-7f436405c000 r--s 00000000 fd:00 34006564                   /usr/lib/fontconfig/cache/8a0bfbc7-d573-4efa-8ac1-e5d867c4edef-le64.cache-7
7f436405c000-7f4364074000 r--s 00000000 fd:00 41693932                   /usr/lib/fontconfig/cache/7492abdf-6856-4ae8-a6af-8189edd8b16e-le64.cache-7
7f4364074000-7f436407f000 r--s 00000000 fd:00 34006562                   /usr/lib/fontconfig/cache/43475d3b-9987-4064-a976-9838a12b04e1-le64.cache-7
7f436407f000-7f4364081000 r--s 00000000 fd:00 34006561                   /usr/lib/fontconfig/cache/c965e70d-570b-478d-8660-d95b9457e76c-le64.cache-7
7f4364081000-7f4364084000 r--s 00000000 fd:00 34006559                   /usr/lib/fontconfig/cache/ce2e5557-7641-4d51-a0bc-a5339e0d8f13-le64.cache-7
7f4364084000-7f4364085000 r--s 00000000 fd:00 34006558                   /usr/lib/fontconfig/cache/da47ede2-b46c-4449-9f1d-bce1e030ade2-le64.cache-7
7f4364085000-7f4364086000 r--s 00000000 fd:00 34006557                   /usr/lib/fontconfig/cache/b16861f1-c32b-4685-81a3-6f709027d5b5-le64.cache-7
7f4364086000-7f4364087000 r--s 00000000 fd:00 34006556                   /usr/lib/fontconfig/cache/9d97921b-5e36-4fa6-9e09-b811c15f996e-le64.cache-7
7f4364087000-7f4364088000 r--s 00000000 fd:00 34006555                   /usr/lib/fontconfig/cache/271ef989-55bd-4ebf-a891-7a9d117e965c-le64.cache-7
7f4364088000-7f436408b000 r--s 00000000 fd:00 34006553                   /usr/lib/fontconfig/cache/d06e2a81-e415-4971-8a58-c8041e223d69-le64.cache-7
7f436408b000-7f436408c000 r--s 00000000 fd:00 34006552                   /usr/lib/fontconfig/cache/e2eab557-f3aa-4c1b-b500-64ed1a5a0c64-le64.cache-7
7f436408c000-7f4364090000 r--s 00000000 fd:00 34006551                   /usr/lib/fontconfig/cache/77b5af50-3813-44e8-a49b-128083e21c13-le64.cache-7
7f4364090000-7f4364091000 r--s 00000000 fd:00 41692416                   /usr/lib/fontconfig/cache/92459b18-a480-4c31-80fc-74a8988f96dc-le64.cache-7
7f4364091000-7f4364095000 r--s 00000000 fd:00 34006549                   /usr/lib/fontconfig/cache/8c85221b-4d93-4924-a6d8-8f77da10e7f8-le64.cache-7
7f4364095000-7f4364098000 r--s 00000000 fd:00 34006548                   /usr/lib/fontconfig/cache/5378b022-cf1e-406b-8b07-5e075dd78a7c-le64.cache-7
7f4364098000-7f4364099000 r--s 00000000 fd:00 34006547                   /usr/lib/fontconfig/cache/f15c9128-de32-436f-944a-73ae18e58c79-le64.cache-7
7f4364099000-7f436409a000 r--s 00000000 fd:00 34006546                   /usr/lib/fontconfig/cache/81259c55-d229-435f-8ac9-4995cca1005c-le64.cache-7
7f436409a000-7f436409b000 r--s 00000000 fd:00 34006545                   /usr/lib/fontconfig/cache/72ba67be-ef62-43ba-a5d7-39d457e716f4-le64.cache-7
7f436409b000-7f436409c000 r--s 00000000 fd:00 34006543                   /usr/lib/fontconfig/cache/be007748-1d00-4015-81a2-3672563ef800-le64.cache-7
7f436409c000-7f436409d000 r--s 00000000 fd:00 34006542                   /usr/lib/fontconfig/cache/3bfcd86f-f561-4fbe-a1ed-3540a9a46c46-le64.cache-7
7f436409d000-7f436409e000 r--s 00000000 fd:00 34006540                   /usr/lib/fontconfig/cache/2a3a952e-8d15-4301-b1ce-4f21f7e9fe78-le64.cache-7
7f436409e000-7f436409f000 r--s 00000000 fd:00 34006539                   /usr/lib/fontconfig/cache/96010491-a296-469e-8d74-f435d7d8981b-le64.cache-7
7f436409f000-7f43640a0000 r--s 00000000 fd:00 34006537                   /usr/lib/fontconfig/cache/6e33928b-1559-4a7e-bafb-ed3ad4371dd4-le64.cache-7
7f43640a0000-7f43640a1000 r--s 00000000 fd:00 34006536                   /usr/lib/fontconfig/cache/cc7acb12-7f7f-4dc8-a08b-6d3ef3cd34a0-le64.cache-7
7f43640a1000-7f43640a2000 r--s 00000000 fd:00 34006535                   /usr/lib/fontconfig/cache/9f192625-d65d-41c8-9950-f944eb3e2ab7-le64.cache-7
7f43640a2000-7f43640a3000 r--s 00000000 fd:00 34006534                   /usr/lib/fontconfig/cache/955d773e-b9db-4e14-9aa3-4f153c94e935-le64.cache-7
7f43640a3000-7f43640a4000 r--s 00000000 fd:00 34006533                   /usr/lib/fontconfig/cache/c38058e6-ef79-42fd-9832-a51ed3b490a5-le64.cache-7
7f43640a4000-7f43640a5000 r--s 00000000 fd:00 34006583                   /usr/lib/fontconfig/cache/9db4e249-665a-41bf-bcc7-61da2adf39c8-le64.cache-7
7f43640a5000-7f43640a6000 r--s 00000000 fd:00 34006532                   /usr/lib/fontconfig/cache/beb7d81a-47d2-4601-aaf9-6ad89cc0d7a2-le64.cache-7
7f43640a6000-7f43640ad000 r--s 00000000 fd:00 34091492                   /usr/lib/fontconfig/cache/52729f95-cce0-46ab-a740-4cebac938cd4-le64.cache-7
7f43640ad000-7f43640af000 r--s 00000000 fd:00 34006582                   /usr/lib/fontconfig/cache/0baf6553-dcc5-41f8-8be4-56a9dbf7bbd7-le64.cache-7
7f43640af000-7f43640b1000 r--s 00000000 fd:00 34006580                   /usr/lib/fontconfig/cache/ab3c62a8-1894-49f8-9211-540531e356f1-le64.cache-7
7f43640b1000-7f43640b3000 r--s 00000000 fd:00 34006579                   /usr/lib/fontconfig/cache/0e0e9588-af2a-48e7-8050-2a1ff7efa804-le64.cache-7
7f43640b3000-7f43640be000 r--s 00000000 fd:00 34006572                   /usr/lib/fontconfig/cache/85b03c03-664b-48dd-a3ec-a0cbe040cd06-le64.cache-7
7f43640be000-7f43640eb000 rw-s 00000000 00:04 65588                      /SYSV00000000 (deleted)
7f43640eb000-7f43640fc000 r-xp 00000000 fd:00 35263116                   /usr/lib64/libXext.so.6.4.0
7f43640fc000-7f43642fb000 ---p 00011000 fd:00 35263116                   /usr/lib64/libXext.so.6.4.0
7f43642fb000-7f43642fc000 r--p 00010000 fd:00 35263116                   /usr/lib64/libXext.so.6.4.0
7f43642fc000-7f43642fd000 rw-p 00011000 fd:00 35263116                   /usr/lib64/libXext.so.6.4.0
7f43642fd000-7f43642fe000 r--s 00000000 fd:00 34006581                   /usr/lib/fontconfig/cache/13297fdb-e4cc-43e7-b51d-15f3dc74529e-le64.cache-7
7f43642fe000-7f4364306000 r--s 00000000 fd:00 34006578                   /usr/lib/fontconfig/cache/565d9d1c-bf03-472e-94e1-2381c17b3369-le64.cache-7
7f4364306000-7f436430e000 r--s 00000000 fd:00 34006575                   /usr/lib/fontconfig/cache/29b25067-ee4b-49fb-a626-1e72f8bceecb-le64.cache-7
7f436430e000-7f4364310000 r--s 00000000 fd:00 34006574                   /usr/lib/fontconfig/cache/4f0d4131-ff42-4411-9573-559582879965-le64.cache-7
7f4364310000-7f4364315000 r--s 00000000 fd:00 34006570                   /usr/lib/fontconfig/cache/390251cc-b2b0-4fff-a231-4d9b690996f7-le64.cache-7
7f4364315000-7f4364368000 r-xp 00000000 fd:00 68628425                   /jdk1.8.0_191/jre/lib/amd64/libawt_xawt.so
7f4364368000-7f4364567000 ---p 00053000 fd:00 68628425                   /jdk1.8.0_191/jre/lib/amd64/libawt_xawt.so
7f4364567000-7f4364568000 r--p 00052000 fd:00 68628425                   /jdk1.8.0_191/jre/lib/amd64/libawt_xawt.so
7f4364568000-7f436456b000 rw-p 00053000 fd:00 68628425                   /jdk1.8.0_191/jre/lib/amd64/libawt_xawt.so
7f436456b000-7f436456c000 rw-p 00000000 00:00 0 
7f436456c000-7f436460b000 r-xp 00000000 fd:00 68611387                   /jdk1.8.0_191/jre/lib/amd64/libawt.so
7f436460b000-7f436480b000 ---p 0009f000 fd:00 68611387                   /jdk1.8.0_191/jre/lib/amd64/libawt.so
7f436480b000-7f436480c000 r--p 0009f000 fd:00 68611387                   /jdk1.8.0_191/jre/lib/amd64/libawt.so
7f436480c000-7f4364817000 rw-p 000a0000 fd:00 68611387                   /jdk1.8.0_191/jre/lib/amd64/libawt.so
7f4364817000-7f436483c000 rw-p 00000000 00:00 0 
7f436483c000-7f436484f000 r--s 00345000 fd:00 3556547                    /jdk1.8.0_191/jre/lib/resources.jar
7f436484f000-7f4364850000 ---p 00000000 00:00 0 
7f4364850000-7f4364950000 rw-p 00000000 00:00 0 
7f4364950000-7f4364953000 ---p 00000000 00:00 0 
7f4364953000-7f4364a51000 rw-p 00000000 00:00 0 
7f4364a51000-7f4364a55000 ---p 00000000 00:00 0 
7f4364a55000-7f4364b52000 rw-p 00000000 00:00 0 
7f4364b52000-7f4364b56000 ---p 00000000 00:00 0 
7f4364b56000-7f4364c53000 rw-p 00000000 00:00 0 
7f4364c53000-7f4364c56000 ---p 00000000 00:00 0 
7f4364c56000-7f4364d54000 rw-p 00000000 00:00 0 
7f4364d54000-7f4364d57000 ---p 00000000 00:00 0 
7f4364d57000-7f4364e55000 rw-p 00000000 00:00 0 
7f4364e55000-7f4364e58000 ---p 00000000 00:00 0 
7f4364e58000-7f4364f56000 rw-p 00000000 00:00 0 
7f4364f56000-7f4364f57000 ---p 00000000 00:00 0 
7f4364f57000-7f4365057000 rw-p 00000000 00:00 0 
7f4365057000-7f4365231000 r--s 03d6c000 fd:00 3532122                    /jdk1.8.0_191/jre/lib/rt.jar
7f4365231000-7f4365abe000 rw-p 00000000 00:00 0 
7f4365abe000-7f4365c0e000 ---p 00000000 00:00 0 
7f4365c0e000-7f4365c1a000 rw-p 00000000 00:00 0 
7f4365c1a000-7f4365cc1000 ---p 00000000 00:00 0 
7f4365cc1000-7f4365cd8000 rw-p 00000000 00:00 0 
7f4365cd8000-7f4365e27000 ---p 00000000 00:00 0 
7f4365e27000-7f4365e33000 rw-p 00000000 00:00 0 
7f4365e33000-7f43661e8000 ---p 00000000 00:00 0 
7f43661e8000-7f4366202000 r-xp 00000000 fd:00 68611390                   /jdk1.8.0_191/jre/lib/amd64/libzip.so
7f4366202000-7f4366402000 ---p 0001a000 fd:00 68611390                   /jdk1.8.0_191/jre/lib/amd64/libzip.so
7f4366402000-7f4366403000 r--p 0001a000 fd:00 68611390                   /jdk1.8.0_191/jre/lib/amd64/libzip.so
7f4366403000-7f4366404000 rw-p 0001b000 fd:00 68611390                   /jdk1.8.0_191/jre/lib/amd64/libzip.so
7f4366404000-7f4366410000 r-xp 00000000 fd:00 35108647                   /usr/lib64/libnss_files-2.17.so
7f4366410000-7f436660f000 ---p 0000c000 fd:00 35108647                   /usr/lib64/libnss_files-2.17.so
7f436660f000-7f4366610000 r--p 0000b000 fd:00 35108647                   /usr/lib64/libnss_files-2.17.so
7f4366610000-7f4366611000 rw-p 0000c000 fd:00 35108647                   /usr/lib64/libnss_files-2.17.so
7f4366611000-7f4366617000 rw-p 00000000 00:00 0 
7f4366617000-7f4366644000 r-xp 00000000 fd:00 68611384                   /jdk1.8.0_191/jre/lib/amd64/libjava.so
7f4366644000-7f4366843000 ---p 0002d000 fd:00 68611384                   /jdk1.8.0_191/jre/lib/amd64/libjava.so
7f4366843000-7f4366844000 r--p 0002c000 fd:00 68611384                   /jdk1.8.0_191/jre/lib/amd64/libjava.so
7f4366844000-7f4366846000 rw-p 0002d000 fd:00 68611384                   /jdk1.8.0_191/jre/lib/amd64/libjava.so
7f4366846000-7f4366853000 r-xp 00000000 fd:00 68611389                   /jdk1.8.0_191/jre/lib/amd64/libverify.so
7f4366853000-7f4366a52000 ---p 0000d000 fd:00 68611389                   /jdk1.8.0_191/jre/lib/amd64/libverify.so
7f4366a52000-7f4366a54000 r--p 0000c000 fd:00 68611389                   /jdk1.8.0_191/jre/lib/amd64/libverify.so
7f4366a54000-7f4366a55000 rw-p 0000e000 fd:00 68611389                   /jdk1.8.0_191/jre/lib/amd64/libverify.so
7f4366a55000-7f4366a5c000 r-xp 00000000 fd:00 35108651                   /usr/lib64/librt-2.17.so
7f4366a5c000-7f4366c5b000 ---p 00007000 fd:00 35108651                   /usr/lib64/librt-2.17.so
7f4366c5b000-7f4366c5c000 r--p 00006000 fd:00 35108651                   /usr/lib64/librt-2.17.so
7f4366c5c000-7f4366c5d000 rw-p 00007000 fd:00 35108651                   /usr/lib64/librt-2.17.so
7f4366c5d000-7f4366d5e000 r-xp 00000000 fd:00 35108644                   /usr/lib64/libm-2.17.so
7f4366d5e000-7f4366f5d000 ---p 00101000 fd:00 35108644                   /usr/lib64/libm-2.17.so
7f4366f5d000-7f4366f5e000 r--p 00100000 fd:00 35108644                   /usr/lib64/libm-2.17.so
7f4366f5e000-7f4366f5f000 rw-p 00101000 fd:00 35108644                   /usr/lib64/libm-2.17.so
7f4366f5f000-7f4367c41000 r-xp 00000000 fd:00 3556594                    /jdk1.8.0_191/jre/lib/amd64/server/libjvm.so
7f4367c41000-7f4367e41000 ---p 00ce2000 fd:00 3556594                    /jdk1.8.0_191/jre/lib/amd64/server/libjvm.so
7f4367e41000-7f4367ed7000 r--p 00ce2000 fd:00 3556594                    /jdk1.8.0_191/jre/lib/amd64/server/libjvm.so
7f4367ed7000-7f4367f08000 rw-p 00d78000 fd:00 3556594                    /jdk1.8.0_191/jre/lib/amd64/server/libjvm.so
7f4367f08000-7f4367f43000 rw-p 00000000 00:00 0 
7f4367f43000-7f4368106000 r-xp 00000000 fd:00 33644670                   /usr/lib64/libc-2.17.so
7f4368106000-7f4368306000 ---p 001c3000 fd:00 33644670                   /usr/lib64/libc-2.17.so
7f4368306000-7f436830a000 r--p 001c3000 fd:00 33644670                   /usr/lib64/libc-2.17.so
7f436830a000-7f436830c000 rw-p 001c7000 fd:00 33644670                   /usr/lib64/libc-2.17.so
7f436830c000-7f4368311000 rw-p 00000000 00:00 0 
7f4368311000-7f4368313000 r-xp 00000000 fd:00 35108643                   /usr/lib64/libdl-2.17.so
7f4368313000-7f4368513000 ---p 00002000 fd:00 35108643                   /usr/lib64/libdl-2.17.so
7f4368513000-7f4368514000 r--p 00002000 fd:00 35108643                   /usr/lib64/libdl-2.17.so
7f4368514000-7f4368515000 rw-p 00003000 fd:00 35108643                   /usr/lib64/libdl-2.17.so
7f4368515000-7f436852c000 r-xp 00000000 fd:00 36652250                   /jdk1.8.0_191/lib/amd64/jli/libjli.so
7f436852c000-7f436872b000 ---p 00017000 fd:00 36652250                   /jdk1.8.0_191/lib/amd64/jli/libjli.so
7f436872b000-7f436872c000 r--p 00016000 fd:00 36652250                   /jdk1.8.0_191/lib/amd64/jli/libjli.so
7f436872c000-7f436872d000 rw-p 00017000 fd:00 36652250                   /jdk1.8.0_191/lib/amd64/jli/libjli.so
7f436872d000-7f4368744000 r-xp 00000000 fd:00 33644696                   /usr/lib64/libpthread-2.17.so
7f4368744000-7f4368943000 ---p 00017000 fd:00 33644696                   /usr/lib64/libpthread-2.17.so
7f4368943000-7f4368944000 r--p 00016000 fd:00 33644696                   /usr/lib64/libpthread-2.17.so
7f4368944000-7f4368945000 rw-p 00017000 fd:00 33644696                   /usr/lib64/libpthread-2.17.so
7f4368945000-7f4368949000 rw-p 00000000 00:00 0 
7f4368949000-7f436896b000 r-xp 00000000 fd:00 33644662                   /usr/lib64/ld-2.17.so
7f436896b000-7f4368970000 r--s 00084000 fd:00 3532075                    /jdk1.8.0_191/jre/lib/jfr.jar
7f4368970000-7f4368975000 r--s 002f9000 fd:00 3532120                    /jdk1.8.0_191/jre/lib/charsets.jar
7f4368975000-7f436897a000 r--s 000a0000 fd:00 3556556                    /jdk1.8.0_191/jre/lib/jsse.jar
7f436897a000-7f4368a4c000 rw-p 00000000 00:00 0 
7f4368a4c000-7f4368a50000 ---p 00000000 00:00 0 
7f4368a50000-7f4368b51000 rw-p 00000000 00:00 0 
7f4368b51000-7f4368b52000 r--s 00000000 fd:00 34745984                   /usr/lib/fontconfig/cache/68f9b6f8-1540-4fe5-a61f-56a4947dc1e1-le64.cache-7
7f4368b52000-7f4368b55000 r--s 0001a000 fd:00 3556598                    /jdk1.8.0_191/jre/lib/jce.jar
7f4368b55000-7f4368b5f000 r--s 000c0000 fd:00 889162                     /jdk1.8.0_191/jre/lib/ext/postgresql-42.2.5.jar
7f4368b5f000-7f4368b67000 rw-s 00000000 fd:00 101679074                  /tmp/hsperfdata_root/4109
7f4368b67000-7f4368b68000 rw-p 00000000 00:00 0 
7f4368b68000-7f4368b69000 r--p 00000000 00:00 0 
7f4368b69000-7f4368b6a000 rw-p 00000000 00:00 0 
7f4368b6a000-7f4368b6b000 r--p 00021000 fd:00 33644662                   /usr/lib64/ld-2.17.so
7f4368b6b000-7f4368b6c000 rw-p 00022000 fd:00 33644662                   /usr/lib64/ld-2.17.so
7f4368b6c000-7f4368b6d000 rw-p 00000000 00:00 0 
7ffc4ea3a000-7ffc4ea5b000 rw-p 00000000 00:00 0                          [stack]
7ffc4eb8a000-7ffc4eb8c000 r-xp 00000000 00:00 0                          [vdso]
ffffffffff600000-ffffffffff601000 r-xp 00000000 00:00 0                  [vsyscall]

VM Arguments:
jvm_args: -Dfile.encoding=UTF-8 
java_command: electricity.billing.system.meterInfo
java_class_path (initial): /jdk1.8.0_191/jre/lib/resources.jar:/jdk1.8.0_191/jre/lib/rt.jar:/jdk1.8.0_191/jre/lib/jsse.jar:/jdk1.8.0_191/jre/lib/jce.jar:/jdk1.8.0_191/jre/lib/charsets.jar:/jdk1.8.0_191/jre/lib/jfr.jar:/jdk1.8.0_191/jre/lib/ext/sunec.jar:/jdk1.8.0_191/jre/lib/ext/dnsns.jar:/jdk1.8.0_191/jre/lib/ext/cldrdata.jar:/jdk1.8.0_191/jre/lib/ext/jfxrt.jar:/jdk1.8.0_191/jre/lib/ext/jaccess.jar:/jdk1.8.0_191/jre/lib/ext/nashorn.jar:/jdk1.8.0_191/jre/lib/ext/zipfs.jar:/jdk1.8.0_191/jre/lib/ext/sunpkcs11.jar:/jdk1.8.0_191/jre/lib/ext/localedata.jar:/jdk1.8.0_191/jre/lib/ext/sunjce_provider.jar:/jdk1.8.0_191/jre/lib/ext/postgresql-42.2.5.jar:/root/apurva/Electricity Billing System/bin:/root/Downloads/ResultSet2xml.jar
Launcher Type: SUN_STANDARD

Environment Variables:
JAVA_HOME=/jdk1.8.0_191
CLASSPATH=:/apache-tomcat-8.5.38/common/lib/servlet-api.jar
PATH=/jdk1.8.0_191/bin:/usr/local/bin:/usr/local/sbin:/usr/bin:/usr/sbin:/bin:/sbin:/root/bin
USERNAME=root
SHELL=/bin/bash
DISPLAY=:0

Signal Handlers:
SIGSEGV: [libjvm.so+0xaced60], sa_mask[0]=11111111011111111101111111111110, sa_flags=SA_RESTART|SA_SIGINFO
SIGBUS: [libjvm.so+0xaced60], sa_mask[0]=11111111011111111101111111111110, sa_flags=SA_RESTART|SA_SIGINFO
SIGFPE: [libjvm.so+0x907ca0], sa_mask[0]=11111111011111111101111111111110, sa_flags=SA_RESTART|SA_SIGINFO
SIGPIPE: [libjvm.so+0x907ca0], sa_mask[0]=11111111011111111101111111111110, sa_flags=SA_RESTART|SA_SIGINFO
SIGXFSZ: [libjvm.so+0x907ca0], sa_mask[0]=11111111011111111101111111111110, sa_flags=SA_RESTART|SA_SIGINFO
SIGILL: [libjvm.so+0x907ca0], sa_mask[0]=11111111011111111101111111111110, sa_flags=SA_RESTART|SA_SIGINFO
SIGUSR1: SIG_DFL, sa_mask[0]=00000000000000000000000000000000, sa_flags=none
SIGUSR2: [libjvm.so+0x907b70], sa_mask[0]=00100000000000000000000000000000, sa_flags=SA_RESTART|SA_SIGINFO
SIGHUP: [libjvm.so+0x908190], sa_mask[0]=11111111011111111101111111111110, sa_flags=SA_RESTART|SA_SIGINFO
SIGINT: [libjvm.so+0x908190], sa_mask[0]=11111111011111111101111111111110, sa_flags=SA_RESTART|SA_SIGINFO
SIGTERM: [libjvm.so+0x908190], sa_mask[0]=11111111011111111101111111111110, sa_flags=SA_RESTART|SA_SIGINFO
SIGQUIT: [libjvm.so+0x908190], sa_mask[0]=11111111011111111101111111111110, sa_flags=SA_RESTART|SA_SIGINFO


---------------  S Y S T E M  ---------------

OS:CentOS Linux release 7.8.2003 (Core)

uname:Linux 3.10.0-1127.13.1.el7.x86_64 #1 SMP Tue Jun 23 15:46:38 UTC 2020 x86_64
libc:glibc 2.17 NPTL 2.17 
rlimit: STACK 8192k, CORE 0k, NPROC 17043, NOFILE 4096, AS infinity
load average:16.73 4.23 1.58

/proc/meminfo:
MemTotal:        4396524 kB
MemFree:         3003916 kB
MemAvailable:    3159044 kB
Buffers:               0 kB
Cached:           349560 kB
SwapCached:        27348 kB
Active:           618820 kB
Inactive:         480152 kB
Active(anon):     528892 kB
Inactive(anon):   230452 kB
Active(file):      89928 kB
Inactive(file):   249700 kB
Unevictable:           0 kB
Mlocked:               0 kB
SwapTotal:       2359292 kB
SwapFree:        2209712 kB
Dirty:               608 kB
Writeback:             0 kB
AnonPages:        739332 kB
Mapped:            28876 kB
Shmem:              9824 kB
Slab:              93240 kB
SReclaimable:      41188 kB
SUnreclaim:        52052 kB
KernelStack:        5776 kB
PageTables:        22580 kB
NFS_Unstable:          0 kB
Bounce:                0 kB
WritebackTmp:          0 kB
CommitLimit:     4557552 kB
Committed_AS:    2701128 kB
VmallocTotal:   34359738367 kB
VmallocUsed:       39480 kB
VmallocChunk:   34359674920 kB
Percpu:              200 kB
HardwareCorrupted:     0 kB
AnonHugePages:    399360 kB
CmaTotal:              0 kB
CmaFree:               0 kB
HugePages_Total:       0
HugePages_Free:        0
HugePages_Rsvd:        0
HugePages_Surp:        0
Hugepagesize:       2048 kB
DirectMap4k:       88000 kB
DirectMap2M:     4630528 kB

container (cgroup) information:
container_type: cgroupv1
cpu_cpuset_cpus: 0
cpu_memory_nodes: 0
active_processor_count: 1
cpu_quota: -1
cpu_period: 100000
cpu_shares: -1
memory_limit_in_bytes: -1
memory_and_swap_limit_in_bytes: -1
memory_soft_limit_in_bytes: -1
memory_usage_in_bytes: 1124573184
memory_max_usage_in_bytes: 0


CPU:total 1 (initial active 1) (1 cores per cpu, 1 threads per core) family 6 model 126 stepping 5, cmov, cx8, fxsr, mmx, sse, sse2, sse3, ssse3, sse4.1, sse4.2, popcnt, avx, avx2, aes, clmul, 3dnowpref, lzcnt, tsc, tscinvbit, bmi1, bmi2

/proc/cpuinfo:
processor	: 0
vendor_id	: GenuineIntel
cpu family	: 6
model		: 126
model name	: Intel(R) Core(TM) i5-1035G1 CPU @ 1.00GHz
stepping	: 5
cpu MHz		: 1190.400
cache size	: 6144 KB
physical id	: 0
siblings	: 1
core id		: 0
cpu cores	: 1
apicid		: 0
initial apicid	: 0
fpu		: yes
fpu_exception	: yes
cpuid level	: 22
wp		: yes
flags		: fpu vme de pse tsc msr pae mce cx8 apic sep mtrr pge mca cmov pat pse36 clflush mmx fxsr sse sse2 ht syscall nx rdtscp lm constant_tsc rep_good nopl xtopology nonstop_tsc eagerfpu pni pclmulqdq monitor ssse3 cx16 pcid sse4_1 sse4_2 x2apic movbe popcnt aes xsave avx rdrand hypervisor lahf_lm abm 3dnowprefetch invpcid_single fsgsbase bmi1 avx2 bmi2 invpcid rdseed clflushopt md_clear flush_l1d arch_capabilities
bogomips	: 2380.80
clflush size	: 64
cache_alignment	: 64
address sizes	: 39 bits physical, 48 bits virtual
power management:



Memory: 4k page, physical 4396524k(3003792k free), swap 2359292k(2209712k free)

vm_info: Java HotSpot(TM) 64-Bit Server VM (25.191-b12) for linux-amd64 JRE (1.8.0_191-b12), built on Oct  6 2018 05:43:09 by "java_re" with gcc 7.3.0

time: Sat Mar 25 23:26:58 2023
elapsed time: 15671 seconds (0d 4h 21m 11s)

