#
# A fatal error has been detected by the Java Runtime Environment:
#
#  SIGSEGV (0xb) at pc=0x00007f4091069cb4, pid=6711, tid=0x00007f407c151700
#
# JRE version: Java(TM) SE Runtime Environment (8.0_191-b12) (build 1.8.0_191-b12)
# Java VM: Java HotSpot(TM) 64-Bit Server VM (25.191-b12 mixed mode linux-amd64 compressed oops)
# Problematic frame:
# v  ~BufferBlob::jni_fast_GetLongField
#
# Failed to write core dump. Core dumps have been disabled. To enable core dumping, try "ulimit -c unlimited" before starting Java again
#
# If you would like to submit a bug report, please visit:
#   http://bugreport.java.com/bugreport/crash.jsp
# The crash happened outside the Java Virtual Machine in native code.
# See problematic frame for where to report the bug.
#

---------------  T H R E A D  ---------------

Current thread (0x00007f40a01d9800):  JavaThread "AWT-XAWT" daemon [_thread_in_native, id=6727, stack(0x00007f407c051000,0x00007f407c152000)]

siginfo: si_signo: 11 (SIGSEGV), si_code: 1 (SEGV_MAPERR), si_addr: 0x0000000000000000

Registers:
RAX=0x00007f40a6be33c0, RBX=0x00007f40a01d99f8, RCX=0x0000000000000001, RDX=0x0000000000000042
RSP=0x00007f407c150838, RBP=0x00007f407c150860, RSI=0x0000000000000000, RDI=0x00007f40a01d99f8
R8 =0x00000000be3ce6a0, R9 =0x0000000000000000, R10=0x00000000000000b6, R11=0x00007f407d5916b0
R12=0x00007f4078102db0, R13=0x0000000000000000, R14=0x00007f407dabcb00, R15=0x00007f40a01d9800
RIP=0x00007f4091069cb4, EFLAGS=0x0000000000010246, CSGSFS=0x0000000000000033, ERR=0x0000000000000004
  TRAPNO=0x000000000000000e

Top of Stack: (sp=0x00007f407c150838)
0x00007f407c150838:   00007f407d89ab84 00007f4090c1bfb8
0x00007f407c150848:   00007f4078102db0 00007f407c150910
0x00007f407c150858:   00007f407c1508e0 0000000000000000
0x00007f407c150868:   00007f407d591708 00007f4090c1bfb8
0x00007f407c150878:   00007f407c1508a0 0000000000000000
0x00007f407c150888:   00007f407d588ee3 00007f407c150910
0x00007f407c150898:   00007f407d892fef 00007f407c1508f0
0x00007f407c1508a8:   00007f40912f92b6 0000000000000000
0x00007f407c1508b8:   00007f40912560f6 00007f407c150910
0x00007f407c1508c8:   00007f4091144cec 00000000bd51fb00
0x00007f407c1508d8:   00000000be2fe8c0 00000000be2a5438
0x00007f407c1508e8:   0000000000000009 00007f407c150970
0x00007f407c1508f8:   00007f4091007a90 00007f407c150970
0x00007f407c150908:   00007f4091007a90 0000000000000000
0x00007f407c150918:   00007f4091007dd0 00007f40741a0c10
0x00007f407c150928:   00000000be2bca48 00007f407c150930
0x00007f407c150938:   00007f4090d103cc 00007f407c1509b8
0x00007f407c150948:   00007f4090d19828 0000000000000000
0x00007f407c150958:   00007f4090d10508 00007f407c150910
0x00007f407c150968:   00007f407c1509b0 00007f407c150a00
0x00007f407c150978:   00007f40910082bd 0000000000000000
0x00007f407c150988:   00000000bd48f260 0000000000000000
0x00007f407c150998:   0000000000000000 0000000000000000
0x00007f407c1509a8:   00000000be2bca48 0000000000000000
0x00007f407c1509b8:   00000000be2bc470 00007f407c1509c0
0x00007f407c1509c8:   00007f4090d1020d 00007f407c150a10
0x00007f407c1509d8:   00007f4090d19828 0000000000000000
0x00007f407c1509e8:   00007f4090d10218 00007f407c1509b0
0x00007f407c1509f8:   00007f407c150a10 00007f407c150a58
0x00007f407c150a08:   00007f4091008302 00000000be2bc470
0x00007f407c150a18:   00007f407c150a18 00007f409082e6cb
0x00007f407c150a28:   00007f407c150a68 00007f40908b63e8 

Instructions: (pc=0x00007f4091069cb4)
0x00007f4091069c94:   00 00 00 00 00 00 00 00 00 00 00 00 44 8b 15 55
0x00007f4091069ca4:   92 bb 15 4c 8b ce 41 f6 c2 01 0f 85 1c 00 00 00
0x00007f4091069cb4:   4d 8b 09 4c 8b da 49 c1 eb 02 4b 8b 04 19 44 3b
0x00007f4091069cc4:   15 33 92 bb 15 0f 85 01 00 00 00 c3 e9 eb 0c 2b 

Register to memory mapping:

RAX=0x00007f40a6be33c0: <offset 0xf883c0> in /jdk1.8.0_191/jre/lib/amd64/server/libjvm.so at 0x00007f40a5c5b000
RBX=0x00007f40a01d99f8 is an unknown value
RCX=0x0000000000000001 is an unknown value
RDX=0x0000000000000042 is an unknown value
RSP=0x00007f407c150838 is pointing into the stack for thread: 0x00007f40a01d9800
RBP=0x00007f407c150860 is pointing into the stack for thread: 0x00007f40a01d9800
RSI=0x0000000000000000 is an unknown value
RDI=0x00007f40a01d99f8 is an unknown value
R8 =0x00000000be3ce6a0 is an oop
java.util.logging.Logger 
 - klass: 'java/util/logging/Logger'
R9 =0x0000000000000000 is an unknown value
R10=0x00000000000000b6 is an unknown value
R11=0x00007f407d5916b0: _XimServerDestroy+0 in /lib64/libX11.so.6 at 0x00007f407d528000
R12=0x00007f4078102db0 is an unknown value
R13=0x0000000000000000 is an unknown value
R14=0x00007f407dabcb00: <offset 0x256b00> in /jdk1.8.0_191/jre/lib/amd64/libawt_xawt.so at 0x00007f407d866000
R15=0x00007f40a01d9800 is a thread


Stack: [0x00007f407c051000,0x00007f407c152000],  sp=0x00007f407c150838,  free space=1022k
Native frames: (J=compiled Java code, j=interpreted, Vv=VM code, C=native code)
v  ~BufferBlob::jni_fast_GetLongField
C  [libX11.so.6+0x69708]  _XimServerDestroy+0x58

Java frames: (J=compiled Java code, j=interpreted, Vv=VM code)
J 891  sun.awt.X11.XlibWrapper.XFilterEvent(JJ)Z (0 bytes) @ 0x00007f40912f9244 [0x00007f40912f9200+0x44]
j  sun.awt.X11.XToolkit.run(Z)V+300
j  sun.awt.X11.XToolkit.run()V+5
j  java.lang.Thread.run()V+11
v  ~StubRoutines::call_stub

---------------  P R O C E S S  ---------------

Java Threads: ( => current thread )
  0x00007f407811f000 JavaThread "TimerQueue" daemon [_thread_blocked, id=6731, stack(0x00007f406efc1000,0x00007f406f0c2000)]
  0x00007f40a0009800 JavaThread "DestroyJavaVM" [_thread_blocked, id=6712, stack(0x00007f40a7749000,0x00007f40a7849000)]
  0x00007f40a0209000 JavaThread "AWT-EventQueue-0" [_thread_blocked, id=6729, stack(0x00007f406fdfe000,0x00007f406feff000)]
  0x00007f40a0207000 JavaThread "AWT-Shutdown" [_thread_blocked, id=6728, stack(0x00007f406feff000,0x00007f4070000000)]
=>0x00007f40a01d9800 JavaThread "AWT-XAWT" daemon [_thread_in_native, id=6727, stack(0x00007f407c051000,0x00007f407c152000)]
  0x00007f40a01b2000 JavaThread "Java2D Disposer" daemon [_thread_blocked, id=6726, stack(0x00007f407c563000,0x00007f407c664000)]
  0x00007f40a00b4800 JavaThread "Service Thread" daemon [_thread_blocked, id=6724, stack(0x00007f40905fe000,0x00007f40906ff000)]
  0x00007f40a00b1800 JavaThread "C1 CompilerThread1" daemon [_thread_blocked, id=6723, stack(0x00007f4090700000,0x00007f4090800000)]
  0x00007f40a00af000 JavaThread "C2 CompilerThread0" daemon [_thread_blocked, id=6722, stack(0x00007f40a404f000,0x00007f40a414f000)]
  0x00007f40a00ad800 JavaThread "Signal Dispatcher" daemon [_thread_in_vm, id=6721, stack(0x00007f40a414f000,0x00007f40a4250000)]
  0x00007f40a007a800 JavaThread "Finalizer" daemon [_thread_blocked, id=6720, stack(0x00007f40a4250000,0x00007f40a4351000)]
  0x00007f40a0078000 JavaThread "Reference Handler" daemon [_thread_blocked, id=6719, stack(0x00007f40a4351000,0x00007f40a4452000)]

Other Threads:
  0x00007f40a006e000 VMThread [stack: 0x00007f40a4453000,0x00007f40a4553000] [id=6718]
  0x00007f40a00b9800 WatcherThread [stack: 0x00007f40904fe000,0x00007f40905fe000] [id=6725]

VM state:not at safepoint (normal execution)

VM Mutex/Monitor currently owned by a thread:  ([mutex/lock_event])
[0x00007f40a00070a0] Threads_lock - owner thread: 0x00007f40a00ad800

Heap:
 def new generation   total 20864K, used 10019K [0x00000000bce00000, 0x00000000be4a0000, 0x00000000d3400000)
  eden space 18560K,  41% used [0x00000000bce00000, 0x00000000bd588c90, 0x00000000be020000)
  from space 2304K, 100% used [0x00000000be260000, 0x00000000be4a0000, 0x00000000be4a0000)
  to   space 2304K,   0% used [0x00000000be020000, 0x00000000be020000, 0x00000000be260000)
 tenured generation   total 46464K, used 2183K [0x00000000d3400000, 0x00000000d6160000, 0x0000000100000000)
   the space 46464K,   4% used [0x00000000d3400000, 0x00000000d3621d28, 0x00000000d3621e00, 0x00000000d6160000)
 Metaspace       used 15885K, capacity 16154K, committed 16384K, reserved 1062912K
  class space    used 1835K, capacity 1945K, committed 2048K, reserved 1048576K

Card table byte_map: [0x00007f40a490a000,0x00007f40a4b24000] byte_map_base: 0x00007f40a4323000

Polling page: 0x00007f40a7864000

CodeCache: size=245760Kb used=5155Kb max_used=5155Kb free=240604Kb
 bounds [0x00007f4091000000, 0x00007f4091510000, 0x00007f40a0000000]
 total_blobs=2140 nmethods=1553 adapters=499
 compilation: enabled

Compilation events (10 events):
Event: 1327.811 Thread 0x00007f40a00b1800 1606       3       java.util.Vector$Itr::<init> (6 bytes)
Event: 1327.811 Thread 0x00007f40a00b1800 nmethod 1606 0x00007f4091509c10 code [0x00007f4091509d80, 0x00007f4091509fb0]
Event: 1336.059 Thread 0x00007f40a00b1800 1608  s    3       java.util.Vector::toArray (12 bytes)
Event: 1336.059 Thread 0x00007f40a00b1800 nmethod 1608 0x00007f4091509590 code [0x00007f4091509700, 0x00007f4091509ae0]
Event: 1336.060 Thread 0x00007f40a00b1800 1607       3       java.util.Vector::<init> (53 bytes)
Event: 1336.060 Thread 0x00007f40a00b1800 nmethod 1607 0x00007f4091508d90 code [0x00007f4091508f40, 0x00007f40915093d0]
Event: 1427.508 Thread 0x00007f40a00b1800 1609   !   3       sun.awt.X11.XToolkit$1::dispatchEvent (34 bytes)
Event: 1427.508 Thread 0x00007f40a00b1800 nmethod 1609 0x00007f409150b2d0 code [0x00007f409150b520, 0x00007f409150c328]
Event: 1427.508 Thread 0x00007f40a00b1800 1610       3       sun.awt.X11.XMSelection$1::dispatchEvent (10 bytes)
Event: 1427.508 Thread 0x00007f40a00b1800 nmethod 1610 0x00007f4091508490 code [0x00007f4091508640, 0x00007f4091508a90]

GC Heap History (2 events):
Event: 54.477 GC heap before
{Heap before GC invocations=0 (full 0):
 def new generation   total 20864K, used 18560K [0x00000000bce00000, 0x00000000be4a0000, 0x00000000d3400000)
  eden space 18560K, 100% used [0x00000000bce00000, 0x00000000be020000, 0x00000000be020000)
  from space 2304K,   0% used [0x00000000be020000, 0x00000000be020000, 0x00000000be260000)
  to   space 2304K,   0% used [0x00000000be260000, 0x00000000be260000, 0x00000000be4a0000)
 tenured generation   total 46464K, used 0K [0x00000000d3400000, 0x00000000d6160000, 0x0000000100000000)
   the space 46464K,   0% used [0x00000000d3400000, 0x00000000d3400000, 0x00000000d3400200, 0x00000000d6160000)
 Metaspace       used 14407K, capacity 14592K, committed 14848K, reserved 1062912K
  class space    used 1665K, capacity 1748K, committed 1792K, reserved 1048576K
Event: 54.493 GC heap after
Heap after GC invocations=1 (full 0):
 def new generation   total 20864K, used 2304K [0x00000000bce00000, 0x00000000be4a0000, 0x00000000d3400000)
  eden space 18560K,   0% used [0x00000000bce00000, 0x00000000bce00000, 0x00000000be020000)
  from space 2304K, 100% used [0x00000000be260000, 0x00000000be4a0000, 0x00000000be4a0000)
  to   space 2304K,   0% used [0x00000000be020000, 0x00000000be020000, 0x00000000be260000)
 tenured generation   total 46464K, used 2183K [0x00000000d3400000, 0x00000000d6160000, 0x0000000100000000)
   the space 46464K,   4% used [0x00000000d3400000, 0x00000000d3621d28, 0x00000000d3621e00, 0x00000000d6160000)
 Metaspace       used 14407K, capacity 14592K, committed 14848K, reserved 1062912K
  class space    used 1665K, capacity 1748K, committed 1792K, reserved 1048576K
}

Deoptimization events (10 events):
Event: 22.750 Thread 0x00007f40a0209000 Uncommon trap: reason=unstable_if action=reinterpret pc=0x00007f4091284d64 method=java.util.HashMap.getNode(ILjava/lang/Object;)Ljava/util/HashMap$Node; @ 62
Event: 22.750 Thread 0x00007f40a0209000 Uncommon trap: reason=unstable_if action=reinterpret pc=0x00007f409126a108 method=java.util.HashMap.getNode(ILjava/lang/Object;)Ljava/util/HashMap$Node; @ 62
Event: 54.493 Thread 0x00007f40a0209000 Uncommon trap: reason=unstable_if action=reinterpret pc=0x00007f4091408720 method=java.lang.ref.SoftReference.get()Ljava/lang/Object; @ 17
Event: 54.506 Thread 0x00007f40a01d9800 Uncommon trap: reason=unstable_if action=reinterpret pc=0x00007f40912f2488 method=sun.util.logging.PlatformLogger.isLoggable(Lsun/util/logging/PlatformLogger$Level;)Z @ 18
Event: 54.534 Thread 0x00007f40a0209000 Uncommon trap: reason=unstable_if action=reinterpret pc=0x00007f4091432c00 method=java.lang.Class.getInterfaces()[Ljava/lang/Class; @ 20
Event: 54.545 Thread 0x00007f40a0209000 Uncommon trap: reason=class_check action=maybe_recompile pc=0x00007f409126cba0 method=sun.util.logging.PlatformLogger.finest(Ljava/lang/String;)V @ 8
Event: 54.545 Thread 0x00007f40a0209000 Uncommon trap: reason=class_check action=maybe_recompile pc=0x00007f409126cba0 method=sun.util.logging.PlatformLogger.finest(Ljava/lang/String;)V @ 8
Event: 54.545 Thread 0x00007f40a0209000 Uncommon trap: reason=class_check action=maybe_recompile pc=0x00007f409126cba0 method=sun.util.logging.PlatformLogger.finest(Ljava/lang/String;)V @ 8
Event: 54.545 Thread 0x00007f40a0209000 Uncommon trap: reason=class_check action=maybe_recompile pc=0x00007f409126cba0 method=sun.util.logging.PlatformLogger.finest(Ljava/lang/String;)V @ 8
Event: 79.761 Thread 0x00007f40a0209000 Uncommon trap: reason=unstable_if action=reinterpret pc=0x00007f4091478f3c method=java.util.logging.Logger.isLoggable(Ljava/util/logging/Level;)Z @ 8

Classes redefined (0 events):
No events

Internal exceptions (10 events):
Event: 0.168 Thread 0x00007f40a0009800 Exception <a 'java/security/PrivilegedActionException'> (0x00000000bce96a68) thrown at [/HUDSON/workspace/8-2-build-linux-amd64/jdk8u191/11894/hotspot/src/share/vm/prims/jvm.cpp, line 1435]
Event: 0.204 Thread 0x00007f40a0009800 Exception <a 'java/lang/NoSuchFieldError': method resolution failed> (0x00000000bcfc3318) thrown at [/HUDSON/workspace/8-2-build-linux-amd64/jdk8u191/11894/hotspot/src/share/vm/prims/methodHandles.cpp, line 1167]
Event: 0.205 Thread 0x00007f40a0009800 Exception <a 'java/lang/NoSuchFieldError': method resolution failed> (0x00000000bcfd0d10) thrown at [/HUDSON/workspace/8-2-build-linux-amd64/jdk8u191/11894/hotspot/src/share/vm/prims/methodHandles.cpp, line 1167]
Event: 0.228 Thread 0x00007f40a0009800 Exception <a 'java/io/FileNotFoundException'> (0x00000000bd04e968) thrown at [/HUDSON/workspace/8-2-build-linux-amd64/jdk8u191/11894/hotspot/src/share/vm/prims/jni.cpp, line 709]
Event: 0.228 Thread 0x00007f40a0009800 Exception <a 'java/io/FileNotFoundException'> (0x00000000bd04f2a8) thrown at [/HUDSON/workspace/8-2-build-linux-amd64/jdk8u191/11894/hotspot/src/share/vm/prims/jni.cpp, line 709]
Event: 1.015 Thread 0x00007f40a0209000 Exception <a 'java/lang/UnsupportedOperationException': > (0x00000000bdb95660) thrown at [/HUDSON/workspace/8-2-build-linux-amd64/jdk8u191/11894/hotspot/src/share/vm/prims/jni.cpp, line 735]
Event: 54.534 Thread 0x00007f40a0209000 Implicit null exception at 0x00007f4091432038 to 0x00007f4091432be9
Event: 54.643 Thread 0x00007f40a0209000 Exception <a 'java/lang/UnsupportedOperationException': > (0x00000000bd09a9d8) thrown at [/HUDSON/workspace/8-2-build-linux-amd64/jdk8u191/11894/hotspot/src/share/vm/prims/jni.cpp, line 735]
Event: 79.560 Thread 0x00007f40a0209000 Exception <a 'java/lang/UnsupportedOperationException': > (0x00000000bd46e500) thrown at [/HUDSON/workspace/8-2-build-linux-amd64/jdk8u191/11894/hotspot/src/share/vm/prims/jni.cpp, line 735]
Event: 79.857 Thread 0x00007f40a0209000 Exception <a 'java/lang/UnsupportedOperationException': > (0x00000000bd4aa310) thrown at [/HUDSON/workspace/8-2-build-linux-amd64/jdk8u191/11894/hotspot/src/share/vm/prims/jni.cpp, line 735]

Events (10 events):
Event: 260.171 Executing VM operation: RevokeBias
Event: 260.171 Executing VM operation: RevokeBias done
Event: 513.594 Executing VM operation: RevokeBias
Event: 513.594 Executing VM operation: RevokeBias done
Event: 513.594 Executing VM operation: RevokeBias
Event: 513.594 Executing VM operation: RevokeBias done
Event: 2253.787 loading class sun/awt/X11/XDestroyWindowEvent
Event: 2253.787 loading class sun/awt/X11/XDestroyWindowEvent done
Event: 2253.979 loading class sun/misc/Signal$1
Event: 2253.979 loading class sun/misc/Signal$1 done


Dynamic libraries:
00400000-00401000 r-xp 00000000 fd:00 102659985                          /jdk1.8.0_191/bin/java
00600000-00601000 r--p 00000000 fd:00 102659985                          /jdk1.8.0_191/bin/java
00601000-00602000 rw-p 00001000 fd:00 102659985                          /jdk1.8.0_191/bin/java
01767000-01788000 rw-p 00000000 00:00 0                                  [heap]
bce00000-be4a0000 rw-p 00000000 00:00 0 
be4a0000-d3400000 ---p 00000000 00:00 0 
d3400000-d6160000 rw-p 00000000 00:00 0 
d6160000-100000000 ---p 00000000 00:00 0 
100000000-100200000 rw-p 00000000 00:00 0 
100200000-140000000 ---p 00000000 00:00 0 
7f4068000000-7f4068021000 rw-p 00000000 00:00 0 
7f4068021000-7f406c000000 ---p 00000000 00:00 0 
7f406edc1000-7f406efc1000 rw-p 00000000 00:00 0 
7f406efc1000-7f406efc4000 ---p 00000000 00:00 0 
7f406efc4000-7f406f0c2000 rw-p 00000000 00:00 0 
7f406f0c2000-7f406f12e000 r-xp 00000000 fd:00 68611362                   /jdk1.8.0_191/jre/lib/amd64/libt2k.so
7f406f12e000-7f406f32e000 ---p 0006c000 fd:00 68611362                   /jdk1.8.0_191/jre/lib/amd64/libt2k.so
7f406f32e000-7f406f334000 r--p 0006c000 fd:00 68611362                   /jdk1.8.0_191/jre/lib/amd64/libt2k.so
7f406f334000-7f406f335000 rw-p 00072000 fd:00 68611362                   /jdk1.8.0_191/jre/lib/amd64/libt2k.so
7f406f335000-7f406f535000 rw-p 00000000 00:00 0 
7f406f5b1000-7f406f5cd000 r--s 00393000 fd:00 3556560                    /jdk1.8.0_191/jre/lib/ext/cldrdata.jar
7f406f605000-7f406f616000 r-xp 00000000 fd:00 68628421                   /jdk1.8.0_191/jre/lib/amd64/libnio.so
7f406f616000-7f406f815000 ---p 00011000 fd:00 68628421                   /jdk1.8.0_191/jre/lib/amd64/libnio.so
7f406f815000-7f406f816000 r--p 00010000 fd:00 68628421                   /jdk1.8.0_191/jre/lib/amd64/libnio.so
7f406f816000-7f406f817000 rw-p 00011000 fd:00 68628421                   /jdk1.8.0_191/jre/lib/amd64/libnio.so
7f406f817000-7f406f82d000 r-xp 00000000 fd:00 68628418                   /jdk1.8.0_191/jre/lib/amd64/libnet.so
7f406f82d000-7f406fa2c000 ---p 00016000 fd:00 68628418                   /jdk1.8.0_191/jre/lib/amd64/libnet.so
7f406fa2c000-7f406fa2d000 r--p 00015000 fd:00 68628418                   /jdk1.8.0_191/jre/lib/amd64/libnet.so
7f406fa2d000-7f406fa2e000 rw-p 00016000 fd:00 68628418                   /jdk1.8.0_191/jre/lib/amd64/libnet.so
7f406fa31000-7f406fa34000 r--s 00027000 fd:00 103922881                  /root/Downloads/ResultSet2xml.jar
7f406fa34000-7f406fa3e000 r--s 00116000 fd:00 3556567                    /jdk1.8.0_191/jre/lib/ext/localedata.jar
7f406fa50000-7f406fa5e000 r--s 00000000 fd:00 67484505                   /usr/share/X11/fonts/Type1/cursor.pfa
7f406fa5e000-7f406fa67000 r--s 00000000 fd:00 67484504                   /usr/share/X11/fonts/Type1/c0649bt_.pfb
7f406fa67000-7f406fa70000 r--s 00000000 fd:00 67484502                   /usr/share/X11/fonts/Type1/c0648bt_.pfb
7f406fa70000-7f406fa79000 r--s 00000000 fd:00 67484500                   /usr/share/X11/fonts/Type1/c0633bt_.pfb
7f406fa79000-7f406fa82000 r--s 00000000 fd:00 67484498                   /usr/share/X11/fonts/Type1/c0632bt_.pfb
7f406fa82000-7f406fa8c000 r--s 00000000 fd:00 67484496                   /usr/share/X11/fonts/Type1/c0611bt_.pfb
7f406fa8c000-7f406fa96000 r--s 00000000 fd:00 67484494                   /usr/share/X11/fonts/Type1/c0583bt_.pfb
7f406fa96000-7f406faa0000 r--s 00000000 fd:00 67484492                   /usr/share/X11/fonts/Type1/c0582bt_.pfb
7f406faa0000-7f406faaa000 r--s 00000000 fd:00 67484490                   /usr/share/X11/fonts/Type1/c0419bt_.pfb
7f406faaa000-7f406fabc000 r--s 00000000 fd:00 67484488                   /usr/share/X11/fonts/Type1/UTRG____.pfa
7f406fabc000-7f406facf000 r--s 00000000 fd:00 67484486                   /usr/share/X11/fonts/Type1/UTI_____.pfa
7f406facf000-7f406fae1000 r--s 00000000 fd:00 67484484                   /usr/share/X11/fonts/Type1/UTB_____.pfa
7f406fae1000-7f406faf4000 r--s 00000000 fd:00 67484482                   /usr/share/X11/fonts/Type1/UTBI____.pfa
7f406faf4000-7f406faf6000 r--s 00000000 fd:00 34006571                   /usr/lib/fontconfig/cache/ab158498-11c2-474d-b3ed-c8ffc5d72d91-le64.cache-7
7f406faf6000-7f406faf9000 r--s 00000000 fd:00 34006568                   /usr/lib/fontconfig/cache/8dfae9f4-6fac-417a-8664-6e1213f8e5d9-le64.cache-7
7f406faf9000-7f406fafb000 r--s 00000000 fd:00 34006566                   /usr/lib/fontconfig/cache/158ec229-398c-4ec9-b874-7907df0ed7c4-le64.cache-7
7f406fafb000-7f406fafd000 r--s 00000000 fd:00 34006564                   /usr/lib/fontconfig/cache/8a0bfbc7-d573-4efa-8ac1-e5d867c4edef-le64.cache-7
7f406fafd000-7f406fcfd000 rw-p 00000000 00:00 0 
7f406fcfd000-7f406fd00000 ---p 00000000 00:00 0 
7f406fd00000-7f406fdfe000 rw-p 00000000 00:00 0 
7f406fdfe000-7f406fe01000 ---p 00000000 00:00 0 
7f406fe01000-7f406feff000 rw-p 00000000 00:00 0 
7f406feff000-7f406ff02000 ---p 00000000 00:00 0 
7f406ff02000-7f4070000000 rw-p 00000000 00:00 0 
7f4070000000-7f4070619000 rw-p 00000000 00:00 0 
7f4070619000-7f4074000000 ---p 00000000 00:00 0 
7f4074000000-7f40747f7000 rw-p 00000000 00:00 0 
7f40747f7000-7f4078000000 ---p 00000000 00:00 0 
7f4078000000-7f40781e3000 rw-p 00000000 00:00 0 
7f40781e3000-7f407c000000 ---p 00000000 00:00 0 
7f407c000000-7f407c018000 r--s 00000000 fd:00 41693932                   /usr/lib/fontconfig/cache/7492abdf-6856-4ae8-a6af-8189edd8b16e-le64.cache-7
7f407c018000-7f407c023000 r--s 00000000 fd:00 34006562                   /usr/lib/fontconfig/cache/43475d3b-9987-4064-a976-9838a12b04e1-le64.cache-7
7f407c023000-7f407c025000 r--s 00000000 fd:00 34006561                   /usr/lib/fontconfig/cache/c965e70d-570b-478d-8660-d95b9457e76c-le64.cache-7
7f407c025000-7f407c028000 r--s 00000000 fd:00 34006559                   /usr/lib/fontconfig/cache/ce2e5557-7641-4d51-a0bc-a5339e0d8f13-le64.cache-7
7f407c028000-7f407c029000 r--s 00000000 fd:00 34006558                   /usr/lib/fontconfig/cache/da47ede2-b46c-4449-9f1d-bce1e030ade2-le64.cache-7
7f407c029000-7f407c02a000 r--s 00000000 fd:00 34006557                   /usr/lib/fontconfig/cache/b16861f1-c32b-4685-81a3-6f709027d5b5-le64.cache-7
7f407c02a000-7f407c02b000 r--s 00000000 fd:00 34006556                   /usr/lib/fontconfig/cache/9d97921b-5e36-4fa6-9e09-b811c15f996e-le64.cache-7
7f407c02b000-7f407c02c000 r--s 00000000 fd:00 34006555                   /usr/lib/fontconfig/cache/271ef989-55bd-4ebf-a891-7a9d117e965c-le64.cache-7
7f407c02c000-7f407c02f000 r--s 00000000 fd:00 34006553                   /usr/lib/fontconfig/cache/d06e2a81-e415-4971-8a58-c8041e223d69-le64.cache-7
7f407c02f000-7f407c030000 r--s 00000000 fd:00 34006552                   /usr/lib/fontconfig/cache/e2eab557-f3aa-4c1b-b500-64ed1a5a0c64-le64.cache-7
7f407c030000-7f407c034000 r--s 00000000 fd:00 34006551                   /usr/lib/fontconfig/cache/77b5af50-3813-44e8-a49b-128083e21c13-le64.cache-7
7f407c034000-7f407c035000 r--s 00000000 fd:00 41692416                   /usr/lib/fontconfig/cache/92459b18-a480-4c31-80fc-74a8988f96dc-le64.cache-7
7f407c035000-7f407c039000 r--s 00000000 fd:00 34006549                   /usr/lib/fontconfig/cache/8c85221b-4d93-4924-a6d8-8f77da10e7f8-le64.cache-7
7f407c039000-7f407c03c000 r--s 00000000 fd:00 34006548                   /usr/lib/fontconfig/cache/5378b022-cf1e-406b-8b07-5e075dd78a7c-le64.cache-7
7f407c03c000-7f407c03d000 r--s 00000000 fd:00 34006547                   /usr/lib/fontconfig/cache/f15c9128-de32-436f-944a-73ae18e58c79-le64.cache-7
7f407c03d000-7f407c03e000 r--s 00000000 fd:00 34006546                   /usr/lib/fontconfig/cache/81259c55-d229-435f-8ac9-4995cca1005c-le64.cache-7
7f407c03e000-7f407c03f000 r--s 00000000 fd:00 34006545                   /usr/lib/fontconfig/cache/72ba67be-ef62-43ba-a5d7-39d457e716f4-le64.cache-7
7f407c03f000-7f407c040000 r--s 00000000 fd:00 34006543                   /usr/lib/fontconfig/cache/be007748-1d00-4015-81a2-3672563ef800-le64.cache-7
7f407c040000-7f407c041000 r--s 00000000 fd:00 34006542                   /usr/lib/fontconfig/cache/3bfcd86f-f561-4fbe-a1ed-3540a9a46c46-le64.cache-7
7f407c041000-7f407c042000 r--s 00000000 fd:00 34006540                   /usr/lib/fontconfig/cache/2a3a952e-8d15-4301-b1ce-4f21f7e9fe78-le64.cache-7
7f407c042000-7f407c043000 r--s 00000000 fd:00 34006539                   /usr/lib/fontconfig/cache/96010491-a296-469e-8d74-f435d7d8981b-le64.cache-7
7f407c043000-7f407c044000 r--s 00000000 fd:00 34006537                   /usr/lib/fontconfig/cache/6e33928b-1559-4a7e-bafb-ed3ad4371dd4-le64.cache-7
7f407c044000-7f407c045000 r--s 00000000 fd:00 34006536                   /usr/lib/fontconfig/cache/cc7acb12-7f7f-4dc8-a08b-6d3ef3cd34a0-le64.cache-7
7f407c045000-7f407c046000 r--s 00000000 fd:00 34006535                   /usr/lib/fontconfig/cache/9f192625-d65d-41c8-9950-f944eb3e2ab7-le64.cache-7
7f407c046000-7f407c047000 r--s 00000000 fd:00 34006534                   /usr/lib/fontconfig/cache/955d773e-b9db-4e14-9aa3-4f153c94e935-le64.cache-7
7f407c047000-7f407c048000 r--s 00000000 fd:00 34006533                   /usr/lib/fontconfig/cache/c38058e6-ef79-42fd-9832-a51ed3b490a5-le64.cache-7
7f407c048000-7f407c049000 r--s 00000000 fd:00 34006583                   /usr/lib/fontconfig/cache/9db4e249-665a-41bf-bcc7-61da2adf39c8-le64.cache-7
7f407c049000-7f407c04a000 r--s 00000000 fd:00 34006532                   /usr/lib/fontconfig/cache/beb7d81a-47d2-4601-aaf9-6ad89cc0d7a2-le64.cache-7
7f407c04a000-7f407c051000 r--s 00000000 fd:00 34091492                   /usr/lib/fontconfig/cache/52729f95-cce0-46ab-a740-4cebac938cd4-le64.cache-7
7f407c051000-7f407c054000 ---p 00000000 00:00 0 
7f407c054000-7f407c152000 rw-p 00000000 00:00 0 
7f407c152000-7f407c157000 r-xp 00000000 fd:00 35263117                   /usr/lib64/libXfixes.so.3.1.0
7f407c157000-7f407c356000 ---p 00005000 fd:00 35263117                   /usr/lib64/libXfixes.so.3.1.0
7f407c356000-7f407c357000 r--p 00004000 fd:00 35263117                   /usr/lib64/libXfixes.so.3.1.0
7f407c357000-7f407c358000 rw-p 00005000 fd:00 35263117                   /usr/lib64/libXfixes.so.3.1.0
7f407c358000-7f407c361000 r-xp 00000000 fd:00 35263210                   /usr/lib64/libXcursor.so.1.0.2
7f407c361000-7f407c561000 ---p 00009000 fd:00 35263210                   /usr/lib64/libXcursor.so.1.0.2
7f407c561000-7f407c562000 r--p 00009000 fd:00 35263210                   /usr/lib64/libXcursor.so.1.0.2
7f407c562000-7f407c563000 rw-p 0000a000 fd:00 35263210                   /usr/lib64/libXcursor.so.1.0.2
7f407c563000-7f407c566000 ---p 00000000 00:00 0 
7f407c566000-7f407c664000 rw-p 00000000 00:00 0 
7f407c664000-7f407c679000 r-xp 00000000 fd:00 40121674                   /usr/lib64/libgcc_s-4.8.5-20150702.so.1
7f407c679000-7f407c878000 ---p 00015000 fd:00 40121674                   /usr/lib64/libgcc_s-4.8.5-20150702.so.1
7f407c878000-7f407c879000 r--p 00014000 fd:00 40121674                   /usr/lib64/libgcc_s-4.8.5-20150702.so.1
7f407c879000-7f407c87a000 rw-p 00015000 fd:00 40121674                   /usr/lib64/libgcc_s-4.8.5-20150702.so.1
7f407c87a000-7f407c8d7000 r-xp 00000000 fd:00 68611374                   /jdk1.8.0_191/jre/lib/amd64/libfontmanager.so
7f407c8d7000-7f407cad7000 ---p 0005d000 fd:00 68611374                   /jdk1.8.0_191/jre/lib/amd64/libfontmanager.so
7f407cad7000-7f407cada000 r--p 0005d000 fd:00 68611374                   /jdk1.8.0_191/jre/lib/amd64/libfontmanager.so
7f407cada000-7f407cadb000 rw-p 00060000 fd:00 68611374                   /jdk1.8.0_191/jre/lib/amd64/libfontmanager.so
7f407cadb000-7f407cadd000 r-xp 00000000 fd:00 33780200                   /usr/lib64/libXau.so.6.0.0
7f407cadd000-7f407ccdd000 ---p 00002000 fd:00 33780200                   /usr/lib64/libXau.so.6.0.0
7f407ccdd000-7f407ccde000 r--p 00002000 fd:00 33780200                   /usr/lib64/libXau.so.6.0.0
7f407ccde000-7f407ccdf000 rw-p 00003000 fd:00 33780200                   /usr/lib64/libXau.so.6.0.0
7f407ccdf000-7f407cd06000 r-xp 00000000 fd:00 33809088                   /usr/lib64/libxcb.so.1.1.0
7f407cd06000-7f407cf05000 ---p 00027000 fd:00 33809088                   /usr/lib64/libxcb.so.1.1.0
7f407cf05000-7f407cf06000 r--p 00026000 fd:00 33809088                   /usr/lib64/libxcb.so.1.1.0
7f407cf06000-7f407cf07000 rw-p 00027000 fd:00 33809088                   /usr/lib64/libxcb.so.1.1.0
7f407cf07000-7f407cf16000 r-xp 00000000 fd:00 35263123                   /usr/lib64/libXi.so.6.1.0
7f407cf16000-7f407d115000 ---p 0000f000 fd:00 35263123                   /usr/lib64/libXi.so.6.1.0
7f407d115000-7f407d116000 r--p 0000e000 fd:00 35263123                   /usr/lib64/libXi.so.6.1.0
7f407d116000-7f407d117000 rw-p 0000f000 fd:00 35263123                   /usr/lib64/libXi.so.6.1.0
7f407d117000-7f407d11c000 r-xp 00000000 fd:00 35263171                   /usr/lib64/libXtst.so.6.1.0
7f407d11c000-7f407d31b000 ---p 00005000 fd:00 35263171                   /usr/lib64/libXtst.so.6.1.0
7f407d31b000-7f407d31c000 r--p 00004000 fd:00 35263171                   /usr/lib64/libXtst.so.6.1.0
7f407d31c000-7f407d31d000 rw-p 00005000 fd:00 35263171                   /usr/lib64/libXtst.so.6.1.0
7f407d31d000-7f407d326000 r-xp 00000000 fd:00 35263135                   /usr/lib64/libXrender.so.1.3.0
7f407d326000-7f407d526000 ---p 00009000 fd:00 35263135                   /usr/lib64/libXrender.so.1.3.0
7f407d526000-7f407d527000 r--p 00009000 fd:00 35263135                   /usr/lib64/libXrender.so.1.3.0
7f407d527000-7f407d528000 rw-p 0000a000 fd:00 35263135                   /usr/lib64/libXrender.so.1.3.0
7f407d528000-7f407d660000 r-xp 00000000 fd:00 36315762                   /usr/lib64/libX11.so.6.3.0
7f407d660000-7f407d860000 ---p 00138000 fd:00 36315762                   /usr/lib64/libX11.so.6.3.0
7f407d860000-7f407d861000 r--p 00138000 fd:00 36315762                   /usr/lib64/libX11.so.6.3.0
7f407d861000-7f407d866000 rw-p 00139000 fd:00 36315762                   /usr/lib64/libX11.so.6.3.0
7f407d866000-7f407d8b9000 r-xp 00000000 fd:00 68628425                   /jdk1.8.0_191/jre/lib/amd64/libawt_xawt.so
7f407d8b9000-7f407dab8000 ---p 00053000 fd:00 68628425                   /jdk1.8.0_191/jre/lib/amd64/libawt_xawt.so
7f407dab8000-7f407dab9000 r--p 00052000 fd:00 68628425                   /jdk1.8.0_191/jre/lib/amd64/libawt_xawt.so
7f407dab9000-7f407dabc000 rw-p 00053000 fd:00 68628425                   /jdk1.8.0_191/jre/lib/amd64/libawt_xawt.so
7f407dabc000-7f407dabd000 rw-p 00000000 00:00 0 
7f407dabd000-7f4084000000 r--p 00000000 fd:00 101106078                  /usr/lib/locale/locale-archive
7f4084000000-7f408429f000 rw-p 00000000 00:00 0 
7f408429f000-7f4088000000 ---p 00000000 00:00 0 
7f4088000000-7f408803c000 rw-p 00000000 00:00 0 
7f408803c000-7f408c000000 ---p 00000000 00:00 0 
7f408c000000-7f408c033000 rw-p 00000000 00:00 0 
7f408c033000-7f4090000000 ---p 00000000 00:00 0 
7f4090000000-7f4090008000 r--s 00000000 fd:00 34006578                   /usr/lib/fontconfig/cache/565d9d1c-bf03-472e-94e1-2381c17b3369-le64.cache-7
7f4090008000-7f4090013000 r--s 00000000 fd:00 34006572                   /usr/lib/fontconfig/cache/85b03c03-664b-48dd-a3ec-a0cbe040cd06-le64.cache-7
7f4090013000-7f409001b000 r--s 00000000 fd:00 34006575                   /usr/lib/fontconfig/cache/29b25067-ee4b-49fb-a626-1e72f8bceecb-le64.cache-7
7f409001b000-7f409002c000 r-xp 00000000 fd:00 35263116                   /usr/lib64/libXext.so.6.4.0
7f409002c000-7f409022b000 ---p 00011000 fd:00 35263116                   /usr/lib64/libXext.so.6.4.0
7f409022b000-7f409022c000 r--p 00010000 fd:00 35263116                   /usr/lib64/libXext.so.6.4.0
7f409022c000-7f409022d000 rw-p 00011000 fd:00 35263116                   /usr/lib64/libXext.so.6.4.0
7f409022d000-7f40902cc000 r-xp 00000000 fd:00 68611387                   /jdk1.8.0_191/jre/lib/amd64/libawt.so
7f40902cc000-7f40904cc000 ---p 0009f000 fd:00 68611387                   /jdk1.8.0_191/jre/lib/amd64/libawt.so
7f40904cc000-7f40904cd000 r--p 0009f000 fd:00 68611387                   /jdk1.8.0_191/jre/lib/amd64/libawt.so
7f40904cd000-7f40904d8000 rw-p 000a0000 fd:00 68611387                   /jdk1.8.0_191/jre/lib/amd64/libawt.so
7f40904d8000-7f40904fd000 rw-p 00000000 00:00 0 
7f40904fd000-7f40904fe000 ---p 00000000 00:00 0 
7f40904fe000-7f40905fe000 rw-p 00000000 00:00 0 
7f40905fe000-7f4090601000 ---p 00000000 00:00 0 
7f4090601000-7f40906ff000 rw-p 00000000 00:00 0 
7f40906ff000-7f4090703000 ---p 00000000 00:00 0 
7f4090703000-7f4091000000 rw-p 00000000 00:00 0 
7f4091000000-7f4091510000 rwxp 00000000 00:00 0 
7f4091510000-7f40a0000000 ---p 00000000 00:00 0 
7f40a0000000-7f40a0245000 rw-p 00000000 00:00 0 
7f40a0245000-7f40a4000000 ---p 00000000 00:00 0 
7f40a4000000-7f40a4002000 r--s 00000000 fd:00 34006582                   /usr/lib/fontconfig/cache/0baf6553-dcc5-41f8-8be4-56a9dbf7bbd7-le64.cache-7
7f40a4002000-7f40a4003000 r--s 00000000 fd:00 34006581                   /usr/lib/fontconfig/cache/13297fdb-e4cc-43e7-b51d-15f3dc74529e-le64.cache-7
7f40a4003000-7f40a4005000 r--s 00000000 fd:00 34006580                   /usr/lib/fontconfig/cache/ab3c62a8-1894-49f8-9211-540531e356f1-le64.cache-7
7f40a4005000-7f40a4007000 r--s 00000000 fd:00 34006579                   /usr/lib/fontconfig/cache/0e0e9588-af2a-48e7-8050-2a1ff7efa804-le64.cache-7
7f40a4007000-7f40a4009000 r--s 00000000 fd:00 34006574                   /usr/lib/fontconfig/cache/4f0d4131-ff42-4411-9573-559582879965-le64.cache-7
7f40a4009000-7f40a400e000 r--s 00000000 fd:00 34006570                   /usr/lib/fontconfig/cache/390251cc-b2b0-4fff-a231-4d9b690996f7-le64.cache-7
7f40a400e000-7f40a403b000 rw-s 00000000 00:04 163877                     /SYSV00000000 (deleted)
7f40a403b000-7f40a404e000 r--s 00345000 fd:00 3556547                    /jdk1.8.0_191/jre/lib/resources.jar
7f40a404e000-7f40a4052000 ---p 00000000 00:00 0 
7f40a4052000-7f40a414f000 rw-p 00000000 00:00 0 
7f40a414f000-7f40a4152000 ---p 00000000 00:00 0 
7f40a4152000-7f40a4250000 rw-p 00000000 00:00 0 
7f40a4250000-7f40a4253000 ---p 00000000 00:00 0 
7f40a4253000-7f40a4351000 rw-p 00000000 00:00 0 
7f40a4351000-7f40a4354000 ---p 00000000 00:00 0 
7f40a4354000-7f40a4452000 rw-p 00000000 00:00 0 
7f40a4452000-7f40a4453000 ---p 00000000 00:00 0 
7f40a4453000-7f40a4553000 rw-p 00000000 00:00 0 
7f40a4553000-7f40a472d000 r--s 03d6c000 fd:00 3532122                    /jdk1.8.0_191/jre/lib/rt.jar
7f40a472d000-7f40a47ba000 rw-p 00000000 00:00 0 
7f40a47ba000-7f40a490a000 ---p 00000000 00:00 0 
7f40a490a000-7f40a4916000 rw-p 00000000 00:00 0 
7f40a4916000-7f40a49bd000 ---p 00000000 00:00 0 
7f40a49bd000-7f40a49d4000 rw-p 00000000 00:00 0 
7f40a49d4000-7f40a4b23000 ---p 00000000 00:00 0 
7f40a4b23000-7f40a4b39000 rw-p 00000000 00:00 0 
7f40a4b39000-7f40a4ee4000 ---p 00000000 00:00 0 
7f40a4ee4000-7f40a4efe000 r-xp 00000000 fd:00 68611390                   /jdk1.8.0_191/jre/lib/amd64/libzip.so
7f40a4efe000-7f40a50fe000 ---p 0001a000 fd:00 68611390                   /jdk1.8.0_191/jre/lib/amd64/libzip.so
7f40a50fe000-7f40a50ff000 r--p 0001a000 fd:00 68611390                   /jdk1.8.0_191/jre/lib/amd64/libzip.so
7f40a50ff000-7f40a5100000 rw-p 0001b000 fd:00 68611390                   /jdk1.8.0_191/jre/lib/amd64/libzip.so
7f40a5100000-7f40a510c000 r-xp 00000000 fd:00 35108647                   /usr/lib64/libnss_files-2.17.so
7f40a510c000-7f40a530b000 ---p 0000c000 fd:00 35108647                   /usr/lib64/libnss_files-2.17.so
7f40a530b000-7f40a530c000 r--p 0000b000 fd:00 35108647                   /usr/lib64/libnss_files-2.17.so
7f40a530c000-7f40a530d000 rw-p 0000c000 fd:00 35108647                   /usr/lib64/libnss_files-2.17.so
7f40a530d000-7f40a5313000 rw-p 00000000 00:00 0 
7f40a5313000-7f40a5340000 r-xp 00000000 fd:00 68611384                   /jdk1.8.0_191/jre/lib/amd64/libjava.so
7f40a5340000-7f40a553f000 ---p 0002d000 fd:00 68611384                   /jdk1.8.0_191/jre/lib/amd64/libjava.so
7f40a553f000-7f40a5540000 r--p 0002c000 fd:00 68611384                   /jdk1.8.0_191/jre/lib/amd64/libjava.so
7f40a5540000-7f40a5542000 rw-p 0002d000 fd:00 68611384                   /jdk1.8.0_191/jre/lib/amd64/libjava.so
7f40a5542000-7f40a554f000 r-xp 00000000 fd:00 68611389                   /jdk1.8.0_191/jre/lib/amd64/libverify.so
7f40a554f000-7f40a574e000 ---p 0000d000 fd:00 68611389                   /jdk1.8.0_191/jre/lib/amd64/libverify.so
7f40a574e000-7f40a5750000 r--p 0000c000 fd:00 68611389                   /jdk1.8.0_191/jre/lib/amd64/libverify.so
7f40a5750000-7f40a5751000 rw-p 0000e000 fd:00 68611389                   /jdk1.8.0_191/jre/lib/amd64/libverify.so
7f40a5751000-7f40a5758000 r-xp 00000000 fd:00 35108651                   /usr/lib64/librt-2.17.so
7f40a5758000-7f40a5957000 ---p 00007000 fd:00 35108651                   /usr/lib64/librt-2.17.so
7f40a5957000-7f40a5958000 r--p 00006000 fd:00 35108651                   /usr/lib64/librt-2.17.so
7f40a5958000-7f40a5959000 rw-p 00007000 fd:00 35108651                   /usr/lib64/librt-2.17.so
7f40a5959000-7f40a5a5a000 r-xp 00000000 fd:00 35108644                   /usr/lib64/libm-2.17.so
7f40a5a5a000-7f40a5c59000 ---p 00101000 fd:00 35108644                   /usr/lib64/libm-2.17.so
7f40a5c59000-7f40a5c5a000 r--p 00100000 fd:00 35108644                   /usr/lib64/libm-2.17.so
7f40a5c5a000-7f40a5c5b000 rw-p 00101000 fd:00 35108644                   /usr/lib64/libm-2.17.so
7f40a5c5b000-7f40a693d000 r-xp 00000000 fd:00 3556594                    /jdk1.8.0_191/jre/lib/amd64/server/libjvm.so
7f40a693d000-7f40a6b3d000 ---p 00ce2000 fd:00 3556594                    /jdk1.8.0_191/jre/lib/amd64/server/libjvm.so
7f40a6b3d000-7f40a6bd3000 r--p 00ce2000 fd:00 3556594                    /jdk1.8.0_191/jre/lib/amd64/server/libjvm.so
7f40a6bd3000-7f40a6c04000 rw-p 00d78000 fd:00 3556594                    /jdk1.8.0_191/jre/lib/amd64/server/libjvm.so
7f40a6c04000-7f40a6c3f000 rw-p 00000000 00:00 0 
7f40a6c3f000-7f40a6e02000 r-xp 00000000 fd:00 33644670                   /usr/lib64/libc-2.17.so
7f40a6e02000-7f40a7002000 ---p 001c3000 fd:00 33644670                   /usr/lib64/libc-2.17.so
7f40a7002000-7f40a7006000 r--p 001c3000 fd:00 33644670                   /usr/lib64/libc-2.17.so
7f40a7006000-7f40a7008000 rw-p 001c7000 fd:00 33644670                   /usr/lib64/libc-2.17.so
7f40a7008000-7f40a700d000 rw-p 00000000 00:00 0 
7f40a700d000-7f40a700f000 r-xp 00000000 fd:00 35108643                   /usr/lib64/libdl-2.17.so
7f40a700f000-7f40a720f000 ---p 00002000 fd:00 35108643                   /usr/lib64/libdl-2.17.so
7f40a720f000-7f40a7210000 r--p 00002000 fd:00 35108643                   /usr/lib64/libdl-2.17.so
7f40a7210000-7f40a7211000 rw-p 00003000 fd:00 35108643                   /usr/lib64/libdl-2.17.so
7f40a7211000-7f40a7228000 r-xp 00000000 fd:00 36652250                   /jdk1.8.0_191/lib/amd64/jli/libjli.so
7f40a7228000-7f40a7427000 ---p 00017000 fd:00 36652250                   /jdk1.8.0_191/lib/amd64/jli/libjli.so
7f40a7427000-7f40a7428000 r--p 00016000 fd:00 36652250                   /jdk1.8.0_191/lib/amd64/jli/libjli.so
7f40a7428000-7f40a7429000 rw-p 00017000 fd:00 36652250                   /jdk1.8.0_191/lib/amd64/jli/libjli.so
7f40a7429000-7f40a7440000 r-xp 00000000 fd:00 33644696                   /usr/lib64/libpthread-2.17.so
7f40a7440000-7f40a763f000 ---p 00017000 fd:00 33644696                   /usr/lib64/libpthread-2.17.so
7f40a763f000-7f40a7640000 r--p 00016000 fd:00 33644696                   /usr/lib64/libpthread-2.17.so
7f40a7640000-7f40a7641000 rw-p 00017000 fd:00 33644696                   /usr/lib64/libpthread-2.17.so
7f40a7641000-7f40a7645000 rw-p 00000000 00:00 0 
7f40a7645000-7f40a7667000 r-xp 00000000 fd:00 33644662                   /usr/lib64/ld-2.17.so
7f40a7667000-7f40a766c000 r--s 00084000 fd:00 3532075                    /jdk1.8.0_191/jre/lib/jfr.jar
7f40a766c000-7f40a7671000 r--s 002f9000 fd:00 3532120                    /jdk1.8.0_191/jre/lib/charsets.jar
7f40a7671000-7f40a7676000 r--s 000a0000 fd:00 3556556                    /jdk1.8.0_191/jre/lib/jsse.jar
7f40a7676000-7f40a7748000 rw-p 00000000 00:00 0 
7f40a7748000-7f40a774c000 ---p 00000000 00:00 0 
7f40a774c000-7f40a784d000 rw-p 00000000 00:00 0 
7f40a784d000-7f40a784e000 r--s 00000000 fd:00 34745984                   /usr/lib/fontconfig/cache/68f9b6f8-1540-4fe5-a61f-56a4947dc1e1-le64.cache-7
7f40a784e000-7f40a7851000 r--s 0001a000 fd:00 3556598                    /jdk1.8.0_191/jre/lib/jce.jar
7f40a7851000-7f40a785b000 r--s 000c0000 fd:00 889162                     /jdk1.8.0_191/jre/lib/ext/postgresql-42.2.5.jar
7f40a785b000-7f40a7863000 rw-s 00000000 fd:00 103909240                  /tmp/hsperfdata_root/6711
7f40a7863000-7f40a7864000 rw-p 00000000 00:00 0 
7f40a7864000-7f40a7865000 r--p 00000000 00:00 0 
7f40a7865000-7f40a7866000 rw-p 00000000 00:00 0 
7f40a7866000-7f40a7867000 r--p 00021000 fd:00 33644662                   /usr/lib64/ld-2.17.so
7f40a7867000-7f40a7868000 rw-p 00022000 fd:00 33644662                   /usr/lib64/ld-2.17.so
7f40a7868000-7f40a7869000 rw-p 00000000 00:00 0 
7ffee0088000-7ffee00a9000 rw-p 00000000 00:00 0                          [stack]
7ffee0195000-7ffee0197000 r-xp 00000000 00:00 0                          [vdso]
ffffffffff600000-ffffffffff601000 r-xp 00000000 00:00 0                  [vsyscall]

VM Arguments:
jvm_args: -Dfile.encoding=UTF-8 
java_command: electricity.billing.system.newCustomer
java_class_path (initial): /jdk1.8.0_191/jre/lib/resources.jar:/jdk1.8.0_191/jre/lib/rt.jar:/jdk1.8.0_191/jre/lib/jsse.jar:/jdk1.8.0_191/jre/lib/jce.jar:/jdk1.8.0_191/jre/lib/charsets.jar:/jdk1.8.0_191/jre/lib/jfr.jar:/jdk1.8.0_191/jre/lib/ext/sunec.jar:/jdk1.8.0_191/jre/lib/ext/dnsns.jar:/jdk1.8.0_191/jre/lib/ext/cldrdata.jar:/jdk1.8.0_191/jre/lib/ext/jfxrt.jar:/jdk1.8.0_191/jre/lib/ext/jaccess.jar:/jdk1.8.0_191/jre/lib/ext/nashorn.jar:/jdk1.8.0_191/jre/lib/ext/zipfs.jar:/jdk1.8.0_191/jre/lib/ext/sunpkcs11.jar:/jdk1.8.0_191/jre/lib/ext/localedata.jar:/jdk1.8.0_191/jre/lib/ext/sunjce_provider.jar:/jdk1.8.0_191/jre/lib/ext/postgresql-42.2.5.jar:/root/apurva/Electricity Billing System/bin:/root/Downloads/ResultSet2xml.jar
Launcher Type: SUN_STANDARD

Environment Variables:
JAVA_HOME=/jdk1.8.0_191
CLASSPATH=:/apache-tomcat-8.5.38/common/lib/servlet-api.jar
PATH=/jdk1.8.0_191/bin:/usr/local/bin:/usr/local/sbin:/usr/bin:/usr/sbin:/bin:/sbin:/root/bin
USERNAME=root
SHELL=/bin/bash
DISPLAY=:0

Signal Handlers:
SIGSEGV: [libjvm.so+0xaced60], sa_mask[0]=11111111011111111101111111111110, sa_flags=SA_RESTART|SA_SIGINFO
SIGBUS: [libjvm.so+0xaced60], sa_mask[0]=11111111011111111101111111111110, sa_flags=SA_RESTART|SA_SIGINFO
SIGFPE: [libjvm.so+0x907ca0], sa_mask[0]=11111111011111111101111111111110, sa_flags=SA_RESTART|SA_SIGINFO
SIGPIPE: [libjvm.so+0x907ca0], sa_mask[0]=11111111011111111101111111111110, sa_flags=SA_RESTART|SA_SIGINFO
SIGXFSZ: [libjvm.so+0x907ca0], sa_mask[0]=11111111011111111101111111111110, sa_flags=SA_RESTART|SA_SIGINFO
SIGILL: [libjvm.so+0x907ca0], sa_mask[0]=11111111011111111101111111111110, sa_flags=SA_RESTART|SA_SIGINFO
SIGUSR1: SIG_DFL, sa_mask[0]=00000000000000000000000000000000, sa_flags=none
SIGUSR2: [libjvm.so+0x907b70], sa_mask[0]=00100000000000000000000000000000, sa_flags=SA_RESTART|SA_SIGINFO
SIGHUP: [libjvm.so+0x908190], sa_mask[0]=11111111011111111101111111111110, sa_flags=SA_RESTART|SA_SIGINFO
SIGINT: [libjvm.so+0x908190], sa_mask[0]=11111111011111111101111111111110, sa_flags=SA_RESTART|SA_SIGINFO
SIGTERM: [libjvm.so+0x908190], sa_mask[0]=11111111011111111101111111111110, sa_flags=SA_RESTART|SA_SIGINFO
SIGQUIT: [libjvm.so+0x908190], sa_mask[0]=11111111011111111101111111111110, sa_flags=SA_RESTART|SA_SIGINFO


---------------  S Y S T E M  ---------------

OS:CentOS Linux release 7.8.2003 (Core)

uname:Linux 3.10.0-1127.13.1.el7.x86_64 #1 SMP Tue Jun 23 15:46:38 UTC 2020 x86_64
libc:glibc 2.17 NPTL 2.17 
rlimit: STACK 8192k, CORE 0k, NPROC 17043, NOFILE 4096, AS infinity
load average:0.12 0.32 0.34

/proc/meminfo:
MemTotal:        4396508 kB
MemFree:          736816 kB
MemAvailable:     897584 kB
Buffers:               0 kB
Cached:           349564 kB
SwapCached:          248 kB
Active:          2590488 kB
Inactive:         668156 kB
Active(anon):    2423076 kB
Inactive(anon):   519412 kB
Active(file):     167412 kB
Inactive(file):   148744 kB
Unevictable:          32 kB
Mlocked:              32 kB
SwapTotal:       2359292 kB
SwapFree:        2358004 kB
Dirty:               576 kB
Writeback:             0 kB
AnonPages:       2893968 kB
Mapped:           135428 kB
Shmem:             33340 kB
Slab:             163340 kB
SReclaimable:      99576 kB
SUnreclaim:        63764 kB
KernelStack:       14304 kB
PageTables:        36968 kB
NFS_Unstable:          0 kB
Bounce:                0 kB
WritebackTmp:          0 kB
CommitLimit:     4557544 kB
Committed_AS:    5531228 kB
VmallocTotal:   34359738367 kB
VmallocUsed:       38408 kB
VmallocChunk:   34359695352 kB
Percpu:              200 kB
HardwareCorrupted:     0 kB
AnonHugePages:   1214464 kB
CmaTotal:              0 kB
CmaFree:               0 kB
HugePages_Total:       0
HugePages_Free:        0
HugePages_Rsvd:        0
HugePages_Surp:        0
Hugepagesize:       2048 kB
DirectMap4k:       98240 kB
DirectMap2M:     4620288 kB

container (cgroup) information:
container_type: cgroupv1
cpu_cpuset_cpus: 0
cpu_memory_nodes: 0
active_processor_count: 1
cpu_quota: -1
cpu_period: 100000
cpu_shares: -1
memory_limit_in_bytes: -1
memory_and_swap_limit_in_bytes: -1
memory_soft_limit_in_bytes: -1
memory_usage_in_bytes: 3332071424
memory_max_usage_in_bytes: 0


CPU:total 1 (initial active 1) (1 cores per cpu, 1 threads per core) family 6 model 126 stepping 5, cmov, cx8, fxsr, mmx, sse, sse2, sse3, ssse3, sse4.1, sse4.2, popcnt, avx, avx2, aes, clmul, 3dnowpref, lzcnt, tsc, tscinvbit, bmi1, bmi2

/proc/cpuinfo:
processor	: 0
vendor_id	: GenuineIntel
cpu family	: 6
model		: 126
model name	: Intel(R) Core(TM) i5-1035G1 CPU @ 1.00GHz
stepping	: 5
cpu MHz		: 1190.400
cache size	: 6144 KB
physical id	: 0
siblings	: 1
core id		: 0
cpu cores	: 1
apicid		: 0
initial apicid	: 0
fpu		: yes
fpu_exception	: yes
cpuid level	: 22
wp		: yes
flags		: fpu vme de pse tsc msr pae mce cx8 apic sep mtrr pge mca cmov pat pse36 clflush mmx fxsr sse sse2 ht syscall nx rdtscp lm constant_tsc rep_good nopl xtopology nonstop_tsc eagerfpu pni pclmulqdq monitor ssse3 cx16 pcid sse4_1 sse4_2 x2apic movbe popcnt aes xsave avx rdrand hypervisor lahf_lm abm 3dnowprefetch invpcid_single fsgsbase bmi1 avx2 bmi2 invpcid rdseed clflushopt md_clear flush_l1d arch_capabilities
bogomips	: 2380.80
clflush size	: 64
cache_alignment	: 64
address sizes	: 39 bits physical, 48 bits virtual
power management:



Memory: 4k page, physical 4396508k(736708k free), swap 2359292k(2358004k free)

vm_info: Java HotSpot(TM) 64-Bit Server VM (25.191-b12) for linux-amd64 JRE (1.8.0_191-b12), built on Oct  6 2018 05:43:09 by "java_re" with gcc 7.3.0

time: Fri Mar 24 21:29:29 2023
elapsed time: 2254 seconds (0d 0h 37m 34s)

