#
# A fatal error has been detected by the Java Runtime Environment:
#
#  SIGSEGV (0xb) at pc=0x00007f8711069cb4, pid=2994, tid=0x00007f86fc3a8700
#
# JRE version: Java(TM) SE Runtime Environment (8.0_191-b12) (build 1.8.0_191-b12)
# Java VM: Java HotSpot(TM) 64-Bit Server VM (25.191-b12 mixed mode linux-amd64 compressed oops)
# Problematic frame:
# v  ~BufferBlob::jni_fast_GetLongField
#
# Failed to write core dump. Core dumps have been disabled. To enable core dumping, try "ulimit -c unlimited" before starting Java again
#
# If you would like to submit a bug report, please visit:
#   http://bugreport.java.com/bugreport/crash.jsp
# The crash happened outside the Java Virtual Machine in native code.
# See problematic frame for where to report the bug.
#

---------------  T H R E A D  ---------------

Current thread (0x00007f87201d1800):  JavaThread "AWT-XAWT" daemon [_thread_in_native, id=3011, stack(0x00007f86fc2a8000,0x00007f86fc3a9000)]

siginfo: si_signo: 11 (SIGSEGV), si_code: 1 (SEGV_MAPERR), si_addr: 0x0000000000000000

Registers:
RAX=0x00007f8726f443c0, RBX=0x00007f87201d19f8, RCX=0x0000000000000001, RDX=0x0000000000000042
RSP=0x00007f86fc3a7838, RBP=0x00007f86fc3a7860, RSI=0x0000000000000000, RDI=0x00007f87201d19f8
R8 =0x00000000bce81ca8, R9 =0x0000000000000000, R10=0x000000000000002e, R11=0x00007f86fd7e86b0
R12=0x00007f870803d240, R13=0x0000000000000000, R14=0x00007f8710527b00, R15=0x00007f87201d1800
RIP=0x00007f8711069cb4, EFLAGS=0x0000000000010246, CSGSFS=0x0000000000000033, ERR=0x0000000000000004
  TRAPNO=0x000000000000000e

Top of Stack: (sp=0x00007f86fc3a7838)
0x00007f86fc3a7838:   00007f8710305b84 00007f8724721640
0x00007f86fc3a7848:   00007f870803d240 00007f86fc3a7910
0x00007f86fc3a7858:   00007f86fc3a78e0 0000000000000000
0x00007f86fc3a7868:   00007f86fd7e8708 00007f8724721640
0x00007f86fc3a7878:   00007f86fc3a78a0 0000000000000000
0x00007f86fc3a7888:   00007f86fd7dfee3 00007f86fc3a7910
0x00007f86fc3a7898:   00007f87102fdfef 00007f86fc3a78f0
0x00007f86fc3a78a8:   00007f871124ef36 0000000000000000
0x00007f86fc3a78b8:   00007f871122a136 00007f86fc3a7910
0x00007f86fc3a78c8:   00007f871115a5ec 00007f86fc3a7970
0x00007f86fc3a78d8:   00000000bd09a740 00000000bd060b08
0x00007f86fc3a78e8:   0000000000000001 00007f86fc3a7970
0x00007f86fc3a78f8:   00007f8711007a90 00007f86fc3a7970
0x00007f86fc3a7908:   00007f8711007a90 0000000000000000
0x00007f86fc3a7918:   00007f8711007dd0 00007f86f41a7510
0x00007f86fc3a7928:   00000000bd143ab8 00007f86fc3a7930
0x00007f86fc3a7938:   00007f8724815ce4 00007f86fc3a79b8
0x00007f86fc3a7948:   00007f872481ecb0 0000000000000000
0x00007f86fc3a7958:   00007f8724815e20 00007f86fc3a7910
0x00007f86fc3a7968:   00007f86fc3a79b0 00007f86fc3a7a00
0x00007f86fc3a7978:   00007f87110082bd 0000000000000000
0x00007f86fc3a7988:   00000000bd524970 0000000000000000
0x00007f86fc3a7998:   0000000000000000 0000000000000000
0x00007f86fc3a79a8:   00000000bd143ab8 0000000000000000
0x00007f86fc3a79b8:   00000000bd09b2e0 00007f86fc3a79c0
0x00007f86fc3a79c8:   00007f8724815b25 00007f86fc3a7a10
0x00007f86fc3a79d8:   00007f872481ecb0 0000000000000000
0x00007f86fc3a79e8:   00007f8724815b30 00007f86fc3a79b0
0x00007f86fc3a79f8:   00007f86fc3a7a10 00007f86fc3a7a58
0x00007f86fc3a7a08:   00007f8711008302 00000000bd09b2e0
0x00007f86fc3a7a18:   00007f86fc3a7a18 00007f87243326cb
0x00007f86fc3a7a28:   00007f86fc3a7a68 00007f87243ba3e8 

Instructions: (pc=0x00007f8711069cb4)
0x00007f8711069c94:   00 00 00 00 00 00 00 00 00 00 00 00 44 8b 15 55
0x00007f8711069ca4:   a2 f1 15 4c 8b ce 41 f6 c2 01 0f 85 1c 00 00 00
0x00007f8711069cb4:   4d 8b 09 4c 8b da 49 c1 eb 02 4b 8b 04 19 44 3b
0x00007f8711069cc4:   15 33 a2 f1 15 0f 85 01 00 00 00 c3 e9 eb 1c 61 

Register to memory mapping:

RAX=0x00007f8726f443c0: <offset 0xf883c0> in /jdk1.8.0_191/jre/lib/amd64/server/libjvm.so at 0x00007f8725fbc000
RBX=0x00007f87201d19f8 is an unknown value
RCX=0x0000000000000001 is an unknown value
RDX=0x0000000000000042 is an unknown value
RSP=0x00007f86fc3a7838 is pointing into the stack for thread: 0x00007f87201d1800
RBP=0x00007f86fc3a7860 is pointing into the stack for thread: 0x00007f87201d1800
RSI=0x0000000000000000 is an unknown value
RDI=0x00007f87201d19f8 is an unknown value
R8 =0x00000000bce81ca8 is an oop
sun.util.logging.PlatformLogger$Level 
 - klass: 'sun/util/logging/PlatformLogger$Level'
R9 =0x0000000000000000 is an unknown value
R10=0x000000000000002e is an unknown value
R11=0x00007f86fd7e86b0: _XimServerDestroy+0 in /lib64/libX11.so.6 at 0x00007f86fd77f000
R12=0x00007f870803d240 is an unknown value
R13=0x0000000000000000 is an unknown value
R14=0x00007f8710527b00: <offset 0x256b00> in /jdk1.8.0_191/jre/lib/amd64/libawt_xawt.so at 0x00007f87102d1000
R15=0x00007f87201d1800 is a thread


Stack: [0x00007f86fc2a8000,0x00007f86fc3a9000],  sp=0x00007f86fc3a7838,  free space=1022k
Native frames: (J=compiled Java code, j=interpreted, Vv=VM code, C=native code)
v  ~BufferBlob::jni_fast_GetLongField
C  [libX11.so.6+0x69708]  _XimServerDestroy+0x58

Java frames: (J=compiled Java code, j=interpreted, Vv=VM code)
J 572  sun.awt.X11.XlibWrapper.XFilterEvent(JJ)Z (0 bytes) @ 0x00007f871124eec4 [0x00007f871124ee80+0x44]
j  sun.awt.X11.XToolkit.run(Z)V+300
j  sun.awt.X11.XToolkit.run()V+5
j  java.lang.Thread.run()V+11
v  ~StubRoutines::call_stub

---------------  P R O C E S S  ---------------

Java Threads: ( => current thread )
  0x00007f8720009800 JavaThread "DestroyJavaVM" [_thread_blocked, id=2995, stack(0x00007f8727aaa000,0x00007f8727baa000)]
  0x00007f87202af800 JavaThread "AWT-EventQueue-0" [_thread_blocked, id=3014, stack(0x00007f86ef663000,0x00007f86ef764000)]
  0x00007f8720219800 JavaThread "AWT-Shutdown" [_thread_blocked, id=3013, stack(0x00007f86fc0a6000,0x00007f86fc1a7000)]
=>0x00007f87201d1800 JavaThread "AWT-XAWT" daemon [_thread_in_native, id=3011, stack(0x00007f86fc2a8000,0x00007f86fc3a9000)]
  0x00007f87201aa000 JavaThread "Java2D Disposer" daemon [_thread_blocked, id=3010, stack(0x00007f86fc7ba000,0x00007f86fc8bb000)]
  0x00007f87200b4800 JavaThread "Service Thread" daemon [_thread_blocked, id=3008, stack(0x00007f87108f9000,0x00007f87109fa000)]
  0x00007f87200b1800 JavaThread "C1 CompilerThread1" daemon [_thread_blocked, id=3007, stack(0x00007f87109fb000,0x00007f8710afb000)]
  0x00007f87200af000 JavaThread "C2 CompilerThread0" daemon [_thread_blocked, id=3006, stack(0x00007f8710afc000,0x00007f8710bfc000)]
  0x00007f87200ad800 JavaThread "Signal Dispatcher" daemon [_thread_in_vm, id=3004, stack(0x00007f8710bfc000,0x00007f8710cfd000)]
  0x00007f872007a800 JavaThread "Finalizer" daemon [_thread_blocked, id=3003, stack(0x00007f8710cfd000,0x00007f8710dfe000)]
  0x00007f8720078000 JavaThread "Reference Handler" daemon [_thread_blocked, id=3001, stack(0x00007f8710dfe000,0x00007f8710eff000)]

Other Threads:
  0x00007f872006e000 VMThread [stack: 0x00007f8710f00000,0x00007f8711000000] [id=2998]
  0x00007f87200b9800 WatcherThread [stack: 0x00007f87107f9000,0x00007f87108f9000] [id=3009]

VM state:not at safepoint (normal execution)

VM Mutex/Monitor currently owned by a thread:  ([mutex/lock_event])
[0x00007f8720007060] Threads_lock - owner thread: 0x00007f87200ad800

Heap:
 def new generation   total 20864K, used 10186K [0x00000000bce00000, 0x00000000be4a0000, 0x00000000d3400000)
  eden space 18560K,  54% used [0x00000000bce00000, 0x00000000bd7f2920, 0x00000000be020000)
  from space 2304K,   0% used [0x00000000be020000, 0x00000000be020000, 0x00000000be260000)
  to   space 2304K,   0% used [0x00000000be260000, 0x00000000be260000, 0x00000000be4a0000)
 tenured generation   total 46464K, used 0K [0x00000000d3400000, 0x00000000d6160000, 0x0000000100000000)
   the space 46464K,   0% used [0x00000000d3400000, 0x00000000d3400000, 0x00000000d3400200, 0x00000000d6160000)
 Metaspace       used 12379K, capacity 12526K, committed 12928K, reserved 1060864K
  class space    used 1472K, capacity 1547K, committed 1664K, reserved 1048576K

Card table byte_map: [0x00007f8724c6b000,0x00007f8724e85000] byte_map_base: 0x00007f8724684000

Polling page: 0x00007f8727bc5000

CodeCache: size=245760Kb used=3020Kb max_used=3031Kb free=242739Kb
 bounds [0x00007f8711000000, 0x00007f8711300000, 0x00007f8720000000]
 total_blobs=1239 nmethods=695 adapters=457
 compilation: enabled

Compilation events (10 events):
Event: 480.140 Thread 0x00007f87200b1800  691       3       sun.java2d.SunGraphics2D::setColor (108 bytes)
Event: 480.141 Thread 0x00007f87200b1800 nmethod 691 0x00007f87112f0750 code [0x00007f87112f08e0, 0x00007f87112f0df0]
Event: 480.303 Thread 0x00007f87200b1800  692       3       java.util.Arrays::copyOf (13 bytes)
Event: 480.303 Thread 0x00007f87200b1800 nmethod 692 0x00007f87112f34d0 code [0x00007f87112f3640, 0x00007f87112f3840]
Event: 485.128 Thread 0x00007f87200b1800  693       3       java.util.Vector$Itr::hasNext (20 bytes)
Event: 485.129 Thread 0x00007f87200b1800 nmethod 693 0x00007f87112f3910 code [0x00007f87112f3a80, 0x00007f87112f3c30]
Event: 485.248 Thread 0x00007f87200af000  694       4       sun.awt.X11.XToolkit::getDisplay (20 bytes)
Event: 485.248 Thread 0x00007f87200af000 nmethod 694 0x00007f871122edd0 code [0x00007f871122ef00, 0x00007f871122ef58]
Event: 488.542 Thread 0x00007f87200af000  695       4       java.lang.Long::compareTo (9 bytes)
Event: 488.543 Thread 0x00007f87200af000 nmethod 695 0x00007f87112f5150 code [0x00007f87112f52a0, 0x00007f87112f5358]

GC Heap History (0 events):
No events

Deoptimization events (0 events):
No events

Classes redefined (0 events):
No events

Internal exceptions (10 events):
Event: 0.275 Thread 0x00007f8720009800 Exception <a 'java/security/PrivilegedActionException'> (0x00000000bce67cf0) thrown at [/HUDSON/workspace/8-2-build-linux-amd64/jdk8u191/11894/hotspot/src/share/vm/prims/jvm.cpp, line 1435]
Event: 0.275 Thread 0x00007f8720009800 Exception <a 'java/security/PrivilegedActionException'> (0x00000000bce67f00) thrown at [/HUDSON/workspace/8-2-build-linux-amd64/jdk8u191/11894/hotspot/src/share/vm/prims/jvm.cpp, line 1435]
Event: 0.286 Thread 0x00007f8720009800 Exception <a 'java/security/PrivilegedActionException'> (0x00000000bce93e38) thrown at [/HUDSON/workspace/8-2-build-linux-amd64/jdk8u191/11894/hotspot/src/share/vm/prims/jvm.cpp, line 1435]
Event: 0.286 Thread 0x00007f8720009800 Exception <a 'java/security/PrivilegedActionException'> (0x00000000bce94048) thrown at [/HUDSON/workspace/8-2-build-linux-amd64/jdk8u191/11894/hotspot/src/share/vm/prims/jvm.cpp, line 1435]
Event: 0.293 Thread 0x00007f8720009800 Exception <a 'java/security/PrivilegedActionException'> (0x00000000bce95f10) thrown at [/HUDSON/workspace/8-2-build-linux-amd64/jdk8u191/11894/hotspot/src/share/vm/prims/jvm.cpp, line 1435]
Event: 0.293 Thread 0x00007f8720009800 Exception <a 'java/security/PrivilegedActionException'> (0x00000000bce96120) thrown at [/HUDSON/workspace/8-2-build-linux-amd64/jdk8u191/11894/hotspot/src/share/vm/prims/jvm.cpp, line 1435]
Event: 0.342 Thread 0x00007f8720009800 Exception <a 'java/lang/NoSuchFieldError': method resolution failed> (0x00000000bcfc29e0) thrown at [/HUDSON/workspace/8-2-build-linux-amd64/jdk8u191/11894/hotspot/src/share/vm/prims/methodHandles.cpp, line 1167]
Event: 0.344 Thread 0x00007f8720009800 Exception <a 'java/lang/NoSuchFieldError': method resolution failed> (0x00000000bcfd01b0) thrown at [/HUDSON/workspace/8-2-build-linux-amd64/jdk8u191/11894/hotspot/src/share/vm/prims/methodHandles.cpp, line 1167]
Event: 0.379 Thread 0x00007f8720009800 Exception <a 'java/io/FileNotFoundException'> (0x00000000bd04de28) thrown at [/HUDSON/workspace/8-2-build-linux-amd64/jdk8u191/11894/hotspot/src/share/vm/prims/jni.cpp, line 709]
Event: 0.379 Thread 0x00007f8720009800 Exception <a 'java/io/FileNotFoundException'> (0x00000000bd04e768) thrown at [/HUDSON/workspace/8-2-build-linux-amd64/jdk8u191/11894/hotspot/src/share/vm/prims/jni.cpp, line 709]

Events (10 events):
Event: 480.103 loading class java/awt/KeyboardFocusManager$2
Event: 480.138 loading class java/awt/KeyboardFocusManager$2 done
Event: 480.138 loading class sun/awt/SunToolkit$1
Event: 480.138 loading class sun/awt/SunToolkit$1 done
Event: 480.139 loading class sun/awt/X11/XUnmapEvent
Event: 480.139 loading class sun/awt/X11/XUnmapEvent done
Event: 502.747 loading class sun/awt/X11/XDestroyWindowEvent
Event: 502.747 loading class sun/awt/X11/XDestroyWindowEvent done
Event: 503.012 loading class sun/misc/Signal$1
Event: 503.012 loading class sun/misc/Signal$1 done


Dynamic libraries:
00400000-00401000 r-xp 00000000 fd:00 102659985                          /jdk1.8.0_191/bin/java
00600000-00601000 r--p 00000000 fd:00 102659985                          /jdk1.8.0_191/bin/java
00601000-00602000 rw-p 00001000 fd:00 102659985                          /jdk1.8.0_191/bin/java
0106e000-0108f000 rw-p 00000000 00:00 0                                  [heap]
bce00000-be4a0000 rw-p 00000000 00:00 0 
be4a0000-d3400000 ---p 00000000 00:00 0 
d3400000-d6160000 rw-p 00000000 00:00 0 
d6160000-100000000 ---p 00000000 00:00 0 
100000000-1001a0000 rw-p 00000000 00:00 0 
1001a0000-140000000 ---p 00000000 00:00 0 
7f86e8000000-7f86e8021000 rw-p 00000000 00:00 0 
7f86e8021000-7f86ec000000 ---p 00000000 00:00 0 
7f86ef463000-7f86ef563000 rw-p 00000000 00:00 0 
7f86ef563000-7f86ef663000 ---p 00000000 00:00 0 
7f86ef663000-7f86ef666000 ---p 00000000 00:00 0 
7f86ef666000-7f86ef764000 rw-p 00000000 00:00 0 
7f86ef764000-7f86ef7d0000 r-xp 00000000 fd:00 68611362                   /jdk1.8.0_191/jre/lib/amd64/libt2k.so
7f86ef7d0000-7f86ef9d0000 ---p 0006c000 fd:00 68611362                   /jdk1.8.0_191/jre/lib/amd64/libt2k.so
7f86ef9d0000-7f86ef9d6000 r--p 0006c000 fd:00 68611362                   /jdk1.8.0_191/jre/lib/amd64/libt2k.so
7f86ef9d6000-7f86ef9d7000 rw-p 00072000 fd:00 68611362                   /jdk1.8.0_191/jre/lib/amd64/libt2k.so
7f86ef9d7000-7f86ef9e8000 r-xp 00000000 fd:00 68628421                   /jdk1.8.0_191/jre/lib/amd64/libnio.so
7f86ef9e8000-7f86efbe7000 ---p 00011000 fd:00 68628421                   /jdk1.8.0_191/jre/lib/amd64/libnio.so
7f86efbe7000-7f86efbe8000 r--p 00010000 fd:00 68628421                   /jdk1.8.0_191/jre/lib/amd64/libnio.so
7f86efbe8000-7f86efbe9000 rw-p 00011000 fd:00 68628421                   /jdk1.8.0_191/jre/lib/amd64/libnio.so
7f86efbe9000-7f86efbff000 r-xp 00000000 fd:00 68628418                   /jdk1.8.0_191/jre/lib/amd64/libnet.so
7f86efbff000-7f86efdfe000 ---p 00016000 fd:00 68628418                   /jdk1.8.0_191/jre/lib/amd64/libnet.so
7f86efdfe000-7f86efdff000 r--p 00015000 fd:00 68628418                   /jdk1.8.0_191/jre/lib/amd64/libnet.so
7f86efdff000-7f86efe00000 rw-p 00016000 fd:00 68628418                   /jdk1.8.0_191/jre/lib/amd64/libnet.so
7f86efe00000-7f86f0000000 rw-p 00000000 00:00 0 
7f86f0000000-7f86f03cd000 rw-p 00000000 00:00 0 
7f86f03cd000-7f86f4000000 ---p 00000000 00:00 0 
7f86f4000000-7f86f4789000 rw-p 00000000 00:00 0 
7f86f4789000-7f86f8000000 ---p 00000000 00:00 0 
7f86f8000000-7f86f8021000 rw-p 00000000 00:00 0 
7f86f8021000-7f86fc000000 ---p 00000000 00:00 0 
7f86fc0a6000-7f86fc0a9000 ---p 00000000 00:00 0 
7f86fc0a9000-7f86fc1a7000 rw-p 00000000 00:00 0 
7f86fc1a7000-7f86fc1aa000 ---p 00000000 00:00 0 
7f86fc1aa000-7f86fc2a8000 rw-p 00000000 00:00 0 
7f86fc2a8000-7f86fc2ab000 ---p 00000000 00:00 0 
7f86fc2ab000-7f86fc3a9000 rw-p 00000000 00:00 0 
7f86fc3a9000-7f86fc3ae000 r-xp 00000000 fd:00 35263117                   /usr/lib64/libXfixes.so.3.1.0
7f86fc3ae000-7f86fc5ad000 ---p 00005000 fd:00 35263117                   /usr/lib64/libXfixes.so.3.1.0
7f86fc5ad000-7f86fc5ae000 r--p 00004000 fd:00 35263117                   /usr/lib64/libXfixes.so.3.1.0
7f86fc5ae000-7f86fc5af000 rw-p 00005000 fd:00 35263117                   /usr/lib64/libXfixes.so.3.1.0
7f86fc5af000-7f86fc5b8000 r-xp 00000000 fd:00 35263210                   /usr/lib64/libXcursor.so.1.0.2
7f86fc5b8000-7f86fc7b8000 ---p 00009000 fd:00 35263210                   /usr/lib64/libXcursor.so.1.0.2
7f86fc7b8000-7f86fc7b9000 r--p 00009000 fd:00 35263210                   /usr/lib64/libXcursor.so.1.0.2
7f86fc7b9000-7f86fc7ba000 rw-p 0000a000 fd:00 35263210                   /usr/lib64/libXcursor.so.1.0.2
7f86fc7ba000-7f86fc7bd000 ---p 00000000 00:00 0 
7f86fc7bd000-7f86fc8bb000 rw-p 00000000 00:00 0 
7f86fc8bb000-7f86fc8d0000 r-xp 00000000 fd:00 40121674                   /usr/lib64/libgcc_s-4.8.5-20150702.so.1
7f86fc8d0000-7f86fcacf000 ---p 00015000 fd:00 40121674                   /usr/lib64/libgcc_s-4.8.5-20150702.so.1
7f86fcacf000-7f86fcad0000 r--p 00014000 fd:00 40121674                   /usr/lib64/libgcc_s-4.8.5-20150702.so.1
7f86fcad0000-7f86fcad1000 rw-p 00015000 fd:00 40121674                   /usr/lib64/libgcc_s-4.8.5-20150702.so.1
7f86fcad1000-7f86fcb2e000 r-xp 00000000 fd:00 68611374                   /jdk1.8.0_191/jre/lib/amd64/libfontmanager.so
7f86fcb2e000-7f86fcd2e000 ---p 0005d000 fd:00 68611374                   /jdk1.8.0_191/jre/lib/amd64/libfontmanager.so
7f86fcd2e000-7f86fcd31000 r--p 0005d000 fd:00 68611374                   /jdk1.8.0_191/jre/lib/amd64/libfontmanager.so
7f86fcd31000-7f86fcd32000 rw-p 00060000 fd:00 68611374                   /jdk1.8.0_191/jre/lib/amd64/libfontmanager.so
7f86fcd32000-7f86fcd34000 r-xp 00000000 fd:00 33780200                   /usr/lib64/libXau.so.6.0.0
7f86fcd34000-7f86fcf34000 ---p 00002000 fd:00 33780200                   /usr/lib64/libXau.so.6.0.0
7f86fcf34000-7f86fcf35000 r--p 00002000 fd:00 33780200                   /usr/lib64/libXau.so.6.0.0
7f86fcf35000-7f86fcf36000 rw-p 00003000 fd:00 33780200                   /usr/lib64/libXau.so.6.0.0
7f86fcf36000-7f86fcf5d000 r-xp 00000000 fd:00 33809088                   /usr/lib64/libxcb.so.1.1.0
7f86fcf5d000-7f86fd15c000 ---p 00027000 fd:00 33809088                   /usr/lib64/libxcb.so.1.1.0
7f86fd15c000-7f86fd15d000 r--p 00026000 fd:00 33809088                   /usr/lib64/libxcb.so.1.1.0
7f86fd15d000-7f86fd15e000 rw-p 00027000 fd:00 33809088                   /usr/lib64/libxcb.so.1.1.0
7f86fd15e000-7f86fd16d000 r-xp 00000000 fd:00 35263123                   /usr/lib64/libXi.so.6.1.0
7f86fd16d000-7f86fd36c000 ---p 0000f000 fd:00 35263123                   /usr/lib64/libXi.so.6.1.0
7f86fd36c000-7f86fd36d000 r--p 0000e000 fd:00 35263123                   /usr/lib64/libXi.so.6.1.0
7f86fd36d000-7f86fd36e000 rw-p 0000f000 fd:00 35263123                   /usr/lib64/libXi.so.6.1.0
7f86fd36e000-7f86fd373000 r-xp 00000000 fd:00 35263171                   /usr/lib64/libXtst.so.6.1.0
7f86fd373000-7f86fd572000 ---p 00005000 fd:00 35263171                   /usr/lib64/libXtst.so.6.1.0
7f86fd572000-7f86fd573000 r--p 00004000 fd:00 35263171                   /usr/lib64/libXtst.so.6.1.0
7f86fd573000-7f86fd574000 rw-p 00005000 fd:00 35263171                   /usr/lib64/libXtst.so.6.1.0
7f86fd574000-7f86fd57d000 r-xp 00000000 fd:00 35263135                   /usr/lib64/libXrender.so.1.3.0
7f86fd57d000-7f86fd77d000 ---p 00009000 fd:00 35263135                   /usr/lib64/libXrender.so.1.3.0
7f86fd77d000-7f86fd77e000 r--p 00009000 fd:00 35263135                   /usr/lib64/libXrender.so.1.3.0
7f86fd77e000-7f86fd77f000 rw-p 0000a000 fd:00 35263135                   /usr/lib64/libXrender.so.1.3.0
7f86fd77f000-7f86fd8b7000 r-xp 00000000 fd:00 36315762                   /usr/lib64/libX11.so.6.3.0
7f86fd8b7000-7f86fdab7000 ---p 00138000 fd:00 36315762                   /usr/lib64/libX11.so.6.3.0
7f86fdab7000-7f86fdab8000 r--p 00138000 fd:00 36315762                   /usr/lib64/libX11.so.6.3.0
7f86fdab8000-7f86fdabd000 rw-p 00139000 fd:00 36315762                   /usr/lib64/libX11.so.6.3.0
7f86fdabd000-7f8704000000 r--p 00000000 fd:00 101106078                  /usr/lib/locale/locale-archive
7f8704000000-7f8704021000 rw-p 00000000 00:00 0 
7f8704021000-7f8708000000 ---p 00000000 00:00 0 
7f8708000000-7f87082de000 rw-p 00000000 00:00 0 
7f87082de000-7f870c000000 ---p 00000000 00:00 0 
7f870c000000-7f870c021000 rw-p 00000000 00:00 0 
7f870c021000-7f8710000000 ---p 00000000 00:00 0 
7f87100bf000-7f87100d0000 r-xp 00000000 fd:00 35263116                   /usr/lib64/libXext.so.6.4.0
7f87100d0000-7f87102cf000 ---p 00011000 fd:00 35263116                   /usr/lib64/libXext.so.6.4.0
7f87102cf000-7f87102d0000 r--p 00010000 fd:00 35263116                   /usr/lib64/libXext.so.6.4.0
7f87102d0000-7f87102d1000 rw-p 00011000 fd:00 35263116                   /usr/lib64/libXext.so.6.4.0
7f87102d1000-7f8710324000 r-xp 00000000 fd:00 68628425                   /jdk1.8.0_191/jre/lib/amd64/libawt_xawt.so
7f8710324000-7f8710523000 ---p 00053000 fd:00 68628425                   /jdk1.8.0_191/jre/lib/amd64/libawt_xawt.so
7f8710523000-7f8710524000 r--p 00052000 fd:00 68628425                   /jdk1.8.0_191/jre/lib/amd64/libawt_xawt.so
7f8710524000-7f8710527000 rw-p 00053000 fd:00 68628425                   /jdk1.8.0_191/jre/lib/amd64/libawt_xawt.so
7f8710527000-7f8710528000 rw-p 00000000 00:00 0 
7f8710528000-7f87105c7000 r-xp 00000000 fd:00 68611387                   /jdk1.8.0_191/jre/lib/amd64/libawt.so
7f87105c7000-7f87107c7000 ---p 0009f000 fd:00 68611387                   /jdk1.8.0_191/jre/lib/amd64/libawt.so
7f87107c7000-7f87107c8000 r--p 0009f000 fd:00 68611387                   /jdk1.8.0_191/jre/lib/amd64/libawt.so
7f87107c8000-7f87107d3000 rw-p 000a0000 fd:00 68611387                   /jdk1.8.0_191/jre/lib/amd64/libawt.so
7f87107d3000-7f87107f8000 rw-p 00000000 00:00 0 
7f87107f8000-7f87107f9000 ---p 00000000 00:00 0 
7f87107f9000-7f87108f9000 rw-p 00000000 00:00 0 
7f87108f9000-7f87108fc000 ---p 00000000 00:00 0 
7f87108fc000-7f87109fa000 rw-p 00000000 00:00 0 
7f87109fa000-7f87109fe000 ---p 00000000 00:00 0 
7f87109fe000-7f8710afb000 rw-p 00000000 00:00 0 
7f8710afb000-7f8710aff000 ---p 00000000 00:00 0 
7f8710aff000-7f8710bfc000 rw-p 00000000 00:00 0 
7f8710bfc000-7f8710bff000 ---p 00000000 00:00 0 
7f8710bff000-7f8710cfd000 rw-p 00000000 00:00 0 
7f8710cfd000-7f8710d00000 ---p 00000000 00:00 0 
7f8710d00000-7f8710dfe000 rw-p 00000000 00:00 0 
7f8710dfe000-7f8710e01000 ---p 00000000 00:00 0 
7f8710e01000-7f8710eff000 rw-p 00000000 00:00 0 
7f8710eff000-7f8710f00000 ---p 00000000 00:00 0 
7f8710f00000-7f8711000000 rw-p 00000000 00:00 0 
7f8711000000-7f8711300000 rwxp 00000000 00:00 0 
7f8711300000-7f8720000000 ---p 00000000 00:00 0 
7f8720000000-7f87202b8000 rw-p 00000000 00:00 0 
7f87202b8000-7f8724000000 ---p 00000000 00:00 0 
7f8724063000-7f87240a1000 rw-s 00000000 00:04 55                         /SYSV00000000 (deleted)
7f87240a1000-7f87240b4000 r--s 00345000 fd:00 3556547                    /jdk1.8.0_191/jre/lib/resources.jar
7f87240b4000-7f872428e000 r--s 03d6c000 fd:00 3532122                    /jdk1.8.0_191/jre/lib/rt.jar
7f872428e000-7f8724b1b000 rw-p 00000000 00:00 0 
7f8724b1b000-7f8724c6b000 ---p 00000000 00:00 0 
7f8724c6b000-7f8724c77000 rw-p 00000000 00:00 0 
7f8724c77000-7f8724d1e000 ---p 00000000 00:00 0 
7f8724d1e000-7f8724d35000 rw-p 00000000 00:00 0 
7f8724d35000-7f8724e84000 ---p 00000000 00:00 0 
7f8724e84000-7f8724e91000 rw-p 00000000 00:00 0 
7f8724e91000-7f8725245000 ---p 00000000 00:00 0 
7f8725245000-7f872525f000 r-xp 00000000 fd:00 68611390                   /jdk1.8.0_191/jre/lib/amd64/libzip.so
7f872525f000-7f872545f000 ---p 0001a000 fd:00 68611390                   /jdk1.8.0_191/jre/lib/amd64/libzip.so
7f872545f000-7f8725460000 r--p 0001a000 fd:00 68611390                   /jdk1.8.0_191/jre/lib/amd64/libzip.so
7f8725460000-7f8725461000 rw-p 0001b000 fd:00 68611390                   /jdk1.8.0_191/jre/lib/amd64/libzip.so
7f8725461000-7f872546d000 r-xp 00000000 fd:00 35108647                   /usr/lib64/libnss_files-2.17.so
7f872546d000-7f872566c000 ---p 0000c000 fd:00 35108647                   /usr/lib64/libnss_files-2.17.so
7f872566c000-7f872566d000 r--p 0000b000 fd:00 35108647                   /usr/lib64/libnss_files-2.17.so
7f872566d000-7f872566e000 rw-p 0000c000 fd:00 35108647                   /usr/lib64/libnss_files-2.17.so
7f872566e000-7f8725674000 rw-p 00000000 00:00 0 
7f8725674000-7f87256a1000 r-xp 00000000 fd:00 68611384                   /jdk1.8.0_191/jre/lib/amd64/libjava.so
7f87256a1000-7f87258a0000 ---p 0002d000 fd:00 68611384                   /jdk1.8.0_191/jre/lib/amd64/libjava.so
7f87258a0000-7f87258a1000 r--p 0002c000 fd:00 68611384                   /jdk1.8.0_191/jre/lib/amd64/libjava.so
7f87258a1000-7f87258a3000 rw-p 0002d000 fd:00 68611384                   /jdk1.8.0_191/jre/lib/amd64/libjava.so
7f87258a3000-7f87258b0000 r-xp 00000000 fd:00 68611389                   /jdk1.8.0_191/jre/lib/amd64/libverify.so
7f87258b0000-7f8725aaf000 ---p 0000d000 fd:00 68611389                   /jdk1.8.0_191/jre/lib/amd64/libverify.so
7f8725aaf000-7f8725ab1000 r--p 0000c000 fd:00 68611389                   /jdk1.8.0_191/jre/lib/amd64/libverify.so
7f8725ab1000-7f8725ab2000 rw-p 0000e000 fd:00 68611389                   /jdk1.8.0_191/jre/lib/amd64/libverify.so
7f8725ab2000-7f8725ab9000 r-xp 00000000 fd:00 35108651                   /usr/lib64/librt-2.17.so
7f8725ab9000-7f8725cb8000 ---p 00007000 fd:00 35108651                   /usr/lib64/librt-2.17.so
7f8725cb8000-7f8725cb9000 r--p 00006000 fd:00 35108651                   /usr/lib64/librt-2.17.so
7f8725cb9000-7f8725cba000 rw-p 00007000 fd:00 35108651                   /usr/lib64/librt-2.17.so
7f8725cba000-7f8725dbb000 r-xp 00000000 fd:00 35108644                   /usr/lib64/libm-2.17.so
7f8725dbb000-7f8725fba000 ---p 00101000 fd:00 35108644                   /usr/lib64/libm-2.17.so
7f8725fba000-7f8725fbb000 r--p 00100000 fd:00 35108644                   /usr/lib64/libm-2.17.so
7f8725fbb000-7f8725fbc000 rw-p 00101000 fd:00 35108644                   /usr/lib64/libm-2.17.so
7f8725fbc000-7f8726c9e000 r-xp 00000000 fd:00 3556594                    /jdk1.8.0_191/jre/lib/amd64/server/libjvm.so
7f8726c9e000-7f8726e9e000 ---p 00ce2000 fd:00 3556594                    /jdk1.8.0_191/jre/lib/amd64/server/libjvm.so
7f8726e9e000-7f8726f34000 r--p 00ce2000 fd:00 3556594                    /jdk1.8.0_191/jre/lib/amd64/server/libjvm.so
7f8726f34000-7f8726f65000 rw-p 00d78000 fd:00 3556594                    /jdk1.8.0_191/jre/lib/amd64/server/libjvm.so
7f8726f65000-7f8726fa0000 rw-p 00000000 00:00 0 
7f8726fa0000-7f8727163000 r-xp 00000000 fd:00 33644670                   /usr/lib64/libc-2.17.so
7f8727163000-7f8727363000 ---p 001c3000 fd:00 33644670                   /usr/lib64/libc-2.17.so
7f8727363000-7f8727367000 r--p 001c3000 fd:00 33644670                   /usr/lib64/libc-2.17.so
7f8727367000-7f8727369000 rw-p 001c7000 fd:00 33644670                   /usr/lib64/libc-2.17.so
7f8727369000-7f872736e000 rw-p 00000000 00:00 0 
7f872736e000-7f8727370000 r-xp 00000000 fd:00 35108643                   /usr/lib64/libdl-2.17.so
7f8727370000-7f8727570000 ---p 00002000 fd:00 35108643                   /usr/lib64/libdl-2.17.so
7f8727570000-7f8727571000 r--p 00002000 fd:00 35108643                   /usr/lib64/libdl-2.17.so
7f8727571000-7f8727572000 rw-p 00003000 fd:00 35108643                   /usr/lib64/libdl-2.17.so
7f8727572000-7f8727589000 r-xp 00000000 fd:00 36652250                   /jdk1.8.0_191/lib/amd64/jli/libjli.so
7f8727589000-7f8727788000 ---p 00017000 fd:00 36652250                   /jdk1.8.0_191/lib/amd64/jli/libjli.so
7f8727788000-7f8727789000 r--p 00016000 fd:00 36652250                   /jdk1.8.0_191/lib/amd64/jli/libjli.so
7f8727789000-7f872778a000 rw-p 00017000 fd:00 36652250                   /jdk1.8.0_191/lib/amd64/jli/libjli.so
7f872778a000-7f87277a1000 r-xp 00000000 fd:00 33644696                   /usr/lib64/libpthread-2.17.so
7f87277a1000-7f87279a0000 ---p 00017000 fd:00 33644696                   /usr/lib64/libpthread-2.17.so
7f87279a0000-7f87279a1000 r--p 00016000 fd:00 33644696                   /usr/lib64/libpthread-2.17.so
7f87279a1000-7f87279a2000 rw-p 00017000 fd:00 33644696                   /usr/lib64/libpthread-2.17.so
7f87279a2000-7f87279a6000 rw-p 00000000 00:00 0 
7f87279a6000-7f87279c8000 r-xp 00000000 fd:00 33644662                   /usr/lib64/ld-2.17.so
7f87279c8000-7f87279cd000 r--s 00084000 fd:00 3532075                    /jdk1.8.0_191/jre/lib/jfr.jar
7f87279cd000-7f87279d2000 r--s 002f9000 fd:00 3532120                    /jdk1.8.0_191/jre/lib/charsets.jar
7f87279d2000-7f87279d7000 r--s 000a0000 fd:00 3556556                    /jdk1.8.0_191/jre/lib/jsse.jar
7f87279d7000-7f8727aa9000 rw-p 00000000 00:00 0 
7f8727aa9000-7f8727aad000 ---p 00000000 00:00 0 
7f8727aad000-7f8727bae000 rw-p 00000000 00:00 0 
7f8727baf000-7f8727bb2000 r--s 0001a000 fd:00 3556598                    /jdk1.8.0_191/jre/lib/jce.jar
7f8727bb2000-7f8727bbc000 r--s 000c0000 fd:00 889162                     /jdk1.8.0_191/jre/lib/ext/postgresql-42.2.5.jar
7f8727bbc000-7f8727bc4000 rw-s 00000000 fd:00 104722916                  /tmp/hsperfdata_root/2994
7f8727bc4000-7f8727bc5000 rw-p 00000000 00:00 0 
7f8727bc5000-7f8727bc6000 r--p 00000000 00:00 0 
7f8727bc6000-7f8727bc7000 rw-p 00000000 00:00 0 
7f8727bc7000-7f8727bc8000 r--p 00021000 fd:00 33644662                   /usr/lib64/ld-2.17.so
7f8727bc8000-7f8727bc9000 rw-p 00022000 fd:00 33644662                   /usr/lib64/ld-2.17.so
7f8727bc9000-7f8727bca000 rw-p 00000000 00:00 0 
7ffe6b270000-7ffe6b291000 rw-p 00000000 00:00 0                          [stack]
7ffe6b357000-7ffe6b359000 r-xp 00000000 00:00 0                          [vdso]
ffffffffff600000-ffffffffff601000 r-xp 00000000 00:00 0                  [vsyscall]

VM Arguments:
jvm_args: -Dfile.encoding=UTF-8 
java_command: electricity.billing.system.Signup
java_class_path (initial): /jdk1.8.0_191/jre/lib/resources.jar:/jdk1.8.0_191/jre/lib/rt.jar:/jdk1.8.0_191/jre/lib/jsse.jar:/jdk1.8.0_191/jre/lib/jce.jar:/jdk1.8.0_191/jre/lib/charsets.jar:/jdk1.8.0_191/jre/lib/jfr.jar:/jdk1.8.0_191/jre/lib/ext/sunec.jar:/jdk1.8.0_191/jre/lib/ext/dnsns.jar:/jdk1.8.0_191/jre/lib/ext/cldrdata.jar:/jdk1.8.0_191/jre/lib/ext/jfxrt.jar:/jdk1.8.0_191/jre/lib/ext/jaccess.jar:/jdk1.8.0_191/jre/lib/ext/nashorn.jar:/jdk1.8.0_191/jre/lib/ext/zipfs.jar:/jdk1.8.0_191/jre/lib/ext/sunpkcs11.jar:/jdk1.8.0_191/jre/lib/ext/localedata.jar:/jdk1.8.0_191/jre/lib/ext/sunjce_provider.jar:/jdk1.8.0_191/jre/lib/ext/postgresql-42.2.5.jar:/root/apurva/Electricity Billing System/bin
Launcher Type: SUN_STANDARD

Environment Variables:
JAVA_HOME=/jdk1.8.0_191
CLASSPATH=:/apache-tomcat-8.5.38/common/lib/servlet-api.jar
PATH=/jdk1.8.0_191/bin:/usr/local/bin:/usr/local/sbin:/usr/bin:/usr/sbin:/bin:/sbin:/root/bin
USERNAME=root
SHELL=/bin/bash
DISPLAY=:0

Signal Handlers:
SIGSEGV: [libjvm.so+0xaced60], sa_mask[0]=11111111011111111101111111111110, sa_flags=SA_RESTART|SA_SIGINFO
SIGBUS: [libjvm.so+0xaced60], sa_mask[0]=11111111011111111101111111111110, sa_flags=SA_RESTART|SA_SIGINFO
SIGFPE: [libjvm.so+0x907ca0], sa_mask[0]=11111111011111111101111111111110, sa_flags=SA_RESTART|SA_SIGINFO
SIGPIPE: [libjvm.so+0x907ca0], sa_mask[0]=11111111011111111101111111111110, sa_flags=SA_RESTART|SA_SIGINFO
SIGXFSZ: [libjvm.so+0x907ca0], sa_mask[0]=11111111011111111101111111111110, sa_flags=SA_RESTART|SA_SIGINFO
SIGILL: [libjvm.so+0x907ca0], sa_mask[0]=11111111011111111101111111111110, sa_flags=SA_RESTART|SA_SIGINFO
SIGUSR1: SIG_DFL, sa_mask[0]=00000000000000000000000000000000, sa_flags=none
SIGUSR2: [libjvm.so+0x907b70], sa_mask[0]=00100000000000000000000000000000, sa_flags=SA_RESTART|SA_SIGINFO
SIGHUP: [libjvm.so+0x908190], sa_mask[0]=11111111011111111101111111111110, sa_flags=SA_RESTART|SA_SIGINFO
SIGINT: [libjvm.so+0x908190], sa_mask[0]=11111111011111111101111111111110, sa_flags=SA_RESTART|SA_SIGINFO
SIGTERM: [libjvm.so+0x908190], sa_mask[0]=11111111011111111101111111111110, sa_flags=SA_RESTART|SA_SIGINFO
SIGQUIT: [libjvm.so+0x908190], sa_mask[0]=11111111011111111101111111111110, sa_flags=SA_RESTART|SA_SIGINFO


---------------  S Y S T E M  ---------------

OS:CentOS Linux release 7.8.2003 (Core)

uname:Linux 3.10.0-1127.13.1.el7.x86_64 #1 SMP Tue Jun 23 15:46:38 UTC 2020 x86_64
libc:glibc 2.17 NPTL 2.17 
rlimit: STACK 8192k, CORE 0k, NPROC 17043, NOFILE 4096, AS infinity
load average:0.22 0.35 0.41

/proc/meminfo:
MemTotal:        4396508 kB
MemFree:         1848340 kB
MemAvailable:    2629796 kB
Buffers:            1080 kB
Cached:          1008140 kB
SwapCached:            0 kB
Active:          1556464 kB
Inactive:         721492 kB
Active(anon):    1270212 kB
Inactive(anon):    45644 kB
Active(file):     286252 kB
Inactive(file):   675848 kB
Unevictable:           0 kB
Mlocked:               0 kB
SwapTotal:       2359292 kB
SwapFree:        2359292 kB
Dirty:                88 kB
Writeback:             0 kB
AnonPages:       1291308 kB
Mapped:           182652 kB
Shmem:             47068 kB
Slab:              96932 kB
SReclaimable:      49060 kB
SUnreclaim:        47872 kB
KernelStack:        8864 kB
PageTables:        25972 kB
NFS_Unstable:          0 kB
Bounce:                0 kB
WritebackTmp:          0 kB
CommitLimit:     4557544 kB
Committed_AS:    3417152 kB
VmallocTotal:   34359738367 kB
VmallocUsed:       38408 kB
VmallocChunk:   34359695352 kB
Percpu:              188 kB
HardwareCorrupted:     0 kB
AnonHugePages:    698368 kB
CmaTotal:              0 kB
CmaFree:               0 kB
HugePages_Total:       0
HugePages_Free:        0
HugePages_Rsvd:        0
HugePages_Surp:        0
Hugepagesize:       2048 kB
DirectMap4k:      102336 kB
DirectMap2M:     4616192 kB

container (cgroup) information:
container_type: cgroupv1
cpu_cpuset_cpus: 0
cpu_memory_nodes: 0
active_processor_count: 1
cpu_quota: -1
cpu_period: 100000
cpu_shares: -1
memory_limit_in_bytes: -1
memory_and_swap_limit_in_bytes: -1
memory_soft_limit_in_bytes: -1
memory_usage_in_bytes: 2332610560
memory_max_usage_in_bytes: 0


CPU:total 1 (initial active 1) (1 cores per cpu, 1 threads per core) family 6 model 126 stepping 5, cmov, cx8, fxsr, mmx, sse, sse2, sse3, ssse3, sse4.1, sse4.2, popcnt, avx, avx2, aes, clmul, 3dnowpref, lzcnt, tsc, tscinvbit, bmi1, bmi2

/proc/cpuinfo:
processor	: 0
vendor_id	: GenuineIntel
cpu family	: 6
model		: 126
model name	: Intel(R) Core(TM) i5-1035G1 CPU @ 1.00GHz
stepping	: 5
cpu MHz		: 1190.400
cache size	: 6144 KB
physical id	: 0
siblings	: 1
core id		: 0
cpu cores	: 1
apicid		: 0
initial apicid	: 0
fpu		: yes
fpu_exception	: yes
cpuid level	: 22
wp		: yes
flags		: fpu vme de pse tsc msr pae mce cx8 apic sep mtrr pge mca cmov pat pse36 clflush mmx fxsr sse sse2 ht syscall nx rdtscp lm constant_tsc rep_good nopl xtopology nonstop_tsc eagerfpu pni pclmulqdq monitor ssse3 cx16 pcid sse4_1 sse4_2 x2apic movbe popcnt aes xsave avx rdrand hypervisor lahf_lm abm 3dnowprefetch invpcid_single fsgsbase bmi1 avx2 bmi2 invpcid rdseed clflushopt md_clear flush_l1d arch_capabilities
bogomips	: 2380.80
clflush size	: 64
cache_alignment	: 64
address sizes	: 39 bits physical, 48 bits virtual
power management:



Memory: 4k page, physical 4396508k(1848312k free), swap 2359292k(2359292k free)

vm_info: Java HotSpot(TM) 64-Bit Server VM (25.191-b12) for linux-amd64 JRE (1.8.0_191-b12), built on Oct  6 2018 05:43:09 by "java_re" with gcc 7.3.0

time: Mon Mar 20 20:47:33 2023
elapsed time: 503 seconds (0d 0h 8m 23s)

