#
# A fatal error has been detected by the Java Runtime Environment:
#
#  SIGSEGV (0xb) at pc=0x00007f17d1069cb4, pid=4926, tid=0x00007f17c5abc700
#
# JRE version: Java(TM) SE Runtime Environment (8.0_191-b12) (build 1.8.0_191-b12)
# Java VM: Java HotSpot(TM) 64-Bit Server VM (25.191-b12 mixed mode linux-amd64 compressed oops)
# Problematic frame:
# v  ~BufferBlob::jni_fast_GetLongField
#
# Failed to write core dump. Core dumps have been disabled. To enable core dumping, try "ulimit -c unlimited" before starting Java again
#
# If you would like to submit a bug report, please visit:
#   http://bugreport.java.com/bugreport/crash.jsp
# The crash happened outside the Java Virtual Machine in native code.
# See problematic frame for where to report the bug.
#

---------------  T H R E A D  ---------------

Current thread (0x00007f17e01d9800):  JavaThread "AWT-XAWT" daemon [_thread_in_native, id=4943, stack(0x00007f17c59bc000,0x00007f17c5abd000)]

siginfo: si_signo: 11 (SIGSEGV), si_code: 1 (SEGV_MAPERR), si_addr: 0x0000000000000000

Registers:
RAX=0x00007f17e86283c0, RBX=0x00007f17e01d99f8, RCX=0x0000000000000001, RDX=0x0000000000000042
RSP=0x00007f17c5abb838, RBP=0x00007f17c5abb860, RSI=0x0000000000000000, RDI=0x00007f17e01d99f8
R8 =0x00000000bce81ca0, R9 =0x0000000000000000, R10=0x0000000000000018, R11=0x00007f17e45576b0
R12=0x00007f17b803d2e0, R13=0x0000000000000000, R14=0x00007f17e4cacb00, R15=0x00007f17e01d9800
RIP=0x00007f17d1069cb4, EFLAGS=0x0000000000010246, CSGSFS=0x0000000000000033, ERR=0x0000000000000004
  TRAPNO=0x000000000000000e

Top of Stack: (sp=0x00007f17c5abb838)
0x00007f17c5abb838:   00007f17e4a8ab84 00007f17e5e05e60
0x00007f17c5abb848:   00007f17b803d2e0 00007f17c5abb910
0x00007f17c5abb858:   00007f17c5abb8e0 0000000000000000
0x00007f17c5abb868:   00007f17e4557708 00007f17e5e05e60
0x00007f17c5abb878:   00007f17c5abb8a0 0000000000000000
0x00007f17c5abb888:   00007f17e454eee3 00007f17c5abb910
0x00007f17c5abb898:   00007f17e4a82fef 00007f17c5abb8f0
0x00007f17c5abb8a8:   00007f17d124d336 0000000000000000
0x00007f17c5abb8b8:   00007f17d12230b6 00007f17c5abb910
0x00007f17c5abb8c8:   00007f17d114bbec 00007f17c5abb970
0x00007f17c5abb8d8:   00000000bd09a740 00000000bd060b08
0x00007f17c5abb8e8:   0000000000000001 00007f17c5abb970
0x00007f17c5abb8f8:   00007f17d1007a90 00007f17c5abb970
0x00007f17c5abb908:   00007f17d1007a90 0000000000000000
0x00007f17c5abb918:   00007f17d1007dd0 00007f17b4207ea0
0x00007f17c5abb928:   00000000bd143ab8 00007f17c5abb930
0x00007f17c5abb938:   00007f17e5ef9f84 00007f17c5abb9b8
0x00007f17c5abb948:   00007f17e5f02f68 0000000000000000
0x00007f17c5abb958:   00007f17e5efa0c0 00007f17c5abb910
0x00007f17c5abb968:   00007f17c5abb9b0 00007f17c5abba00
0x00007f17c5abb978:   00007f17d10082bd 0000000000000000
0x00007f17c5abb988:   00000000bd524998 0000000000000000
0x00007f17c5abb998:   0000000000000000 0000000000000000
0x00007f17c5abb9a8:   00000000bd143ab8 0000000000000000
0x00007f17c5abb9b8:   00000000bd09b2e0 00007f17c5abb9c0
0x00007f17c5abb9c8:   00007f17e5ef9dc5 00007f17c5abba10
0x00007f17c5abb9d8:   00007f17e5f02f68 0000000000000000
0x00007f17c5abb9e8:   00007f17e5ef9dd0 00007f17c5abb9b0
0x00007f17c5abb9f8:   00007f17c5abba10 00007f17c5abba58
0x00007f17c5abba08:   00007f17d1008302 00000000bd09b2e0
0x00007f17c5abba18:   00007f17c5abba18 00007f17e5a166cb
0x00007f17c5abba28:   00007f17c5abba68 00007f17e5a9e3e8 

Instructions: (pc=0x00007f17d1069cb4)
0x00007f17d1069c94:   00 00 00 00 00 00 00 00 00 00 00 00 44 8b 15 55
0x00007f17d1069ca4:   e2 5f 17 4c 8b ce 41 f6 c2 01 0f 85 1c 00 00 00
0x00007f17d1069cb4:   4d 8b 09 4c 8b da 49 c1 eb 02 4b 8b 04 19 44 3b
0x00007f17d1069cc4:   15 33 e2 5f 17 0f 85 01 00 00 00 c3 e9 eb 5c cf 

Register to memory mapping:

RAX=0x00007f17e86283c0: <offset 0xf883c0> in /jdk1.8.0_191/jre/lib/amd64/server/libjvm.so at 0x00007f17e76a0000
RBX=0x00007f17e01d99f8 is an unknown value
RCX=0x0000000000000001 is an unknown value
RDX=0x0000000000000042 is an unknown value
RSP=0x00007f17c5abb838 is pointing into the stack for thread: 0x00007f17e01d9800
RBP=0x00007f17c5abb860 is pointing into the stack for thread: 0x00007f17e01d9800
RSI=0x0000000000000000 is an unknown value
RDI=0x00007f17e01d99f8 is an unknown value
R8 =0x00000000bce81ca0 is an oop
sun.util.logging.PlatformLogger$Level 
 - klass: 'sun/util/logging/PlatformLogger$Level'
R9 =0x0000000000000000 is an unknown value
R10=0x0000000000000018 is an unknown value
R11=0x00007f17e45576b0: _XimServerDestroy+0 in /lib64/libX11.so.6 at 0x00007f17e44ee000
R12=0x00007f17b803d2e0 is an unknown value
R13=0x0000000000000000 is an unknown value
R14=0x00007f17e4cacb00: <offset 0x256b00> in /jdk1.8.0_191/jre/lib/amd64/libawt_xawt.so at 0x00007f17e4a56000
R15=0x00007f17e01d9800 is a thread


Stack: [0x00007f17c59bc000,0x00007f17c5abd000],  sp=0x00007f17c5abb838,  free space=1022k
Native frames: (J=compiled Java code, j=interpreted, Vv=VM code, C=native code)
v  ~BufferBlob::jni_fast_GetLongField
C  [libX11.so.6+0x69708]  _XimServerDestroy+0x58

Java frames: (J=compiled Java code, j=interpreted, Vv=VM code)
J 567  sun.awt.X11.XlibWrapper.XFilterEvent(JJ)Z (0 bytes) @ 0x00007f17d124d2c4 [0x00007f17d124d280+0x44]
j  sun.awt.X11.XToolkit.run(Z)V+300
j  sun.awt.X11.XToolkit.run()V+5
j  java.lang.Thread.run()V+11
v  ~StubRoutines::call_stub

---------------  P R O C E S S  ---------------

Java Threads: ( => current thread )
  0x00007f17e0009800 JavaThread "DestroyJavaVM" [_thread_blocked, id=4927, stack(0x00007f17e918e000,0x00007f17e928e000)]
  0x00007f17e02d7800 JavaThread "AWT-EventQueue-0" [_thread_blocked, id=4946, stack(0x00007f17c4e1d000,0x00007f17c4f1e000)]
  0x00007f17e0239800 JavaThread "AWT-Shutdown" [_thread_blocked, id=4945, stack(0x00007f17c55ba000,0x00007f17c56bb000)]
=>0x00007f17e01d9800 JavaThread "AWT-XAWT" daemon [_thread_in_native, id=4943, stack(0x00007f17c59bc000,0x00007f17c5abd000)]
  0x00007f17e01b2000 JavaThread "Java2D Disposer" daemon [_thread_blocked, id=4942, stack(0x00007f17d044c000,0x00007f17d054d000)]
  0x00007f17e00b4800 JavaThread "Service Thread" daemon [_thread_blocked, id=4940, stack(0x00007f17e5091000,0x00007f17e5192000)]
  0x00007f17e00b1800 JavaThread "C1 CompilerThread1" daemon [_thread_blocked, id=4939, stack(0x00007f17e5193000,0x00007f17e5293000)]
  0x00007f17e00af000 JavaThread "C2 CompilerThread0" daemon [_thread_blocked, id=4938, stack(0x00007f17e5294000,0x00007f17e5394000)]
  0x00007f17e00ad800 JavaThread "Signal Dispatcher" daemon [_thread_in_vm, id=4936, stack(0x00007f17e5394000,0x00007f17e5495000)]
  0x00007f17e007a800 JavaThread "Finalizer" daemon [_thread_blocked, id=4935, stack(0x00007f17e5495000,0x00007f17e5596000)]
  0x00007f17e0078000 JavaThread "Reference Handler" daemon [_thread_blocked, id=4934, stack(0x00007f17e5596000,0x00007f17e5697000)]

Other Threads:
  0x00007f17e006e000 VMThread [stack: 0x00007f17e5698000,0x00007f17e5798000] [id=4933]
  0x00007f17e00b9800 WatcherThread [stack: 0x00007f17e4f91000,0x00007f17e5091000] [id=4941]

VM state:not at safepoint (normal execution)

VM Mutex/Monitor currently owned by a thread:  ([mutex/lock_event])
[0x00007f17e0007060] Threads_lock - owner thread: 0x00007f17e00ad800

Heap:
 def new generation   total 20864K, used 9815K [0x00000000bce00000, 0x00000000be4a0000, 0x00000000d3400000)
  eden space 18560K,  52% used [0x00000000bce00000, 0x00000000bd795c80, 0x00000000be020000)
  from space 2304K,   0% used [0x00000000be020000, 0x00000000be020000, 0x00000000be260000)
  to   space 2304K,   0% used [0x00000000be260000, 0x00000000be260000, 0x00000000be4a0000)
 tenured generation   total 46464K, used 0K [0x00000000d3400000, 0x00000000d6160000, 0x0000000100000000)
   the space 46464K,   0% used [0x00000000d3400000, 0x00000000d3400000, 0x00000000d3400200, 0x00000000d6160000)
 Metaspace       used 12186K, capacity 12330K, committed 12672K, reserved 1060864K
  class space    used 1470K, capacity 1547K, committed 1664K, reserved 1048576K

Card table byte_map: [0x00007f17e634f000,0x00007f17e6569000] byte_map_base: 0x00007f17e5d68000

Polling page: 0x00007f17e92a9000

CodeCache: size=245760Kb used=2466Kb max_used=2466Kb free=243293Kb
 bounds [0x00007f17d1000000, 0x00007f17d1270000, 0x00007f17e0000000]
 total_blobs=1115 nmethods=572 adapters=457
 compilation: enabled

Compilation events (10 events):
Event: 738.480 Thread 0x00007f17e00b1800  566       3       sun.awt.X11.XEvent::getPData (5 bytes)
Event: 738.480 Thread 0x00007f17e00b1800 nmethod 566 0x00007f17d124f950 code [0x00007f17d124faa0, 0x00007f17d124fbf0]
Event: 738.480 Thread 0x00007f17e00b1800  569       3       sun.awt.X11.XBaseWindow::dispatchToWindow (44 bytes)
Event: 738.482 Thread 0x00007f17e00b1800 nmethod 569 0x00007f17d1257090 code [0x00007f17d1257320, 0x00007f17d1258378]
Event: 869.767 Thread 0x00007f17e00af000  570       4       sun.awt.X11.XToolkit::getDisplay (20 bytes)
Event: 869.767 Thread 0x00007f17e00af000 nmethod 570 0x00007f17d1233090 code [0x00007f17d12331c0, 0x00007f17d1233218]
Event: 900.941 Thread 0x00007f17e00b1800  571   !   3       sun.awt.X11.XDragSourceContextPeer::doProcessEvent (690 bytes)
Event: 900.946 Thread 0x00007f17e00b1800 nmethod 571 0x00007f17d125b890 code [0x00007f17d125c7a0, 0x00007f17d12662a8]
Event: 942.837 Thread 0x00007f17e00b1800  572       3       java.util.Arrays::copyOf (13 bytes)
Event: 942.838 Thread 0x00007f17e00b1800 nmethod 572 0x00007f17d124f510 code [0x00007f17d124f680, 0x00007f17d124f880]

GC Heap History (0 events):
No events

Deoptimization events (0 events):
No events

Classes redefined (0 events):
No events

Internal exceptions (10 events):
Event: 0.175 Thread 0x00007f17e0009800 Exception <a 'java/security/PrivilegedActionException'> (0x00000000bce67cf0) thrown at [/HUDSON/workspace/8-2-build-linux-amd64/jdk8u191/11894/hotspot/src/share/vm/prims/jvm.cpp, line 1435]
Event: 0.175 Thread 0x00007f17e0009800 Exception <a 'java/security/PrivilegedActionException'> (0x00000000bce67f00) thrown at [/HUDSON/workspace/8-2-build-linux-amd64/jdk8u191/11894/hotspot/src/share/vm/prims/jvm.cpp, line 1435]
Event: 0.186 Thread 0x00007f17e0009800 Exception <a 'java/security/PrivilegedActionException'> (0x00000000bce93e30) thrown at [/HUDSON/workspace/8-2-build-linux-amd64/jdk8u191/11894/hotspot/src/share/vm/prims/jvm.cpp, line 1435]
Event: 0.186 Thread 0x00007f17e0009800 Exception <a 'java/security/PrivilegedActionException'> (0x00000000bce94040) thrown at [/HUDSON/workspace/8-2-build-linux-amd64/jdk8u191/11894/hotspot/src/share/vm/prims/jvm.cpp, line 1435]
Event: 0.186 Thread 0x00007f17e0009800 Exception <a 'java/security/PrivilegedActionException'> (0x00000000bce95f08) thrown at [/HUDSON/workspace/8-2-build-linux-amd64/jdk8u191/11894/hotspot/src/share/vm/prims/jvm.cpp, line 1435]
Event: 0.186 Thread 0x00007f17e0009800 Exception <a 'java/security/PrivilegedActionException'> (0x00000000bce96118) thrown at [/HUDSON/workspace/8-2-build-linux-amd64/jdk8u191/11894/hotspot/src/share/vm/prims/jvm.cpp, line 1435]
Event: 0.259 Thread 0x00007f17e0009800 Exception <a 'java/lang/NoSuchFieldError': method resolution failed> (0x00000000bcfc29e0) thrown at [/HUDSON/workspace/8-2-build-linux-amd64/jdk8u191/11894/hotspot/src/share/vm/prims/methodHandles.cpp, line 1167]
Event: 0.261 Thread 0x00007f17e0009800 Exception <a 'java/lang/NoSuchFieldError': method resolution failed> (0x00000000bcfd01b0) thrown at [/HUDSON/workspace/8-2-build-linux-amd64/jdk8u191/11894/hotspot/src/share/vm/prims/methodHandles.cpp, line 1167]
Event: 0.281 Thread 0x00007f17e0009800 Exception <a 'java/io/FileNotFoundException'> (0x00000000bd04de28) thrown at [/HUDSON/workspace/8-2-build-linux-amd64/jdk8u191/11894/hotspot/src/share/vm/prims/jni.cpp, line 709]
Event: 0.281 Thread 0x00007f17e0009800 Exception <a 'java/io/FileNotFoundException'> (0x00000000bd04e768) thrown at [/HUDSON/workspace/8-2-build-linux-amd64/jdk8u191/11894/hotspot/src/share/vm/prims/jni.cpp, line 709]

Events (10 events):
Event: 9.756 loading class java/awt/KeyboardFocusManager$2
Event: 9.758 loading class java/awt/KeyboardFocusManager$2 done
Event: 9.758 loading class sun/awt/SunToolkit$1
Event: 9.758 loading class sun/awt/SunToolkit$1 done
Event: 9.758 loading class sun/awt/X11/XUnmapEvent
Event: 9.758 loading class sun/awt/X11/XUnmapEvent done
Event: 942.729 loading class sun/awt/X11/XDestroyWindowEvent
Event: 942.729 loading class sun/awt/X11/XDestroyWindowEvent done
Event: 943.000 loading class sun/misc/Signal$1
Event: 943.000 loading class sun/misc/Signal$1 done


Dynamic libraries:
00400000-00401000 r-xp 00000000 fd:00 102659985                          /jdk1.8.0_191/bin/java
00600000-00601000 r--p 00000000 fd:00 102659985                          /jdk1.8.0_191/bin/java
00601000-00602000 rw-p 00001000 fd:00 102659985                          /jdk1.8.0_191/bin/java
02040000-02061000 rw-p 00000000 00:00 0                                  [heap]
bce00000-be4a0000 rw-p 00000000 00:00 0 
be4a0000-d3400000 ---p 00000000 00:00 0 
d3400000-d6160000 rw-p 00000000 00:00 0 
d6160000-100000000 ---p 00000000 00:00 0 
100000000-1001a0000 rw-p 00000000 00:00 0 
1001a0000-140000000 ---p 00000000 00:00 0 
7f17a8000000-7f17a8021000 rw-p 00000000 00:00 0 
7f17a8021000-7f17ac000000 ---p 00000000 00:00 0 
7f17b0000000-7f17b0503000 rw-p 00000000 00:00 0 
7f17b0503000-7f17b4000000 ---p 00000000 00:00 0 
7f17b4000000-7f17b4752000 rw-p 00000000 00:00 0 
7f17b4752000-7f17b8000000 ---p 00000000 00:00 0 
7f17b8000000-7f17b804a000 rw-p 00000000 00:00 0 
7f17b804a000-7f17bc000000 ---p 00000000 00:00 0 
7f17bc000000-7f17bc021000 rw-p 00000000 00:00 0 
7f17bc021000-7f17c0000000 ---p 00000000 00:00 0 
7f17c0000000-7f17c0021000 rw-p 00000000 00:00 0 
7f17c0021000-7f17c4000000 ---p 00000000 00:00 0 
7f17c4c1d000-7f17c4cdd000 rw-p 00000000 00:00 0 
7f17c4cdd000-7f17c4e1d000 ---p 00000000 00:00 0 
7f17c4e1d000-7f17c4e20000 ---p 00000000 00:00 0 
7f17c4e20000-7f17c4f1e000 rw-p 00000000 00:00 0 
7f17c4f1e000-7f17c4f8a000 r-xp 00000000 fd:00 68611362                   /jdk1.8.0_191/jre/lib/amd64/libt2k.so
7f17c4f8a000-7f17c518a000 ---p 0006c000 fd:00 68611362                   /jdk1.8.0_191/jre/lib/amd64/libt2k.so
7f17c518a000-7f17c5190000 r--p 0006c000 fd:00 68611362                   /jdk1.8.0_191/jre/lib/amd64/libt2k.so
7f17c5190000-7f17c5191000 rw-p 00072000 fd:00 68611362                   /jdk1.8.0_191/jre/lib/amd64/libt2k.so
7f17c5191000-7f17c51a2000 r-xp 00000000 fd:00 68628421                   /jdk1.8.0_191/jre/lib/amd64/libnio.so
7f17c51a2000-7f17c53a1000 ---p 00011000 fd:00 68628421                   /jdk1.8.0_191/jre/lib/amd64/libnio.so
7f17c53a1000-7f17c53a2000 r--p 00010000 fd:00 68628421                   /jdk1.8.0_191/jre/lib/amd64/libnio.so
7f17c53a2000-7f17c53a3000 rw-p 00011000 fd:00 68628421                   /jdk1.8.0_191/jre/lib/amd64/libnio.so
7f17c53a3000-7f17c53b9000 r-xp 00000000 fd:00 68628418                   /jdk1.8.0_191/jre/lib/amd64/libnet.so
7f17c53b9000-7f17c55b8000 ---p 00016000 fd:00 68628418                   /jdk1.8.0_191/jre/lib/amd64/libnet.so
7f17c55b8000-7f17c55b9000 r--p 00015000 fd:00 68628418                   /jdk1.8.0_191/jre/lib/amd64/libnet.so
7f17c55b9000-7f17c55ba000 rw-p 00016000 fd:00 68628418                   /jdk1.8.0_191/jre/lib/amd64/libnet.so
7f17c55ba000-7f17c55bd000 ---p 00000000 00:00 0 
7f17c55bd000-7f17c58bb000 rw-p 00000000 00:00 0 
7f17c58bb000-7f17c58be000 ---p 00000000 00:00 0 
7f17c58be000-7f17c59bc000 rw-p 00000000 00:00 0 
7f17c59bc000-7f17c59bf000 ---p 00000000 00:00 0 
7f17c59bf000-7f17c5abd000 rw-p 00000000 00:00 0 
7f17c5abd000-7f17cc000000 r--p 00000000 fd:00 101106078                  /usr/lib/locale/locale-archive
7f17cc000000-7f17cc021000 rw-p 00000000 00:00 0 
7f17cc021000-7f17d0000000 ---p 00000000 00:00 0 
7f17d003b000-7f17d0040000 r-xp 00000000 fd:00 35263117                   /usr/lib64/libXfixes.so.3.1.0
7f17d0040000-7f17d023f000 ---p 00005000 fd:00 35263117                   /usr/lib64/libXfixes.so.3.1.0
7f17d023f000-7f17d0240000 r--p 00004000 fd:00 35263117                   /usr/lib64/libXfixes.so.3.1.0
7f17d0240000-7f17d0241000 rw-p 00005000 fd:00 35263117                   /usr/lib64/libXfixes.so.3.1.0
7f17d0241000-7f17d024a000 r-xp 00000000 fd:00 35263210                   /usr/lib64/libXcursor.so.1.0.2
7f17d024a000-7f17d044a000 ---p 00009000 fd:00 35263210                   /usr/lib64/libXcursor.so.1.0.2
7f17d044a000-7f17d044b000 r--p 00009000 fd:00 35263210                   /usr/lib64/libXcursor.so.1.0.2
7f17d044b000-7f17d044c000 rw-p 0000a000 fd:00 35263210                   /usr/lib64/libXcursor.so.1.0.2
7f17d044c000-7f17d044f000 ---p 00000000 00:00 0 
7f17d044f000-7f17d054d000 rw-p 00000000 00:00 0 
7f17d054d000-7f17d0562000 r-xp 00000000 fd:00 40121674                   /usr/lib64/libgcc_s-4.8.5-20150702.so.1
7f17d0562000-7f17d0761000 ---p 00015000 fd:00 40121674                   /usr/lib64/libgcc_s-4.8.5-20150702.so.1
7f17d0761000-7f17d0762000 r--p 00014000 fd:00 40121674                   /usr/lib64/libgcc_s-4.8.5-20150702.so.1
7f17d0762000-7f17d0763000 rw-p 00015000 fd:00 40121674                   /usr/lib64/libgcc_s-4.8.5-20150702.so.1
7f17d0763000-7f17d07c0000 r-xp 00000000 fd:00 68611374                   /jdk1.8.0_191/jre/lib/amd64/libfontmanager.so
7f17d07c0000-7f17d09c0000 ---p 0005d000 fd:00 68611374                   /jdk1.8.0_191/jre/lib/amd64/libfontmanager.so
7f17d09c0000-7f17d09c3000 r--p 0005d000 fd:00 68611374                   /jdk1.8.0_191/jre/lib/amd64/libfontmanager.so
7f17d09c3000-7f17d09c4000 rw-p 00060000 fd:00 68611374                   /jdk1.8.0_191/jre/lib/amd64/libfontmanager.so
7f17d09c4000-7f17d09c6000 r-xp 00000000 fd:00 33780200                   /usr/lib64/libXau.so.6.0.0
7f17d09c6000-7f17d0bc6000 ---p 00002000 fd:00 33780200                   /usr/lib64/libXau.so.6.0.0
7f17d0bc6000-7f17d0bc7000 r--p 00002000 fd:00 33780200                   /usr/lib64/libXau.so.6.0.0
7f17d0bc7000-7f17d0bc8000 rw-p 00003000 fd:00 33780200                   /usr/lib64/libXau.so.6.0.0
7f17d0bc8000-7f17d0bef000 r-xp 00000000 fd:00 33809088                   /usr/lib64/libxcb.so.1.1.0
7f17d0bef000-7f17d0dee000 ---p 00027000 fd:00 33809088                   /usr/lib64/libxcb.so.1.1.0
7f17d0dee000-7f17d0def000 r--p 00026000 fd:00 33809088                   /usr/lib64/libxcb.so.1.1.0
7f17d0def000-7f17d0df0000 rw-p 00027000 fd:00 33809088                   /usr/lib64/libxcb.so.1.1.0
7f17d0df0000-7f17d0dff000 r-xp 00000000 fd:00 35263123                   /usr/lib64/libXi.so.6.1.0
7f17d0dff000-7f17d0ffe000 ---p 0000f000 fd:00 35263123                   /usr/lib64/libXi.so.6.1.0
7f17d0ffe000-7f17d0fff000 r--p 0000e000 fd:00 35263123                   /usr/lib64/libXi.so.6.1.0
7f17d0fff000-7f17d1000000 rw-p 0000f000 fd:00 35263123                   /usr/lib64/libXi.so.6.1.0
7f17d1000000-7f17d1270000 rwxp 00000000 00:00 0 
7f17d1270000-7f17e0000000 ---p 00000000 00:00 0 
7f17e0000000-7f17e02ee000 rw-p 00000000 00:00 0 
7f17e02ee000-7f17e4000000 ---p 00000000 00:00 0 
7f17e409f000-7f17e40dd000 rw-s 00000000 00:04 131101                     /SYSV00000000 (deleted)
7f17e40dd000-7f17e40e2000 r-xp 00000000 fd:00 35263171                   /usr/lib64/libXtst.so.6.1.0
7f17e40e2000-7f17e42e1000 ---p 00005000 fd:00 35263171                   /usr/lib64/libXtst.so.6.1.0
7f17e42e1000-7f17e42e2000 r--p 00004000 fd:00 35263171                   /usr/lib64/libXtst.so.6.1.0
7f17e42e2000-7f17e42e3000 rw-p 00005000 fd:00 35263171                   /usr/lib64/libXtst.so.6.1.0
7f17e42e3000-7f17e42ec000 r-xp 00000000 fd:00 35263135                   /usr/lib64/libXrender.so.1.3.0
7f17e42ec000-7f17e44ec000 ---p 00009000 fd:00 35263135                   /usr/lib64/libXrender.so.1.3.0
7f17e44ec000-7f17e44ed000 r--p 00009000 fd:00 35263135                   /usr/lib64/libXrender.so.1.3.0
7f17e44ed000-7f17e44ee000 rw-p 0000a000 fd:00 35263135                   /usr/lib64/libXrender.so.1.3.0
7f17e44ee000-7f17e4626000 r-xp 00000000 fd:00 36315762                   /usr/lib64/libX11.so.6.3.0
7f17e4626000-7f17e4826000 ---p 00138000 fd:00 36315762                   /usr/lib64/libX11.so.6.3.0
7f17e4826000-7f17e4827000 r--p 00138000 fd:00 36315762                   /usr/lib64/libX11.so.6.3.0
7f17e4827000-7f17e482c000 rw-p 00139000 fd:00 36315762                   /usr/lib64/libX11.so.6.3.0
7f17e482c000-7f17e483d000 r-xp 00000000 fd:00 35263116                   /usr/lib64/libXext.so.6.4.0
7f17e483d000-7f17e4a3c000 ---p 00011000 fd:00 35263116                   /usr/lib64/libXext.so.6.4.0
7f17e4a3c000-7f17e4a3d000 r--p 00010000 fd:00 35263116                   /usr/lib64/libXext.so.6.4.0
7f17e4a3d000-7f17e4a3e000 rw-p 00011000 fd:00 35263116                   /usr/lib64/libXext.so.6.4.0
7f17e4a56000-7f17e4aa9000 r-xp 00000000 fd:00 68628425                   /jdk1.8.0_191/jre/lib/amd64/libawt_xawt.so
7f17e4aa9000-7f17e4ca8000 ---p 00053000 fd:00 68628425                   /jdk1.8.0_191/jre/lib/amd64/libawt_xawt.so
7f17e4ca8000-7f17e4ca9000 r--p 00052000 fd:00 68628425                   /jdk1.8.0_191/jre/lib/amd64/libawt_xawt.so
7f17e4ca9000-7f17e4cac000 rw-p 00053000 fd:00 68628425                   /jdk1.8.0_191/jre/lib/amd64/libawt_xawt.so
7f17e4cac000-7f17e4cad000 rw-p 00000000 00:00 0 
7f17e4cad000-7f17e4d4c000 r-xp 00000000 fd:00 68611387                   /jdk1.8.0_191/jre/lib/amd64/libawt.so
7f17e4d4c000-7f17e4f4c000 ---p 0009f000 fd:00 68611387                   /jdk1.8.0_191/jre/lib/amd64/libawt.so
7f17e4f4c000-7f17e4f4d000 r--p 0009f000 fd:00 68611387                   /jdk1.8.0_191/jre/lib/amd64/libawt.so
7f17e4f4d000-7f17e4f58000 rw-p 000a0000 fd:00 68611387                   /jdk1.8.0_191/jre/lib/amd64/libawt.so
7f17e4f58000-7f17e4f7d000 rw-p 00000000 00:00 0 
7f17e4f7d000-7f17e4f90000 r--s 00345000 fd:00 3556547                    /jdk1.8.0_191/jre/lib/resources.jar
7f17e4f90000-7f17e4f91000 ---p 00000000 00:00 0 
7f17e4f91000-7f17e5091000 rw-p 00000000 00:00 0 
7f17e5091000-7f17e5094000 ---p 00000000 00:00 0 
7f17e5094000-7f17e5192000 rw-p 00000000 00:00 0 
7f17e5192000-7f17e5196000 ---p 00000000 00:00 0 
7f17e5196000-7f17e5293000 rw-p 00000000 00:00 0 
7f17e5293000-7f17e5297000 ---p 00000000 00:00 0 
7f17e5297000-7f17e5394000 rw-p 00000000 00:00 0 
7f17e5394000-7f17e5397000 ---p 00000000 00:00 0 
7f17e5397000-7f17e5495000 rw-p 00000000 00:00 0 
7f17e5495000-7f17e5498000 ---p 00000000 00:00 0 
7f17e5498000-7f17e5596000 rw-p 00000000 00:00 0 
7f17e5596000-7f17e5599000 ---p 00000000 00:00 0 
7f17e5599000-7f17e5697000 rw-p 00000000 00:00 0 
7f17e5697000-7f17e5698000 ---p 00000000 00:00 0 
7f17e5698000-7f17e5798000 rw-p 00000000 00:00 0 
7f17e5798000-7f17e5972000 r--s 03d6c000 fd:00 3532122                    /jdk1.8.0_191/jre/lib/rt.jar
7f17e5972000-7f17e61ff000 rw-p 00000000 00:00 0 
7f17e61ff000-7f17e634f000 ---p 00000000 00:00 0 
7f17e634f000-7f17e635b000 rw-p 00000000 00:00 0 
7f17e635b000-7f17e6402000 ---p 00000000 00:00 0 
7f17e6402000-7f17e6419000 rw-p 00000000 00:00 0 
7f17e6419000-7f17e6568000 ---p 00000000 00:00 0 
7f17e6568000-7f17e6573000 rw-p 00000000 00:00 0 
7f17e6573000-7f17e6929000 ---p 00000000 00:00 0 
7f17e6929000-7f17e6943000 r-xp 00000000 fd:00 68611390                   /jdk1.8.0_191/jre/lib/amd64/libzip.so
7f17e6943000-7f17e6b43000 ---p 0001a000 fd:00 68611390                   /jdk1.8.0_191/jre/lib/amd64/libzip.so
7f17e6b43000-7f17e6b44000 r--p 0001a000 fd:00 68611390                   /jdk1.8.0_191/jre/lib/amd64/libzip.so
7f17e6b44000-7f17e6b45000 rw-p 0001b000 fd:00 68611390                   /jdk1.8.0_191/jre/lib/amd64/libzip.so
7f17e6b45000-7f17e6b51000 r-xp 00000000 fd:00 35108647                   /usr/lib64/libnss_files-2.17.so
7f17e6b51000-7f17e6d50000 ---p 0000c000 fd:00 35108647                   /usr/lib64/libnss_files-2.17.so
7f17e6d50000-7f17e6d51000 r--p 0000b000 fd:00 35108647                   /usr/lib64/libnss_files-2.17.so
7f17e6d51000-7f17e6d52000 rw-p 0000c000 fd:00 35108647                   /usr/lib64/libnss_files-2.17.so
7f17e6d52000-7f17e6d58000 rw-p 00000000 00:00 0 
7f17e6d58000-7f17e6d85000 r-xp 00000000 fd:00 68611384                   /jdk1.8.0_191/jre/lib/amd64/libjava.so
7f17e6d85000-7f17e6f84000 ---p 0002d000 fd:00 68611384                   /jdk1.8.0_191/jre/lib/amd64/libjava.so
7f17e6f84000-7f17e6f85000 r--p 0002c000 fd:00 68611384                   /jdk1.8.0_191/jre/lib/amd64/libjava.so
7f17e6f85000-7f17e6f87000 rw-p 0002d000 fd:00 68611384                   /jdk1.8.0_191/jre/lib/amd64/libjava.so
7f17e6f87000-7f17e6f94000 r-xp 00000000 fd:00 68611389                   /jdk1.8.0_191/jre/lib/amd64/libverify.so
7f17e6f94000-7f17e7193000 ---p 0000d000 fd:00 68611389                   /jdk1.8.0_191/jre/lib/amd64/libverify.so
7f17e7193000-7f17e7195000 r--p 0000c000 fd:00 68611389                   /jdk1.8.0_191/jre/lib/amd64/libverify.so
7f17e7195000-7f17e7196000 rw-p 0000e000 fd:00 68611389                   /jdk1.8.0_191/jre/lib/amd64/libverify.so
7f17e7196000-7f17e719d000 r-xp 00000000 fd:00 35108651                   /usr/lib64/librt-2.17.so
7f17e719d000-7f17e739c000 ---p 00007000 fd:00 35108651                   /usr/lib64/librt-2.17.so
7f17e739c000-7f17e739d000 r--p 00006000 fd:00 35108651                   /usr/lib64/librt-2.17.so
7f17e739d000-7f17e739e000 rw-p 00007000 fd:00 35108651                   /usr/lib64/librt-2.17.so
7f17e739e000-7f17e749f000 r-xp 00000000 fd:00 35108644                   /usr/lib64/libm-2.17.so
7f17e749f000-7f17e769e000 ---p 00101000 fd:00 35108644                   /usr/lib64/libm-2.17.so
7f17e769e000-7f17e769f000 r--p 00100000 fd:00 35108644                   /usr/lib64/libm-2.17.so
7f17e769f000-7f17e76a0000 rw-p 00101000 fd:00 35108644                   /usr/lib64/libm-2.17.so
7f17e76a0000-7f17e8382000 r-xp 00000000 fd:00 3556594                    /jdk1.8.0_191/jre/lib/amd64/server/libjvm.so
7f17e8382000-7f17e8582000 ---p 00ce2000 fd:00 3556594                    /jdk1.8.0_191/jre/lib/amd64/server/libjvm.so
7f17e8582000-7f17e8618000 r--p 00ce2000 fd:00 3556594                    /jdk1.8.0_191/jre/lib/amd64/server/libjvm.so
7f17e8618000-7f17e8649000 rw-p 00d78000 fd:00 3556594                    /jdk1.8.0_191/jre/lib/amd64/server/libjvm.so
7f17e8649000-7f17e8684000 rw-p 00000000 00:00 0 
7f17e8684000-7f17e8847000 r-xp 00000000 fd:00 33644670                   /usr/lib64/libc-2.17.so
7f17e8847000-7f17e8a47000 ---p 001c3000 fd:00 33644670                   /usr/lib64/libc-2.17.so
7f17e8a47000-7f17e8a4b000 r--p 001c3000 fd:00 33644670                   /usr/lib64/libc-2.17.so
7f17e8a4b000-7f17e8a4d000 rw-p 001c7000 fd:00 33644670                   /usr/lib64/libc-2.17.so
7f17e8a4d000-7f17e8a52000 rw-p 00000000 00:00 0 
7f17e8a52000-7f17e8a54000 r-xp 00000000 fd:00 35108643                   /usr/lib64/libdl-2.17.so
7f17e8a54000-7f17e8c54000 ---p 00002000 fd:00 35108643                   /usr/lib64/libdl-2.17.so
7f17e8c54000-7f17e8c55000 r--p 00002000 fd:00 35108643                   /usr/lib64/libdl-2.17.so
7f17e8c55000-7f17e8c56000 rw-p 00003000 fd:00 35108643                   /usr/lib64/libdl-2.17.so
7f17e8c56000-7f17e8c6d000 r-xp 00000000 fd:00 36652250                   /jdk1.8.0_191/lib/amd64/jli/libjli.so
7f17e8c6d000-7f17e8e6c000 ---p 00017000 fd:00 36652250                   /jdk1.8.0_191/lib/amd64/jli/libjli.so
7f17e8e6c000-7f17e8e6d000 r--p 00016000 fd:00 36652250                   /jdk1.8.0_191/lib/amd64/jli/libjli.so
7f17e8e6d000-7f17e8e6e000 rw-p 00017000 fd:00 36652250                   /jdk1.8.0_191/lib/amd64/jli/libjli.so
7f17e8e6e000-7f17e8e85000 r-xp 00000000 fd:00 33644696                   /usr/lib64/libpthread-2.17.so
7f17e8e85000-7f17e9084000 ---p 00017000 fd:00 33644696                   /usr/lib64/libpthread-2.17.so
7f17e9084000-7f17e9085000 r--p 00016000 fd:00 33644696                   /usr/lib64/libpthread-2.17.so
7f17e9085000-7f17e9086000 rw-p 00017000 fd:00 33644696                   /usr/lib64/libpthread-2.17.so
7f17e9086000-7f17e908a000 rw-p 00000000 00:00 0 
7f17e908a000-7f17e90ac000 r-xp 00000000 fd:00 33644662                   /usr/lib64/ld-2.17.so
7f17e90ac000-7f17e90b1000 r--s 00084000 fd:00 3532075                    /jdk1.8.0_191/jre/lib/jfr.jar
7f17e90b1000-7f17e90b6000 r--s 002f9000 fd:00 3532120                    /jdk1.8.0_191/jre/lib/charsets.jar
7f17e90b6000-7f17e90bb000 r--s 000a0000 fd:00 3556556                    /jdk1.8.0_191/jre/lib/jsse.jar
7f17e90bb000-7f17e918d000 rw-p 00000000 00:00 0 
7f17e918d000-7f17e9191000 ---p 00000000 00:00 0 
7f17e9191000-7f17e9292000 rw-p 00000000 00:00 0 
7f17e9293000-7f17e9296000 r--s 0001a000 fd:00 3556598                    /jdk1.8.0_191/jre/lib/jce.jar
7f17e9296000-7f17e92a0000 r--s 000c0000 fd:00 889162                     /jdk1.8.0_191/jre/lib/ext/postgresql-42.2.5.jar
7f17e92a0000-7f17e92a8000 rw-s 00000000 fd:00 104722934                  /tmp/hsperfdata_root/4926
7f17e92a8000-7f17e92a9000 rw-p 00000000 00:00 0 
7f17e92a9000-7f17e92aa000 r--p 00000000 00:00 0 
7f17e92aa000-7f17e92ab000 rw-p 00000000 00:00 0 
7f17e92ab000-7f17e92ac000 r--p 00021000 fd:00 33644662                   /usr/lib64/ld-2.17.so
7f17e92ac000-7f17e92ad000 rw-p 00022000 fd:00 33644662                   /usr/lib64/ld-2.17.so
7f17e92ad000-7f17e92ae000 rw-p 00000000 00:00 0 
7ffc069a6000-7ffc069c7000 rw-p 00000000 00:00 0                          [stack]
7ffc069dd000-7ffc069df000 r-xp 00000000 00:00 0                          [vdso]
ffffffffff600000-ffffffffff601000 r-xp 00000000 00:00 0                  [vsyscall]

VM Arguments:
jvm_args: -Dfile.encoding=UTF-8 
java_command: electricity.billing.system.Signup
java_class_path (initial): /jdk1.8.0_191/jre/lib/resources.jar:/jdk1.8.0_191/jre/lib/rt.jar:/jdk1.8.0_191/jre/lib/jsse.jar:/jdk1.8.0_191/jre/lib/jce.jar:/jdk1.8.0_191/jre/lib/charsets.jar:/jdk1.8.0_191/jre/lib/jfr.jar:/jdk1.8.0_191/jre/lib/ext/sunec.jar:/jdk1.8.0_191/jre/lib/ext/dnsns.jar:/jdk1.8.0_191/jre/lib/ext/cldrdata.jar:/jdk1.8.0_191/jre/lib/ext/jfxrt.jar:/jdk1.8.0_191/jre/lib/ext/jaccess.jar:/jdk1.8.0_191/jre/lib/ext/nashorn.jar:/jdk1.8.0_191/jre/lib/ext/zipfs.jar:/jdk1.8.0_191/jre/lib/ext/sunpkcs11.jar:/jdk1.8.0_191/jre/lib/ext/localedata.jar:/jdk1.8.0_191/jre/lib/ext/sunjce_provider.jar:/jdk1.8.0_191/jre/lib/ext/postgresql-42.2.5.jar:/root/apurva/Electricity Billing System/bin
Launcher Type: SUN_STANDARD

Environment Variables:
JAVA_HOME=/jdk1.8.0_191
CLASSPATH=:/apache-tomcat-8.5.38/common/lib/servlet-api.jar
PATH=/jdk1.8.0_191/bin:/usr/local/bin:/usr/local/sbin:/usr/bin:/usr/sbin:/bin:/sbin:/root/bin
USERNAME=root
SHELL=/bin/bash
DISPLAY=:0

Signal Handlers:
SIGSEGV: [libjvm.so+0xaced60], sa_mask[0]=11111111011111111101111111111110, sa_flags=SA_RESTART|SA_SIGINFO
SIGBUS: [libjvm.so+0xaced60], sa_mask[0]=11111111011111111101111111111110, sa_flags=SA_RESTART|SA_SIGINFO
SIGFPE: [libjvm.so+0x907ca0], sa_mask[0]=11111111011111111101111111111110, sa_flags=SA_RESTART|SA_SIGINFO
SIGPIPE: [libjvm.so+0x907ca0], sa_mask[0]=11111111011111111101111111111110, sa_flags=SA_RESTART|SA_SIGINFO
SIGXFSZ: [libjvm.so+0x907ca0], sa_mask[0]=11111111011111111101111111111110, sa_flags=SA_RESTART|SA_SIGINFO
SIGILL: [libjvm.so+0x907ca0], sa_mask[0]=11111111011111111101111111111110, sa_flags=SA_RESTART|SA_SIGINFO
SIGUSR1: SIG_DFL, sa_mask[0]=00000000000000000000000000000000, sa_flags=none
SIGUSR2: [libjvm.so+0x907b70], sa_mask[0]=00100000000000000000000000000000, sa_flags=SA_RESTART|SA_SIGINFO
SIGHUP: [libjvm.so+0x908190], sa_mask[0]=11111111011111111101111111111110, sa_flags=SA_RESTART|SA_SIGINFO
SIGINT: [libjvm.so+0x908190], sa_mask[0]=11111111011111111101111111111110, sa_flags=SA_RESTART|SA_SIGINFO
SIGTERM: [libjvm.so+0x908190], sa_mask[0]=11111111011111111101111111111110, sa_flags=SA_RESTART|SA_SIGINFO
SIGQUIT: [libjvm.so+0x908190], sa_mask[0]=11111111011111111101111111111110, sa_flags=SA_RESTART|SA_SIGINFO


---------------  S Y S T E M  ---------------

OS:CentOS Linux release 7.8.2003 (Core)

uname:Linux 3.10.0-1127.13.1.el7.x86_64 #1 SMP Tue Jun 23 15:46:38 UTC 2020 x86_64
libc:glibc 2.17 NPTL 2.17 
rlimit: STACK 8192k, CORE 0k, NPROC 17043, NOFILE 4096, AS infinity
load average:0.03 0.08 0.18

/proc/meminfo:
MemTotal:        4396508 kB
MemFree:         1589476 kB
MemAvailable:    2457060 kB
Buffers:            1080 kB
Cached:          1107444 kB
SwapCached:            0 kB
Active:          1759348 kB
Inactive:         768832 kB
Active(anon):    1421340 kB
Inactive(anon):    59468 kB
Active(file):     338008 kB
Inactive(file):   709364 kB
Unevictable:          32 kB
Mlocked:              32 kB
SwapTotal:       2359292 kB
SwapFree:        2359292 kB
Dirty:               128 kB
Writeback:             0 kB
AnonPages:       1413520 kB
Mapped:           201244 kB
Shmem:             61096 kB
Slab:              99720 kB
SReclaimable:      50772 kB
SUnreclaim:        48948 kB
KernelStack:        9904 kB
PageTables:        26052 kB
NFS_Unstable:          0 kB
Bounce:                0 kB
WritebackTmp:          0 kB
CommitLimit:     4557544 kB
Committed_AS:    3705956 kB
VmallocTotal:   34359738367 kB
VmallocUsed:       38408 kB
VmallocChunk:   34359695352 kB
Percpu:              200 kB
HardwareCorrupted:     0 kB
AnonHugePages:    778240 kB
CmaTotal:              0 kB
CmaFree:               0 kB
HugePages_Total:       0
HugePages_Free:        0
HugePages_Rsvd:        0
HugePages_Surp:        0
Hugepagesize:       2048 kB
DirectMap4k:       94144 kB
DirectMap2M:     4624384 kB

container (cgroup) information:
container_type: cgroupv1
cpu_cpuset_cpus: 0
cpu_memory_nodes: 0
active_processor_count: 1
cpu_quota: -1
cpu_period: 100000
cpu_shares: -1
memory_limit_in_bytes: -1
memory_and_swap_limit_in_bytes: -1
memory_soft_limit_in_bytes: -1
memory_usage_in_bytes: 2588827648
memory_max_usage_in_bytes: 0


CPU:total 1 (initial active 1) (1 cores per cpu, 1 threads per core) family 6 model 126 stepping 5, cmov, cx8, fxsr, mmx, sse, sse2, sse3, ssse3, sse4.1, sse4.2, popcnt, avx, avx2, aes, clmul, 3dnowpref, lzcnt, tsc, tscinvbit, bmi1, bmi2

/proc/cpuinfo:
processor	: 0
vendor_id	: GenuineIntel
cpu family	: 6
model		: 126
model name	: Intel(R) Core(TM) i5-1035G1 CPU @ 1.00GHz
stepping	: 5
cpu MHz		: 1190.400
cache size	: 6144 KB
physical id	: 0
siblings	: 1
core id		: 0
cpu cores	: 1
apicid		: 0
initial apicid	: 0
fpu		: yes
fpu_exception	: yes
cpuid level	: 22
wp		: yes
flags		: fpu vme de pse tsc msr pae mce cx8 apic sep mtrr pge mca cmov pat pse36 clflush mmx fxsr sse sse2 ht syscall nx rdtscp lm constant_tsc rep_good nopl xtopology nonstop_tsc eagerfpu pni pclmulqdq monitor ssse3 cx16 pcid sse4_1 sse4_2 x2apic movbe popcnt aes xsave avx rdrand hypervisor lahf_lm abm 3dnowprefetch invpcid_single fsgsbase bmi1 avx2 bmi2 invpcid rdseed clflushopt md_clear flush_l1d arch_capabilities
bogomips	: 2380.80
clflush size	: 64
cache_alignment	: 64
address sizes	: 39 bits physical, 48 bits virtual
power management:



Memory: 4k page, physical 4396508k(1589376k free), swap 2359292k(2359292k free)

vm_info: Java HotSpot(TM) 64-Bit Server VM (25.191-b12) for linux-amd64 JRE (1.8.0_191-b12), built on Oct  6 2018 05:43:09 by "java_re" with gcc 7.3.0

time: Mon Mar 20 20:34:16 2023
elapsed time: 943 seconds (0d 0h 15m 43s)

