#
# A fatal error has been detected by the Java Runtime Environment:
#
#  SIGSEGV (0xb) at pc=0x00007f3479069cb4, pid=6932, tid=0x00007f34656ab700
#
# JRE version: Java(TM) SE Runtime Environment (8.0_191-b12) (build 1.8.0_191-b12)
# Java VM: Java HotSpot(TM) 64-Bit Server VM (25.191-b12 mixed mode linux-amd64 compressed oops)
# Problematic frame:
# v  ~BufferBlob::jni_fast_GetLongField
#
# Failed to write core dump. Core dumps have been disabled. To enable core dumping, try "ulimit -c unlimited" before starting Java again
#
# If you would like to submit a bug report, please visit:
#   http://bugreport.java.com/bugreport/crash.jsp
# The crash happened outside the Java Virtual Machine in native code.
# See problematic frame for where to report the bug.
#

---------------  T H R E A D  ---------------

Current thread (0x00007f34881cf000):  JavaThread "AWT-XAWT" daemon [_thread_in_native, id=6950, stack(0x00007f34655ab000,0x00007f34656ac000)]

siginfo: si_signo: 11 (SIGSEGV), si_code: 1 (SEGV_MAPERR), si_addr: 0x0000000000000000

Registers:
RAX=0x00007f34901fb3c0, RBX=0x00007f34881cf1f8, RCX=0x0000000000000001, RDX=0x0000000000000042
RSP=0x00007f34656aa838, RBP=0x00007f34656aa860, RSI=0x0000000000000000, RDI=0x00007f34881cf1f8
R8 =0x0000000000000320, R9 =0x0000000000000000, R10=0x0000000000000022, R11=0x00007f348c12a6b0
R12=0x00007f3460008540, R13=0x0000000000000000, R14=0x00007f348c87fb00, R15=0x00007f34881cf000
RIP=0x00007f3479069cb4, EFLAGS=0x0000000000010246, CSGSFS=0x0000000000000033, ERR=0x0000000000000004
  TRAPNO=0x000000000000000e

Top of Stack: (sp=0x00007f34656aa838)
0x00007f34656aa838:   00007f348c65db84 00007f348d9d2fb8
0x00007f34656aa848:   00007f3460008540 00007f34656aa910
0x00007f34656aa858:   00007f34656aa8e0 0000000000000000
0x00007f34656aa868:   00007f348c12a708 00007f348d9d2fb8
0x00007f34656aa878:   00007f34656aa8a0 0000000000000000
0x00007f34656aa888:   00007f348c121ee3 00007f34656aa910
0x00007f34656aa898:   00007f348c655fef 00007f34656aa8f0
0x00007f34656aa8a8:   00007f3479250a36 0000000000000000
0x00007f34656aa8b8:   00007f3479225e76 00007f34656aa910
0x00007f34656aa8c8:   00007f347913ec6c 00007f34656aa970
0x00007f34656aa8d8:   00000000bd09a688 00000000bd060a50
0x00007f34656aa8e8:   0000000000000001 00007f34656aa970
0x00007f34656aa8f8:   00007f3479007a90 00007f34656aa970
0x00007f34656aa908:   00007f3479007a90 0000000000000000
0x00007f34656aa918:   00007f3479007dd0 00007f345c2013e0
0x00007f34656aa928:   00000000bd143a28 00007f34656aa930
0x00007f34656aa938:   00007f348dac73cc 00007f34656aa9b8
0x00007f34656aa948:   00007f348dad0828 0000000000000000
0x00007f34656aa958:   00007f348dac7508 00007f34656aa910
0x00007f34656aa968:   00007f34656aa9b0 00007f34656aaa00
0x00007f34656aa978:   00007f34790082bd 0000000000000000
0x00007f34656aa988:   00000000bd59adc0 0000000000000000
0x00007f34656aa998:   0000000000000000 0000000000000000
0x00007f34656aa9a8:   00000000bd143a28 0000000000000000
0x00007f34656aa9b8:   00000000bd09b228 00007f34656aa9c0
0x00007f34656aa9c8:   00007f348dac720d 00007f34656aaa10
0x00007f34656aa9d8:   00007f348dad0828 0000000000000000
0x00007f34656aa9e8:   00007f348dac7218 00007f34656aa9b0
0x00007f34656aa9f8:   00007f34656aaa10 00007f34656aaa58
0x00007f34656aaa08:   00007f3479008302 00000000bd09b228
0x00007f34656aaa18:   00007f34656aaa18 00007f348d5e96cb
0x00007f34656aaa28:   00007f34656aaa68 00007f348d6713e8 

Instructions: (pc=0x00007f3479069cb4)
0x00007f3479069c94:   00 00 00 00 00 00 00 00 00 00 00 00 44 8b 15 55
0x00007f3479069ca4:   12 1d 17 4c 8b ce 41 f6 c2 01 0f 85 1c 00 00 00
0x00007f3479069cb4:   4d 8b 09 4c 8b da 49 c1 eb 02 4b 8b 04 19 44 3b
0x00007f3479069cc4:   15 33 12 1d 17 0f 85 01 00 00 00 c3 e9 eb 8c 8c 

Register to memory mapping:

RAX=0x00007f34901fb3c0: <offset 0xf883c0> in /jdk1.8.0_191/jre/lib/amd64/server/libjvm.so at 0x00007f348f273000
RBX=0x00007f34881cf1f8 is an unknown value
RCX=0x0000000000000001 is an unknown value
RDX=0x0000000000000042 is an unknown value
RSP=0x00007f34656aa838 is pointing into the stack for thread: 0x00007f34881cf000
RBP=0x00007f34656aa860 is pointing into the stack for thread: 0x00007f34881cf000
RSI=0x0000000000000000 is an unknown value
RDI=0x00007f34881cf1f8 is an unknown value
R8 =0x0000000000000320 is an unknown value
R9 =0x0000000000000000 is an unknown value
R10=0x0000000000000022 is an unknown value
R11=0x00007f348c12a6b0: _XimServerDestroy+0 in /lib64/libX11.so.6 at 0x00007f348c0c1000
R12=0x00007f3460008540 is an unknown value
R13=0x0000000000000000 is an unknown value
R14=0x00007f348c87fb00: <offset 0x256b00> in /jdk1.8.0_191/jre/lib/amd64/libawt_xawt.so at 0x00007f348c629000
R15=0x00007f34881cf000 is a thread


Stack: [0x00007f34655ab000,0x00007f34656ac000],  sp=0x00007f34656aa838,  free space=1022k
Native frames: (J=compiled Java code, j=interpreted, Vv=VM code, C=native code)
v  ~BufferBlob::jni_fast_GetLongField
C  [libX11.so.6+0x69708]  _XimServerDestroy+0x58

Java frames: (J=compiled Java code, j=interpreted, Vv=VM code)
J 663  sun.awt.X11.XlibWrapper.XFilterEvent(JJ)Z (0 bytes) @ 0x00007f34792509c4 [0x00007f3479250980+0x44]
j  sun.awt.X11.XToolkit.run(Z)V+300
j  sun.awt.X11.XToolkit.run()V+5
j  java.lang.Thread.run()V+11
v  ~StubRoutines::call_stub

---------------  P R O C E S S  ---------------

Java Threads: ( => current thread )
  0x00007f3470001000 JavaThread "XToolkt-Shutdown-Thread" [_thread_blocked, id=11767, stack(0x00007f346454b000,0x00007f346464c000)]
  0x00007f3460097000 JavaThread "SIGTERM handler" daemon [_thread_blocked, id=11748, stack(0x00007f346464c000,0x00007f346474d000)]
  0x00007f3460092000 JavaThread "SIGHUP handler" daemon [_thread_blocked, id=11730, stack(0x00007f346474d000,0x00007f346484e000)]
  0x00007f3488009800 JavaThread "DestroyJavaVM" [_thread_blocked, id=6933, stack(0x00007f3490d61000,0x00007f3490e61000)]
  0x00007f348830b000 JavaThread "AWT-EventQueue-0" [_thread_blocked, id=6953, stack(0x00007f346490d000,0x00007f3464a0e000)]
  0x00007f34882c4800 JavaThread "AWT-Shutdown" [_thread_blocked, id=6952, stack(0x00007f3465093000,0x00007f3465194000)]
=>0x00007f34881cf000 JavaThread "AWT-XAWT" daemon [_thread_in_native, id=6950, stack(0x00007f34655ab000,0x00007f34656ac000)]
  0x00007f34881aa000 JavaThread "Java2D Disposer" daemon [_thread_blocked, id=6949, stack(0x00007f347803b000,0x00007f347813c000)]
  0x00007f34880b4800 JavaThread "Service Thread" daemon [_thread_blocked, id=6946, stack(0x00007f348cc64000,0x00007f348cd65000)]
  0x00007f34880b1800 JavaThread "C1 CompilerThread1" daemon [_thread_blocked, id=6945, stack(0x00007f348cd66000,0x00007f348ce66000)]
  0x00007f34880af000 JavaThread "C2 CompilerThread0" daemon [_thread_blocked, id=6944, stack(0x00007f348ce67000,0x00007f348cf67000)]
  0x00007f34880ad800 JavaThread "Signal Dispatcher" daemon [_thread_blocked, id=6943, stack(0x00007f348cf67000,0x00007f348d068000)]
  0x00007f348807a800 JavaThread "Finalizer" daemon [_thread_blocked, id=6942, stack(0x00007f348d068000,0x00007f348d169000)]
  0x00007f3488078000 JavaThread "Reference Handler" daemon [_thread_blocked, id=6941, stack(0x00007f348d169000,0x00007f348d26a000)]

Other Threads:
  0x00007f348806e000 VMThread [stack: 0x00007f348d26b000,0x00007f348d36b000] [id=6940]
  0x00007f34880b9800 WatcherThread [stack: 0x00007f348cb64000,0x00007f348cc64000] [id=6947]

VM state:not at safepoint (normal execution)

VM Mutex/Monitor currently owned by a thread: None

Heap:
 def new generation   total 20864K, used 15978K [0x00000000bce00000, 0x00000000be4a0000, 0x00000000d3400000)
  eden space 18560K,  86% used [0x00000000bce00000, 0x00000000bdd9abc8, 0x00000000be020000)
  from space 2304K,   0% used [0x00000000be020000, 0x00000000be020000, 0x00000000be260000)
  to   space 2304K,   0% used [0x00000000be260000, 0x00000000be260000, 0x00000000be4a0000)
 tenured generation   total 46464K, used 0K [0x00000000d3400000, 0x00000000d6160000, 0x0000000100000000)
   the space 46464K,   0% used [0x00000000d3400000, 0x00000000d3400000, 0x00000000d3400200, 0x00000000d6160000)
 Metaspace       used 12800K, capacity 13012K, committed 13184K, reserved 1060864K
  class space    used 1439K, capacity 1550K, committed 1664K, reserved 1048576K

Card table byte_map: [0x00007f348df22000,0x00007f348e13c000] byte_map_base: 0x00007f348d93b000

Polling page: 0x00007f3490e7c000

CodeCache: size=245760Kb used=2540Kb max_used=2540Kb free=243219Kb
 bounds [0x00007f3479000000, 0x00007f3479280000, 0x00007f3488000000]
 total_blobs=1220 nmethods=685 adapters=449
 compilation: enabled

Compilation events (10 events):
Event: 9186.243 Thread 0x00007f34880b1800  679  s    3       java.util.Hashtable::containsKey (65 bytes)
Event: 9186.244 Thread 0x00007f34880b1800 nmethod 679 0x00007f3479277450 code [0x00007f3479277600, 0x00007f3479277c10]
Event: 9186.244 Thread 0x00007f34880b1800  680       3       java.util.logging.LogManager::checkPermission (17 bytes)
Event: 9186.244 Thread 0x00007f34880b1800 nmethod 680 0x00007f3479276e90 code [0x00007f3479277000, 0x00007f34792772c0]
Event: 9186.244 Thread 0x00007f34880b1800  681       3       java.util.logging.LogManager$LoggerContext::getRootLogger (8 bytes)
Event: 9186.244 Thread 0x00007f34880b1800 nmethod 681 0x00007f347927b150 code [0x00007f347927b2c0, 0x00007f347927b4d0]
Event: 9186.244 Thread 0x00007f34880b1800  682       3       java.util.logging.LogManager$LoggerContext::getGlobalLogger (6 bytes)
Event: 9186.244 Thread 0x00007f34880b1800 nmethod 682 0x00007f347924eb50 code [0x00007f347924ecc0, 0x00007f347924ee10]
Event: 9186.244 Thread 0x00007f34880b1800  683       1       java.util.concurrent.CopyOnWriteArrayList::getArray (5 bytes)
Event: 9186.244 Thread 0x00007f34880b1800 nmethod 683 0x00007f347927ae90 code [0x00007f347927afe0, 0x00007f347927b0f0]

GC Heap History (0 events):
No events

Deoptimization events (1 events):
Event: 0.647 Thread 0x00007f348830b000 Uncommon trap: reason=unstable_if action=reinterpret pc=0x00007f34791e84a0 method=java.lang.CharacterData.of(I)Ljava/lang/CharacterData; @ 4

Classes redefined (0 events):
No events

Internal exceptions (10 events):
Event: 0.124 Thread 0x00007f3488009800 Exception <a 'java/security/PrivilegedActionException'> (0x00000000bce682e0) thrown at [/HUDSON/workspace/8-2-build-linux-amd64/jdk8u191/11894/hotspot/src/share/vm/prims/jvm.cpp, line 1435]
Event: 0.124 Thread 0x00007f3488009800 Exception <a 'java/security/PrivilegedActionException'> (0x00000000bce684f0) thrown at [/HUDSON/workspace/8-2-build-linux-amd64/jdk8u191/11894/hotspot/src/share/vm/prims/jvm.cpp, line 1435]
Event: 0.137 Thread 0x00007f3488009800 Exception <a 'java/security/PrivilegedActionException'> (0x00000000bce93e48) thrown at [/HUDSON/workspace/8-2-build-linux-amd64/jdk8u191/11894/hotspot/src/share/vm/prims/jvm.cpp, line 1435]
Event: 0.137 Thread 0x00007f3488009800 Exception <a 'java/security/PrivilegedActionException'> (0x00000000bce94058) thrown at [/HUDSON/workspace/8-2-build-linux-amd64/jdk8u191/11894/hotspot/src/share/vm/prims/jvm.cpp, line 1435]
Event: 0.137 Thread 0x00007f3488009800 Exception <a 'java/security/PrivilegedActionException'> (0x00000000bce95f20) thrown at [/HUDSON/workspace/8-2-build-linux-amd64/jdk8u191/11894/hotspot/src/share/vm/prims/jvm.cpp, line 1435]
Event: 0.137 Thread 0x00007f3488009800 Exception <a 'java/security/PrivilegedActionException'> (0x00000000bce96130) thrown at [/HUDSON/workspace/8-2-build-linux-amd64/jdk8u191/11894/hotspot/src/share/vm/prims/jvm.cpp, line 1435]
Event: 0.168 Thread 0x00007f3488009800 Exception <a 'java/lang/NoSuchFieldError': method resolution failed> (0x00000000bcfc2970) thrown at [/HUDSON/workspace/8-2-build-linux-amd64/jdk8u191/11894/hotspot/src/share/vm/prims/methodHandles.cpp, line 1167]
Event: 0.170 Thread 0x00007f3488009800 Exception <a 'java/lang/NoSuchFieldError': method resolution failed> (0x00000000bcfd0140) thrown at [/HUDSON/workspace/8-2-build-linux-amd64/jdk8u191/11894/hotspot/src/share/vm/prims/methodHandles.cpp, line 1167]
Event: 0.193 Thread 0x00007f3488009800 Exception <a 'java/io/FileNotFoundException'> (0x00000000bd04ddb8) thrown at [/HUDSON/workspace/8-2-build-linux-amd64/jdk8u191/11894/hotspot/src/share/vm/prims/jni.cpp, line 709]
Event: 0.193 Thread 0x00007f3488009800 Exception <a 'java/io/FileNotFoundException'> (0x00000000bd04e6f8) thrown at [/HUDSON/workspace/8-2-build-linux-amd64/jdk8u191/11894/hotspot/src/share/vm/prims/jni.cpp, line 709]

Events (10 events):
Event: 9184.276 loading class sun/awt/X11/XDestroyWindowEvent
Event: 9184.322 loading class sun/awt/X11/XDestroyWindowEvent done
Event: 9185.724 loading class sun/misc/Signal$1
Event: 9186.217 loading class sun/misc/Signal$1 done
Event: 9186.222 Thread 0x00007f3460092000 Thread added: 0x00007f3460092000
Event: 9186.227 Thread 0x00007f3460097000 Thread added: 0x00007f3460097000
Event: 9186.230 Thread 0x00007f3470001000 Thread added: 0x00007f3470001000
Event: 9186.230 loading class sun/awt/X11/XSystemTrayPeer
Event: 9186.240 Thread 0x00007f3470003000 Thread added: 0x00007f3470003000
Event: 9186.243 Thread 0x00007f3470003000 Thread exited: 0x00007f3470003000


Dynamic libraries:
00400000-00401000 r-xp 00000000 fd:00 102659985                          /jdk1.8.0_191/bin/java
00600000-00601000 r--p 00000000 fd:00 102659985                          /jdk1.8.0_191/bin/java
00601000-00602000 rw-p 00001000 fd:00 102659985                          /jdk1.8.0_191/bin/java
01b3b000-01b5c000 rw-p 00000000 00:00 0                                  [heap]
bce00000-be4a0000 rw-p 00000000 00:00 0 
be4a0000-d3400000 ---p 00000000 00:00 0 
d3400000-d6160000 rw-p 00000000 00:00 0 
d6160000-100000000 ---p 00000000 00:00 0 
100000000-1001a0000 rw-p 00000000 00:00 0 
1001a0000-140000000 ---p 00000000 00:00 0 
7f3450000000-7f3450021000 rw-p 00000000 00:00 0 
7f3450021000-7f3454000000 ---p 00000000 00:00 0 
7f3458000000-7f3458149000 rw-p 00000000 00:00 0 
7f3458149000-7f345c000000 ---p 00000000 00:00 0 
7f345c000000-7f345c512000 rw-p 00000000 00:00 0 
7f345c512000-7f3460000000 ---p 00000000 00:00 0 
7f3460000000-7f346032d000 rw-p 00000000 00:00 0 
7f346032d000-7f3464000000 ---p 00000000 00:00 0 
7f346444a000-7f346444d000 ---p 00000000 00:00 0 
7f346444d000-7f346454b000 rw-p 00000000 00:00 0 
7f346454b000-7f346454e000 ---p 00000000 00:00 0 
7f346454e000-7f346464c000 rw-p 00000000 00:00 0 
7f346464c000-7f346464f000 ---p 00000000 00:00 0 
7f346464f000-7f346474d000 rw-p 00000000 00:00 0 
7f346474d000-7f3464750000 ---p 00000000 00:00 0 
7f3464750000-7f346484e000 rw-p 00000000 00:00 0 
7f346484e000-7f3464861000 r--s 00000000 fd:00 314274                     /usr/share/fonts/default/ghostscript/putri.pfa
7f3464861000-7f3464873000 r--s 00000000 fd:00 314273                     /usr/share/fonts/default/ghostscript/putr.pfa
7f3464873000-7f3464886000 r--s 00000000 fd:00 314272                     /usr/share/fonts/default/ghostscript/putbi.pfa
7f3464886000-7f3464898000 r--s 00000000 fd:00 314271                     /usr/share/fonts/default/ghostscript/putb.pfa
7f3464898000-7f34648a6000 r--s 00000000 fd:00 67484505                   /usr/share/X11/fonts/Type1/cursor.pfa
7f34648a6000-7f34648af000 r--s 00000000 fd:00 67484504                   /usr/share/X11/fonts/Type1/c0649bt_.pfb
7f34648af000-7f34648b8000 r--s 00000000 fd:00 67484502                   /usr/share/X11/fonts/Type1/c0648bt_.pfb
7f34648b8000-7f34648c1000 r--s 00000000 fd:00 67484500                   /usr/share/X11/fonts/Type1/c0633bt_.pfb
7f34648c1000-7f34648ca000 r--s 00000000 fd:00 67484498                   /usr/share/X11/fonts/Type1/c0632bt_.pfb
7f34648ca000-7f34648d4000 r--s 00000000 fd:00 67484496                   /usr/share/X11/fonts/Type1/c0611bt_.pfb
7f34648d4000-7f34648de000 r--s 00000000 fd:00 67484494                   /usr/share/X11/fonts/Type1/c0583bt_.pfb
7f34648de000-7f34648e8000 r--s 00000000 fd:00 67484492                   /usr/share/X11/fonts/Type1/c0582bt_.pfb
7f34648e8000-7f34648fa000 r--s 00000000 fd:00 67484488                   /usr/share/X11/fonts/Type1/UTRG____.pfa
7f34648fa000-7f346490d000 r--s 00000000 fd:00 67484486                   /usr/share/X11/fonts/Type1/UTI_____.pfa
7f346490d000-7f3464910000 ---p 00000000 00:00 0 
7f3464910000-7f3464a0e000 rw-p 00000000 00:00 0 
7f3464a0e000-7f3464a7a000 r-xp 00000000 fd:00 68611362                   /jdk1.8.0_191/jre/lib/amd64/libt2k.so
7f3464a7a000-7f3464c7a000 ---p 0006c000 fd:00 68611362                   /jdk1.8.0_191/jre/lib/amd64/libt2k.so
7f3464c7a000-7f3464c80000 r--p 0006c000 fd:00 68611362                   /jdk1.8.0_191/jre/lib/amd64/libt2k.so
7f3464c80000-7f3464c81000 rw-p 00072000 fd:00 68611362                   /jdk1.8.0_191/jre/lib/amd64/libt2k.so
7f3464c81000-7f3464c92000 r-xp 00000000 fd:00 68628421                   /jdk1.8.0_191/jre/lib/amd64/libnio.so
7f3464c92000-7f3464e91000 ---p 00011000 fd:00 68628421                   /jdk1.8.0_191/jre/lib/amd64/libnio.so
7f3464e91000-7f3464e92000 r--p 00010000 fd:00 68628421                   /jdk1.8.0_191/jre/lib/amd64/libnio.so
7f3464e92000-7f3464e93000 rw-p 00011000 fd:00 68628421                   /jdk1.8.0_191/jre/lib/amd64/libnio.so
7f3464e93000-7f3464fd3000 rw-p 00000000 00:00 0 
7f3464fd3000-7f3465093000 ---p 00000000 00:00 0 
7f3465093000-7f3465096000 ---p 00000000 00:00 0 
7f3465096000-7f3465394000 rw-p 00000000 00:00 0 
7f3465394000-7f34653aa000 r-xp 00000000 fd:00 68628418                   /jdk1.8.0_191/jre/lib/amd64/libnet.so
7f34653aa000-7f34655a9000 ---p 00016000 fd:00 68628418                   /jdk1.8.0_191/jre/lib/amd64/libnet.so
7f34655a9000-7f34655aa000 r--p 00015000 fd:00 68628418                   /jdk1.8.0_191/jre/lib/amd64/libnet.so
7f34655aa000-7f34655ab000 rw-p 00016000 fd:00 68628418                   /jdk1.8.0_191/jre/lib/amd64/libnet.so
7f34655ab000-7f34655ae000 ---p 00000000 00:00 0 
7f34655ae000-7f34656ac000 rw-p 00000000 00:00 0 
7f34656ac000-7f34656b1000 r-xp 00000000 fd:00 35263117                   /usr/lib64/libXfixes.so.3.1.0
7f34656b1000-7f34658b0000 ---p 00005000 fd:00 35263117                   /usr/lib64/libXfixes.so.3.1.0
7f34658b0000-7f34658b1000 r--p 00004000 fd:00 35263117                   /usr/lib64/libXfixes.so.3.1.0
7f34658b1000-7f34658b2000 rw-p 00005000 fd:00 35263117                   /usr/lib64/libXfixes.so.3.1.0
7f34658b2000-7f34658bb000 r-xp 00000000 fd:00 35263210                   /usr/lib64/libXcursor.so.1.0.2
7f34658bb000-7f3465abb000 ---p 00009000 fd:00 35263210                   /usr/lib64/libXcursor.so.1.0.2
7f3465abb000-7f3465abc000 r--p 00009000 fd:00 35263210                   /usr/lib64/libXcursor.so.1.0.2
7f3465abc000-7f3465abd000 rw-p 0000a000 fd:00 35263210                   /usr/lib64/libXcursor.so.1.0.2
7f3465abd000-7f346c000000 r--p 00000000 fd:00 101106078                  /usr/lib/locale/locale-archive
7f346c000000-7f346c021000 rw-p 00000000 00:00 0 
7f346c021000-7f3470000000 ---p 00000000 00:00 0 
7f3470000000-7f3470021000 rw-p 00000000 00:00 0 
7f3470021000-7f3474000000 ---p 00000000 00:00 0 
7f3474000000-7f3474021000 rw-p 00000000 00:00 0 
7f3474021000-7f3478000000 ---p 00000000 00:00 0 
7f3478007000-7f3478011000 r--s 00000000 fd:00 67484490                   /usr/share/X11/fonts/Type1/c0419bt_.pfb
7f3478011000-7f3478023000 r--s 00000000 fd:00 67484484                   /usr/share/X11/fonts/Type1/UTB_____.pfa
7f3478023000-7f3478036000 r--s 00000000 fd:00 67484482                   /usr/share/X11/fonts/Type1/UTBI____.pfa
7f3478036000-7f3478038000 r--s 00000000 fd:00 34006571                   /usr/lib/fontconfig/cache/ab158498-11c2-474d-b3ed-c8ffc5d72d91-le64.cache-7
7f3478038000-7f347803b000 r--s 00000000 fd:00 34006568                   /usr/lib/fontconfig/cache/8dfae9f4-6fac-417a-8664-6e1213f8e5d9-le64.cache-7
7f347803b000-7f347803e000 ---p 00000000 00:00 0 
7f347803e000-7f347813c000 rw-p 00000000 00:00 0 
7f347813c000-7f3478151000 r-xp 00000000 fd:00 40121674                   /usr/lib64/libgcc_s-4.8.5-20150702.so.1
7f3478151000-7f3478350000 ---p 00015000 fd:00 40121674                   /usr/lib64/libgcc_s-4.8.5-20150702.so.1
7f3478350000-7f3478351000 r--p 00014000 fd:00 40121674                   /usr/lib64/libgcc_s-4.8.5-20150702.so.1
7f3478351000-7f3478352000 rw-p 00015000 fd:00 40121674                   /usr/lib64/libgcc_s-4.8.5-20150702.so.1
7f3478352000-7f34783af000 r-xp 00000000 fd:00 68611374                   /jdk1.8.0_191/jre/lib/amd64/libfontmanager.so
7f34783af000-7f34785af000 ---p 0005d000 fd:00 68611374                   /jdk1.8.0_191/jre/lib/amd64/libfontmanager.so
7f34785af000-7f34785b2000 r--p 0005d000 fd:00 68611374                   /jdk1.8.0_191/jre/lib/amd64/libfontmanager.so
7f34785b2000-7f34785b3000 rw-p 00060000 fd:00 68611374                   /jdk1.8.0_191/jre/lib/amd64/libfontmanager.so
7f34785b3000-7f34785b5000 r-xp 00000000 fd:00 33780200                   /usr/lib64/libXau.so.6.0.0
7f34785b5000-7f34787b5000 ---p 00002000 fd:00 33780200                   /usr/lib64/libXau.so.6.0.0
7f34787b5000-7f34787b6000 r--p 00002000 fd:00 33780200                   /usr/lib64/libXau.so.6.0.0
7f34787b6000-7f34787b7000 rw-p 00003000 fd:00 33780200                   /usr/lib64/libXau.so.6.0.0
7f34787b7000-7f34787de000 r-xp 00000000 fd:00 33809088                   /usr/lib64/libxcb.so.1.1.0
7f34787de000-7f34789dd000 ---p 00027000 fd:00 33809088                   /usr/lib64/libxcb.so.1.1.0
7f34789dd000-7f34789de000 r--p 00026000 fd:00 33809088                   /usr/lib64/libxcb.so.1.1.0
7f34789de000-7f34789df000 rw-p 00027000 fd:00 33809088                   /usr/lib64/libxcb.so.1.1.0
7f34789df000-7f34789ee000 r-xp 00000000 fd:00 35263123                   /usr/lib64/libXi.so.6.1.0
7f34789ee000-7f3478bed000 ---p 0000f000 fd:00 35263123                   /usr/lib64/libXi.so.6.1.0
7f3478bed000-7f3478bee000 r--p 0000e000 fd:00 35263123                   /usr/lib64/libXi.so.6.1.0
7f3478bee000-7f3478bef000 rw-p 0000f000 fd:00 35263123                   /usr/lib64/libXi.so.6.1.0
7f3478bef000-7f3478bf4000 r-xp 00000000 fd:00 35263171                   /usr/lib64/libXtst.so.6.1.0
7f3478bf4000-7f3478df3000 ---p 00005000 fd:00 35263171                   /usr/lib64/libXtst.so.6.1.0
7f3478df3000-7f3478df4000 r--p 00004000 fd:00 35263171                   /usr/lib64/libXtst.so.6.1.0
7f3478df4000-7f3478df5000 rw-p 00005000 fd:00 35263171                   /usr/lib64/libXtst.so.6.1.0
7f3478df5000-7f3478dfe000 r-xp 00000000 fd:00 35263135                   /usr/lib64/libXrender.so.1.3.0
7f3478dfe000-7f3478ffe000 ---p 00009000 fd:00 35263135                   /usr/lib64/libXrender.so.1.3.0
7f3478ffe000-7f3478fff000 r--p 00009000 fd:00 35263135                   /usr/lib64/libXrender.so.1.3.0
7f3478fff000-7f3479000000 rw-p 0000a000 fd:00 35263135                   /usr/lib64/libXrender.so.1.3.0
7f3479000000-7f3479280000 rwxp 00000000 00:00 0 
7f3479280000-7f3488000000 ---p 00000000 00:00 0 
7f3488000000-7f3488522000 rw-p 00000000 00:00 0 
7f3488522000-7f348c000000 ---p 00000000 00:00 0 
7f348c001000-7f348c003000 r--s 00000000 fd:00 34006566                   /usr/lib/fontconfig/cache/158ec229-398c-4ec9-b874-7907df0ed7c4-le64.cache-7
7f348c003000-7f348c005000 r--s 00000000 fd:00 34006564                   /usr/lib/fontconfig/cache/8a0bfbc7-d573-4efa-8ac1-e5d867c4edef-le64.cache-7
7f348c005000-7f348c01d000 r--s 00000000 fd:00 41693932                   /usr/lib/fontconfig/cache/7492abdf-6856-4ae8-a6af-8189edd8b16e-le64.cache-7
7f348c01d000-7f348c028000 r--s 00000000 fd:00 34006562                   /usr/lib/fontconfig/cache/43475d3b-9987-4064-a976-9838a12b04e1-le64.cache-7
7f348c028000-7f348c02a000 r--s 00000000 fd:00 34006561                   /usr/lib/fontconfig/cache/c965e70d-570b-478d-8660-d95b9457e76c-le64.cache-7
7f348c02a000-7f348c02d000 r--s 00000000 fd:00 34006559                   /usr/lib/fontconfig/cache/ce2e5557-7641-4d51-a0bc-a5339e0d8f13-le64.cache-7
7f348c02d000-7f348c02e000 r--s 00000000 fd:00 34006558                   /usr/lib/fontconfig/cache/da47ede2-b46c-4449-9f1d-bce1e030ade2-le64.cache-7
7f348c02e000-7f348c02f000 r--s 00000000 fd:00 34006557                   /usr/lib/fontconfig/cache/b16861f1-c32b-4685-81a3-6f709027d5b5-le64.cache-7
7f348c02f000-7f348c030000 r--s 00000000 fd:00 34006556                   /usr/lib/fontconfig/cache/9d97921b-5e36-4fa6-9e09-b811c15f996e-le64.cache-7
7f348c030000-7f348c031000 r--s 00000000 fd:00 34006555                   /usr/lib/fontconfig/cache/271ef989-55bd-4ebf-a891-7a9d117e965c-le64.cache-7
7f348c031000-7f348c034000 r--s 00000000 fd:00 34006553                   /usr/lib/fontconfig/cache/d06e2a81-e415-4971-8a58-c8041e223d69-le64.cache-7
7f348c034000-7f348c035000 r--s 00000000 fd:00 34006552                   /usr/lib/fontconfig/cache/e2eab557-f3aa-4c1b-b500-64ed1a5a0c64-le64.cache-7
7f348c035000-7f348c039000 r--s 00000000 fd:00 34006551                   /usr/lib/fontconfig/cache/77b5af50-3813-44e8-a49b-128083e21c13-le64.cache-7
7f348c039000-7f348c03a000 r--s 00000000 fd:00 41692416                   /usr/lib/fontconfig/cache/92459b18-a480-4c31-80fc-74a8988f96dc-le64.cache-7
7f348c03a000-7f348c03e000 r--s 00000000 fd:00 34006549                   /usr/lib/fontconfig/cache/8c85221b-4d93-4924-a6d8-8f77da10e7f8-le64.cache-7
7f348c03e000-7f348c041000 r--s 00000000 fd:00 34006548                   /usr/lib/fontconfig/cache/5378b022-cf1e-406b-8b07-5e075dd78a7c-le64.cache-7
7f348c041000-7f348c042000 r--s 00000000 fd:00 34006547                   /usr/lib/fontconfig/cache/f15c9128-de32-436f-944a-73ae18e58c79-le64.cache-7
7f348c042000-7f348c043000 r--s 00000000 fd:00 34006546                   /usr/lib/fontconfig/cache/81259c55-d229-435f-8ac9-4995cca1005c-le64.cache-7
7f348c043000-7f348c044000 r--s 00000000 fd:00 34006545                   /usr/lib/fontconfig/cache/72ba67be-ef62-43ba-a5d7-39d457e716f4-le64.cache-7
7f348c044000-7f348c045000 r--s 00000000 fd:00 34006543                   /usr/lib/fontconfig/cache/be007748-1d00-4015-81a2-3672563ef800-le64.cache-7
7f348c045000-7f348c046000 r--s 00000000 fd:00 34006542                   /usr/lib/fontconfig/cache/3bfcd86f-f561-4fbe-a1ed-3540a9a46c46-le64.cache-7
7f348c046000-7f348c047000 r--s 00000000 fd:00 34006540                   /usr/lib/fontconfig/cache/2a3a952e-8d15-4301-b1ce-4f21f7e9fe78-le64.cache-7
7f348c047000-7f348c048000 r--s 00000000 fd:00 34006539                   /usr/lib/fontconfig/cache/96010491-a296-469e-8d74-f435d7d8981b-le64.cache-7
7f348c048000-7f348c049000 r--s 00000000 fd:00 34006537                   /usr/lib/fontconfig/cache/6e33928b-1559-4a7e-bafb-ed3ad4371dd4-le64.cache-7
7f348c049000-7f348c04a000 r--s 00000000 fd:00 34006536                   /usr/lib/fontconfig/cache/cc7acb12-7f7f-4dc8-a08b-6d3ef3cd34a0-le64.cache-7
7f348c04a000-7f348c04b000 r--s 00000000 fd:00 34006535                   /usr/lib/fontconfig/cache/9f192625-d65d-41c8-9950-f944eb3e2ab7-le64.cache-7
7f348c04b000-7f348c04c000 r--s 00000000 fd:00 34006534                   /usr/lib/fontconfig/cache/955d773e-b9db-4e14-9aa3-4f153c94e935-le64.cache-7
7f348c04c000-7f348c04d000 r--s 00000000 fd:00 34006533                   /usr/lib/fontconfig/cache/c38058e6-ef79-42fd-9832-a51ed3b490a5-le64.cache-7
7f348c04d000-7f348c04e000 r--s 00000000 fd:00 34006583                   /usr/lib/fontconfig/cache/9db4e249-665a-41bf-bcc7-61da2adf39c8-le64.cache-7
7f348c04e000-7f348c04f000 r--s 00000000 fd:00 34006532                   /usr/lib/fontconfig/cache/beb7d81a-47d2-4601-aaf9-6ad89cc0d7a2-le64.cache-7
7f348c04f000-7f348c056000 r--s 00000000 fd:00 34091492                   /usr/lib/fontconfig/cache/52729f95-cce0-46ab-a740-4cebac938cd4-le64.cache-7
7f348c056000-7f348c058000 r--s 00000000 fd:00 34006582                   /usr/lib/fontconfig/cache/0baf6553-dcc5-41f8-8be4-56a9dbf7bbd7-le64.cache-7
7f348c058000-7f348c059000 r--s 00000000 fd:00 34006581                   /usr/lib/fontconfig/cache/13297fdb-e4cc-43e7-b51d-15f3dc74529e-le64.cache-7
7f348c059000-7f348c061000 r--s 00000000 fd:00 34006578                   /usr/lib/fontconfig/cache/565d9d1c-bf03-472e-94e1-2381c17b3369-le64.cache-7
7f348c061000-7f348c06c000 r--s 00000000 fd:00 34006572                   /usr/lib/fontconfig/cache/85b03c03-664b-48dd-a3ec-a0cbe040cd06-le64.cache-7
7f348c06c000-7f348c074000 r--s 00000000 fd:00 34006575                   /usr/lib/fontconfig/cache/29b25067-ee4b-49fb-a626-1e72f8bceecb-le64.cache-7
7f348c074000-7f348c0a5000 rw-p 00000000 00:00 0 
7f348c0a5000-7f348c0c1000 r--s 00393000 fd:00 3556560                    /jdk1.8.0_191/jre/lib/ext/cldrdata.jar
7f348c0c1000-7f348c1f9000 r-xp 00000000 fd:00 36315762                   /usr/lib64/libX11.so.6.3.0
7f348c1f9000-7f348c3f9000 ---p 00138000 fd:00 36315762                   /usr/lib64/libX11.so.6.3.0
7f348c3f9000-7f348c3fa000 r--p 00138000 fd:00 36315762                   /usr/lib64/libX11.so.6.3.0
7f348c3fa000-7f348c3ff000 rw-p 00139000 fd:00 36315762                   /usr/lib64/libX11.so.6.3.0
7f348c3ff000-7f348c410000 r-xp 00000000 fd:00 35263116                   /usr/lib64/libXext.so.6.4.0
7f348c410000-7f348c60f000 ---p 00011000 fd:00 35263116                   /usr/lib64/libXext.so.6.4.0
7f348c60f000-7f348c610000 r--p 00010000 fd:00 35263116                   /usr/lib64/libXext.so.6.4.0
7f348c610000-7f348c611000 rw-p 00011000 fd:00 35263116                   /usr/lib64/libXext.so.6.4.0
7f348c611000-7f348c613000 r--s 00000000 fd:00 34006580                   /usr/lib/fontconfig/cache/ab3c62a8-1894-49f8-9211-540531e356f1-le64.cache-7
7f348c613000-7f348c615000 r--s 00000000 fd:00 34006579                   /usr/lib/fontconfig/cache/0e0e9588-af2a-48e7-8050-2a1ff7efa804-le64.cache-7
7f348c615000-7f348c617000 r--s 00000000 fd:00 34006574                   /usr/lib/fontconfig/cache/4f0d4131-ff42-4411-9573-559582879965-le64.cache-7
7f348c617000-7f348c61c000 r--s 00000000 fd:00 34006570                   /usr/lib/fontconfig/cache/390251cc-b2b0-4fff-a231-4d9b690996f7-le64.cache-7
7f348c61c000-7f348c61f000 r--s 00027000 fd:00 103922881                  /root/Downloads/ResultSet2xml.jar
7f348c61f000-7f348c629000 r--s 00116000 fd:00 3556567                    /jdk1.8.0_191/jre/lib/ext/localedata.jar
7f348c629000-7f348c67c000 r-xp 00000000 fd:00 68628425                   /jdk1.8.0_191/jre/lib/amd64/libawt_xawt.so
7f348c67c000-7f348c87b000 ---p 00053000 fd:00 68628425                   /jdk1.8.0_191/jre/lib/amd64/libawt_xawt.so
7f348c87b000-7f348c87c000 r--p 00052000 fd:00 68628425                   /jdk1.8.0_191/jre/lib/amd64/libawt_xawt.so
7f348c87c000-7f348c87f000 rw-p 00053000 fd:00 68628425                   /jdk1.8.0_191/jre/lib/amd64/libawt_xawt.so
7f348c87f000-7f348c880000 rw-p 00000000 00:00 0 
7f348c880000-7f348c91f000 r-xp 00000000 fd:00 68611387                   /jdk1.8.0_191/jre/lib/amd64/libawt.so
7f348c91f000-7f348cb1f000 ---p 0009f000 fd:00 68611387                   /jdk1.8.0_191/jre/lib/amd64/libawt.so
7f348cb1f000-7f348cb20000 r--p 0009f000 fd:00 68611387                   /jdk1.8.0_191/jre/lib/amd64/libawt.so
7f348cb20000-7f348cb2b000 rw-p 000a0000 fd:00 68611387                   /jdk1.8.0_191/jre/lib/amd64/libawt.so
7f348cb2b000-7f348cb50000 rw-p 00000000 00:00 0 
7f348cb50000-7f348cb63000 r--s 00345000 fd:00 3556547                    /jdk1.8.0_191/jre/lib/resources.jar
7f348cb63000-7f348cb64000 ---p 00000000 00:00 0 
7f348cb64000-7f348cc64000 rw-p 00000000 00:00 0 
7f348cc64000-7f348cc67000 ---p 00000000 00:00 0 
7f348cc67000-7f348cd65000 rw-p 00000000 00:00 0 
7f348cd65000-7f348cd69000 ---p 00000000 00:00 0 
7f348cd69000-7f348ce66000 rw-p 00000000 00:00 0 
7f348ce66000-7f348ce6a000 ---p 00000000 00:00 0 
7f348ce6a000-7f348cf67000 rw-p 00000000 00:00 0 
7f348cf67000-7f348cf6a000 ---p 00000000 00:00 0 
7f348cf6a000-7f348d068000 rw-p 00000000 00:00 0 
7f348d068000-7f348d06b000 ---p 00000000 00:00 0 
7f348d06b000-7f348d169000 rw-p 00000000 00:00 0 
7f348d169000-7f348d16c000 ---p 00000000 00:00 0 
7f348d16c000-7f348d26a000 rw-p 00000000 00:00 0 
7f348d26a000-7f348d26b000 ---p 00000000 00:00 0 
7f348d26b000-7f348d36b000 rw-p 00000000 00:00 0 
7f348d36b000-7f348d545000 r--s 03d6c000 fd:00 3532122                    /jdk1.8.0_191/jre/lib/rt.jar
7f348d545000-7f348ddd2000 rw-p 00000000 00:00 0 
7f348ddd2000-7f348df22000 ---p 00000000 00:00 0 
7f348df22000-7f348df2e000 rw-p 00000000 00:00 0 
7f348df2e000-7f348dfd5000 ---p 00000000 00:00 0 
7f348dfd5000-7f348dfec000 rw-p 00000000 00:00 0 
7f348dfec000-7f348e13b000 ---p 00000000 00:00 0 
7f348e13b000-7f348e146000 rw-p 00000000 00:00 0 
7f348e146000-7f348e4fc000 ---p 00000000 00:00 0 
7f348e4fc000-7f348e516000 r-xp 00000000 fd:00 68611390                   /jdk1.8.0_191/jre/lib/amd64/libzip.so
7f348e516000-7f348e716000 ---p 0001a000 fd:00 68611390                   /jdk1.8.0_191/jre/lib/amd64/libzip.so
7f348e716000-7f348e717000 r--p 0001a000 fd:00 68611390                   /jdk1.8.0_191/jre/lib/amd64/libzip.so
7f348e717000-7f348e718000 rw-p 0001b000 fd:00 68611390                   /jdk1.8.0_191/jre/lib/amd64/libzip.so
7f348e718000-7f348e724000 r-xp 00000000 fd:00 35108647                   /usr/lib64/libnss_files-2.17.so
7f348e724000-7f348e923000 ---p 0000c000 fd:00 35108647                   /usr/lib64/libnss_files-2.17.so
7f348e923000-7f348e924000 r--p 0000b000 fd:00 35108647                   /usr/lib64/libnss_files-2.17.so
7f348e924000-7f348e925000 rw-p 0000c000 fd:00 35108647                   /usr/lib64/libnss_files-2.17.so
7f348e925000-7f348e92b000 rw-p 00000000 00:00 0 
7f348e92b000-7f348e958000 r-xp 00000000 fd:00 68611384                   /jdk1.8.0_191/jre/lib/amd64/libjava.so
7f348e958000-7f348eb57000 ---p 0002d000 fd:00 68611384                   /jdk1.8.0_191/jre/lib/amd64/libjava.so
7f348eb57000-7f348eb58000 r--p 0002c000 fd:00 68611384                   /jdk1.8.0_191/jre/lib/amd64/libjava.so
7f348eb58000-7f348eb5a000 rw-p 0002d000 fd:00 68611384                   /jdk1.8.0_191/jre/lib/amd64/libjava.so
7f348eb5a000-7f348eb67000 r-xp 00000000 fd:00 68611389                   /jdk1.8.0_191/jre/lib/amd64/libverify.so
7f348eb67000-7f348ed66000 ---p 0000d000 fd:00 68611389                   /jdk1.8.0_191/jre/lib/amd64/libverify.so
7f348ed66000-7f348ed68000 r--p 0000c000 fd:00 68611389                   /jdk1.8.0_191/jre/lib/amd64/libverify.so
7f348ed68000-7f348ed69000 rw-p 0000e000 fd:00 68611389                   /jdk1.8.0_191/jre/lib/amd64/libverify.so
7f348ed69000-7f348ed70000 r-xp 00000000 fd:00 35108651                   /usr/lib64/librt-2.17.so
7f348ed70000-7f348ef6f000 ---p 00007000 fd:00 35108651                   /usr/lib64/librt-2.17.so
7f348ef6f000-7f348ef70000 r--p 00006000 fd:00 35108651                   /usr/lib64/librt-2.17.so
7f348ef70000-7f348ef71000 rw-p 00007000 fd:00 35108651                   /usr/lib64/librt-2.17.so
7f348ef71000-7f348f072000 r-xp 00000000 fd:00 35108644                   /usr/lib64/libm-2.17.so
7f348f072000-7f348f271000 ---p 00101000 fd:00 35108644                   /usr/lib64/libm-2.17.so
7f348f271000-7f348f272000 r--p 00100000 fd:00 35108644                   /usr/lib64/libm-2.17.so
7f348f272000-7f348f273000 rw-p 00101000 fd:00 35108644                   /usr/lib64/libm-2.17.so
7f348f273000-7f348ff55000 r-xp 00000000 fd:00 3556594                    /jdk1.8.0_191/jre/lib/amd64/server/libjvm.so
7f348ff55000-7f3490155000 ---p 00ce2000 fd:00 3556594                    /jdk1.8.0_191/jre/lib/amd64/server/libjvm.so
7f3490155000-7f34901eb000 r--p 00ce2000 fd:00 3556594                    /jdk1.8.0_191/jre/lib/amd64/server/libjvm.so
7f34901eb000-7f349021c000 rw-p 00d78000 fd:00 3556594                    /jdk1.8.0_191/jre/lib/amd64/server/libjvm.so
7f349021c000-7f3490257000 rw-p 00000000 00:00 0 
7f3490257000-7f349041a000 r-xp 00000000 fd:00 33644670                   /usr/lib64/libc-2.17.so
7f349041a000-7f349061a000 ---p 001c3000 fd:00 33644670                   /usr/lib64/libc-2.17.so
7f349061a000-7f349061e000 r--p 001c3000 fd:00 33644670                   /usr/lib64/libc-2.17.so
7f349061e000-7f3490620000 rw-p 001c7000 fd:00 33644670                   /usr/lib64/libc-2.17.so
7f3490620000-7f3490625000 rw-p 00000000 00:00 0 
7f3490625000-7f3490627000 r-xp 00000000 fd:00 35108643                   /usr/lib64/libdl-2.17.so
7f3490627000-7f3490827000 ---p 00002000 fd:00 35108643                   /usr/lib64/libdl-2.17.so
7f3490827000-7f3490828000 r--p 00002000 fd:00 35108643                   /usr/lib64/libdl-2.17.so
7f3490828000-7f3490829000 rw-p 00003000 fd:00 35108643                   /usr/lib64/libdl-2.17.so
7f3490829000-7f3490840000 r-xp 00000000 fd:00 36652250                   /jdk1.8.0_191/lib/amd64/jli/libjli.so
7f3490840000-7f3490a3f000 ---p 00017000 fd:00 36652250                   /jdk1.8.0_191/lib/amd64/jli/libjli.so
7f3490a3f000-7f3490a40000 r--p 00016000 fd:00 36652250                   /jdk1.8.0_191/lib/amd64/jli/libjli.so
7f3490a40000-7f3490a41000 rw-p 00017000 fd:00 36652250                   /jdk1.8.0_191/lib/amd64/jli/libjli.so
7f3490a41000-7f3490a58000 r-xp 00000000 fd:00 33644696                   /usr/lib64/libpthread-2.17.so
7f3490a58000-7f3490c57000 ---p 00017000 fd:00 33644696                   /usr/lib64/libpthread-2.17.so
7f3490c57000-7f3490c58000 r--p 00016000 fd:00 33644696                   /usr/lib64/libpthread-2.17.so
7f3490c58000-7f3490c59000 rw-p 00017000 fd:00 33644696                   /usr/lib64/libpthread-2.17.so
7f3490c59000-7f3490c5d000 rw-p 00000000 00:00 0 
7f3490c5d000-7f3490c7f000 r-xp 00000000 fd:00 33644662                   /usr/lib64/ld-2.17.so
7f3490c7f000-7f3490c84000 r--s 00084000 fd:00 3532075                    /jdk1.8.0_191/jre/lib/jfr.jar
7f3490c84000-7f3490c89000 r--s 002f9000 fd:00 3532120                    /jdk1.8.0_191/jre/lib/charsets.jar
7f3490c89000-7f3490c8e000 r--s 000a0000 fd:00 3556556                    /jdk1.8.0_191/jre/lib/jsse.jar
7f3490c8e000-7f3490d60000 rw-p 00000000 00:00 0 
7f3490d60000-7f3490d64000 ---p 00000000 00:00 0 
7f3490d64000-7f3490e65000 rw-p 00000000 00:00 0 
7f3490e65000-7f3490e66000 r--s 00000000 fd:00 34745984                   /usr/lib/fontconfig/cache/68f9b6f8-1540-4fe5-a61f-56a4947dc1e1-le64.cache-7
7f3490e66000-7f3490e69000 r--s 0001a000 fd:00 3556598                    /jdk1.8.0_191/jre/lib/jce.jar
7f3490e69000-7f3490e73000 r--s 000c0000 fd:00 889162                     /jdk1.8.0_191/jre/lib/ext/postgresql-42.2.5.jar
7f3490e73000-7f3490e7b000 rw-s 00000000 fd:00 101687659                  /tmp/hsperfdata_root/6932
7f3490e7b000-7f3490e7c000 rw-p 00000000 00:00 0 
7f3490e7c000-7f3490e7d000 r--p 00000000 00:00 0 
7f3490e7d000-7f3490e7e000 rw-p 00000000 00:00 0 
7f3490e7e000-7f3490e7f000 r--p 00021000 fd:00 33644662                   /usr/lib64/ld-2.17.so
7f3490e7f000-7f3490e80000 rw-p 00022000 fd:00 33644662                   /usr/lib64/ld-2.17.so
7f3490e80000-7f3490e81000 rw-p 00000000 00:00 0 
7ffe20337000-7ffe20358000 rw-p 00000000 00:00 0                          [stack]
7ffe20382000-7ffe20384000 r-xp 00000000 00:00 0                          [vdso]
ffffffffff600000-ffffffffff601000 r-xp 00000000 00:00 0                  [vsyscall]

VM Arguments:
jvm_args: -Dfile.encoding=UTF-8 
java_command: electricity.billing.system.pay_bill
java_class_path (initial): /jdk1.8.0_191/jre/lib/resources.jar:/jdk1.8.0_191/jre/lib/rt.jar:/jdk1.8.0_191/jre/lib/jsse.jar:/jdk1.8.0_191/jre/lib/jce.jar:/jdk1.8.0_191/jre/lib/charsets.jar:/jdk1.8.0_191/jre/lib/jfr.jar:/jdk1.8.0_191/jre/lib/ext/sunec.jar:/jdk1.8.0_191/jre/lib/ext/dnsns.jar:/jdk1.8.0_191/jre/lib/ext/cldrdata.jar:/jdk1.8.0_191/jre/lib/ext/jfxrt.jar:/jdk1.8.0_191/jre/lib/ext/jaccess.jar:/jdk1.8.0_191/jre/lib/ext/nashorn.jar:/jdk1.8.0_191/jre/lib/ext/zipfs.jar:/jdk1.8.0_191/jre/lib/ext/sunpkcs11.jar:/jdk1.8.0_191/jre/lib/ext/localedata.jar:/jdk1.8.0_191/jre/lib/ext/sunjce_provider.jar:/jdk1.8.0_191/jre/lib/ext/postgresql-42.2.5.jar:/root/apurva/Electricity Billing System/bin:/root/Downloads/ResultSet2xml.jar
Launcher Type: SUN_STANDARD

Environment Variables:
JAVA_HOME=/jdk1.8.0_191
CLASSPATH=:/apache-tomcat-8.5.38/common/lib/servlet-api.jar
PATH=/jdk1.8.0_191/bin:/usr/local/bin:/usr/local/sbin:/usr/bin:/usr/sbin:/bin:/sbin:/root/bin
USERNAME=root
SHELL=/bin/bash
DISPLAY=:0

Signal Handlers:
SIGSEGV: [libjvm.so+0xaced60], sa_mask[0]=11111111011111111101111111111110, sa_flags=SA_RESTART|SA_SIGINFO
SIGBUS: [libjvm.so+0xaced60], sa_mask[0]=11111111011111111101111111111110, sa_flags=SA_RESTART|SA_SIGINFO
SIGFPE: [libjvm.so+0x907ca0], sa_mask[0]=11111111011111111101111111111110, sa_flags=SA_RESTART|SA_SIGINFO
SIGPIPE: [libjvm.so+0x907ca0], sa_mask[0]=11111111011111111101111111111110, sa_flags=SA_RESTART|SA_SIGINFO
SIGXFSZ: [libjvm.so+0x907ca0], sa_mask[0]=11111111011111111101111111111110, sa_flags=SA_RESTART|SA_SIGINFO
SIGILL: [libjvm.so+0x907ca0], sa_mask[0]=11111111011111111101111111111110, sa_flags=SA_RESTART|SA_SIGINFO
SIGUSR1: SIG_DFL, sa_mask[0]=00000000000000000000000000000000, sa_flags=none
SIGUSR2: [libjvm.so+0x907b70], sa_mask[0]=00100000000000000000000000000000, sa_flags=SA_RESTART|SA_SIGINFO
SIGHUP: [libjvm.so+0x908190], sa_mask[0]=11111111011111111101111111111110, sa_flags=SA_RESTART|SA_SIGINFO
SIGINT: [libjvm.so+0x908190], sa_mask[0]=11111111011111111101111111111110, sa_flags=SA_RESTART|SA_SIGINFO
SIGTERM: [libjvm.so+0x908190], sa_mask[0]=11111111011111111101111111111110, sa_flags=SA_RESTART|SA_SIGINFO
SIGQUIT: [libjvm.so+0x908190], sa_mask[0]=11111111011111111101111111111110, sa_flags=SA_RESTART|SA_SIGINFO


---------------  S Y S T E M  ---------------

OS:CentOS Linux release 7.8.2003 (Core)

uname:Linux 3.10.0-1127.13.1.el7.x86_64 #1 SMP Tue Jun 23 15:46:38 UTC 2020 x86_64
libc:glibc 2.17 NPTL 2.17 
rlimit: STACK 8192k, CORE 0k, NPROC 17043, NOFILE 4096, AS infinity
load average:5.83 1.90 0.82

/proc/meminfo:
MemTotal:        4396524 kB
MemFree:          905412 kB
MemAvailable:    1035644 kB
Buffers:               0 kB
Cached:           349852 kB
SwapCached:        40040 kB
Active:          2208148 kB
Inactive:         966288 kB
Active(anon):    2119980 kB
Inactive(anon):   740412 kB
Active(file):      88168 kB
Inactive(file):   225876 kB
Unevictable:           0 kB
Mlocked:               0 kB
SwapTotal:       2359292 kB
SwapFree:        2172848 kB
Dirty:               728 kB
Writeback:             0 kB
AnonPages:       2786432 kB
Mapped:            55364 kB
Shmem:             35812 kB
Slab:              99672 kB
SReclaimable:      42568 kB
SUnreclaim:        57104 kB
KernelStack:       11968 kB
PageTables:        33772 kB
NFS_Unstable:          0 kB
Bounce:                0 kB
WritebackTmp:          0 kB
CommitLimit:     4557552 kB
Committed_AS:    5690356 kB
VmallocTotal:   34359738367 kB
VmallocUsed:       39384 kB
VmallocChunk:   34359694336 kB
Percpu:              200 kB
HardwareCorrupted:     0 kB
AnonHugePages:   1144832 kB
CmaTotal:              0 kB
CmaFree:               0 kB
HugePages_Total:       0
HugePages_Free:        0
HugePages_Rsvd:        0
HugePages_Surp:        0
Hugepagesize:       2048 kB
DirectMap4k:       88000 kB
DirectMap2M:     4630528 kB

container (cgroup) information:
container_type: cgroupv1
cpu_cpuset_cpus: 0
cpu_memory_nodes: 0
active_processor_count: 1
cpu_quota: -1
cpu_period: 100000
cpu_shares: -1
memory_limit_in_bytes: -1
memory_and_swap_limit_in_bytes: -1
memory_soft_limit_in_bytes: -1
memory_usage_in_bytes: 3249803264
memory_max_usage_in_bytes: 0


CPU:total 1 (initial active 1) (1 cores per cpu, 1 threads per core) family 6 model 126 stepping 5, cmov, cx8, fxsr, mmx, sse, sse2, sse3, ssse3, sse4.1, sse4.2, popcnt, avx, avx2, aes, clmul, 3dnowpref, lzcnt, tsc, tscinvbit, bmi1, bmi2

/proc/cpuinfo:
processor	: 0
vendor_id	: GenuineIntel
cpu family	: 6
model		: 126
model name	: Intel(R) Core(TM) i5-1035G1 CPU @ 1.00GHz
stepping	: 5
cpu MHz		: 1190.400
cache size	: 6144 KB
physical id	: 0
siblings	: 1
core id		: 0
cpu cores	: 1
apicid		: 0
initial apicid	: 0
fpu		: yes
fpu_exception	: yes
cpuid level	: 22
wp		: yes
flags		: fpu vme de pse tsc msr pae mce cx8 apic sep mtrr pge mca cmov pat pse36 clflush mmx fxsr sse sse2 ht syscall nx rdtscp lm constant_tsc rep_good nopl xtopology nonstop_tsc eagerfpu pni pclmulqdq monitor ssse3 cx16 pcid sse4_1 sse4_2 x2apic movbe popcnt aes xsave avx rdrand hypervisor lahf_lm abm 3dnowprefetch invpcid_single fsgsbase bmi1 avx2 bmi2 invpcid rdseed clflushopt md_clear flush_l1d arch_capabilities
bogomips	: 2380.80
clflush size	: 64
cache_alignment	: 64
address sizes	: 39 bits physical, 48 bits virtual
power management:



Memory: 4k page, physical 4396524k(905412k free), swap 2359292k(2172848k free)

vm_info: Java HotSpot(TM) 64-Bit Server VM (25.191-b12) for linux-amd64 JRE (1.8.0_191-b12), built on Oct  6 2018 05:43:09 by "java_re" with gcc 7.3.0

time: Sat Mar 25 23:26:54 2023
elapsed time: 9187 seconds (0d 2h 33m 7s)

