#
# A fatal error has been detected by the Java Runtime Environment:
#
#  SIGSEGV (0xb) at pc=0x00007fe695069cb4, pid=4020, tid=0x00007fe688af7700
#
# JRE version: Java(TM) SE Runtime Environment (8.0_191-b12) (build 1.8.0_191-b12)
# Java VM: Java HotSpot(TM) 64-Bit Server VM (25.191-b12 mixed mode linux-amd64 compressed oops)
# Problematic frame:
# v  ~BufferBlob::jni_fast_GetLongField
#
# Failed to write core dump. Core dumps have been disabled. To enable core dumping, try "ulimit -c unlimited" before starting Java again
#
# If you would like to submit a bug report, please visit:
#   http://bugreport.java.com/bugreport/crash.jsp
# The crash happened outside the Java Virtual Machine in native code.
# See problematic frame for where to report the bug.
#

---------------  T H R E A D  ---------------

Current thread (0x00007fe6a41d1800):  JavaThread "AWT-XAWT" daemon [_thread_in_native, id=4036, stack(0x00007fe6889f7000,0x00007fe688af8000)]

siginfo: si_signo: 11 (SIGSEGV), si_code: 1 (SEGV_MAPERR), si_addr: 0x0000000000000000

Registers:
RAX=0x00007fe6ab5ea3c0, RBX=0x00007fe6a41d19f8, RCX=0x0000000000000001, RDX=0x0000000000000042
RSP=0x00007fe688af6838, RBP=0x00007fe688af6860, RSI=0x0000000000000000, RDI=0x00007fe6a41d19f8
R8 =0x00000000be3d4020, R9 =0x0000000000000000, R10=0x000000000000009e, R11=0x00007fe6944f16b0
R12=0x00007fe6800a81a0, R13=0x0000000000000000, R14=0x00007fe694c2eb00, R15=0x00007fe6a41d1800
RIP=0x00007fe695069cb4, EFLAGS=0x0000000000010246, CSGSFS=0x0000000000000033, ERR=0x0000000000000004
  TRAPNO=0x000000000000000e

Top of Stack: (sp=0x00007fe688af6838)
0x00007fe688af6838:   00007fe694a0cb84 00007fe6a8dc8390
0x00007fe688af6848:   00007fe6800a81a0 00007fe688af6910
0x00007fe688af6858:   00007fe688af68e0 0000000000000000
0x00007fe688af6868:   00007fe6944f1708 00007fe6a8dc8390
0x00007fe688af6878:   00007fe688af68a0 0000000000000000
0x00007fe688af6888:   00007fe6944e8ee3 00007fe688af6910
0x00007fe688af6898:   00007fe694a04fef 00007fe688af68f0
0x00007fe688af68a8:   00007fe69532fdf6 0000000000000000
0x00007fe688af68b8:   00007fe695247c76 00007fe688af6910
0x00007fe688af68c8:   00007fe69514b8ec 00000000be2bd2c0
0x00007fe688af68d8:   00000000bd4501d8 00000000be2a4a70
0x00007fe688af68e8:   00000000be2ff638 00007fe688af6970
0x00007fe688af68f8:   00007fe695007a90 00007fe688af6970
0x00007fe688af6908:   00007fe695007a90 0000000000000000
0x00007fe688af6918:   00007fe695007dd0 00007fe678280530
0x00007fe688af6928:   00000000be2bd2c0 00007fe688af6930
0x00007fe688af6938:   00007fe6a8ebcce4 00007fe688af69b8
0x00007fe688af6948:   00007fe6a8ec5cb0 0000000000000000
0x00007fe688af6958:   00007fe6a8ebce20 00007fe688af6910
0x00007fe688af6968:   00007fe688af69b0 00007fe688af6a00
0x00007fe688af6978:   00007fe6950082bd 0000000000000000
0x00007fe688af6988:   00000000bd3de608 0000000000000000
0x00007fe688af6998:   0000000000000000 0000000000000000
0x00007fe688af69a8:   00000000be2bd2c0 0000000000000000
0x00007fe688af69b8:   00000000be2bcce8 00007fe688af69c0
0x00007fe688af69c8:   00007fe6a8ebcb25 00007fe688af6a10
0x00007fe688af69d8:   00007fe6a8ec5cb0 0000000000000000
0x00007fe688af69e8:   00007fe6a8ebcb30 00007fe688af69b0
0x00007fe688af69f8:   00007fe688af6a10 00007fe688af6a58
0x00007fe688af6a08:   00007fe695008302 00000000be2bcce8
0x00007fe688af6a18:   00007fe688af6a18 00007fe6a89d86cb
0x00007fe688af6a28:   00007fe688af6a68 00007fe6a8a603e8 

Instructions: (pc=0x00007fe695069cb4)
0x00007fe695069c94:   00 00 00 00 00 00 00 00 00 00 00 00 44 8b 15 55
0x00007fe695069ca4:   02 5c 16 4c 8b ce 41 f6 c2 01 0f 85 1c 00 00 00
0x00007fe695069cb4:   4d 8b 09 4c 8b da 49 c1 eb 02 4b 8b 04 19 44 3b
0x00007fe695069cc4:   15 33 02 5c 16 0f 85 01 00 00 00 c3 e9 eb 7c cb 

Register to memory mapping:

RAX=0x00007fe6ab5ea3c0: <offset 0xf883c0> in /jdk1.8.0_191/jre/lib/amd64/server/libjvm.so at 0x00007fe6aa662000
RBX=0x00007fe6a41d19f8 is an unknown value
RCX=0x0000000000000001 is an unknown value
RDX=0x0000000000000042 is an unknown value
RSP=0x00007fe688af6838 is pointing into the stack for thread: 0x00007fe6a41d1800
RBP=0x00007fe688af6860 is pointing into the stack for thread: 0x00007fe6a41d1800
RSI=0x0000000000000000 is an unknown value
RDI=0x00007fe6a41d19f8 is an unknown value
R8 =0x00000000be3d4020 is an oop
java.util.logging.Logger 
 - klass: 'java/util/logging/Logger'
R9 =0x0000000000000000 is an unknown value
R10=0x000000000000009e is an unknown value
R11=0x00007fe6944f16b0: _XimServerDestroy+0 in /lib64/libX11.so.6 at 0x00007fe694488000
R12=0x00007fe6800a81a0 is an unknown value
R13=0x0000000000000000 is an unknown value
R14=0x00007fe694c2eb00: <offset 0x256b00> in /jdk1.8.0_191/jre/lib/amd64/libawt_xawt.so at 0x00007fe6949d8000
R15=0x00007fe6a41d1800 is a thread


Stack: [0x00007fe6889f7000,0x00007fe688af8000],  sp=0x00007fe688af6838,  free space=1022k
Native frames: (J=compiled Java code, j=interpreted, Vv=VM code, C=native code)
v  ~BufferBlob::jni_fast_GetLongField
C  [libX11.so.6+0x69708]  _XimServerDestroy+0x58

Java frames: (J=compiled Java code, j=interpreted, Vv=VM code)
J 923  sun.awt.X11.XlibWrapper.XFilterEvent(JJ)Z (0 bytes) @ 0x00007fe69532fd84 [0x00007fe69532fd40+0x44]
j  sun.awt.X11.XToolkit.run(Z)V+300
j  sun.awt.X11.XToolkit.run()V+5
j  java.lang.Thread.run()V+11
v  ~StubRoutines::call_stub

---------------  P R O C E S S  ---------------

Java Threads: ( => current thread )
  0x00007fe680110800 JavaThread "TimerQueue" daemon [_thread_blocked, id=4040, stack(0x00007fe673a55000,0x00007fe673b56000)]
  0x00007fe6a4009800 JavaThread "DestroyJavaVM" [_thread_blocked, id=4021, stack(0x00007fe6ac150000,0x00007fe6ac250000)]
  0x00007fe6a4201000 JavaThread "AWT-EventQueue-0" [_thread_blocked, id=4038, stack(0x00007fe6887f5000,0x00007fe6888f6000)]
  0x00007fe6a41ff000 JavaThread "AWT-Shutdown" [_thread_blocked, id=4037, stack(0x00007fe6888f6000,0x00007fe6889f7000)]
=>0x00007fe6a41d1800 JavaThread "AWT-XAWT" daemon [_thread_in_native, id=4036, stack(0x00007fe6889f7000,0x00007fe688af8000)]
  0x00007fe6a41aa000 JavaThread "Java2D Disposer" daemon [_thread_blocked, id=4035, stack(0x00007fe688f09000,0x00007fe68900a000)]
  0x00007fe6a40b4800 JavaThread "Service Thread" daemon [_thread_blocked, id=4033, stack(0x00007fe6a8053000,0x00007fe6a8154000)]
  0x00007fe6a40b1800 JavaThread "C1 CompilerThread1" daemon [_thread_blocked, id=4032, stack(0x00007fe6a8155000,0x00007fe6a8255000)]
  0x00007fe6a40af000 JavaThread "C2 CompilerThread0" daemon [_thread_blocked, id=4031, stack(0x00007fe6a8256000,0x00007fe6a8356000)]
  0x00007fe6a40ad800 JavaThread "Signal Dispatcher" daemon [_thread_in_vm, id=4030, stack(0x00007fe6a8356000,0x00007fe6a8457000)]
  0x00007fe6a407a800 JavaThread "Finalizer" daemon [_thread_blocked, id=4029, stack(0x00007fe6a8457000,0x00007fe6a8558000)]
  0x00007fe6a4078000 JavaThread "Reference Handler" daemon [_thread_blocked, id=4028, stack(0x00007fe6a8558000,0x00007fe6a8659000)]

Other Threads:
  0x00007fe6a406e000 VMThread [stack: 0x00007fe6a865a000,0x00007fe6a875a000] [id=4027]
  0x00007fe6a40b9800 WatcherThread [stack: 0x00007fe694f00000,0x00007fe695000000] [id=4034]

VM state:not at safepoint (normal execution)

VM Mutex/Monitor currently owned by a thread:  ([mutex/lock_event])
[0x00007fe6a40070a0] Threads_lock - owner thread: 0x00007fe6a40ad800

Heap:
 def new generation   total 20864K, used 9195K [0x00000000bce00000, 0x00000000be4a0000, 0x00000000d3400000)
  eden space 18560K,  37% used [0x00000000bce00000, 0x00000000bd4baf80, 0x00000000be020000)
  from space 2304K, 100% used [0x00000000be260000, 0x00000000be4a0000, 0x00000000be4a0000)
  to   space 2304K,   0% used [0x00000000be020000, 0x00000000be020000, 0x00000000be260000)
 tenured generation   total 46464K, used 2230K [0x00000000d3400000, 0x00000000d6160000, 0x0000000100000000)
   the space 46464K,   4% used [0x00000000d3400000, 0x00000000d362d8f8, 0x00000000d362da00, 0x00000000d6160000)
 Metaspace       used 15584K, capacity 15856K, committed 16000K, reserved 1062912K
  class space    used 1800K, capacity 1910K, committed 1920K, reserved 1048576K

Card table byte_map: [0x00007fe6a9311000,0x00007fe6a952b000] byte_map_base: 0x00007fe6a8d2a000

Polling page: 0x00007fe6ac26b000

CodeCache: size=245760Kb used=5141Kb max_used=5275Kb free=240619Kb
 bounds [0x00007fe695000000, 0x00007fe695530000, 0x00007fe6a4000000]
 total_blobs=2123 nmethods=1538 adapters=497
 compilation: enabled

Compilation events (10 events):
Event: 1437.321 Thread 0x00007fe6a40af000 1593   !   4       sun.awt.X11.XToolkit::getNextTaskTime (55 bytes)
Event: 1437.326 Thread 0x00007fe6a40af000 nmethod 1593 0x00007fe69510de10 code [0x00007fe69510dfa0, 0x00007fe69510e2d0]
Event: 3101.685 Thread 0x00007fe6a40b1800 1594   !   3       sun.awt.X11.XToolkit$1::dispatchEvent (34 bytes)
Event: 3101.685 Thread 0x00007fe6a40b1800 nmethod 1594 0x00007fe69552a650 code [0x00007fe69552a8a0, 0x00007fe69552b6a8]
Event: 3101.685 Thread 0x00007fe6a40b1800 1595       3       sun.awt.X11.XMSelection$1::dispatchEvent (10 bytes)
Event: 3101.686 Thread 0x00007fe6a40b1800 nmethod 1595 0x00007fe695114190 code [0x00007fe695114340, 0x00007fe695114790]
Event: 3101.686 Thread 0x00007fe6a40b1800 1596       3       sun.awt.X11.XMSelection::processRootEvent (32 bytes)
Event: 3101.686 Thread 0x00007fe6a40b1800 nmethod 1596 0x00007fe6951e0310 code [0x00007fe6951e04c0, 0x00007fe6951e0890]
Event: 7183.609 Thread 0x00007fe6a40af000 1597   !   4       sun.awt.X11.XToolkit::windowToXWindow (27 bytes)
Event: 7183.612 Thread 0x00007fe6a40af000 nmethod 1597 0x00007fe695195d10 code [0x00007fe695195ea0, 0x00007fe6951963d8]

GC Heap History (2 events):
Event: 51.704 GC heap before
{Heap before GC invocations=0 (full 0):
 def new generation   total 20864K, used 18560K [0x00000000bce00000, 0x00000000be4a0000, 0x00000000d3400000)
  eden space 18560K, 100% used [0x00000000bce00000, 0x00000000be020000, 0x00000000be020000)
  from space 2304K,   0% used [0x00000000be020000, 0x00000000be020000, 0x00000000be260000)
  to   space 2304K,   0% used [0x00000000be260000, 0x00000000be260000, 0x00000000be4a0000)
 tenured generation   total 46464K, used 0K [0x00000000d3400000, 0x00000000d6160000, 0x0000000100000000)
   the space 46464K,   0% used [0x00000000d3400000, 0x00000000d3400000, 0x00000000d3400200, 0x00000000d6160000)
 Metaspace       used 14230K, capacity 14464K, committed 14592K, reserved 1062912K
  class space    used 1649K, capacity 1748K, committed 1792K, reserved 1048576K
Event: 51.728 GC heap after
Heap after GC invocations=1 (full 0):
 def new generation   total 20864K, used 2304K [0x00000000bce00000, 0x00000000be4a0000, 0x00000000d3400000)
  eden space 18560K,   0% used [0x00000000bce00000, 0x00000000bce00000, 0x00000000be020000)
  from space 2304K, 100% used [0x00000000be260000, 0x00000000be4a0000, 0x00000000be4a0000)
  to   space 2304K,   0% used [0x00000000be020000, 0x00000000be020000, 0x00000000be260000)
 tenured generation   total 46464K, used 2230K [0x00000000d3400000, 0x00000000d6160000, 0x0000000100000000)
   the space 46464K,   4% used [0x00000000d3400000, 0x00000000d362d8f8, 0x00000000d362da00, 0x00000000d6160000)
 Metaspace       used 14230K, capacity 14464K, committed 14592K, reserved 1062912K
  class space    used 1649K, capacity 1748K, committed 1792K, reserved 1048576K
}

Deoptimization events (10 events):
Event: 8.820 Thread 0x00007fe6a4201000 Uncommon trap: reason=class_check action=maybe_recompile pc=0x00007fe69517ab68 method=java.lang.String.equals(Ljava/lang/Object;)Z @ 8
Event: 8.820 Thread 0x00007fe6a4201000 Uncommon trap: reason=class_check action=maybe_recompile pc=0x00007fe69517ab68 method=java.lang.String.equals(Ljava/lang/Object;)Z @ 8
Event: 51.625 Thread 0x00007fe6a41d1800 Uncommon trap: reason=unstable_if action=reinterpret pc=0x00007fe695350888 method=sun.util.logging.PlatformLogger.isLoggable(Lsun/util/logging/PlatformLogger$Level;)Z @ 18
Event: 51.729 Thread 0x00007fe6a4201000 Uncommon trap: reason=unstable_if action=reinterpret pc=0x00007fe6953f5d60 method=java.lang.ref.SoftReference.get()Ljava/lang/Object; @ 17
Event: 51.997 Thread 0x00007fe6a4201000 Uncommon trap: reason=unstable_if action=reinterpret pc=0x00007fe695445140 method=java.lang.Class.getInterfaces()[Ljava/lang/Class; @ 20
Event: 52.041 Thread 0x00007fe6a4201000 Uncommon trap: reason=class_check action=maybe_recompile pc=0x00007fe6952b1260 method=sun.util.logging.PlatformLogger.finest(Ljava/lang/String;)V @ 8
Event: 52.041 Thread 0x00007fe6a4201000 Uncommon trap: reason=class_check action=maybe_recompile pc=0x00007fe6952b1260 method=sun.util.logging.PlatformLogger.finest(Ljava/lang/String;)V @ 8
Event: 52.041 Thread 0x00007fe6a4201000 Uncommon trap: reason=class_check action=maybe_recompile pc=0x00007fe6952b1260 method=sun.util.logging.PlatformLogger.finest(Ljava/lang/String;)V @ 8
Event: 52.041 Thread 0x00007fe6a4201000 Uncommon trap: reason=class_check action=maybe_recompile pc=0x00007fe6952b1260 method=sun.util.logging.PlatformLogger.finest(Ljava/lang/String;)V @ 8
Event: 67.572 Thread 0x00007fe6a4201000 Uncommon trap: reason=unstable_if action=reinterpret pc=0x00007fe6954ac0bc method=java.util.logging.Logger.isLoggable(Ljava/util/logging/Level;)Z @ 8

Classes redefined (0 events):
No events

Internal exceptions (10 events):
Event: 0.420 Thread 0x00007fe6a4009800 Exception <a 'java/security/PrivilegedActionException'> (0x00000000bce96a68) thrown at [/HUDSON/workspace/8-2-build-linux-amd64/jdk8u191/11894/hotspot/src/share/vm/prims/jvm.cpp, line 1435]
Event: 0.617 Thread 0x00007fe6a4009800 Exception <a 'java/lang/NoSuchFieldError': method resolution failed> (0x00000000bcfc3318) thrown at [/HUDSON/workspace/8-2-build-linux-amd64/jdk8u191/11894/hotspot/src/share/vm/prims/methodHandles.cpp, line 1167]
Event: 0.619 Thread 0x00007fe6a4009800 Exception <a 'java/lang/NoSuchFieldError': method resolution failed> (0x00000000bcfd0d10) thrown at [/HUDSON/workspace/8-2-build-linux-amd64/jdk8u191/11894/hotspot/src/share/vm/prims/methodHandles.cpp, line 1167]
Event: 0.741 Thread 0x00007fe6a4009800 Exception <a 'java/io/FileNotFoundException'> (0x00000000bd04e968) thrown at [/HUDSON/workspace/8-2-build-linux-amd64/jdk8u191/11894/hotspot/src/share/vm/prims/jni.cpp, line 709]
Event: 0.741 Thread 0x00007fe6a4009800 Exception <a 'java/io/FileNotFoundException'> (0x00000000bd04f2a8) thrown at [/HUDSON/workspace/8-2-build-linux-amd64/jdk8u191/11894/hotspot/src/share/vm/prims/jni.cpp, line 709]
Event: 4.091 Thread 0x00007fe6a4201000 Exception <a 'java/lang/UnsupportedOperationException': > (0x00000000bdb99960) thrown at [/HUDSON/workspace/8-2-build-linux-amd64/jdk8u191/11894/hotspot/src/share/vm/prims/jni.cpp, line 735]
Event: 51.997 Thread 0x00007fe6a4201000 Implicit null exception at 0x00007fe695444578 to 0x00007fe695445129
Event: 52.228 Thread 0x00007fe6a4201000 Exception <a 'java/lang/UnsupportedOperationException': > (0x00000000bd00ac28) thrown at [/HUDSON/workspace/8-2-build-linux-amd64/jdk8u191/11894/hotspot/src/share/vm/prims/jni.cpp, line 735]
Event: 67.396 Thread 0x00007fe6a4201000 Exception <a 'java/lang/UnsupportedOperationException': > (0x00000000bd3bd8a8) thrown at [/HUDSON/workspace/8-2-build-linux-amd64/jdk8u191/11894/hotspot/src/share/vm/prims/jni.cpp, line 735]
Event: 67.710 Thread 0x00007fe6a4201000 Exception <a 'java/lang/UnsupportedOperationException': > (0x00000000bd3f28f8) thrown at [/HUDSON/workspace/8-2-build-linux-amd64/jdk8u191/11894/hotspot/src/share/vm/prims/jni.cpp, line 735]

Events (10 events):
Event: 3101.686 Thread 0x00007fe6a40b1800 flushing nmethod 0x00007fe69523c990
Event: 3101.686 Thread 0x00007fe6a40b1800 flushing nmethod 0x00007fe695245ed0
Event: 7183.612 Thread 0x00007fe6a40af000 flushing nmethod 0x00007fe695275710
Event: 7183.612 Thread 0x00007fe6a40af000 flushing nmethod 0x00007fe69527a690
Event: 7183.612 Thread 0x00007fe6a40af000 flushing nmethod 0x00007fe69528a950
Event: 7183.612 Thread 0x00007fe6a40af000 flushing nmethod 0x00007fe6952a1d90
Event: 9378.791 loading class sun/awt/X11/XDestroyWindowEvent
Event: 9378.791 loading class sun/awt/X11/XDestroyWindowEvent done
Event: 9378.975 loading class sun/misc/Signal$1
Event: 9378.975 loading class sun/misc/Signal$1 done


Dynamic libraries:
00400000-00401000 r-xp 00000000 fd:00 102659985                          /jdk1.8.0_191/bin/java
00600000-00601000 r--p 00000000 fd:00 102659985                          /jdk1.8.0_191/bin/java
00601000-00602000 rw-p 00001000 fd:00 102659985                          /jdk1.8.0_191/bin/java
00a0c000-00a2d000 rw-p 00000000 00:00 0                                  [heap]
bce00000-be4a0000 rw-p 00000000 00:00 0 
be4a0000-d3400000 ---p 00000000 00:00 0 
d3400000-d6160000 rw-p 00000000 00:00 0 
d6160000-100000000 ---p 00000000 00:00 0 
100000000-1001e0000 rw-p 00000000 00:00 0 
1001e0000-140000000 ---p 00000000 00:00 0 
7fe66c000000-7fe66c021000 rw-p 00000000 00:00 0 
7fe66c021000-7fe670000000 ---p 00000000 00:00 0 
7fe673839000-7fe6739f9000 rw-p 00000000 00:00 0 
7fe6739f9000-7fe673a39000 ---p 00000000 00:00 0 
7fe673a39000-7fe673a55000 r--s 00393000 fd:00 3556560                    /jdk1.8.0_191/jre/lib/ext/cldrdata.jar
7fe673a55000-7fe673a58000 ---p 00000000 00:00 0 
7fe673a58000-7fe673b56000 rw-p 00000000 00:00 0 
7fe673b7b000-7fe673be7000 r-xp 00000000 fd:00 68611362                   /jdk1.8.0_191/jre/lib/amd64/libt2k.so
7fe673be7000-7fe673de7000 ---p 0006c000 fd:00 68611362                   /jdk1.8.0_191/jre/lib/amd64/libt2k.so
7fe673de7000-7fe673ded000 r--p 0006c000 fd:00 68611362                   /jdk1.8.0_191/jre/lib/amd64/libt2k.so
7fe673ded000-7fe673dee000 rw-p 00072000 fd:00 68611362                   /jdk1.8.0_191/jre/lib/amd64/libt2k.so
7fe673dee000-7fe673dff000 r-xp 00000000 fd:00 68628421                   /jdk1.8.0_191/jre/lib/amd64/libnio.so
7fe673dff000-7fe673ffe000 ---p 00011000 fd:00 68628421                   /jdk1.8.0_191/jre/lib/amd64/libnio.so
7fe673ffe000-7fe673fff000 r--p 00010000 fd:00 68628421                   /jdk1.8.0_191/jre/lib/amd64/libnio.so
7fe673fff000-7fe674000000 rw-p 00011000 fd:00 68628421                   /jdk1.8.0_191/jre/lib/amd64/libnio.so
7fe674000000-7fe674a26000 rw-p 00000000 00:00 0 
7fe674a26000-7fe678000000 ---p 00000000 00:00 0 
7fe678000000-7fe678837000 rw-p 00000000 00:00 0 
7fe678837000-7fe67c000000 ---p 00000000 00:00 0 
7fe67c000000-7fe67c041000 rw-p 00000000 00:00 0 
7fe67c041000-7fe680000000 ---p 00000000 00:00 0 
7fe680000000-7fe68038c000 rw-p 00000000 00:00 0 
7fe68038c000-7fe684000000 ---p 00000000 00:00 0 
7fe684000000-7fe68429a000 rw-p 00000000 00:00 0 
7fe68429a000-7fe688000000 ---p 00000000 00:00 0 
7fe688004000-7fe68800e000 r--s 00116000 fd:00 3556567                    /jdk1.8.0_191/jre/lib/ext/localedata.jar
7fe68800e000-7fe68820e000 rw-p 00000000 00:00 0 
7fe68820e000-7fe688224000 r-xp 00000000 fd:00 68628418                   /jdk1.8.0_191/jre/lib/amd64/libnet.so
7fe688224000-7fe688423000 ---p 00016000 fd:00 68628418                   /jdk1.8.0_191/jre/lib/amd64/libnet.so
7fe688423000-7fe688424000 r--p 00015000 fd:00 68628418                   /jdk1.8.0_191/jre/lib/amd64/libnet.so
7fe688424000-7fe688425000 rw-p 00016000 fd:00 68628418                   /jdk1.8.0_191/jre/lib/amd64/libnet.so
7fe688425000-7fe688625000 rw-p 00000000 00:00 0 
7fe688650000-7fe68865e000 r--s 00000000 fd:00 67484505                   /usr/share/X11/fonts/Type1/cursor.pfa
7fe68865e000-7fe688667000 r--s 00000000 fd:00 67484504                   /usr/share/X11/fonts/Type1/c0649bt_.pfb
7fe688667000-7fe688670000 r--s 00000000 fd:00 67484502                   /usr/share/X11/fonts/Type1/c0648bt_.pfb
7fe688670000-7fe688679000 r--s 00000000 fd:00 67484500                   /usr/share/X11/fonts/Type1/c0633bt_.pfb
7fe688679000-7fe688682000 r--s 00000000 fd:00 67484498                   /usr/share/X11/fonts/Type1/c0632bt_.pfb
7fe688682000-7fe68868c000 r--s 00000000 fd:00 67484496                   /usr/share/X11/fonts/Type1/c0611bt_.pfb
7fe68868c000-7fe688696000 r--s 00000000 fd:00 67484494                   /usr/share/X11/fonts/Type1/c0583bt_.pfb
7fe688696000-7fe6886a0000 r--s 00000000 fd:00 67484492                   /usr/share/X11/fonts/Type1/c0582bt_.pfb
7fe6886a0000-7fe6886aa000 r--s 00000000 fd:00 67484490                   /usr/share/X11/fonts/Type1/c0419bt_.pfb
7fe6886aa000-7fe6886bc000 r--s 00000000 fd:00 67484488                   /usr/share/X11/fonts/Type1/UTRG____.pfa
7fe6886bc000-7fe6886cf000 r--s 00000000 fd:00 67484486                   /usr/share/X11/fonts/Type1/UTI_____.pfa
7fe6886cf000-7fe6886e1000 r--s 00000000 fd:00 67484484                   /usr/share/X11/fonts/Type1/UTB_____.pfa
7fe6886e1000-7fe6886f4000 r--s 00000000 fd:00 67484482                   /usr/share/X11/fonts/Type1/UTBI____.pfa
7fe6886f4000-7fe6886f7000 ---p 00000000 00:00 0 
7fe6886f7000-7fe6887f5000 rw-p 00000000 00:00 0 
7fe6887f5000-7fe6887f8000 ---p 00000000 00:00 0 
7fe6887f8000-7fe6888f6000 rw-p 00000000 00:00 0 
7fe6888f6000-7fe6888f9000 ---p 00000000 00:00 0 
7fe6888f9000-7fe6889f7000 rw-p 00000000 00:00 0 
7fe6889f7000-7fe6889fa000 ---p 00000000 00:00 0 
7fe6889fa000-7fe688af8000 rw-p 00000000 00:00 0 
7fe688af8000-7fe688afd000 r-xp 00000000 fd:00 35263117                   /usr/lib64/libXfixes.so.3.1.0
7fe688afd000-7fe688cfc000 ---p 00005000 fd:00 35263117                   /usr/lib64/libXfixes.so.3.1.0
7fe688cfc000-7fe688cfd000 r--p 00004000 fd:00 35263117                   /usr/lib64/libXfixes.so.3.1.0
7fe688cfd000-7fe688cfe000 rw-p 00005000 fd:00 35263117                   /usr/lib64/libXfixes.so.3.1.0
7fe688cfe000-7fe688d07000 r-xp 00000000 fd:00 35263210                   /usr/lib64/libXcursor.so.1.0.2
7fe688d07000-7fe688f07000 ---p 00009000 fd:00 35263210                   /usr/lib64/libXcursor.so.1.0.2
7fe688f07000-7fe688f08000 r--p 00009000 fd:00 35263210                   /usr/lib64/libXcursor.so.1.0.2
7fe688f08000-7fe688f09000 rw-p 0000a000 fd:00 35263210                   /usr/lib64/libXcursor.so.1.0.2
7fe688f09000-7fe688f0c000 ---p 00000000 00:00 0 
7fe688f0c000-7fe68900a000 rw-p 00000000 00:00 0 
7fe68900a000-7fe68901f000 r-xp 00000000 fd:00 40121674                   /usr/lib64/libgcc_s-4.8.5-20150702.so.1
7fe68901f000-7fe68921e000 ---p 00015000 fd:00 40121674                   /usr/lib64/libgcc_s-4.8.5-20150702.so.1
7fe68921e000-7fe68921f000 r--p 00014000 fd:00 40121674                   /usr/lib64/libgcc_s-4.8.5-20150702.so.1
7fe68921f000-7fe689220000 rw-p 00015000 fd:00 40121674                   /usr/lib64/libgcc_s-4.8.5-20150702.so.1
7fe689220000-7fe68927d000 r-xp 00000000 fd:00 68611374                   /jdk1.8.0_191/jre/lib/amd64/libfontmanager.so
7fe68927d000-7fe68947d000 ---p 0005d000 fd:00 68611374                   /jdk1.8.0_191/jre/lib/amd64/libfontmanager.so
7fe68947d000-7fe689480000 r--p 0005d000 fd:00 68611374                   /jdk1.8.0_191/jre/lib/amd64/libfontmanager.so
7fe689480000-7fe689481000 rw-p 00060000 fd:00 68611374                   /jdk1.8.0_191/jre/lib/amd64/libfontmanager.so
7fe689481000-7fe689483000 r-xp 00000000 fd:00 33780200                   /usr/lib64/libXau.so.6.0.0
7fe689483000-7fe689683000 ---p 00002000 fd:00 33780200                   /usr/lib64/libXau.so.6.0.0
7fe689683000-7fe689684000 r--p 00002000 fd:00 33780200                   /usr/lib64/libXau.so.6.0.0
7fe689684000-7fe689685000 rw-p 00003000 fd:00 33780200                   /usr/lib64/libXau.so.6.0.0
7fe689685000-7fe6896ac000 r-xp 00000000 fd:00 33809088                   /usr/lib64/libxcb.so.1.1.0
7fe6896ac000-7fe6898ab000 ---p 00027000 fd:00 33809088                   /usr/lib64/libxcb.so.1.1.0
7fe6898ab000-7fe6898ac000 r--p 00026000 fd:00 33809088                   /usr/lib64/libxcb.so.1.1.0
7fe6898ac000-7fe6898ad000 rw-p 00027000 fd:00 33809088                   /usr/lib64/libxcb.so.1.1.0
7fe6898ad000-7fe6898bc000 r-xp 00000000 fd:00 35263123                   /usr/lib64/libXi.so.6.1.0
7fe6898bc000-7fe689abb000 ---p 0000f000 fd:00 35263123                   /usr/lib64/libXi.so.6.1.0
7fe689abb000-7fe689abc000 r--p 0000e000 fd:00 35263123                   /usr/lib64/libXi.so.6.1.0
7fe689abc000-7fe689abd000 rw-p 0000f000 fd:00 35263123                   /usr/lib64/libXi.so.6.1.0
7fe689abd000-7fe690000000 r--p 00000000 fd:00 101106078                  /usr/lib/locale/locale-archive
7fe690000000-7fe690031000 rw-p 00000000 00:00 0 
7fe690031000-7fe694000000 ---p 00000000 00:00 0 
7fe694004000-7fe694007000 r--s 00027000 fd:00 103922881                  /root/Downloads/ResultSet2xml.jar
7fe694007000-7fe694009000 r--s 00000000 fd:00 34006571                   /usr/lib/fontconfig/cache/ab158498-11c2-474d-b3ed-c8ffc5d72d91-le64.cache-7
7fe694009000-7fe69400c000 r--s 00000000 fd:00 34006568                   /usr/lib/fontconfig/cache/8dfae9f4-6fac-417a-8664-6e1213f8e5d9-le64.cache-7
7fe69400c000-7fe69400e000 r--s 00000000 fd:00 34006566                   /usr/lib/fontconfig/cache/158ec229-398c-4ec9-b874-7907df0ed7c4-le64.cache-7
7fe69400e000-7fe694010000 r--s 00000000 fd:00 34006564                   /usr/lib/fontconfig/cache/8a0bfbc7-d573-4efa-8ac1-e5d867c4edef-le64.cache-7
7fe694010000-7fe694028000 r--s 00000000 fd:00 41693932                   /usr/lib/fontconfig/cache/7492abdf-6856-4ae8-a6af-8189edd8b16e-le64.cache-7
7fe694028000-7fe694033000 r--s 00000000 fd:00 34006562                   /usr/lib/fontconfig/cache/43475d3b-9987-4064-a976-9838a12b04e1-le64.cache-7
7fe694033000-7fe694035000 r--s 00000000 fd:00 34006561                   /usr/lib/fontconfig/cache/c965e70d-570b-478d-8660-d95b9457e76c-le64.cache-7
7fe694035000-7fe694038000 r--s 00000000 fd:00 34006559                   /usr/lib/fontconfig/cache/ce2e5557-7641-4d51-a0bc-a5339e0d8f13-le64.cache-7
7fe694038000-7fe694039000 r--s 00000000 fd:00 34006558                   /usr/lib/fontconfig/cache/da47ede2-b46c-4449-9f1d-bce1e030ade2-le64.cache-7
7fe694039000-7fe69403a000 r--s 00000000 fd:00 34006557                   /usr/lib/fontconfig/cache/b16861f1-c32b-4685-81a3-6f709027d5b5-le64.cache-7
7fe69403a000-7fe69403b000 r--s 00000000 fd:00 34006556                   /usr/lib/fontconfig/cache/9d97921b-5e36-4fa6-9e09-b811c15f996e-le64.cache-7
7fe69403b000-7fe69403c000 r--s 00000000 fd:00 34006555                   /usr/lib/fontconfig/cache/271ef989-55bd-4ebf-a891-7a9d117e965c-le64.cache-7
7fe69403c000-7fe69403f000 r--s 00000000 fd:00 34006553                   /usr/lib/fontconfig/cache/d06e2a81-e415-4971-8a58-c8041e223d69-le64.cache-7
7fe69403f000-7fe694040000 r--s 00000000 fd:00 34006552                   /usr/lib/fontconfig/cache/e2eab557-f3aa-4c1b-b500-64ed1a5a0c64-le64.cache-7
7fe694040000-7fe694044000 r--s 00000000 fd:00 34006551                   /usr/lib/fontconfig/cache/77b5af50-3813-44e8-a49b-128083e21c13-le64.cache-7
7fe694044000-7fe694045000 r--s 00000000 fd:00 41692416                   /usr/lib/fontconfig/cache/92459b18-a480-4c31-80fc-74a8988f96dc-le64.cache-7
7fe694045000-7fe694049000 r--s 00000000 fd:00 34006549                   /usr/lib/fontconfig/cache/8c85221b-4d93-4924-a6d8-8f77da10e7f8-le64.cache-7
7fe694049000-7fe69404c000 r--s 00000000 fd:00 34006548                   /usr/lib/fontconfig/cache/5378b022-cf1e-406b-8b07-5e075dd78a7c-le64.cache-7
7fe69404c000-7fe69404d000 r--s 00000000 fd:00 34006547                   /usr/lib/fontconfig/cache/f15c9128-de32-436f-944a-73ae18e58c79-le64.cache-7
7fe69404d000-7fe69404e000 r--s 00000000 fd:00 34006546                   /usr/lib/fontconfig/cache/81259c55-d229-435f-8ac9-4995cca1005c-le64.cache-7
7fe69404e000-7fe69404f000 r--s 00000000 fd:00 34006545                   /usr/lib/fontconfig/cache/72ba67be-ef62-43ba-a5d7-39d457e716f4-le64.cache-7
7fe69404f000-7fe694050000 r--s 00000000 fd:00 34006543                   /usr/lib/fontconfig/cache/be007748-1d00-4015-81a2-3672563ef800-le64.cache-7
7fe694050000-7fe694051000 r--s 00000000 fd:00 34006542                   /usr/lib/fontconfig/cache/3bfcd86f-f561-4fbe-a1ed-3540a9a46c46-le64.cache-7
7fe694051000-7fe694052000 r--s 00000000 fd:00 34006540                   /usr/lib/fontconfig/cache/2a3a952e-8d15-4301-b1ce-4f21f7e9fe78-le64.cache-7
7fe694052000-7fe694053000 r--s 00000000 fd:00 34006539                   /usr/lib/fontconfig/cache/96010491-a296-469e-8d74-f435d7d8981b-le64.cache-7
7fe694053000-7fe694054000 r--s 00000000 fd:00 34006537                   /usr/lib/fontconfig/cache/6e33928b-1559-4a7e-bafb-ed3ad4371dd4-le64.cache-7
7fe694054000-7fe694055000 r--s 00000000 fd:00 34006536                   /usr/lib/fontconfig/cache/cc7acb12-7f7f-4dc8-a08b-6d3ef3cd34a0-le64.cache-7
7fe694055000-7fe694056000 r--s 00000000 fd:00 34006535                   /usr/lib/fontconfig/cache/9f192625-d65d-41c8-9950-f944eb3e2ab7-le64.cache-7
7fe694056000-7fe694057000 r--s 00000000 fd:00 34006534                   /usr/lib/fontconfig/cache/955d773e-b9db-4e14-9aa3-4f153c94e935-le64.cache-7
7fe694057000-7fe694058000 r--s 00000000 fd:00 34006533                   /usr/lib/fontconfig/cache/c38058e6-ef79-42fd-9832-a51ed3b490a5-le64.cache-7
7fe694058000-7fe694059000 r--s 00000000 fd:00 34006583                   /usr/lib/fontconfig/cache/9db4e249-665a-41bf-bcc7-61da2adf39c8-le64.cache-7
7fe694059000-7fe69405a000 r--s 00000000 fd:00 34006532                   /usr/lib/fontconfig/cache/beb7d81a-47d2-4601-aaf9-6ad89cc0d7a2-le64.cache-7
7fe69405a000-7fe694061000 r--s 00000000 fd:00 34091492                   /usr/lib/fontconfig/cache/52729f95-cce0-46ab-a740-4cebac938cd4-le64.cache-7
7fe694061000-7fe694063000 r--s 00000000 fd:00 34006582                   /usr/lib/fontconfig/cache/0baf6553-dcc5-41f8-8be4-56a9dbf7bbd7-le64.cache-7
7fe694063000-7fe694064000 r--s 00000000 fd:00 34006581                   /usr/lib/fontconfig/cache/13297fdb-e4cc-43e7-b51d-15f3dc74529e-le64.cache-7
7fe694064000-7fe69406c000 r--s 00000000 fd:00 34006578                   /usr/lib/fontconfig/cache/565d9d1c-bf03-472e-94e1-2381c17b3369-le64.cache-7
7fe69406c000-7fe694077000 r--s 00000000 fd:00 34006572                   /usr/lib/fontconfig/cache/85b03c03-664b-48dd-a3ec-a0cbe040cd06-le64.cache-7
7fe694077000-7fe69407c000 r-xp 00000000 fd:00 35263171                   /usr/lib64/libXtst.so.6.1.0
7fe69407c000-7fe69427b000 ---p 00005000 fd:00 35263171                   /usr/lib64/libXtst.so.6.1.0
7fe69427b000-7fe69427c000 r--p 00004000 fd:00 35263171                   /usr/lib64/libXtst.so.6.1.0
7fe69427c000-7fe69427d000 rw-p 00005000 fd:00 35263171                   /usr/lib64/libXtst.so.6.1.0
7fe69427d000-7fe694286000 r-xp 00000000 fd:00 35263135                   /usr/lib64/libXrender.so.1.3.0
7fe694286000-7fe694486000 ---p 00009000 fd:00 35263135                   /usr/lib64/libXrender.so.1.3.0
7fe694486000-7fe694487000 r--p 00009000 fd:00 35263135                   /usr/lib64/libXrender.so.1.3.0
7fe694487000-7fe694488000 rw-p 0000a000 fd:00 35263135                   /usr/lib64/libXrender.so.1.3.0
7fe694488000-7fe6945c0000 r-xp 00000000 fd:00 36315762                   /usr/lib64/libX11.so.6.3.0
7fe6945c0000-7fe6947c0000 ---p 00138000 fd:00 36315762                   /usr/lib64/libX11.so.6.3.0
7fe6947c0000-7fe6947c1000 r--p 00138000 fd:00 36315762                   /usr/lib64/libX11.so.6.3.0
7fe6947c1000-7fe6947c6000 rw-p 00139000 fd:00 36315762                   /usr/lib64/libX11.so.6.3.0
7fe6947c6000-7fe6947d7000 r-xp 00000000 fd:00 35263116                   /usr/lib64/libXext.so.6.4.0
7fe6947d7000-7fe6949d6000 ---p 00011000 fd:00 35263116                   /usr/lib64/libXext.so.6.4.0
7fe6949d6000-7fe6949d7000 r--p 00010000 fd:00 35263116                   /usr/lib64/libXext.so.6.4.0
7fe6949d7000-7fe6949d8000 rw-p 00011000 fd:00 35263116                   /usr/lib64/libXext.so.6.4.0
7fe6949d8000-7fe694a2b000 r-xp 00000000 fd:00 68628425                   /jdk1.8.0_191/jre/lib/amd64/libawt_xawt.so
7fe694a2b000-7fe694c2a000 ---p 00053000 fd:00 68628425                   /jdk1.8.0_191/jre/lib/amd64/libawt_xawt.so
7fe694c2a000-7fe694c2b000 r--p 00052000 fd:00 68628425                   /jdk1.8.0_191/jre/lib/amd64/libawt_xawt.so
7fe694c2b000-7fe694c2e000 rw-p 00053000 fd:00 68628425                   /jdk1.8.0_191/jre/lib/amd64/libawt_xawt.so
7fe694c2e000-7fe694c2f000 rw-p 00000000 00:00 0 
7fe694c2f000-7fe694cce000 r-xp 00000000 fd:00 68611387                   /jdk1.8.0_191/jre/lib/amd64/libawt.so
7fe694cce000-7fe694ece000 ---p 0009f000 fd:00 68611387                   /jdk1.8.0_191/jre/lib/amd64/libawt.so
7fe694ece000-7fe694ecf000 r--p 0009f000 fd:00 68611387                   /jdk1.8.0_191/jre/lib/amd64/libawt.so
7fe694ecf000-7fe694eda000 rw-p 000a0000 fd:00 68611387                   /jdk1.8.0_191/jre/lib/amd64/libawt.so
7fe694eda000-7fe694eff000 rw-p 00000000 00:00 0 
7fe694eff000-7fe694f00000 ---p 00000000 00:00 0 
7fe694f00000-7fe695000000 rw-p 00000000 00:00 0 
7fe695000000-7fe695530000 rwxp 00000000 00:00 0 
7fe695530000-7fe6a4000000 ---p 00000000 00:00 0 
7fe6a4000000-7fe6a425d000 rw-p 00000000 00:00 0 
7fe6a425d000-7fe6a8000000 ---p 00000000 00:00 0 
7fe6a8000000-7fe6a8002000 r--s 00000000 fd:00 34006580                   /usr/lib/fontconfig/cache/ab3c62a8-1894-49f8-9211-540531e356f1-le64.cache-7
7fe6a8002000-7fe6a8004000 r--s 00000000 fd:00 34006579                   /usr/lib/fontconfig/cache/0e0e9588-af2a-48e7-8050-2a1ff7efa804-le64.cache-7
7fe6a8004000-7fe6a800c000 r--s 00000000 fd:00 34006575                   /usr/lib/fontconfig/cache/29b25067-ee4b-49fb-a626-1e72f8bceecb-le64.cache-7
7fe6a800c000-7fe6a800e000 r--s 00000000 fd:00 34006574                   /usr/lib/fontconfig/cache/4f0d4131-ff42-4411-9573-559582879965-le64.cache-7
7fe6a800e000-7fe6a8013000 r--s 00000000 fd:00 34006570                   /usr/lib/fontconfig/cache/390251cc-b2b0-4fff-a231-4d9b690996f7-le64.cache-7
7fe6a8013000-7fe6a8040000 rw-s 00000000 00:04 61                         /SYSV00000000 (deleted)
7fe6a8040000-7fe6a8053000 r--s 00345000 fd:00 3556547                    /jdk1.8.0_191/jre/lib/resources.jar
7fe6a8053000-7fe6a8056000 ---p 00000000 00:00 0 
7fe6a8056000-7fe6a8154000 rw-p 00000000 00:00 0 
7fe6a8154000-7fe6a8158000 ---p 00000000 00:00 0 
7fe6a8158000-7fe6a8255000 rw-p 00000000 00:00 0 
7fe6a8255000-7fe6a8259000 ---p 00000000 00:00 0 
7fe6a8259000-7fe6a8356000 rw-p 00000000 00:00 0 
7fe6a8356000-7fe6a8359000 ---p 00000000 00:00 0 
7fe6a8359000-7fe6a8457000 rw-p 00000000 00:00 0 
7fe6a8457000-7fe6a845a000 ---p 00000000 00:00 0 
7fe6a845a000-7fe6a8558000 rw-p 00000000 00:00 0 
7fe6a8558000-7fe6a855b000 ---p 00000000 00:00 0 
7fe6a855b000-7fe6a8659000 rw-p 00000000 00:00 0 
7fe6a8659000-7fe6a865a000 ---p 00000000 00:00 0 
7fe6a865a000-7fe6a875a000 rw-p 00000000 00:00 0 
7fe6a875a000-7fe6a8934000 r--s 03d6c000 fd:00 3532122                    /jdk1.8.0_191/jre/lib/rt.jar
7fe6a8934000-7fe6a91c1000 rw-p 00000000 00:00 0 
7fe6a91c1000-7fe6a9311000 ---p 00000000 00:00 0 
7fe6a9311000-7fe6a931d000 rw-p 00000000 00:00 0 
7fe6a931d000-7fe6a93c4000 ---p 00000000 00:00 0 
7fe6a93c4000-7fe6a93db000 rw-p 00000000 00:00 0 
7fe6a93db000-7fe6a952a000 ---p 00000000 00:00 0 
7fe6a952a000-7fe6a9540000 rw-p 00000000 00:00 0 
7fe6a9540000-7fe6a98eb000 ---p 00000000 00:00 0 
7fe6a98eb000-7fe6a9905000 r-xp 00000000 fd:00 68611390                   /jdk1.8.0_191/jre/lib/amd64/libzip.so
7fe6a9905000-7fe6a9b05000 ---p 0001a000 fd:00 68611390                   /jdk1.8.0_191/jre/lib/amd64/libzip.so
7fe6a9b05000-7fe6a9b06000 r--p 0001a000 fd:00 68611390                   /jdk1.8.0_191/jre/lib/amd64/libzip.so
7fe6a9b06000-7fe6a9b07000 rw-p 0001b000 fd:00 68611390                   /jdk1.8.0_191/jre/lib/amd64/libzip.so
7fe6a9b07000-7fe6a9b13000 r-xp 00000000 fd:00 35108647                   /usr/lib64/libnss_files-2.17.so
7fe6a9b13000-7fe6a9d12000 ---p 0000c000 fd:00 35108647                   /usr/lib64/libnss_files-2.17.so
7fe6a9d12000-7fe6a9d13000 r--p 0000b000 fd:00 35108647                   /usr/lib64/libnss_files-2.17.so
7fe6a9d13000-7fe6a9d14000 rw-p 0000c000 fd:00 35108647                   /usr/lib64/libnss_files-2.17.so
7fe6a9d14000-7fe6a9d1a000 rw-p 00000000 00:00 0 
7fe6a9d1a000-7fe6a9d47000 r-xp 00000000 fd:00 68611384                   /jdk1.8.0_191/jre/lib/amd64/libjava.so
7fe6a9d47000-7fe6a9f46000 ---p 0002d000 fd:00 68611384                   /jdk1.8.0_191/jre/lib/amd64/libjava.so
7fe6a9f46000-7fe6a9f47000 r--p 0002c000 fd:00 68611384                   /jdk1.8.0_191/jre/lib/amd64/libjava.so
7fe6a9f47000-7fe6a9f49000 rw-p 0002d000 fd:00 68611384                   /jdk1.8.0_191/jre/lib/amd64/libjava.so
7fe6a9f49000-7fe6a9f56000 r-xp 00000000 fd:00 68611389                   /jdk1.8.0_191/jre/lib/amd64/libverify.so
7fe6a9f56000-7fe6aa155000 ---p 0000d000 fd:00 68611389                   /jdk1.8.0_191/jre/lib/amd64/libverify.so
7fe6aa155000-7fe6aa157000 r--p 0000c000 fd:00 68611389                   /jdk1.8.0_191/jre/lib/amd64/libverify.so
7fe6aa157000-7fe6aa158000 rw-p 0000e000 fd:00 68611389                   /jdk1.8.0_191/jre/lib/amd64/libverify.so
7fe6aa158000-7fe6aa15f000 r-xp 00000000 fd:00 35108651                   /usr/lib64/librt-2.17.so
7fe6aa15f000-7fe6aa35e000 ---p 00007000 fd:00 35108651                   /usr/lib64/librt-2.17.so
7fe6aa35e000-7fe6aa35f000 r--p 00006000 fd:00 35108651                   /usr/lib64/librt-2.17.so
7fe6aa35f000-7fe6aa360000 rw-p 00007000 fd:00 35108651                   /usr/lib64/librt-2.17.so
7fe6aa360000-7fe6aa461000 r-xp 00000000 fd:00 35108644                   /usr/lib64/libm-2.17.so
7fe6aa461000-7fe6aa660000 ---p 00101000 fd:00 35108644                   /usr/lib64/libm-2.17.so
7fe6aa660000-7fe6aa661000 r--p 00100000 fd:00 35108644                   /usr/lib64/libm-2.17.so
7fe6aa661000-7fe6aa662000 rw-p 00101000 fd:00 35108644                   /usr/lib64/libm-2.17.so
7fe6aa662000-7fe6ab344000 r-xp 00000000 fd:00 3556594                    /jdk1.8.0_191/jre/lib/amd64/server/libjvm.so
7fe6ab344000-7fe6ab544000 ---p 00ce2000 fd:00 3556594                    /jdk1.8.0_191/jre/lib/amd64/server/libjvm.so
7fe6ab544000-7fe6ab5da000 r--p 00ce2000 fd:00 3556594                    /jdk1.8.0_191/jre/lib/amd64/server/libjvm.so
7fe6ab5da000-7fe6ab60b000 rw-p 00d78000 fd:00 3556594                    /jdk1.8.0_191/jre/lib/amd64/server/libjvm.so
7fe6ab60b000-7fe6ab646000 rw-p 00000000 00:00 0 
7fe6ab646000-7fe6ab809000 r-xp 00000000 fd:00 33644670                   /usr/lib64/libc-2.17.so
7fe6ab809000-7fe6aba09000 ---p 001c3000 fd:00 33644670                   /usr/lib64/libc-2.17.so
7fe6aba09000-7fe6aba0d000 r--p 001c3000 fd:00 33644670                   /usr/lib64/libc-2.17.so
7fe6aba0d000-7fe6aba0f000 rw-p 001c7000 fd:00 33644670                   /usr/lib64/libc-2.17.so
7fe6aba0f000-7fe6aba14000 rw-p 00000000 00:00 0 
7fe6aba14000-7fe6aba16000 r-xp 00000000 fd:00 35108643                   /usr/lib64/libdl-2.17.so
7fe6aba16000-7fe6abc16000 ---p 00002000 fd:00 35108643                   /usr/lib64/libdl-2.17.so
7fe6abc16000-7fe6abc17000 r--p 00002000 fd:00 35108643                   /usr/lib64/libdl-2.17.so
7fe6abc17000-7fe6abc18000 rw-p 00003000 fd:00 35108643                   /usr/lib64/libdl-2.17.so
7fe6abc18000-7fe6abc2f000 r-xp 00000000 fd:00 36652250                   /jdk1.8.0_191/lib/amd64/jli/libjli.so
7fe6abc2f000-7fe6abe2e000 ---p 00017000 fd:00 36652250                   /jdk1.8.0_191/lib/amd64/jli/libjli.so
7fe6abe2e000-7fe6abe2f000 r--p 00016000 fd:00 36652250                   /jdk1.8.0_191/lib/amd64/jli/libjli.so
7fe6abe2f000-7fe6abe30000 rw-p 00017000 fd:00 36652250                   /jdk1.8.0_191/lib/amd64/jli/libjli.so
7fe6abe30000-7fe6abe47000 r-xp 00000000 fd:00 33644696                   /usr/lib64/libpthread-2.17.so
7fe6abe47000-7fe6ac046000 ---p 00017000 fd:00 33644696                   /usr/lib64/libpthread-2.17.so
7fe6ac046000-7fe6ac047000 r--p 00016000 fd:00 33644696                   /usr/lib64/libpthread-2.17.so
7fe6ac047000-7fe6ac048000 rw-p 00017000 fd:00 33644696                   /usr/lib64/libpthread-2.17.so
7fe6ac048000-7fe6ac04c000 rw-p 00000000 00:00 0 
7fe6ac04c000-7fe6ac06e000 r-xp 00000000 fd:00 33644662                   /usr/lib64/ld-2.17.so
7fe6ac06e000-7fe6ac073000 r--s 00084000 fd:00 3532075                    /jdk1.8.0_191/jre/lib/jfr.jar
7fe6ac073000-7fe6ac078000 r--s 002f9000 fd:00 3532120                    /jdk1.8.0_191/jre/lib/charsets.jar
7fe6ac078000-7fe6ac07d000 r--s 000a0000 fd:00 3556556                    /jdk1.8.0_191/jre/lib/jsse.jar
7fe6ac07d000-7fe6ac14f000 rw-p 00000000 00:00 0 
7fe6ac14f000-7fe6ac153000 ---p 00000000 00:00 0 
7fe6ac153000-7fe6ac254000 rw-p 00000000 00:00 0 
7fe6ac254000-7fe6ac255000 r--s 00000000 fd:00 34745984                   /usr/lib/fontconfig/cache/68f9b6f8-1540-4fe5-a61f-56a4947dc1e1-le64.cache-7
7fe6ac255000-7fe6ac258000 r--s 0001a000 fd:00 3556598                    /jdk1.8.0_191/jre/lib/jce.jar
7fe6ac258000-7fe6ac262000 r--s 000c0000 fd:00 889162                     /jdk1.8.0_191/jre/lib/ext/postgresql-42.2.5.jar
7fe6ac262000-7fe6ac26a000 rw-s 00000000 fd:00 103909221                  /tmp/hsperfdata_root/4020
7fe6ac26a000-7fe6ac26b000 rw-p 00000000 00:00 0 
7fe6ac26b000-7fe6ac26c000 r--p 00000000 00:00 0 
7fe6ac26c000-7fe6ac26d000 rw-p 00000000 00:00 0 
7fe6ac26d000-7fe6ac26e000 r--p 00021000 fd:00 33644662                   /usr/lib64/ld-2.17.so
7fe6ac26e000-7fe6ac26f000 rw-p 00022000 fd:00 33644662                   /usr/lib64/ld-2.17.so
7fe6ac26f000-7fe6ac270000 rw-p 00000000 00:00 0 
7fff30551000-7fff30572000 rw-p 00000000 00:00 0                          [stack]
7fff305a7000-7fff305a9000 r-xp 00000000 00:00 0                          [vdso]
ffffffffff600000-ffffffffff601000 r-xp 00000000 00:00 0                  [vsyscall]

VM Arguments:
jvm_args: -Dfile.encoding=UTF-8 
java_command: electricity.billing.system.newCustomer
java_class_path (initial): /jdk1.8.0_191/jre/lib/resources.jar:/jdk1.8.0_191/jre/lib/rt.jar:/jdk1.8.0_191/jre/lib/jsse.jar:/jdk1.8.0_191/jre/lib/jce.jar:/jdk1.8.0_191/jre/lib/charsets.jar:/jdk1.8.0_191/jre/lib/jfr.jar:/jdk1.8.0_191/jre/lib/ext/sunec.jar:/jdk1.8.0_191/jre/lib/ext/dnsns.jar:/jdk1.8.0_191/jre/lib/ext/cldrdata.jar:/jdk1.8.0_191/jre/lib/ext/jfxrt.jar:/jdk1.8.0_191/jre/lib/ext/jaccess.jar:/jdk1.8.0_191/jre/lib/ext/nashorn.jar:/jdk1.8.0_191/jre/lib/ext/zipfs.jar:/jdk1.8.0_191/jre/lib/ext/sunpkcs11.jar:/jdk1.8.0_191/jre/lib/ext/localedata.jar:/jdk1.8.0_191/jre/lib/ext/sunjce_provider.jar:/jdk1.8.0_191/jre/lib/ext/postgresql-42.2.5.jar:/root/apurva/Electricity Billing System/bin:/root/Downloads/ResultSet2xml.jar
Launcher Type: SUN_STANDARD

Environment Variables:
JAVA_HOME=/jdk1.8.0_191
CLASSPATH=:/apache-tomcat-8.5.38/common/lib/servlet-api.jar
PATH=/jdk1.8.0_191/bin:/usr/local/bin:/usr/local/sbin:/usr/bin:/usr/sbin:/bin:/sbin:/root/bin
USERNAME=root
SHELL=/bin/bash
DISPLAY=:0

Signal Handlers:
SIGSEGV: [libjvm.so+0xaced60], sa_mask[0]=11111111011111111101111111111110, sa_flags=SA_RESTART|SA_SIGINFO
SIGBUS: [libjvm.so+0xaced60], sa_mask[0]=11111111011111111101111111111110, sa_flags=SA_RESTART|SA_SIGINFO
SIGFPE: [libjvm.so+0x907ca0], sa_mask[0]=11111111011111111101111111111110, sa_flags=SA_RESTART|SA_SIGINFO
SIGPIPE: [libjvm.so+0x907ca0], sa_mask[0]=11111111011111111101111111111110, sa_flags=SA_RESTART|SA_SIGINFO
SIGXFSZ: [libjvm.so+0x907ca0], sa_mask[0]=11111111011111111101111111111110, sa_flags=SA_RESTART|SA_SIGINFO
SIGILL: [libjvm.so+0x907ca0], sa_mask[0]=11111111011111111101111111111110, sa_flags=SA_RESTART|SA_SIGINFO
SIGUSR1: SIG_DFL, sa_mask[0]=00000000000000000000000000000000, sa_flags=none
SIGUSR2: [libjvm.so+0x907b70], sa_mask[0]=00100000000000000000000000000000, sa_flags=SA_RESTART|SA_SIGINFO
SIGHUP: [libjvm.so+0x908190], sa_mask[0]=11111111011111111101111111111110, sa_flags=SA_RESTART|SA_SIGINFO
SIGINT: [libjvm.so+0x908190], sa_mask[0]=11111111011111111101111111111110, sa_flags=SA_RESTART|SA_SIGINFO
SIGTERM: [libjvm.so+0x908190], sa_mask[0]=11111111011111111101111111111110, sa_flags=SA_RESTART|SA_SIGINFO
SIGQUIT: [libjvm.so+0x908190], sa_mask[0]=11111111011111111101111111111110, sa_flags=SA_RESTART|SA_SIGINFO


---------------  S Y S T E M  ---------------

OS:CentOS Linux release 7.8.2003 (Core)

uname:Linux 3.10.0-1127.13.1.el7.x86_64 #1 SMP Tue Jun 23 15:46:38 UTC 2020 x86_64
libc:glibc 2.17 NPTL 2.17 
rlimit: STACK 8192k, CORE 0k, NPROC 17043, NOFILE 4096, AS infinity
load average:0.12 0.32 0.34

/proc/meminfo:
MemTotal:        4396508 kB
MemFree:          736800 kB
MemAvailable:     897460 kB
Buffers:               0 kB
Cached:           349408 kB
SwapCached:          248 kB
Active:          2590380 kB
Inactive:         668156 kB
Active(anon):    2423076 kB
Inactive(anon):   519412 kB
Active(file):     167304 kB
Inactive(file):   148744 kB
Unevictable:          32 kB
Mlocked:              32 kB
SwapTotal:       2359292 kB
SwapFree:        2358004 kB
Dirty:               472 kB
Writeback:             0 kB
AnonPages:       2893968 kB
Mapped:           135428 kB
Shmem:             33340 kB
Slab:             163340 kB
SReclaimable:      99576 kB
SUnreclaim:        63764 kB
KernelStack:       14304 kB
PageTables:        36968 kB
NFS_Unstable:          0 kB
Bounce:                0 kB
WritebackTmp:          0 kB
CommitLimit:     4557544 kB
Committed_AS:    5531228 kB
VmallocTotal:   34359738367 kB
VmallocUsed:       38408 kB
VmallocChunk:   34359695352 kB
Percpu:              200 kB
HardwareCorrupted:     0 kB
AnonHugePages:   1214464 kB
CmaTotal:              0 kB
CmaFree:               0 kB
HugePages_Total:       0
HugePages_Free:        0
HugePages_Rsvd:        0
HugePages_Surp:        0
Hugepagesize:       2048 kB
DirectMap4k:       98240 kB
DirectMap2M:     4620288 kB

container (cgroup) information:
container_type: cgroupv1
cpu_cpuset_cpus: 0
cpu_memory_nodes: 0
active_processor_count: 1
cpu_quota: -1
cpu_period: 100000
cpu_shares: -1
memory_limit_in_bytes: -1
memory_and_swap_limit_in_bytes: -1
memory_soft_limit_in_bytes: -1
memory_usage_in_bytes: 3331923968
memory_max_usage_in_bytes: 0


CPU:total 1 (initial active 1) (1 cores per cpu, 1 threads per core) family 6 model 126 stepping 5, cmov, cx8, fxsr, mmx, sse, sse2, sse3, ssse3, sse4.1, sse4.2, popcnt, avx, avx2, aes, clmul, 3dnowpref, lzcnt, tsc, tscinvbit, bmi1, bmi2

/proc/cpuinfo:
processor	: 0
vendor_id	: GenuineIntel
cpu family	: 6
model		: 126
model name	: Intel(R) Core(TM) i5-1035G1 CPU @ 1.00GHz
stepping	: 5
cpu MHz		: 1190.400
cache size	: 6144 KB
physical id	: 0
siblings	: 1
core id		: 0
cpu cores	: 1
apicid		: 0
initial apicid	: 0
fpu		: yes
fpu_exception	: yes
cpuid level	: 22
wp		: yes
flags		: fpu vme de pse tsc msr pae mce cx8 apic sep mtrr pge mca cmov pat pse36 clflush mmx fxsr sse sse2 ht syscall nx rdtscp lm constant_tsc rep_good nopl xtopology nonstop_tsc eagerfpu pni pclmulqdq monitor ssse3 cx16 pcid sse4_1 sse4_2 x2apic movbe popcnt aes xsave avx rdrand hypervisor lahf_lm abm 3dnowprefetch invpcid_single fsgsbase bmi1 avx2 bmi2 invpcid rdseed clflushopt md_clear flush_l1d arch_capabilities
bogomips	: 2380.80
clflush size	: 64
cache_alignment	: 64
address sizes	: 39 bits physical, 48 bits virtual
power management:



Memory: 4k page, physical 4396508k(736816k free), swap 2359292k(2358004k free)

vm_info: Java HotSpot(TM) 64-Bit Server VM (25.191-b12) for linux-amd64 JRE (1.8.0_191-b12), built on Oct  6 2018 05:43:09 by "java_re" with gcc 7.3.0

time: Fri Mar 24 21:29:29 2023
elapsed time: 9379 seconds (0d 2h 36m 19s)

