#
# A fatal error has been detected by the Java Runtime Environment:
#
#  SIGSEGV (0xb) at pc=0x00007f7499069cb4, pid=5069, tid=0x00007f7484297700
#
# JRE version: Java(TM) SE Runtime Environment (8.0_191-b12) (build 1.8.0_191-b12)
# Java VM: Java HotSpot(TM) 64-Bit Server VM (25.191-b12 mixed mode linux-amd64 compressed oops)
# Problematic frame:
# v  ~BufferBlob::jni_fast_GetLongField
#
# Failed to write core dump. Core dumps have been disabled. To enable core dumping, try "ulimit -c unlimited" before starting Java again
#
# If you would like to submit a bug report, please visit:
#   http://bugreport.java.com/bugreport/crash.jsp
# The crash happened outside the Java Virtual Machine in native code.
# See problematic frame for where to report the bug.
#

---------------  T H R E A D  ---------------

Current thread (0x00007f74a81c6000):  JavaThread "AWT-XAWT" daemon [_thread_in_native, id=5086, stack(0x00007f7484197000,0x00007f7484298000)]

siginfo: si_signo: 11 (SIGSEGV), si_code: 1 (SEGV_MAPERR), si_addr: 0x0000000000000000

Registers:
RAX=0x00007f74aee3a3c0, RBX=0x00007f74a81c61f8, RCX=0x0000000000000001, RDX=0x0000000000000042
RSP=0x00007f7484296838, RBP=0x00007f7484296860, RSI=0x0000000000000000, RDI=0x00007f74a81c61f8
R8 =0x00000000bce7edf8, R9 =0x0000000000000000, R10=0x000000000000002a, R11=0x00007f74855d66b0
R12=0x00007f748003abf0, R13=0x0000000000000000, R14=0x00007f749844eb00, R15=0x00007f74a81c6000
RIP=0x00007f7499069cb4, EFLAGS=0x0000000000010246, CSGSFS=0x0000000000000033, ERR=0x0000000000000004
  TRAPNO=0x000000000000000e

Top of Stack: (sp=0x00007f7484296838)
0x00007f7484296838:   00007f749822cb84 00007f74ac5f9848
0x00007f7484296848:   00007f748003abf0 00007f7484296910
0x00007f7484296858:   00007f74842968e0 0000000000000000
0x00007f7484296868:   00007f74855d6708 00007f74ac5f9848
0x00007f7484296878:   00007f74842968a0 0000000000000000
0x00007f7484296888:   00007f74855cdee3 00007f7484296910
0x00007f7484296898:   00007f7498224fef 00007f74842968f0
0x00007f74842968a8:   00007f74992b5736 0000000000000000
0x00007f74842968b8:   00007f749921b736 00007f7484296910
0x00007f74842968c8:   00007f749915342c 00007f7484296970
0x00007f74842968d8:   00000000bd0983b0 00000000bd05dcc0
0x00007f74842968e8:   0000000000000001 00007f7484296970
0x00007f74842968f8:   00007f7499007a90 00007f7484296970
0x00007f7484296908:   00007f7499007a90 0000000000000000
0x00007f7484296918:   00007f7499007dd0 00007f747c1eaf40
0x00007f7484296928:   00000000bd1445b8 00007f7484296930
0x00007f7484296938:   00007f74ac7002b4 00007f74842969b8
0x00007f7484296948:   00007f74ac709a70 0000000000000000
0x00007f7484296958:   00007f74ac7003f0 00007f7484296910
0x00007f7484296968:   00007f74842969b0 00007f7484296a00
0x00007f7484296978:   00007f74990082bd 0000000000000000
0x00007f7484296988:   00000000bd1a7d00 0000000000000000
0x00007f7484296998:   0000000000000000 0000000000000000
0x00007f74842969a8:   00000000bd1445b8 0000000000000000
0x00007f74842969b8:   00000000bd098f50 00007f74842969c0
0x00007f74842969c8:   00007f74ac7000f5 00007f7484296a10
0x00007f74842969d8:   00007f74ac709a70 0000000000000000
0x00007f74842969e8:   00007f74ac700100 00007f74842969b0
0x00007f74842969f8:   00007f7484296a10 00007f7484296a58
0x00007f7484296a08:   00007f7499008302 00000000bd098f50
0x00007f7484296a18:   00007f7484296a18 00007f74ac2286cb
0x00007f7484296a28:   00007f7484296a68 00007f74ac2b03e8 

Instructions: (pc=0x00007f7499069cb4)
0x00007f7499069c94:   00 00 00 00 00 00 00 00 00 00 00 00 44 8b 15 55
0x00007f7499069ca4:   02 e1 15 4c 8b ce 41 f6 c2 01 0f 85 1c 00 00 00
0x00007f7499069cb4:   4d 8b 09 4c 8b da 49 c1 eb 02 4b 8b 04 19 44 3b
0x00007f7499069cc4:   15 33 02 e1 15 0f 85 01 00 00 00 c3 e9 eb 7c 50 

Register to memory mapping:

RAX=0x00007f74aee3a3c0: <offset 0xf883c0> in /jdk1.8.0_191/jre/lib/amd64/server/libjvm.so at 0x00007f74adeb2000
RBX=0x00007f74a81c61f8 is an unknown value
RCX=0x0000000000000001 is an unknown value
RDX=0x0000000000000042 is an unknown value
RSP=0x00007f7484296838 is pointing into the stack for thread: 0x00007f74a81c6000
RBP=0x00007f7484296860 is pointing into the stack for thread: 0x00007f74a81c6000
RSI=0x0000000000000000 is an unknown value
RDI=0x00007f74a81c61f8 is an unknown value
R8 =0x00000000bce7edf8 is an oop
sun.util.logging.PlatformLogger$Level 
 - klass: 'sun/util/logging/PlatformLogger$Level'
R9 =0x0000000000000000 is an unknown value
R10=0x000000000000002a is an unknown value
R11=0x00007f74855d66b0: _XimServerDestroy+0 in /lib64/libX11.so.6 at 0x00007f748556d000
R12=0x00007f748003abf0 is an unknown value
R13=0x0000000000000000 is an unknown value
R14=0x00007f749844eb00: <offset 0x256b00> in /jdk1.8.0_191/jre/lib/amd64/libawt_xawt.so at 0x00007f74981f8000
R15=0x00007f74a81c6000 is a thread


Stack: [0x00007f7484197000,0x00007f7484298000],  sp=0x00007f7484296838,  free space=1022k
Native frames: (J=compiled Java code, j=interpreted, Vv=VM code, C=native code)
v  ~BufferBlob::jni_fast_GetLongField
C  [libX11.so.6+0x69708]  _XimServerDestroy+0x58

Java frames: (J=compiled Java code, j=interpreted, Vv=VM code)
J 740  sun.awt.X11.XlibWrapper.XFilterEvent(JJ)Z (0 bytes) @ 0x00007f74992b56c4 [0x00007f74992b5680+0x44]
j  sun.awt.X11.XToolkit.run(Z)V+300
j  sun.awt.X11.XToolkit.run()V+5
j  java.lang.Thread.run()V+11
v  ~StubRoutines::call_stub

---------------  P R O C E S S  ---------------

Java Threads: ( => current thread )
  0x00007f7490001000 JavaThread "XToolkt-Shutdown-Thread" [_thread_in_vm, id=11832, stack(0x00007f7477360000,0x00007f7477461000)]
  0x00007f748009a000 JavaThread "SIGTERM handler" daemon [_thread_blocked, id=11827, stack(0x00007f7477461000,0x00007f7477562000)]
  0x00007f7480098800 JavaThread "SIGHUP handler" daemon [_thread_blocked, id=11826, stack(0x00007f7477562000,0x00007f7477663000)]
  0x00007f74a8009800 JavaThread "DestroyJavaVM" [_thread_blocked, id=5070, stack(0x00007f74af9a0000,0x00007f74afaa0000)]
  0x00007f74a8261800 JavaThread "AWT-EventQueue-0" [_thread_blocked, id=5088, stack(0x00007f7477663000,0x00007f7477764000)]
  0x00007f74a8204000 JavaThread "AWT-Shutdown" [_thread_blocked, id=5087, stack(0x00007f7484096000,0x00007f7484197000)]
=>0x00007f74a81c6000 JavaThread "AWT-XAWT" daemon [_thread_in_native, id=5086, stack(0x00007f7484197000,0x00007f7484298000)]
  0x00007f74a819e800 JavaThread "Java2D Disposer" daemon [_thread_blocked, id=5085, stack(0x00007f74980f7000,0x00007f74981f8000)]
  0x00007f74a80b4800 JavaThread "Service Thread" daemon [_thread_blocked, id=5083, stack(0x00007f7498820000,0x00007f7498921000)]
  0x00007f74a80b1800 JavaThread "C1 CompilerThread1" daemon [_thread_blocked, id=5082, stack(0x00007f7498922000,0x00007f7498a22000)]
  0x00007f74a80af000 JavaThread "C2 CompilerThread0" daemon [_thread_blocked, id=5081, stack(0x00007f7498a23000,0x00007f7498b23000)]
  0x00007f74a80ad800 JavaThread "Signal Dispatcher" daemon [_thread_blocked, id=5080, stack(0x00007f7498b23000,0x00007f7498c24000)]
  0x00007f74a807a800 JavaThread "Finalizer" daemon [_thread_blocked, id=5079, stack(0x00007f7498c24000,0x00007f7498d25000)]
  0x00007f74a8078000 JavaThread "Reference Handler" daemon [_thread_blocked, id=5078, stack(0x00007f7498d25000,0x00007f7498e26000)]

Other Threads:
  0x00007f74a806e000 VMThread [stack: 0x00007f74ac084000,0x00007f74ac184000] [id=5076]
  0x00007f74a80b9800 WatcherThread [stack: 0x00007f7498720000,0x00007f7498820000] [id=5084]

VM state:not at safepoint (normal execution)

VM Mutex/Monitor currently owned by a thread: None

Heap:
 def new generation   total 20864K, used 11600K [0x00000000bce00000, 0x00000000be4a0000, 0x00000000d3400000)
  eden space 18560K,  62% used [0x00000000bce00000, 0x00000000bd954380, 0x00000000be020000)
  from space 2304K,   0% used [0x00000000be020000, 0x00000000be020000, 0x00000000be260000)
  to   space 2304K,   0% used [0x00000000be260000, 0x00000000be260000, 0x00000000be4a0000)
 tenured generation   total 46464K, used 0K [0x00000000d3400000, 0x00000000d6160000, 0x0000000100000000)
   the space 46464K,   0% used [0x00000000d3400000, 0x00000000d3400000, 0x00000000d3400200, 0x00000000d6160000)
 Metaspace       used 10709K, capacity 10890K, committed 11136K, reserved 1058816K
  class space    used 1210K, capacity 1285K, committed 1408K, reserved 1048576K

Card table byte_map: [0x00007f74acb61000,0x00007f74acd7b000] byte_map_base: 0x00007f74ac57a000

Polling page: 0x00007f74afabb000

CodeCache: size=245760Kb used=2837Kb max_used=2848Kb free=242922Kb
 bounds [0x00007f7499000000, 0x00007f74992d0000, 0x00007f74a8000000]
 total_blobs=1275 nmethods=765 adapters=424
 compilation: enabled

Compilation events (10 events):
Event: 4280.905 Thread 0x00007f74a80b1800  761       3       sun.awt.X11.XMSelection$1::dispatchEvent (10 bytes)
Event: 4280.905 Thread 0x00007f74a80b1800 nmethod 761 0x00007f74992c5790 code [0x00007f74992c5940, 0x00007f74992c5d90]
Event: 4280.905 Thread 0x00007f74a80b1800  762       3       sun.awt.X11.XMSelection::processRootEvent (32 bytes)
Event: 4280.905 Thread 0x00007f74a80b1800 nmethod 762 0x00007f74992c6090 code [0x00007f74992c6240, 0x00007f74992c6610]
Event: 5860.543 Thread 0x00007f74a80af000  763       4       sun.awt.X11.XEvent::get_type (18 bytes)
Event: 5860.545 Thread 0x00007f74a80af000 nmethod 763 0x00007f74992c9610 code [0x00007f74992c9780, 0x00007f74992c9918]
Event: 10610.845 Thread 0x00007f74a80af000  764       4       java.lang.Long::valueOf (36 bytes)
Event: 10610.846 Thread 0x00007f74a80af000 nmethod 764 0x00007f74992be550 code [0x00007f74992be6a0, 0x00007f74992be7d8]
Event: 12106.535 Thread 0x00007f74a80b1800  765       1       sun.awt.X11.XEvent::getPData (5 bytes)
Event: 12106.535 Thread 0x00007f74a80b1800 nmethod 765 0x00007f74992c2050 code [0x00007f74992c21a0, 0x00007f74992c22b0]

GC Heap History (0 events):
No events

Deoptimization events (1 events):
Event: 0.665 Thread 0x00007f74a8261800 Uncommon trap: reason=unstable_if action=reinterpret pc=0x00007f74991c12a0 method=java.lang.CharacterData.of(I)Ljava/lang/CharacterData; @ 4

Classes redefined (0 events):
No events

Internal exceptions (10 events):
Event: 0.180 Thread 0x00007f74a8009800 Exception <a 'java/security/PrivilegedActionException'> (0x00000000bce682e0) thrown at [/HUDSON/workspace/8-2-build-linux-amd64/jdk8u191/11894/hotspot/src/share/vm/prims/jvm.cpp, line 1435]
Event: 0.180 Thread 0x00007f74a8009800 Exception <a 'java/security/PrivilegedActionException'> (0x00000000bce684f0) thrown at [/HUDSON/workspace/8-2-build-linux-amd64/jdk8u191/11894/hotspot/src/share/vm/prims/jvm.cpp, line 1435]
Event: 0.193 Thread 0x00007f74a8009800 Exception <a 'java/security/PrivilegedActionException'> (0x00000000bce90f88) thrown at [/HUDSON/workspace/8-2-build-linux-amd64/jdk8u191/11894/hotspot/src/share/vm/prims/jvm.cpp, line 1435]
Event: 0.193 Thread 0x00007f74a8009800 Exception <a 'java/security/PrivilegedActionException'> (0x00000000bce91198) thrown at [/HUDSON/workspace/8-2-build-linux-amd64/jdk8u191/11894/hotspot/src/share/vm/prims/jvm.cpp, line 1435]
Event: 0.193 Thread 0x00007f74a8009800 Exception <a 'java/security/PrivilegedActionException'> (0x00000000bce93060) thrown at [/HUDSON/workspace/8-2-build-linux-amd64/jdk8u191/11894/hotspot/src/share/vm/prims/jvm.cpp, line 1435]
Event: 0.193 Thread 0x00007f74a8009800 Exception <a 'java/security/PrivilegedActionException'> (0x00000000bce93270) thrown at [/HUDSON/workspace/8-2-build-linux-amd64/jdk8u191/11894/hotspot/src/share/vm/prims/jvm.cpp, line 1435]
Event: 0.242 Thread 0x00007f74a8009800 Exception <a 'java/lang/NoSuchFieldError': method resolution failed> (0x00000000bcfbfa30) thrown at [/HUDSON/workspace/8-2-build-linux-amd64/jdk8u191/11894/hotspot/src/share/vm/prims/methodHandles.cpp, line 1167]
Event: 0.243 Thread 0x00007f74a8009800 Exception <a 'java/lang/NoSuchFieldError': method resolution failed> (0x00000000bcfcd200) thrown at [/HUDSON/workspace/8-2-build-linux-amd64/jdk8u191/11894/hotspot/src/share/vm/prims/methodHandles.cpp, line 1167]
Event: 0.288 Thread 0x00007f74a8009800 Exception <a 'java/io/FileNotFoundException'> (0x00000000bd04ae78) thrown at [/HUDSON/workspace/8-2-build-linux-amd64/jdk8u191/11894/hotspot/src/share/vm/prims/jni.cpp, line 709]
Event: 0.288 Thread 0x00007f74a8009800 Exception <a 'java/io/FileNotFoundException'> (0x00000000bd04b7b8) thrown at [/HUDSON/workspace/8-2-build-linux-amd64/jdk8u191/11894/hotspot/src/share/vm/prims/jni.cpp, line 709]

Events (10 events):
Event: 22.402 loading class java/awt/KeyboardFocusManager$2
Event: 22.402 loading class java/awt/KeyboardFocusManager$2 done
Event: 22.402 loading class sun/awt/SunToolkit$1
Event: 22.402 loading class sun/awt/SunToolkit$1 done
Event: 22.402 loading class sun/awt/X11/XUnmapEvent
Event: 22.403 loading class sun/awt/X11/XUnmapEvent done
Event: 12614.012 loading class sun/awt/X11/XDestroyWindowEvent
Event: 12616.242 loading class sun/awt/X11/XDestroyWindowEvent done
Event: 12617.036 loading class sun/misc/Signal$1
Event: 12617.980 loading class sun/misc/Signal$1 done


Dynamic libraries:
00400000-00401000 r-xp 00000000 fd:00 102659985                          /jdk1.8.0_191/bin/java
00600000-00601000 r--p 00000000 fd:00 102659985                          /jdk1.8.0_191/bin/java
00601000-00602000 rw-p 00001000 fd:00 102659985                          /jdk1.8.0_191/bin/java
0246b000-0248c000 rw-p 00000000 00:00 0                                  [heap]
bce00000-be4a0000 rw-p 00000000 00:00 0 
be4a0000-d3400000 ---p 00000000 00:00 0 
d3400000-d6160000 rw-p 00000000 00:00 0 
d6160000-100000000 ---p 00000000 00:00 0 
100000000-100160000 rw-p 00000000 00:00 0 
100160000-140000000 ---p 00000000 00:00 0 
7f7470000000-7f7470021000 rw-p 00000000 00:00 0 
7f7470021000-7f7474000000 ---p 00000000 00:00 0 
7f7477360000-7f7477363000 ---p 00000000 00:00 0 
7f7477363000-7f7477461000 rw-p 00000000 00:00 0 
7f7477461000-7f7477464000 ---p 00000000 00:00 0 
7f7477464000-7f7477562000 rw-p 00000000 00:00 0 
7f7477562000-7f7477565000 ---p 00000000 00:00 0 
7f7477565000-7f7477663000 rw-p 00000000 00:00 0 
7f7477663000-7f7477666000 ---p 00000000 00:00 0 
7f7477666000-7f7477764000 rw-p 00000000 00:00 0 
7f7477764000-7f74777d0000 r-xp 00000000 fd:00 68611362                   /jdk1.8.0_191/jre/lib/amd64/libt2k.so
7f74777d0000-7f74779d0000 ---p 0006c000 fd:00 68611362                   /jdk1.8.0_191/jre/lib/amd64/libt2k.so
7f74779d0000-7f74779d6000 r--p 0006c000 fd:00 68611362                   /jdk1.8.0_191/jre/lib/amd64/libt2k.so
7f74779d6000-7f74779d7000 rw-p 00072000 fd:00 68611362                   /jdk1.8.0_191/jre/lib/amd64/libt2k.so
7f74779d7000-7f7477b57000 rw-p 00000000 00:00 0 
7f7477b57000-7f7477bd7000 ---p 00000000 00:00 0 
7f7477bd7000-7f7477be8000 r-xp 00000000 fd:00 68628421                   /jdk1.8.0_191/jre/lib/amd64/libnio.so
7f7477be8000-7f7477de7000 ---p 00011000 fd:00 68628421                   /jdk1.8.0_191/jre/lib/amd64/libnio.so
7f7477de7000-7f7477de8000 r--p 00010000 fd:00 68628421                   /jdk1.8.0_191/jre/lib/amd64/libnio.so
7f7477de8000-7f7477de9000 rw-p 00011000 fd:00 68628421                   /jdk1.8.0_191/jre/lib/amd64/libnio.so
7f7477de9000-7f7477dff000 r-xp 00000000 fd:00 68628418                   /jdk1.8.0_191/jre/lib/amd64/libnet.so
7f7477dff000-7f7477ffe000 ---p 00016000 fd:00 68628418                   /jdk1.8.0_191/jre/lib/amd64/libnet.so
7f7477ffe000-7f7477fff000 r--p 00015000 fd:00 68628418                   /jdk1.8.0_191/jre/lib/amd64/libnet.so
7f7477fff000-7f7478000000 rw-p 00016000 fd:00 68628418                   /jdk1.8.0_191/jre/lib/amd64/libnet.so
7f7478000000-7f7478186000 rw-p 00000000 00:00 0 
7f7478186000-7f747c000000 ---p 00000000 00:00 0 
7f747c000000-7f747c547000 rw-p 00000000 00:00 0 
7f747c547000-7f7480000000 ---p 00000000 00:00 0 
7f7480000000-7f7480320000 rw-p 00000000 00:00 0 
7f7480320000-7f7484000000 ---p 00000000 00:00 0 
7f748404c000-7f748405f000 r--s 00000000 fd:00 314274                     /usr/share/fonts/default/ghostscript/putri.pfa
7f748405f000-7f7484071000 r--s 00000000 fd:00 314273                     /usr/share/fonts/default/ghostscript/putr.pfa
7f7484071000-7f7484084000 r--s 00000000 fd:00 314272                     /usr/share/fonts/default/ghostscript/putbi.pfa
7f7484084000-7f7484096000 r--s 00000000 fd:00 314271                     /usr/share/fonts/default/ghostscript/putb.pfa
7f7484096000-7f7484099000 ---p 00000000 00:00 0 
7f7484099000-7f7484197000 rw-p 00000000 00:00 0 
7f7484197000-7f748419a000 ---p 00000000 00:00 0 
7f748419a000-7f7484298000 rw-p 00000000 00:00 0 
7f7484298000-7f748429d000 r-xp 00000000 fd:00 35263117                   /usr/lib64/libXfixes.so.3.1.0
7f748429d000-7f748449c000 ---p 00005000 fd:00 35263117                   /usr/lib64/libXfixes.so.3.1.0
7f748449c000-7f748449d000 r--p 00004000 fd:00 35263117                   /usr/lib64/libXfixes.so.3.1.0
7f748449d000-7f748449e000 rw-p 00005000 fd:00 35263117                   /usr/lib64/libXfixes.so.3.1.0
7f748449e000-7f74844a7000 r-xp 00000000 fd:00 35263210                   /usr/lib64/libXcursor.so.1.0.2
7f74844a7000-7f74846a7000 ---p 00009000 fd:00 35263210                   /usr/lib64/libXcursor.so.1.0.2
7f74846a7000-7f74846a8000 r--p 00009000 fd:00 35263210                   /usr/lib64/libXcursor.so.1.0.2
7f74846a8000-7f74846a9000 rw-p 0000a000 fd:00 35263210                   /usr/lib64/libXcursor.so.1.0.2
7f74846a9000-7f74846be000 r-xp 00000000 fd:00 40121674                   /usr/lib64/libgcc_s-4.8.5-20150702.so.1
7f74846be000-7f74848bd000 ---p 00015000 fd:00 40121674                   /usr/lib64/libgcc_s-4.8.5-20150702.so.1
7f74848bd000-7f74848be000 r--p 00014000 fd:00 40121674                   /usr/lib64/libgcc_s-4.8.5-20150702.so.1
7f74848be000-7f74848bf000 rw-p 00015000 fd:00 40121674                   /usr/lib64/libgcc_s-4.8.5-20150702.so.1
7f74848bf000-7f748491c000 r-xp 00000000 fd:00 68611374                   /jdk1.8.0_191/jre/lib/amd64/libfontmanager.so
7f748491c000-7f7484b1c000 ---p 0005d000 fd:00 68611374                   /jdk1.8.0_191/jre/lib/amd64/libfontmanager.so
7f7484b1c000-7f7484b1f000 r--p 0005d000 fd:00 68611374                   /jdk1.8.0_191/jre/lib/amd64/libfontmanager.so
7f7484b1f000-7f7484b20000 rw-p 00060000 fd:00 68611374                   /jdk1.8.0_191/jre/lib/amd64/libfontmanager.so
7f7484b20000-7f7484b22000 r-xp 00000000 fd:00 33780200                   /usr/lib64/libXau.so.6.0.0
7f7484b22000-7f7484d22000 ---p 00002000 fd:00 33780200                   /usr/lib64/libXau.so.6.0.0
7f7484d22000-7f7484d23000 r--p 00002000 fd:00 33780200                   /usr/lib64/libXau.so.6.0.0
7f7484d23000-7f7484d24000 rw-p 00003000 fd:00 33780200                   /usr/lib64/libXau.so.6.0.0
7f7484d24000-7f7484d4b000 r-xp 00000000 fd:00 33809088                   /usr/lib64/libxcb.so.1.1.0
7f7484d4b000-7f7484f4a000 ---p 00027000 fd:00 33809088                   /usr/lib64/libxcb.so.1.1.0
7f7484f4a000-7f7484f4b000 r--p 00026000 fd:00 33809088                   /usr/lib64/libxcb.so.1.1.0
7f7484f4b000-7f7484f4c000 rw-p 00027000 fd:00 33809088                   /usr/lib64/libxcb.so.1.1.0
7f7484f4c000-7f7484f5b000 r-xp 00000000 fd:00 35263123                   /usr/lib64/libXi.so.6.1.0
7f7484f5b000-7f748515a000 ---p 0000f000 fd:00 35263123                   /usr/lib64/libXi.so.6.1.0
7f748515a000-7f748515b000 r--p 0000e000 fd:00 35263123                   /usr/lib64/libXi.so.6.1.0
7f748515b000-7f748515c000 rw-p 0000f000 fd:00 35263123                   /usr/lib64/libXi.so.6.1.0
7f748515c000-7f7485161000 r-xp 00000000 fd:00 35263171                   /usr/lib64/libXtst.so.6.1.0
7f7485161000-7f7485360000 ---p 00005000 fd:00 35263171                   /usr/lib64/libXtst.so.6.1.0
7f7485360000-7f7485361000 r--p 00004000 fd:00 35263171                   /usr/lib64/libXtst.so.6.1.0
7f7485361000-7f7485362000 rw-p 00005000 fd:00 35263171                   /usr/lib64/libXtst.so.6.1.0
7f7485362000-7f748536b000 r-xp 00000000 fd:00 35263135                   /usr/lib64/libXrender.so.1.3.0
7f748536b000-7f748556b000 ---p 00009000 fd:00 35263135                   /usr/lib64/libXrender.so.1.3.0
7f748556b000-7f748556c000 r--p 00009000 fd:00 35263135                   /usr/lib64/libXrender.so.1.3.0
7f748556c000-7f748556d000 rw-p 0000a000 fd:00 35263135                   /usr/lib64/libXrender.so.1.3.0
7f748556d000-7f74856a5000 r-xp 00000000 fd:00 36315762                   /usr/lib64/libX11.so.6.3.0
7f74856a5000-7f74858a5000 ---p 00138000 fd:00 36315762                   /usr/lib64/libX11.so.6.3.0
7f74858a5000-7f74858a6000 r--p 00138000 fd:00 36315762                   /usr/lib64/libX11.so.6.3.0
7f74858a6000-7f74858ab000 rw-p 00139000 fd:00 36315762                   /usr/lib64/libX11.so.6.3.0
7f74858ab000-7f74858bc000 r-xp 00000000 fd:00 35263116                   /usr/lib64/libXext.so.6.4.0
7f74858bc000-7f7485abb000 ---p 00011000 fd:00 35263116                   /usr/lib64/libXext.so.6.4.0
7f7485abb000-7f7485abc000 r--p 00010000 fd:00 35263116                   /usr/lib64/libXext.so.6.4.0
7f7485abc000-7f7485abd000 rw-p 00011000 fd:00 35263116                   /usr/lib64/libXext.so.6.4.0
7f7485abd000-7f748c000000 r--p 00000000 fd:00 101106078                  /usr/lib/locale/locale-archive
7f748c000000-7f748c021000 rw-p 00000000 00:00 0 
7f748c021000-7f7490000000 ---p 00000000 00:00 0 
7f7490000000-7f7490021000 rw-p 00000000 00:00 0 
7f7490021000-7f7494000000 ---p 00000000 00:00 0 
7f7494000000-7f7494021000 rw-p 00000000 00:00 0 
7f7494021000-7f7498000000 ---p 00000000 00:00 0 
7f749800f000-7f749801d000 r--s 00000000 fd:00 67484505                   /usr/share/X11/fonts/Type1/cursor.pfa
7f749801d000-7f7498026000 r--s 00000000 fd:00 67484504                   /usr/share/X11/fonts/Type1/c0649bt_.pfb
7f7498026000-7f749802f000 r--s 00000000 fd:00 67484502                   /usr/share/X11/fonts/Type1/c0648bt_.pfb
7f749802f000-7f7498038000 r--s 00000000 fd:00 67484500                   /usr/share/X11/fonts/Type1/c0633bt_.pfb
7f7498038000-7f7498041000 r--s 00000000 fd:00 67484498                   /usr/share/X11/fonts/Type1/c0632bt_.pfb
7f7498041000-7f749804b000 r--s 00000000 fd:00 67484496                   /usr/share/X11/fonts/Type1/c0611bt_.pfb
7f749804b000-7f7498055000 r--s 00000000 fd:00 67484494                   /usr/share/X11/fonts/Type1/c0583bt_.pfb
7f7498055000-7f749805f000 r--s 00000000 fd:00 67484492                   /usr/share/X11/fonts/Type1/c0582bt_.pfb
7f749805f000-7f7498069000 r--s 00000000 fd:00 67484490                   /usr/share/X11/fonts/Type1/c0419bt_.pfb
7f7498069000-7f749807b000 r--s 00000000 fd:00 67484488                   /usr/share/X11/fonts/Type1/UTRG____.pfa
7f749807b000-7f749808e000 r--s 00000000 fd:00 67484486                   /usr/share/X11/fonts/Type1/UTI_____.pfa
7f749808e000-7f74980a0000 r--s 00000000 fd:00 67484484                   /usr/share/X11/fonts/Type1/UTB_____.pfa
7f74980a0000-7f74980b3000 r--s 00000000 fd:00 67484482                   /usr/share/X11/fonts/Type1/UTBI____.pfa
7f74980b3000-7f74980b5000 r--s 00000000 fd:00 34006571                   /usr/lib/fontconfig/cache/ab158498-11c2-474d-b3ed-c8ffc5d72d91-le64.cache-7
7f74980b5000-7f74980b8000 r--s 00000000 fd:00 34006568                   /usr/lib/fontconfig/cache/8dfae9f4-6fac-417a-8664-6e1213f8e5d9-le64.cache-7
7f74980b8000-7f74980ba000 r--s 00000000 fd:00 34006566                   /usr/lib/fontconfig/cache/158ec229-398c-4ec9-b874-7907df0ed7c4-le64.cache-7
7f74980ba000-7f74980bc000 r--s 00000000 fd:00 34006564                   /usr/lib/fontconfig/cache/8a0bfbc7-d573-4efa-8ac1-e5d867c4edef-le64.cache-7
7f74980bc000-7f74980d4000 r--s 00000000 fd:00 41693932                   /usr/lib/fontconfig/cache/7492abdf-6856-4ae8-a6af-8189edd8b16e-le64.cache-7
7f74980d4000-7f74980df000 r--s 00000000 fd:00 34006562                   /usr/lib/fontconfig/cache/43475d3b-9987-4064-a976-9838a12b04e1-le64.cache-7
7f74980df000-7f74980e1000 r--s 00000000 fd:00 34006561                   /usr/lib/fontconfig/cache/c965e70d-570b-478d-8660-d95b9457e76c-le64.cache-7
7f74980e1000-7f74980e4000 r--s 00000000 fd:00 34006559                   /usr/lib/fontconfig/cache/ce2e5557-7641-4d51-a0bc-a5339e0d8f13-le64.cache-7
7f74980e4000-7f74980e5000 r--s 00000000 fd:00 34006558                   /usr/lib/fontconfig/cache/da47ede2-b46c-4449-9f1d-bce1e030ade2-le64.cache-7
7f74980e5000-7f74980e6000 r--s 00000000 fd:00 34006557                   /usr/lib/fontconfig/cache/b16861f1-c32b-4685-81a3-6f709027d5b5-le64.cache-7
7f74980e6000-7f74980e7000 r--s 00000000 fd:00 34006556                   /usr/lib/fontconfig/cache/9d97921b-5e36-4fa6-9e09-b811c15f996e-le64.cache-7
7f74980e7000-7f74980e8000 r--s 00000000 fd:00 34006555                   /usr/lib/fontconfig/cache/271ef989-55bd-4ebf-a891-7a9d117e965c-le64.cache-7
7f74980e8000-7f74980eb000 r--s 00000000 fd:00 34006553                   /usr/lib/fontconfig/cache/d06e2a81-e415-4971-8a58-c8041e223d69-le64.cache-7
7f74980eb000-7f74980ec000 r--s 00000000 fd:00 34006552                   /usr/lib/fontconfig/cache/e2eab557-f3aa-4c1b-b500-64ed1a5a0c64-le64.cache-7
7f74980ec000-7f74980f0000 r--s 00000000 fd:00 34006551                   /usr/lib/fontconfig/cache/77b5af50-3813-44e8-a49b-128083e21c13-le64.cache-7
7f74980f0000-7f74980f4000 r--s 00000000 fd:00 34006549                   /usr/lib/fontconfig/cache/8c85221b-4d93-4924-a6d8-8f77da10e7f8-le64.cache-7
7f74980f4000-7f74980f7000 r--s 00000000 fd:00 34006548                   /usr/lib/fontconfig/cache/5378b022-cf1e-406b-8b07-5e075dd78a7c-le64.cache-7
7f74980f7000-7f74980fa000 ---p 00000000 00:00 0 
7f74980fa000-7f74981f8000 rw-p 00000000 00:00 0 
7f74981f8000-7f749824b000 r-xp 00000000 fd:00 68628425                   /jdk1.8.0_191/jre/lib/amd64/libawt_xawt.so
7f749824b000-7f749844a000 ---p 00053000 fd:00 68628425                   /jdk1.8.0_191/jre/lib/amd64/libawt_xawt.so
7f749844a000-7f749844b000 r--p 00052000 fd:00 68628425                   /jdk1.8.0_191/jre/lib/amd64/libawt_xawt.so
7f749844b000-7f749844e000 rw-p 00053000 fd:00 68628425                   /jdk1.8.0_191/jre/lib/amd64/libawt_xawt.so
7f749844e000-7f749844f000 rw-p 00000000 00:00 0 
7f749844f000-7f74984ee000 r-xp 00000000 fd:00 68611387                   /jdk1.8.0_191/jre/lib/amd64/libawt.so
7f74984ee000-7f74986ee000 ---p 0009f000 fd:00 68611387                   /jdk1.8.0_191/jre/lib/amd64/libawt.so
7f74986ee000-7f74986ef000 r--p 0009f000 fd:00 68611387                   /jdk1.8.0_191/jre/lib/amd64/libawt.so
7f74986ef000-7f74986fa000 rw-p 000a0000 fd:00 68611387                   /jdk1.8.0_191/jre/lib/amd64/libawt.so
7f74986fa000-7f749871f000 rw-p 00000000 00:00 0 
7f749871f000-7f7498720000 ---p 00000000 00:00 0 
7f7498720000-7f7498820000 rw-p 00000000 00:00 0 
7f7498820000-7f7498823000 ---p 00000000 00:00 0 
7f7498823000-7f7498921000 rw-p 00000000 00:00 0 
7f7498921000-7f7498925000 ---p 00000000 00:00 0 
7f7498925000-7f7498a22000 rw-p 00000000 00:00 0 
7f7498a22000-7f7498a26000 ---p 00000000 00:00 0 
7f7498a26000-7f7498b23000 rw-p 00000000 00:00 0 
7f7498b23000-7f7498b26000 ---p 00000000 00:00 0 
7f7498b26000-7f7498c24000 rw-p 00000000 00:00 0 
7f7498c24000-7f7498c27000 ---p 00000000 00:00 0 
7f7498c27000-7f7498d25000 rw-p 00000000 00:00 0 
7f7498d25000-7f7498d28000 ---p 00000000 00:00 0 
7f7498d28000-7f7498e26000 rw-p 00000000 00:00 0 
7f7498e26000-7f7499000000 r--s 03d6c000 fd:00 3532122                    /jdk1.8.0_191/jre/lib/rt.jar
7f7499000000-7f74992d0000 rwxp 00000000 00:00 0 
7f74992d0000-7f74a8000000 ---p 00000000 00:00 0 
7f74a8000000-7f74a8265000 rw-p 00000000 00:00 0 
7f74a8265000-7f74ac000000 ---p 00000000 00:00 0 
7f74ac000000-7f74ac001000 r--s 00000000 fd:00 41692416                   /usr/lib/fontconfig/cache/92459b18-a480-4c31-80fc-74a8988f96dc-le64.cache-7
7f74ac001000-7f74ac002000 r--s 00000000 fd:00 34006547                   /usr/lib/fontconfig/cache/f15c9128-de32-436f-944a-73ae18e58c79-le64.cache-7
7f74ac002000-7f74ac003000 r--s 00000000 fd:00 34006546                   /usr/lib/fontconfig/cache/81259c55-d229-435f-8ac9-4995cca1005c-le64.cache-7
7f74ac003000-7f74ac004000 r--s 00000000 fd:00 34006545                   /usr/lib/fontconfig/cache/72ba67be-ef62-43ba-a5d7-39d457e716f4-le64.cache-7
7f74ac004000-7f74ac005000 r--s 00000000 fd:00 34006543                   /usr/lib/fontconfig/cache/be007748-1d00-4015-81a2-3672563ef800-le64.cache-7
7f74ac005000-7f74ac006000 r--s 00000000 fd:00 34006542                   /usr/lib/fontconfig/cache/3bfcd86f-f561-4fbe-a1ed-3540a9a46c46-le64.cache-7
7f74ac006000-7f74ac007000 r--s 00000000 fd:00 34006540                   /usr/lib/fontconfig/cache/2a3a952e-8d15-4301-b1ce-4f21f7e9fe78-le64.cache-7
7f74ac007000-7f74ac008000 r--s 00000000 fd:00 34006539                   /usr/lib/fontconfig/cache/96010491-a296-469e-8d74-f435d7d8981b-le64.cache-7
7f74ac008000-7f74ac009000 r--s 00000000 fd:00 34006537                   /usr/lib/fontconfig/cache/6e33928b-1559-4a7e-bafb-ed3ad4371dd4-le64.cache-7
7f74ac009000-7f74ac00a000 r--s 00000000 fd:00 34006536                   /usr/lib/fontconfig/cache/cc7acb12-7f7f-4dc8-a08b-6d3ef3cd34a0-le64.cache-7
7f74ac00a000-7f74ac00b000 r--s 00000000 fd:00 34006535                   /usr/lib/fontconfig/cache/9f192625-d65d-41c8-9950-f944eb3e2ab7-le64.cache-7
7f74ac00b000-7f74ac00c000 r--s 00000000 fd:00 34006534                   /usr/lib/fontconfig/cache/955d773e-b9db-4e14-9aa3-4f153c94e935-le64.cache-7
7f74ac00c000-7f74ac00d000 r--s 00000000 fd:00 34006533                   /usr/lib/fontconfig/cache/c38058e6-ef79-42fd-9832-a51ed3b490a5-le64.cache-7
7f74ac00d000-7f74ac00e000 r--s 00000000 fd:00 34006583                   /usr/lib/fontconfig/cache/9db4e249-665a-41bf-bcc7-61da2adf39c8-le64.cache-7
7f74ac00e000-7f74ac00f000 r--s 00000000 fd:00 34006532                   /usr/lib/fontconfig/cache/beb7d81a-47d2-4601-aaf9-6ad89cc0d7a2-le64.cache-7
7f74ac00f000-7f74ac016000 r--s 00000000 fd:00 34091492                   /usr/lib/fontconfig/cache/52729f95-cce0-46ab-a740-4cebac938cd4-le64.cache-7
7f74ac016000-7f74ac018000 r--s 00000000 fd:00 34006582                   /usr/lib/fontconfig/cache/0baf6553-dcc5-41f8-8be4-56a9dbf7bbd7-le64.cache-7
7f74ac018000-7f74ac019000 r--s 00000000 fd:00 34006581                   /usr/lib/fontconfig/cache/13297fdb-e4cc-43e7-b51d-15f3dc74529e-le64.cache-7
7f74ac019000-7f74ac01b000 r--s 00000000 fd:00 34006580                   /usr/lib/fontconfig/cache/ab3c62a8-1894-49f8-9211-540531e356f1-le64.cache-7
7f74ac01b000-7f74ac01d000 r--s 00000000 fd:00 34006579                   /usr/lib/fontconfig/cache/0e0e9588-af2a-48e7-8050-2a1ff7efa804-le64.cache-7
7f74ac01d000-7f74ac025000 r--s 00000000 fd:00 34006578                   /usr/lib/fontconfig/cache/565d9d1c-bf03-472e-94e1-2381c17b3369-le64.cache-7
7f74ac025000-7f74ac030000 r--s 00000000 fd:00 34006572                   /usr/lib/fontconfig/cache/85b03c03-664b-48dd-a3ec-a0cbe040cd06-le64.cache-7
7f74ac030000-7f74ac038000 r--s 00000000 fd:00 34006575                   /usr/lib/fontconfig/cache/29b25067-ee4b-49fb-a626-1e72f8bceecb-le64.cache-7
7f74ac038000-7f74ac03a000 r--s 00000000 fd:00 34006574                   /usr/lib/fontconfig/cache/4f0d4131-ff42-4411-9573-559582879965-le64.cache-7
7f74ac03a000-7f74ac03f000 r--s 00000000 fd:00 34006570                   /usr/lib/fontconfig/cache/390251cc-b2b0-4fff-a231-4d9b690996f7-le64.cache-7
7f74ac03f000-7f74ac070000 rw-p 00000000 00:00 0 
7f74ac070000-7f74ac083000 r--s 00345000 fd:00 3556547                    /jdk1.8.0_191/jre/lib/resources.jar
7f74ac083000-7f74ac084000 ---p 00000000 00:00 0 
7f74ac084000-7f74aca11000 rw-p 00000000 00:00 0 
7f74aca11000-7f74acb61000 ---p 00000000 00:00 0 
7f74acb61000-7f74acb6d000 rw-p 00000000 00:00 0 
7f74acb6d000-7f74acc14000 ---p 00000000 00:00 0 
7f74acc14000-7f74acc2b000 rw-p 00000000 00:00 0 
7f74acc2b000-7f74acd7a000 ---p 00000000 00:00 0 
7f74acd7a000-7f74acd87000 rw-p 00000000 00:00 0 
7f74acd87000-7f74ad13b000 ---p 00000000 00:00 0 
7f74ad13b000-7f74ad155000 r-xp 00000000 fd:00 68611390                   /jdk1.8.0_191/jre/lib/amd64/libzip.so
7f74ad155000-7f74ad355000 ---p 0001a000 fd:00 68611390                   /jdk1.8.0_191/jre/lib/amd64/libzip.so
7f74ad355000-7f74ad356000 r--p 0001a000 fd:00 68611390                   /jdk1.8.0_191/jre/lib/amd64/libzip.so
7f74ad356000-7f74ad357000 rw-p 0001b000 fd:00 68611390                   /jdk1.8.0_191/jre/lib/amd64/libzip.so
7f74ad357000-7f74ad363000 r-xp 00000000 fd:00 35108647                   /usr/lib64/libnss_files-2.17.so
7f74ad363000-7f74ad562000 ---p 0000c000 fd:00 35108647                   /usr/lib64/libnss_files-2.17.so
7f74ad562000-7f74ad563000 r--p 0000b000 fd:00 35108647                   /usr/lib64/libnss_files-2.17.so
7f74ad563000-7f74ad564000 rw-p 0000c000 fd:00 35108647                   /usr/lib64/libnss_files-2.17.so
7f74ad564000-7f74ad56a000 rw-p 00000000 00:00 0 
7f74ad56a000-7f74ad597000 r-xp 00000000 fd:00 68611384                   /jdk1.8.0_191/jre/lib/amd64/libjava.so
7f74ad597000-7f74ad796000 ---p 0002d000 fd:00 68611384                   /jdk1.8.0_191/jre/lib/amd64/libjava.so
7f74ad796000-7f74ad797000 r--p 0002c000 fd:00 68611384                   /jdk1.8.0_191/jre/lib/amd64/libjava.so
7f74ad797000-7f74ad799000 rw-p 0002d000 fd:00 68611384                   /jdk1.8.0_191/jre/lib/amd64/libjava.so
7f74ad799000-7f74ad7a6000 r-xp 00000000 fd:00 68611389                   /jdk1.8.0_191/jre/lib/amd64/libverify.so
7f74ad7a6000-7f74ad9a5000 ---p 0000d000 fd:00 68611389                   /jdk1.8.0_191/jre/lib/amd64/libverify.so
7f74ad9a5000-7f74ad9a7000 r--p 0000c000 fd:00 68611389                   /jdk1.8.0_191/jre/lib/amd64/libverify.so
7f74ad9a7000-7f74ad9a8000 rw-p 0000e000 fd:00 68611389                   /jdk1.8.0_191/jre/lib/amd64/libverify.so
7f74ad9a8000-7f74ad9af000 r-xp 00000000 fd:00 35108651                   /usr/lib64/librt-2.17.so
7f74ad9af000-7f74adbae000 ---p 00007000 fd:00 35108651                   /usr/lib64/librt-2.17.so
7f74adbae000-7f74adbaf000 r--p 00006000 fd:00 35108651                   /usr/lib64/librt-2.17.so
7f74adbaf000-7f74adbb0000 rw-p 00007000 fd:00 35108651                   /usr/lib64/librt-2.17.so
7f74adbb0000-7f74adcb1000 r-xp 00000000 fd:00 35108644                   /usr/lib64/libm-2.17.so
7f74adcb1000-7f74adeb0000 ---p 00101000 fd:00 35108644                   /usr/lib64/libm-2.17.so
7f74adeb0000-7f74adeb1000 r--p 00100000 fd:00 35108644                   /usr/lib64/libm-2.17.so
7f74adeb1000-7f74adeb2000 rw-p 00101000 fd:00 35108644                   /usr/lib64/libm-2.17.so
7f74adeb2000-7f74aeb94000 r-xp 00000000 fd:00 3556594                    /jdk1.8.0_191/jre/lib/amd64/server/libjvm.so
7f74aeb94000-7f74aed94000 ---p 00ce2000 fd:00 3556594                    /jdk1.8.0_191/jre/lib/amd64/server/libjvm.so
7f74aed94000-7f74aee2a000 r--p 00ce2000 fd:00 3556594                    /jdk1.8.0_191/jre/lib/amd64/server/libjvm.so
7f74aee2a000-7f74aee5b000 rw-p 00d78000 fd:00 3556594                    /jdk1.8.0_191/jre/lib/amd64/server/libjvm.so
7f74aee5b000-7f74aee96000 rw-p 00000000 00:00 0 
7f74aee96000-7f74af059000 r-xp 00000000 fd:00 33644670                   /usr/lib64/libc-2.17.so
7f74af059000-7f74af259000 ---p 001c3000 fd:00 33644670                   /usr/lib64/libc-2.17.so
7f74af259000-7f74af25d000 r--p 001c3000 fd:00 33644670                   /usr/lib64/libc-2.17.so
7f74af25d000-7f74af25f000 rw-p 001c7000 fd:00 33644670                   /usr/lib64/libc-2.17.so
7f74af25f000-7f74af264000 rw-p 00000000 00:00 0 
7f74af264000-7f74af266000 r-xp 00000000 fd:00 35108643                   /usr/lib64/libdl-2.17.so
7f74af266000-7f74af466000 ---p 00002000 fd:00 35108643                   /usr/lib64/libdl-2.17.so
7f74af466000-7f74af467000 r--p 00002000 fd:00 35108643                   /usr/lib64/libdl-2.17.so
7f74af467000-7f74af468000 rw-p 00003000 fd:00 35108643                   /usr/lib64/libdl-2.17.so
7f74af468000-7f74af47f000 r-xp 00000000 fd:00 36652250                   /jdk1.8.0_191/lib/amd64/jli/libjli.so
7f74af47f000-7f74af67e000 ---p 00017000 fd:00 36652250                   /jdk1.8.0_191/lib/amd64/jli/libjli.so
7f74af67e000-7f74af67f000 r--p 00016000 fd:00 36652250                   /jdk1.8.0_191/lib/amd64/jli/libjli.so
7f74af67f000-7f74af680000 rw-p 00017000 fd:00 36652250                   /jdk1.8.0_191/lib/amd64/jli/libjli.so
7f74af680000-7f74af697000 r-xp 00000000 fd:00 33644696                   /usr/lib64/libpthread-2.17.so
7f74af697000-7f74af896000 ---p 00017000 fd:00 33644696                   /usr/lib64/libpthread-2.17.so
7f74af896000-7f74af897000 r--p 00016000 fd:00 33644696                   /usr/lib64/libpthread-2.17.so
7f74af897000-7f74af898000 rw-p 00017000 fd:00 33644696                   /usr/lib64/libpthread-2.17.so
7f74af898000-7f74af89c000 rw-p 00000000 00:00 0 
7f74af89c000-7f74af8be000 r-xp 00000000 fd:00 33644662                   /usr/lib64/ld-2.17.so
7f74af8be000-7f74af8c3000 r--s 00084000 fd:00 3532075                    /jdk1.8.0_191/jre/lib/jfr.jar
7f74af8c3000-7f74af8c8000 r--s 002f9000 fd:00 3532120                    /jdk1.8.0_191/jre/lib/charsets.jar
7f74af8c8000-7f74af8cd000 r--s 000a0000 fd:00 3556556                    /jdk1.8.0_191/jre/lib/jsse.jar
7f74af8cd000-7f74af99f000 rw-p 00000000 00:00 0 
7f74af99f000-7f74af9a3000 ---p 00000000 00:00 0 
7f74af9a3000-7f74afaa4000 rw-p 00000000 00:00 0 
7f74afaa4000-7f74afaa5000 r--s 00000000 fd:00 34745984                   /usr/lib/fontconfig/cache/68f9b6f8-1540-4fe5-a61f-56a4947dc1e1-le64.cache-7
7f74afaa5000-7f74afaa8000 r--s 0001a000 fd:00 3556598                    /jdk1.8.0_191/jre/lib/jce.jar
7f74afaa8000-7f74afab2000 r--s 000c0000 fd:00 889162                     /jdk1.8.0_191/jre/lib/ext/postgresql-42.2.5.jar
7f74afab2000-7f74afaba000 rw-s 00000000 fd:00 101679076                  /tmp/hsperfdata_root/5069
7f74afaba000-7f74afabb000 rw-p 00000000 00:00 0 
7f74afabb000-7f74afabc000 r--p 00000000 00:00 0 
7f74afabc000-7f74afabd000 rw-p 00000000 00:00 0 
7f74afabd000-7f74afabe000 r--p 00021000 fd:00 33644662                   /usr/lib64/ld-2.17.so
7f74afabe000-7f74afabf000 rw-p 00022000 fd:00 33644662                   /usr/lib64/ld-2.17.so
7f74afabf000-7f74afac0000 rw-p 00000000 00:00 0 
7ffec8819000-7ffec883a000 rw-p 00000000 00:00 0                          [stack]
7ffec8985000-7ffec8987000 r-xp 00000000 00:00 0                          [vdso]
ffffffffff600000-ffffffffff601000 r-xp 00000000 00:00 0                  [vsyscall]

VM Arguments:
jvm_args: -Dfile.encoding=UTF-8 
java_command: electricity.billing.system.pay_bill
java_class_path (initial): /jdk1.8.0_191/jre/lib/resources.jar:/jdk1.8.0_191/jre/lib/rt.jar:/jdk1.8.0_191/jre/lib/jsse.jar:/jdk1.8.0_191/jre/lib/jce.jar:/jdk1.8.0_191/jre/lib/charsets.jar:/jdk1.8.0_191/jre/lib/jfr.jar:/jdk1.8.0_191/jre/lib/ext/sunec.jar:/jdk1.8.0_191/jre/lib/ext/dnsns.jar:/jdk1.8.0_191/jre/lib/ext/cldrdata.jar:/jdk1.8.0_191/jre/lib/ext/jfxrt.jar:/jdk1.8.0_191/jre/lib/ext/jaccess.jar:/jdk1.8.0_191/jre/lib/ext/nashorn.jar:/jdk1.8.0_191/jre/lib/ext/zipfs.jar:/jdk1.8.0_191/jre/lib/ext/sunpkcs11.jar:/jdk1.8.0_191/jre/lib/ext/localedata.jar:/jdk1.8.0_191/jre/lib/ext/sunjce_provider.jar:/jdk1.8.0_191/jre/lib/ext/postgresql-42.2.5.jar:/root/apurva/Electricity Billing System/bin:/root/Downloads/ResultSet2xml.jar
Launcher Type: SUN_STANDARD

Environment Variables:
JAVA_HOME=/jdk1.8.0_191
CLASSPATH=:/apache-tomcat-8.5.38/common/lib/servlet-api.jar
PATH=/jdk1.8.0_191/bin:/usr/local/bin:/usr/local/sbin:/usr/bin:/usr/sbin:/bin:/sbin:/root/bin
USERNAME=root
SHELL=/bin/bash
DISPLAY=:0

Signal Handlers:
SIGSEGV: [libjvm.so+0xaced60], sa_mask[0]=11111111011111111101111111111110, sa_flags=SA_RESTART|SA_SIGINFO
SIGBUS: [libjvm.so+0xaced60], sa_mask[0]=11111111011111111101111111111110, sa_flags=SA_RESTART|SA_SIGINFO
SIGFPE: [libjvm.so+0x907ca0], sa_mask[0]=11111111011111111101111111111110, sa_flags=SA_RESTART|SA_SIGINFO
SIGPIPE: [libjvm.so+0x907ca0], sa_mask[0]=11111111011111111101111111111110, sa_flags=SA_RESTART|SA_SIGINFO
SIGXFSZ: [libjvm.so+0x907ca0], sa_mask[0]=11111111011111111101111111111110, sa_flags=SA_RESTART|SA_SIGINFO
SIGILL: [libjvm.so+0x907ca0], sa_mask[0]=11111111011111111101111111111110, sa_flags=SA_RESTART|SA_SIGINFO
SIGUSR1: SIG_DFL, sa_mask[0]=00000000000000000000000000000000, sa_flags=none
SIGUSR2: [libjvm.so+0x907b70], sa_mask[0]=00100000000000000000000000000000, sa_flags=SA_RESTART|SA_SIGINFO
SIGHUP: [libjvm.so+0x908190], sa_mask[0]=11111111011111111101111111111110, sa_flags=SA_RESTART|SA_SIGINFO
SIGINT: [libjvm.so+0x908190], sa_mask[0]=11111111011111111101111111111110, sa_flags=SA_RESTART|SA_SIGINFO
SIGTERM: [libjvm.so+0x908190], sa_mask[0]=11111111011111111101111111111110, sa_flags=SA_RESTART|SA_SIGINFO
SIGQUIT: [libjvm.so+0x908190], sa_mask[0]=11111111011111111101111111111110, sa_flags=SA_RESTART|SA_SIGINFO


---------------  S Y S T E M  ---------------

OS:CentOS Linux release 7.8.2003 (Core)

uname:Linux 3.10.0-1127.13.1.el7.x86_64 #1 SMP Tue Jun 23 15:46:38 UTC 2020 x86_64
libc:glibc 2.17 NPTL 2.17 
rlimit: STACK 8192k, CORE 0k, NPROC 17043, NOFILE 4096, AS infinity
load average:16.73 4.23 1.58

/proc/meminfo:
MemTotal:        4396524 kB
MemFree:         3054160 kB
MemAvailable:    3210008 kB
Buffers:               0 kB
Cached:           350032 kB
SwapCached:        27128 kB
Active:           573160 kB
Inactive:         477640 kB
Active(anon):     483056 kB
Inactive(anon):   227396 kB
Active(file):      90104 kB
Inactive(file):   250244 kB
Unevictable:           0 kB
Mlocked:               0 kB
SwapTotal:       2359292 kB
SwapFree:        2213552 kB
Dirty:               608 kB
Writeback:             0 kB
AnonPages:        672300 kB
Mapped:            28016 kB
Shmem:              9672 kB
Slab:              92512 kB
SReclaimable:      41188 kB
SUnreclaim:        51324 kB
KernelStack:        5632 kB
PageTables:        21896 kB
NFS_Unstable:          0 kB
Bounce:                0 kB
WritebackTmp:          0 kB
CommitLimit:     4557552 kB
Committed_AS:    2577004 kB
VmallocTotal:   34359738367 kB
VmallocUsed:       39480 kB
VmallocChunk:   34359674920 kB
Percpu:              200 kB
HardwareCorrupted:     0 kB
AnonHugePages:    360448 kB
CmaTotal:              0 kB
CmaFree:               0 kB
HugePages_Total:       0
HugePages_Free:        0
HugePages_Rsvd:        0
HugePages_Surp:        0
Hugepagesize:       2048 kB
DirectMap4k:       88000 kB
DirectMap2M:     4630528 kB

container (cgroup) information:
container_type: cgroupv1
cpu_cpuset_cpus: 0
cpu_memory_nodes: 0
active_processor_count: 1
cpu_quota: -1
cpu_period: 100000
cpu_shares: -1
memory_limit_in_bytes: -1
memory_and_swap_limit_in_bytes: -1
memory_soft_limit_in_bytes: -1
memory_usage_in_bytes: 1075245056
memory_max_usage_in_bytes: 0


CPU:total 1 (initial active 1) (1 cores per cpu, 1 threads per core) family 6 model 126 stepping 5, cmov, cx8, fxsr, mmx, sse, sse2, sse3, ssse3, sse4.1, sse4.2, popcnt, avx, avx2, aes, clmul, 3dnowpref, lzcnt, tsc, tscinvbit, bmi1, bmi2

/proc/cpuinfo:
processor	: 0
vendor_id	: GenuineIntel
cpu family	: 6
model		: 126
model name	: Intel(R) Core(TM) i5-1035G1 CPU @ 1.00GHz
stepping	: 5
cpu MHz		: 1190.400
cache size	: 6144 KB
physical id	: 0
siblings	: 1
core id		: 0
cpu cores	: 1
apicid		: 0
initial apicid	: 0
fpu		: yes
fpu_exception	: yes
cpuid level	: 22
wp		: yes
flags		: fpu vme de pse tsc msr pae mce cx8 apic sep mtrr pge mca cmov pat pse36 clflush mmx fxsr sse sse2 ht syscall nx rdtscp lm constant_tsc rep_good nopl xtopology nonstop_tsc eagerfpu pni pclmulqdq monitor ssse3 cx16 pcid sse4_1 sse4_2 x2apic movbe popcnt aes xsave avx rdrand hypervisor lahf_lm abm 3dnowprefetch invpcid_single fsgsbase bmi1 avx2 bmi2 invpcid rdseed clflushopt md_clear flush_l1d arch_capabilities
bogomips	: 2380.80
clflush size	: 64
cache_alignment	: 64
address sizes	: 39 bits physical, 48 bits virtual
power management:



Memory: 4k page, physical 4396524k(3054036k free), swap 2359292k(2213552k free)

vm_info: Java HotSpot(TM) 64-Bit Server VM (25.191-b12) for linux-amd64 JRE (1.8.0_191-b12), built on Oct  6 2018 05:43:09 by "java_re" with gcc 7.3.0

time: Sat Mar 25 23:26:58 2023
elapsed time: 12620 seconds (0d 3h 30m 20s)

