#
# A fatal error has been detected by the Java Runtime Environment:
#
#  SIGSEGV (0xb) at pc=0x00007f691cc3acb4, pid=5879, tid=0x00007f69193ea700
#
# JRE version: Java(TM) SE Runtime Environment (8.0_191-b12) (build 1.8.0_191-b12)
# Java VM: Java HotSpot(TM) 64-Bit Server VM (25.191-b12 mixed mode linux-amd64 compressed oops)
# Problematic frame:
# v  ~BufferBlob::jni_fast_GetLongField
#
# Failed to write core dump. Core dumps have been disabled. To enable core dumping, try "ulimit -c unlimited" before starting Java again
#
# If you would like to submit a bug report, please visit:
#   http://bugreport.java.com/bugreport/crash.jsp
# The crash happened outside the Java Virtual Machine in native code.
# See problematic frame for where to report the bug.
#

---------------  T H R E A D  ---------------

Current thread (0x00007f692c1da000):  JavaThread "AWT-XAWT" daemon [_thread_in_native, id=5907, stack(0x00007f69192ea000,0x00007f69193eb000)]

siginfo: si_signo: 11 (SIGSEGV), si_code: 1 (SEGV_MAPERR), si_addr: 0x0000000000000000

Registers:
RAX=0x00007f69319273c0, RBX=0x00007f692c1da1f8, RCX=0x0000000000000001, RDX=0x0000000000000042
RSP=0x00007f69193e9838, RBP=0x00007f69193e9860, RSI=0x0000000000000000, RDI=0x00007f692c1da1f8
R8 =0x00000000bce828e8, R9 =0x0000000000000000, R10=0x0000000000000016, R11=0x00007f691a82a6b0
R12=0x00007f6900041ff0, R13=0x0000000000000000, R14=0x00007f691af67b00, R15=0x00007f692c1da000
RIP=0x00007f691cc3acb4, EFLAGS=0x0000000000010246, CSGSFS=0x0000000000000033, ERR=0x0000000000000004
  TRAPNO=0x000000000000000e

Top of Stack: (sp=0x00007f69193e9838)
0x00007f69193e9838:   00007f691ad45b84 00007f691c0aded0
0x00007f69193e9848:   00007f6900041ff0 00007f69193e9910
0x00007f69193e9858:   00007f69193e98e0 0000000000000000
0x00007f69193e9868:   00007f691a82a708 00007f691c0aded0
0x00007f69193e9878:   00007f69193e98a0 0000000000000000
0x00007f69193e9888:   00007f691a821ee3 00007f69193e9910
0x00007f69193e9898:   00007f691ad3dfef 00007f69193e98f0
0x00007f69193e98a8:   00007f691cdffab6 0000000000000000
0x00007f69193e98b8:   00007f691cdf41f6 00007f69193e9910
0x00007f69193e98c8:   00007f691cd151ac 00007f69193e9970
0x00007f69193e98d8:   00000000bd09a6d0 00000000bd060880
0x00007f69193e98e8:   0000000000000001 00007f69193e9970
0x00007f69193e98f8:   00007f691cbd8a90 00007f69193e9970
0x00007f69193e9908:   00007f691cbd8a90 0000000000000000
0x00007f69193e9918:   00007f691cbd8dd0 00007f68fc000fe0
0x00007f69193e9928:   00000000bd144af0 00007f69193e9930
0x00007f69193e9938:   00007f691c1a263c 00007f69193e99b8
0x00007f69193e9948:   00007f691c1ab5f0 0000000000000000
0x00007f69193e9958:   00007f691c1a2778 00007f69193e9910
0x00007f69193e9968:   00007f69193e99b0 00007f69193e9a00
0x00007f69193e9978:   00007f691cbd92bd 0000000000000000
0x00007f69193e9988:   00000000bd527540 0000000000000000
0x00007f69193e9998:   0000000000000000 0000000000000000
0x00007f69193e99a8:   00000000bd144af0 0000000000000000
0x00007f69193e99b8:   00000000bd09b270 00007f69193e99c0
0x00007f69193e99c8:   00007f691c1a247d 00007f69193e9a10
0x00007f69193e99d8:   00007f691c1ab5f0 0000000000000000
0x00007f69193e99e8:   00007f691c1a2488 00007f69193e99b0
0x00007f69193e99f8:   00007f69193e9a10 00007f69193e9a58
0x00007f69193e9a08:   00007f691cbd9302 00000000bd09b270
0x00007f69193e9a18:   00007f69193e9a18 00007f691bcbe6cb
0x00007f69193e9a28:   00007f69193e9a68 00007f691bd463e8 

Instructions: (pc=0x00007f691cc3acb4)
0x00007f691cc3ac94:   00 00 00 00 00 00 00 00 00 00 00 00 44 8b 15 55
0x00007f691cc3aca4:   c2 d2 14 4c 8b ce 41 f6 c2 01 0f 85 1c 00 00 00
0x00007f691cc3acb4:   4d 8b 09 4c 8b da 49 c1 eb 02 4b 8b 04 19 44 3b
0x00007f691cc3acc4:   15 33 c2 d2 14 0f 85 01 00 00 00 c3 e9 eb 3c 42 

Register to memory mapping:

RAX=0x00007f69319273c0: <offset 0xf883c0> in /jdk1.8.0_191/jre/lib/amd64/server/libjvm.so at 0x00007f693099f000
RBX=0x00007f692c1da1f8 is an unknown value
RCX=0x0000000000000001 is an unknown value
RDX=0x0000000000000042 is an unknown value
RSP=0x00007f69193e9838 is pointing into the stack for thread: 0x00007f692c1da000
RBP=0x00007f69193e9860 is pointing into the stack for thread: 0x00007f692c1da000
RSI=0x0000000000000000 is an unknown value
RDI=0x00007f692c1da1f8 is an unknown value
R8 =0x00000000bce828e8 is an oop
sun.util.logging.PlatformLogger$Level 
 - klass: 'sun/util/logging/PlatformLogger$Level'
R9 =0x0000000000000000 is an unknown value
R10=0x0000000000000016 is an unknown value
R11=0x00007f691a82a6b0: _XimServerDestroy+0 in /lib64/libX11.so.6 at 0x00007f691a7c1000
R12=0x00007f6900041ff0 is an unknown value
R13=0x0000000000000000 is an unknown value
R14=0x00007f691af67b00: <offset 0x256b00> in /jdk1.8.0_191/jre/lib/amd64/libawt_xawt.so at 0x00007f691ad11000
R15=0x00007f692c1da000 is a thread


Stack: [0x00007f69192ea000,0x00007f69193eb000],  sp=0x00007f69193e9838,  free space=1022k
Native frames: (J=compiled Java code, j=interpreted, Vv=VM code, C=native code)
v  ~BufferBlob::jni_fast_GetLongField
C  [libX11.so.6+0x69708]  _XimServerDestroy+0x58

Java frames: (J=compiled Java code, j=interpreted, Vv=VM code)
J 497  sun.awt.X11.XlibWrapper.XFilterEvent(JJ)Z (0 bytes) @ 0x00007f691cdffa44 [0x00007f691cdffa00+0x44]
j  sun.awt.X11.XToolkit.run(Z)V+300
j  sun.awt.X11.XToolkit.run()V+5
j  java.lang.Thread.run()V+11
v  ~StubRoutines::call_stub

---------------  P R O C E S S  ---------------

Java Threads: ( => current thread )
  0x00007f692c009800 JavaThread "DestroyJavaVM" [_thread_blocked, id=5880, stack(0x00007f693248d000,0x00007f693258d000)]
  0x00007f692c2b8000 JavaThread "AWT-EventQueue-0" [_thread_blocked, id=5916, stack(0x00007f6918547000,0x00007f6918648000)]
  0x00007f692c222000 JavaThread "AWT-Shutdown" [_thread_blocked, id=5914, stack(0x00007f6918e83000,0x00007f6918f84000)]
=>0x00007f692c1da000 JavaThread "AWT-XAWT" daemon [_thread_in_native, id=5907, stack(0x00007f69192ea000,0x00007f69193eb000)]
  0x00007f692c1b2800 JavaThread "Java2D Disposer" daemon [_thread_blocked, id=5905, stack(0x00007f69197fc000,0x00007f69198fd000)]
  0x00007f692c0b4800 JavaThread "Service Thread" daemon [_thread_blocked, id=5901, stack(0x00007f691b339000,0x00007f691b43a000)]
  0x00007f692c0b1800 JavaThread "C1 CompilerThread1" daemon [_thread_blocked, id=5900, stack(0x00007f691b43b000,0x00007f691b53b000)]
  0x00007f692c0af000 JavaThread "C2 CompilerThread0" daemon [_thread_blocked, id=5891, stack(0x00007f691b53c000,0x00007f691b63c000)]
  0x00007f692c0ad800 JavaThread "Signal Dispatcher" daemon [_thread_in_vm, id=5890, stack(0x00007f691b63c000,0x00007f691b73d000)]
  0x00007f692c07a800 JavaThread "Finalizer" daemon [_thread_blocked, id=5889, stack(0x00007f691b73d000,0x00007f691b83e000)]
  0x00007f692c078000 JavaThread "Reference Handler" daemon [_thread_blocked, id=5888, stack(0x00007f691b83e000,0x00007f691b93f000)]

Other Threads:
  0x00007f692c06e000 VMThread [stack: 0x00007f691b940000,0x00007f691ba40000] [id=5886]
  0x00007f692c0b9800 WatcherThread [stack: 0x00007f691b239000,0x00007f691b339000] [id=5902]

VM state:not at safepoint (normal execution)

VM Mutex/Monitor currently owned by a thread:  ([mutex/lock_event])
[0x00007f692c0070a0] Threads_lock - owner thread: 0x00007f692c0ad800

Heap:
 def new generation   total 20864K, used 9819K [0x00000000bce00000, 0x00000000be4a0000, 0x00000000d3400000)
  eden space 18560K,  52% used [0x00000000bce00000, 0x00000000bd796c68, 0x00000000be020000)
  from space 2304K,   0% used [0x00000000be020000, 0x00000000be020000, 0x00000000be260000)
  to   space 2304K,   0% used [0x00000000be260000, 0x00000000be260000, 0x00000000be4a0000)
 tenured generation   total 46464K, used 0K [0x00000000d3400000, 0x00000000d6160000, 0x0000000100000000)
   the space 46464K,   0% used [0x00000000d3400000, 0x00000000d3400000, 0x00000000d3400200, 0x00000000d6160000)
 Metaspace       used 12080K, capacity 12266K, committed 12672K, reserved 1060864K
  class space    used 1465K, capacity 1547K, committed 1664K, reserved 1048576K

Card table byte_map: [0x00007f691c5f7000,0x00007f691c811000] byte_map_base: 0x00007f691c010000

Polling page: 0x00007f69325a8000

CodeCache: size=245760Kb used=2323Kb max_used=2323Kb free=243436Kb
 bounds [0x00007f691cbd1000, 0x00007f691ce41000, 0x00007f692bbd1000]
 total_blobs=1045 nmethods=504 adapters=455
 compilation: enabled

Compilation events (10 events):
Event: 2189.291 Thread 0x00007f692c0b1800  500   !   3       sun.awt.X11.XDragSourceContextPeer::doProcessEvent (690 bytes)
Event: 2189.293 Thread 0x00007f692c0b1800 nmethod 500 0x00007f691ce0c9d0 code [0x00007f691ce0d2e0, 0x00007f691ce128b0]
Event: 2228.164 Thread 0x00007f692c0b1800  501  s    3       java.util.Vector::iterator (10 bytes)
Event: 2228.165 Thread 0x00007f692c0b1800 nmethod 501 0x00007f691ce038d0 code [0x00007f691ce03a60, 0x00007f691ce03eb0]
Event: 2228.165 Thread 0x00007f692c0b1800  502       3       java.util.Vector$Itr::<init> (6 bytes)
Event: 2228.165 Thread 0x00007f692c0b1800 nmethod 502 0x00007f691ce03410 code [0x00007f691ce03580, 0x00007f691ce037b0]
Event: 2232.180 Thread 0x00007f692c0b1800  503  s    3       java.util.Vector::toArray (12 bytes)
Event: 2232.180 Thread 0x00007f692c0b1800 nmethod 503 0x00007f691ce02d90 code [0x00007f691ce02f00, 0x00007f691ce032e0]
Event: 2232.180 Thread 0x00007f692c0b1800  504   !   3       sun.awt.X11.XToolkit$1::dispatchEvent (34 bytes)
Event: 2232.181 Thread 0x00007f692c0b1800 nmethod 504 0x00007f691ce15150 code [0x00007f691ce153a0, 0x00007f691ce161a8]

GC Heap History (0 events):
No events

Deoptimization events (0 events):
No events

Classes redefined (0 events):
No events

Internal exceptions (10 events):
Event: 0.191 Thread 0x00007f692c009800 Exception <a 'java/security/PrivilegedActionException'> (0x00000000bce682c8) thrown at [/HUDSON/workspace/8-2-build-linux-amd64/jdk8u191/11894/hotspot/src/share/vm/prims/jvm.cpp, line 1435]
Event: 0.191 Thread 0x00007f692c009800 Exception <a 'java/security/PrivilegedActionException'> (0x00000000bce684d8) thrown at [/HUDSON/workspace/8-2-build-linux-amd64/jdk8u191/11894/hotspot/src/share/vm/prims/jvm.cpp, line 1435]
Event: 0.235 Thread 0x00007f692c009800 Exception <a 'java/security/PrivilegedActionException'> (0x00000000bce94988) thrown at [/HUDSON/workspace/8-2-build-linux-amd64/jdk8u191/11894/hotspot/src/share/vm/prims/jvm.cpp, line 1435]
Event: 0.235 Thread 0x00007f692c009800 Exception <a 'java/security/PrivilegedActionException'> (0x00000000bce94b98) thrown at [/HUDSON/workspace/8-2-build-linux-amd64/jdk8u191/11894/hotspot/src/share/vm/prims/jvm.cpp, line 1435]
Event: 0.235 Thread 0x00007f692c009800 Exception <a 'java/security/PrivilegedActionException'> (0x00000000bce96a60) thrown at [/HUDSON/workspace/8-2-build-linux-amd64/jdk8u191/11894/hotspot/src/share/vm/prims/jvm.cpp, line 1435]
Event: 0.235 Thread 0x00007f692c009800 Exception <a 'java/security/PrivilegedActionException'> (0x00000000bce96c70) thrown at [/HUDSON/workspace/8-2-build-linux-amd64/jdk8u191/11894/hotspot/src/share/vm/prims/jvm.cpp, line 1435]
Event: 0.271 Thread 0x00007f692c009800 Exception <a 'java/lang/NoSuchFieldError': method resolution failed> (0x00000000bcfc2a78) thrown at [/HUDSON/workspace/8-2-build-linux-amd64/jdk8u191/11894/hotspot/src/share/vm/prims/methodHandles.cpp, line 1167]
Event: 0.272 Thread 0x00007f692c009800 Exception <a 'java/lang/NoSuchFieldError': method resolution failed> (0x00000000bcfd0248) thrown at [/HUDSON/workspace/8-2-build-linux-amd64/jdk8u191/11894/hotspot/src/share/vm/prims/methodHandles.cpp, line 1167]
Event: 0.296 Thread 0x00007f692c009800 Exception <a 'java/io/FileNotFoundException'> (0x00000000bd04dba0) thrown at [/HUDSON/workspace/8-2-build-linux-amd64/jdk8u191/11894/hotspot/src/share/vm/prims/jni.cpp, line 709]
Event: 0.296 Thread 0x00007f692c009800 Exception <a 'java/io/FileNotFoundException'> (0x00000000bd04e4e0) thrown at [/HUDSON/workspace/8-2-build-linux-amd64/jdk8u191/11894/hotspot/src/share/vm/prims/jni.cpp, line 709]

Events (10 events):
Event: 0.992 loading class javax/swing/event/ChangeEvent done
Event: 4.239 Executing VM operation: EnableBiasedLocking
Event: 4.240 Executing VM operation: EnableBiasedLocking done
Event: 5.591 Thread 0x00007f692c20d000 Thread exited: 0x00007f692c20d000
Event: 639.071 loading class sun/awt/X11/XUnmapEvent
Event: 639.071 loading class sun/awt/X11/XUnmapEvent done
Event: 2248.221 loading class sun/awt/X11/XDestroyWindowEvent
Event: 2248.221 loading class sun/awt/X11/XDestroyWindowEvent done
Event: 2248.405 loading class sun/misc/Signal$1
Event: 2248.405 loading class sun/misc/Signal$1 done


Dynamic libraries:
00400000-00401000 r-xp 00000000 fd:00 102659985                          /jdk1.8.0_191/bin/java
00600000-00601000 r--p 00000000 fd:00 102659985                          /jdk1.8.0_191/bin/java
00601000-00602000 rw-p 00001000 fd:00 102659985                          /jdk1.8.0_191/bin/java
0220f000-0262f000 rw-p 00000000 00:00 0                                  [heap]
bce00000-be4a0000 rw-p 00000000 00:00 0 
be4a0000-d3400000 ---p 00000000 00:00 0 
d3400000-d6160000 rw-p 00000000 00:00 0 
d6160000-100000000 ---p 00000000 00:00 0 
100000000-1001a0000 rw-p 00000000 00:00 0 
1001a0000-140000000 ---p 00000000 00:00 0 
7f68f0000000-7f68f0021000 rw-p 00000000 00:00 0 
7f68f0021000-7f68f4000000 ---p 00000000 00:00 0 
7f68f8000000-7f68f85c3000 rw-p 00000000 00:00 0 
7f68f85c3000-7f68fc000000 ---p 00000000 00:00 0 
7f68fc000000-7f68fc024000 rw-p 00000000 00:00 0 
7f68fc024000-7f6900000000 ---p 00000000 00:00 0 
7f6900000000-7f6900050000 rw-p 00000000 00:00 0 
7f6900050000-7f6904000000 ---p 00000000 00:00 0 
7f6904000000-7f6904021000 rw-p 00000000 00:00 0 
7f6904021000-7f6908000000 ---p 00000000 00:00 0 
7f6908000000-7f6908021000 rw-p 00000000 00:00 0 
7f6908021000-7f690c000000 ---p 00000000 00:00 0 
7f690dabd000-7f6914000000 r--p 00000000 fd:00 101106078                  /usr/lib/locale/locale-archive
7f6914000000-7f6914021000 rw-p 00000000 00:00 0 
7f6914021000-7f6918000000 ---p 00000000 00:00 0 
7f6918347000-7f6918407000 rw-p 00000000 00:00 0 
7f6918407000-7f6918547000 ---p 00000000 00:00 0 
7f6918547000-7f691854a000 ---p 00000000 00:00 0 
7f691854a000-7f6918648000 rw-p 00000000 00:00 0 
7f6918718000-7f6918784000 r-xp 00000000 fd:00 68611362                   /jdk1.8.0_191/jre/lib/amd64/libt2k.so
7f6918784000-7f6918984000 ---p 0006c000 fd:00 68611362                   /jdk1.8.0_191/jre/lib/amd64/libt2k.so
7f6918984000-7f691898a000 r--p 0006c000 fd:00 68611362                   /jdk1.8.0_191/jre/lib/amd64/libt2k.so
7f691898a000-7f691898b000 rw-p 00072000 fd:00 68611362                   /jdk1.8.0_191/jre/lib/amd64/libt2k.so
7f6918a5a000-7f6918a6b000 r-xp 00000000 fd:00 68628421                   /jdk1.8.0_191/jre/lib/amd64/libnio.so
7f6918a6b000-7f6918c6a000 ---p 00011000 fd:00 68628421                   /jdk1.8.0_191/jre/lib/amd64/libnio.so
7f6918c6a000-7f6918c6b000 r--p 00010000 fd:00 68628421                   /jdk1.8.0_191/jre/lib/amd64/libnio.so
7f6918c6b000-7f6918c6c000 rw-p 00011000 fd:00 68628421                   /jdk1.8.0_191/jre/lib/amd64/libnio.so
7f6918c6c000-7f6918c82000 r-xp 00000000 fd:00 68628418                   /jdk1.8.0_191/jre/lib/amd64/libnet.so
7f6918c82000-7f6918e81000 ---p 00016000 fd:00 68628418                   /jdk1.8.0_191/jre/lib/amd64/libnet.so
7f6918e81000-7f6918e82000 r--p 00015000 fd:00 68628418                   /jdk1.8.0_191/jre/lib/amd64/libnet.so
7f6918e82000-7f6918e83000 rw-p 00016000 fd:00 68628418                   /jdk1.8.0_191/jre/lib/amd64/libnet.so
7f6918e83000-7f6918e86000 ---p 00000000 00:00 0 
7f6918e86000-7f6919184000 rw-p 00000000 00:00 0 
7f69191e9000-7f69191ec000 ---p 00000000 00:00 0 
7f69191ec000-7f69192ea000 rw-p 00000000 00:00 0 
7f69192ea000-7f69192ed000 ---p 00000000 00:00 0 
7f69192ed000-7f69193eb000 rw-p 00000000 00:00 0 
7f69193eb000-7f69193f0000 r-xp 00000000 fd:00 35263117                   /usr/lib64/libXfixes.so.3.1.0
7f69193f0000-7f69195ef000 ---p 00005000 fd:00 35263117                   /usr/lib64/libXfixes.so.3.1.0
7f69195ef000-7f69195f0000 r--p 00004000 fd:00 35263117                   /usr/lib64/libXfixes.so.3.1.0
7f69195f0000-7f69195f1000 rw-p 00005000 fd:00 35263117                   /usr/lib64/libXfixes.so.3.1.0
7f69195f1000-7f69195fa000 r-xp 00000000 fd:00 35263210                   /usr/lib64/libXcursor.so.1.0.2
7f69195fa000-7f69197fa000 ---p 00009000 fd:00 35263210                   /usr/lib64/libXcursor.so.1.0.2
7f69197fa000-7f69197fb000 r--p 00009000 fd:00 35263210                   /usr/lib64/libXcursor.so.1.0.2
7f69197fb000-7f69197fc000 rw-p 0000a000 fd:00 35263210                   /usr/lib64/libXcursor.so.1.0.2
7f69197fc000-7f69197ff000 ---p 00000000 00:00 0 
7f69197ff000-7f69198fd000 rw-p 00000000 00:00 0 
7f69198fd000-7f6919912000 r-xp 00000000 fd:00 40121674                   /usr/lib64/libgcc_s-4.8.5-20150702.so.1
7f6919912000-7f6919b11000 ---p 00015000 fd:00 40121674                   /usr/lib64/libgcc_s-4.8.5-20150702.so.1
7f6919b11000-7f6919b12000 r--p 00014000 fd:00 40121674                   /usr/lib64/libgcc_s-4.8.5-20150702.so.1
7f6919b12000-7f6919b13000 rw-p 00015000 fd:00 40121674                   /usr/lib64/libgcc_s-4.8.5-20150702.so.1
7f6919b13000-7f6919b70000 r-xp 00000000 fd:00 68611374                   /jdk1.8.0_191/jre/lib/amd64/libfontmanager.so
7f6919b70000-7f6919d70000 ---p 0005d000 fd:00 68611374                   /jdk1.8.0_191/jre/lib/amd64/libfontmanager.so
7f6919d70000-7f6919d73000 r--p 0005d000 fd:00 68611374                   /jdk1.8.0_191/jre/lib/amd64/libfontmanager.so
7f6919d73000-7f6919d74000 rw-p 00060000 fd:00 68611374                   /jdk1.8.0_191/jre/lib/amd64/libfontmanager.so
7f6919d74000-7f6919d76000 r-xp 00000000 fd:00 33780200                   /usr/lib64/libXau.so.6.0.0
7f6919d76000-7f6919f76000 ---p 00002000 fd:00 33780200                   /usr/lib64/libXau.so.6.0.0
7f6919f76000-7f6919f77000 r--p 00002000 fd:00 33780200                   /usr/lib64/libXau.so.6.0.0
7f6919f77000-7f6919f78000 rw-p 00003000 fd:00 33780200                   /usr/lib64/libXau.so.6.0.0
7f6919f78000-7f6919f9f000 r-xp 00000000 fd:00 33809088                   /usr/lib64/libxcb.so.1.1.0
7f6919f9f000-7f691a19e000 ---p 00027000 fd:00 33809088                   /usr/lib64/libxcb.so.1.1.0
7f691a19e000-7f691a19f000 r--p 00026000 fd:00 33809088                   /usr/lib64/libxcb.so.1.1.0
7f691a19f000-7f691a1a0000 rw-p 00027000 fd:00 33809088                   /usr/lib64/libxcb.so.1.1.0
7f691a1a0000-7f691a1af000 r-xp 00000000 fd:00 35263123                   /usr/lib64/libXi.so.6.1.0
7f691a1af000-7f691a3ae000 ---p 0000f000 fd:00 35263123                   /usr/lib64/libXi.so.6.1.0
7f691a3ae000-7f691a3af000 r--p 0000e000 fd:00 35263123                   /usr/lib64/libXi.so.6.1.0
7f691a3af000-7f691a3b0000 rw-p 0000f000 fd:00 35263123                   /usr/lib64/libXi.so.6.1.0
7f691a3b0000-7f691a3b5000 r-xp 00000000 fd:00 35263171                   /usr/lib64/libXtst.so.6.1.0
7f691a3b5000-7f691a5b4000 ---p 00005000 fd:00 35263171                   /usr/lib64/libXtst.so.6.1.0
7f691a5b4000-7f691a5b5000 r--p 00004000 fd:00 35263171                   /usr/lib64/libXtst.so.6.1.0
7f691a5b5000-7f691a5b6000 rw-p 00005000 fd:00 35263171                   /usr/lib64/libXtst.so.6.1.0
7f691a5b6000-7f691a5bf000 r-xp 00000000 fd:00 35263135                   /usr/lib64/libXrender.so.1.3.0
7f691a5bf000-7f691a7bf000 ---p 00009000 fd:00 35263135                   /usr/lib64/libXrender.so.1.3.0
7f691a7bf000-7f691a7c0000 r--p 00009000 fd:00 35263135                   /usr/lib64/libXrender.so.1.3.0
7f691a7c0000-7f691a7c1000 rw-p 0000a000 fd:00 35263135                   /usr/lib64/libXrender.so.1.3.0
7f691a7c1000-7f691a8f9000 r-xp 00000000 fd:00 36315762                   /usr/lib64/libX11.so.6.3.0
7f691a8f9000-7f691aaf9000 ---p 00138000 fd:00 36315762                   /usr/lib64/libX11.so.6.3.0
7f691aaf9000-7f691aafa000 r--p 00138000 fd:00 36315762                   /usr/lib64/libX11.so.6.3.0
7f691aafa000-7f691aaff000 rw-p 00139000 fd:00 36315762                   /usr/lib64/libX11.so.6.3.0
7f691aaff000-7f691ab10000 r-xp 00000000 fd:00 35263116                   /usr/lib64/libXext.so.6.4.0
7f691ab10000-7f691ad0f000 ---p 00011000 fd:00 35263116                   /usr/lib64/libXext.so.6.4.0
7f691ad0f000-7f691ad10000 r--p 00010000 fd:00 35263116                   /usr/lib64/libXext.so.6.4.0
7f691ad10000-7f691ad11000 rw-p 00011000 fd:00 35263116                   /usr/lib64/libXext.so.6.4.0
7f691ad11000-7f691ad64000 r-xp 00000000 fd:00 68628425                   /jdk1.8.0_191/jre/lib/amd64/libawt_xawt.so
7f691ad64000-7f691af63000 ---p 00053000 fd:00 68628425                   /jdk1.8.0_191/jre/lib/amd64/libawt_xawt.so
7f691af63000-7f691af64000 r--p 00052000 fd:00 68628425                   /jdk1.8.0_191/jre/lib/amd64/libawt_xawt.so
7f691af64000-7f691af67000 rw-p 00053000 fd:00 68628425                   /jdk1.8.0_191/jre/lib/amd64/libawt_xawt.so
7f691af67000-7f691af68000 rw-p 00000000 00:00 0 
7f691af68000-7f691b007000 r-xp 00000000 fd:00 68611387                   /jdk1.8.0_191/jre/lib/amd64/libawt.so
7f691b007000-7f691b207000 ---p 0009f000 fd:00 68611387                   /jdk1.8.0_191/jre/lib/amd64/libawt.so
7f691b207000-7f691b208000 r--p 0009f000 fd:00 68611387                   /jdk1.8.0_191/jre/lib/amd64/libawt.so
7f691b208000-7f691b213000 rw-p 000a0000 fd:00 68611387                   /jdk1.8.0_191/jre/lib/amd64/libawt.so
7f691b213000-7f691b238000 rw-p 00000000 00:00 0 
7f691b238000-7f691b239000 ---p 00000000 00:00 0 
7f691b239000-7f691b339000 rw-p 00000000 00:00 0 
7f691b339000-7f691b33c000 ---p 00000000 00:00 0 
7f691b33c000-7f691b43a000 rw-p 00000000 00:00 0 
7f691b43a000-7f691b43e000 ---p 00000000 00:00 0 
7f691b43e000-7f691b53b000 rw-p 00000000 00:00 0 
7f691b53b000-7f691b53f000 ---p 00000000 00:00 0 
7f691b53f000-7f691b63c000 rw-p 00000000 00:00 0 
7f691b63c000-7f691b63f000 ---p 00000000 00:00 0 
7f691b63f000-7f691b73d000 rw-p 00000000 00:00 0 
7f691b73d000-7f691b740000 ---p 00000000 00:00 0 
7f691b740000-7f691b83e000 rw-p 00000000 00:00 0 
7f691b83e000-7f691b841000 ---p 00000000 00:00 0 
7f691b841000-7f691b93f000 rw-p 00000000 00:00 0 
7f691b93f000-7f691b940000 ---p 00000000 00:00 0 
7f691b940000-7f691ba40000 rw-p 00000000 00:00 0 
7f691ba40000-7f691bc1a000 r--s 03d6c000 fd:00 3532122                    /jdk1.8.0_191/jre/lib/rt.jar
7f691bc1a000-7f691c4a7000 rw-p 00000000 00:00 0 
7f691c4a7000-7f691c5f7000 ---p 00000000 00:00 0 
7f691c5f7000-7f691c603000 rw-p 00000000 00:00 0 
7f691c603000-7f691c6aa000 ---p 00000000 00:00 0 
7f691c6aa000-7f691c6c1000 rw-p 00000000 00:00 0 
7f691c6c1000-7f691c810000 ---p 00000000 00:00 0 
7f691c810000-7f691c81b000 rw-p 00000000 00:00 0 
7f691c81b000-7f691cbd1000 ---p 00000000 00:00 0 
7f691cbd1000-7f691ce41000 rwxp 00000000 00:00 0 
7f691ce41000-7f692bbd1000 ---p 00000000 00:00 0 
7f692bbd1000-7f692bbeb000 r-xp 00000000 fd:00 68611390                   /jdk1.8.0_191/jre/lib/amd64/libzip.so
7f692bbeb000-7f692bdeb000 ---p 0001a000 fd:00 68611390                   /jdk1.8.0_191/jre/lib/amd64/libzip.so
7f692bdeb000-7f692bdec000 r--p 0001a000 fd:00 68611390                   /jdk1.8.0_191/jre/lib/amd64/libzip.so
7f692bdec000-7f692bded000 rw-p 0001b000 fd:00 68611390                   /jdk1.8.0_191/jre/lib/amd64/libzip.so
7f692bded000-7f692bdf9000 r-xp 00000000 fd:00 35108647                   /usr/lib64/libnss_files-2.17.so
7f692bdf9000-7f692bff8000 ---p 0000c000 fd:00 35108647                   /usr/lib64/libnss_files-2.17.so
7f692bff8000-7f692bff9000 r--p 0000b000 fd:00 35108647                   /usr/lib64/libnss_files-2.17.so
7f692bff9000-7f692bffa000 rw-p 0000c000 fd:00 35108647                   /usr/lib64/libnss_files-2.17.so
7f692bffa000-7f692c000000 rw-p 00000000 00:00 0 
7f692c000000-7f692c2cf000 rw-p 00000000 00:00 0 
7f692c2cf000-7f6930000000 ---p 00000000 00:00 0 
7f6930006000-7f6930044000 rw-s 00000000 00:04 65587                      /SYSV00000000 (deleted)
7f6930044000-7f6930057000 r--s 00345000 fd:00 3556547                    /jdk1.8.0_191/jre/lib/resources.jar
7f6930057000-7f6930084000 r-xp 00000000 fd:00 68611384                   /jdk1.8.0_191/jre/lib/amd64/libjava.so
7f6930084000-7f6930283000 ---p 0002d000 fd:00 68611384                   /jdk1.8.0_191/jre/lib/amd64/libjava.so
7f6930283000-7f6930284000 r--p 0002c000 fd:00 68611384                   /jdk1.8.0_191/jre/lib/amd64/libjava.so
7f6930284000-7f6930286000 rw-p 0002d000 fd:00 68611384                   /jdk1.8.0_191/jre/lib/amd64/libjava.so
7f6930286000-7f6930293000 r-xp 00000000 fd:00 68611389                   /jdk1.8.0_191/jre/lib/amd64/libverify.so
7f6930293000-7f6930492000 ---p 0000d000 fd:00 68611389                   /jdk1.8.0_191/jre/lib/amd64/libverify.so
7f6930492000-7f6930494000 r--p 0000c000 fd:00 68611389                   /jdk1.8.0_191/jre/lib/amd64/libverify.so
7f6930494000-7f6930495000 rw-p 0000e000 fd:00 68611389                   /jdk1.8.0_191/jre/lib/amd64/libverify.so
7f6930495000-7f693049c000 r-xp 00000000 fd:00 35108651                   /usr/lib64/librt-2.17.so
7f693049c000-7f693069b000 ---p 00007000 fd:00 35108651                   /usr/lib64/librt-2.17.so
7f693069b000-7f693069c000 r--p 00006000 fd:00 35108651                   /usr/lib64/librt-2.17.so
7f693069c000-7f693069d000 rw-p 00007000 fd:00 35108651                   /usr/lib64/librt-2.17.so
7f693069d000-7f693079e000 r-xp 00000000 fd:00 35108644                   /usr/lib64/libm-2.17.so
7f693079e000-7f693099d000 ---p 00101000 fd:00 35108644                   /usr/lib64/libm-2.17.so
7f693099d000-7f693099e000 r--p 00100000 fd:00 35108644                   /usr/lib64/libm-2.17.so
7f693099e000-7f693099f000 rw-p 00101000 fd:00 35108644                   /usr/lib64/libm-2.17.so
7f693099f000-7f6931681000 r-xp 00000000 fd:00 3556594                    /jdk1.8.0_191/jre/lib/amd64/server/libjvm.so
7f6931681000-7f6931881000 ---p 00ce2000 fd:00 3556594                    /jdk1.8.0_191/jre/lib/amd64/server/libjvm.so
7f6931881000-7f6931917000 r--p 00ce2000 fd:00 3556594                    /jdk1.8.0_191/jre/lib/amd64/server/libjvm.so
7f6931917000-7f6931948000 rw-p 00d78000 fd:00 3556594                    /jdk1.8.0_191/jre/lib/amd64/server/libjvm.so
7f6931948000-7f6931983000 rw-p 00000000 00:00 0 
7f6931983000-7f6931b46000 r-xp 00000000 fd:00 33644670                   /usr/lib64/libc-2.17.so
7f6931b46000-7f6931d46000 ---p 001c3000 fd:00 33644670                   /usr/lib64/libc-2.17.so
7f6931d46000-7f6931d4a000 r--p 001c3000 fd:00 33644670                   /usr/lib64/libc-2.17.so
7f6931d4a000-7f6931d4c000 rw-p 001c7000 fd:00 33644670                   /usr/lib64/libc-2.17.so
7f6931d4c000-7f6931d51000 rw-p 00000000 00:00 0 
7f6931d51000-7f6931d53000 r-xp 00000000 fd:00 35108643                   /usr/lib64/libdl-2.17.so
7f6931d53000-7f6931f53000 ---p 00002000 fd:00 35108643                   /usr/lib64/libdl-2.17.so
7f6931f53000-7f6931f54000 r--p 00002000 fd:00 35108643                   /usr/lib64/libdl-2.17.so
7f6931f54000-7f6931f55000 rw-p 00003000 fd:00 35108643                   /usr/lib64/libdl-2.17.so
7f6931f55000-7f6931f6c000 r-xp 00000000 fd:00 36652250                   /jdk1.8.0_191/lib/amd64/jli/libjli.so
7f6931f6c000-7f693216b000 ---p 00017000 fd:00 36652250                   /jdk1.8.0_191/lib/amd64/jli/libjli.so
7f693216b000-7f693216c000 r--p 00016000 fd:00 36652250                   /jdk1.8.0_191/lib/amd64/jli/libjli.so
7f693216c000-7f693216d000 rw-p 00017000 fd:00 36652250                   /jdk1.8.0_191/lib/amd64/jli/libjli.so
7f693216d000-7f6932184000 r-xp 00000000 fd:00 33644696                   /usr/lib64/libpthread-2.17.so
7f6932184000-7f6932383000 ---p 00017000 fd:00 33644696                   /usr/lib64/libpthread-2.17.so
7f6932383000-7f6932384000 r--p 00016000 fd:00 33644696                   /usr/lib64/libpthread-2.17.so
7f6932384000-7f6932385000 rw-p 00017000 fd:00 33644696                   /usr/lib64/libpthread-2.17.so
7f6932385000-7f6932389000 rw-p 00000000 00:00 0 
7f6932389000-7f69323ab000 r-xp 00000000 fd:00 33644662                   /usr/lib64/ld-2.17.so
7f69323ab000-7f69323b0000 r--s 00084000 fd:00 3532075                    /jdk1.8.0_191/jre/lib/jfr.jar
7f69323b0000-7f69323b5000 r--s 002f9000 fd:00 3532120                    /jdk1.8.0_191/jre/lib/charsets.jar
7f69323b5000-7f69323ba000 r--s 000a0000 fd:00 3556556                    /jdk1.8.0_191/jre/lib/jsse.jar
7f69323ba000-7f693248c000 rw-p 00000000 00:00 0 
7f693248c000-7f6932490000 ---p 00000000 00:00 0 
7f6932490000-7f6932591000 rw-p 00000000 00:00 0 
7f6932592000-7f6932595000 r--s 0001a000 fd:00 3556598                    /jdk1.8.0_191/jre/lib/jce.jar
7f6932595000-7f693259f000 r--s 000c0000 fd:00 889162                     /jdk1.8.0_191/jre/lib/ext/postgresql-42.2.5.jar
7f693259f000-7f69325a7000 rw-s 00000000 fd:00 103909230                  /tmp/hsperfdata_root/5879
7f69325a7000-7f69325a8000 rw-p 00000000 00:00 0 
7f69325a8000-7f69325a9000 r--p 00000000 00:00 0 
7f69325a9000-7f69325aa000 rw-p 00000000 00:00 0 
7f69325aa000-7f69325ab000 r--p 00021000 fd:00 33644662                   /usr/lib64/ld-2.17.so
7f69325ab000-7f69325ac000 rw-p 00022000 fd:00 33644662                   /usr/lib64/ld-2.17.so
7f69325ac000-7f69325ad000 rw-p 00000000 00:00 0 
7fff05ac0000-7fff05ae1000 rw-p 00000000 00:00 0                          [stack]
7fff05beb000-7fff05bed000 r-xp 00000000 00:00 0                          [vdso]
ffffffffff600000-ffffffffff601000 r-xp 00000000 00:00 0                  [vsyscall]

VM Arguments:
jvm_args: -Dfile.encoding=UTF-8 
java_command: electricity.billing.system.Signup
java_class_path (initial): /jdk1.8.0_191/jre/lib/resources.jar:/jdk1.8.0_191/jre/lib/rt.jar:/jdk1.8.0_191/jre/lib/jsse.jar:/jdk1.8.0_191/jre/lib/jce.jar:/jdk1.8.0_191/jre/lib/charsets.jar:/jdk1.8.0_191/jre/lib/jfr.jar:/jdk1.8.0_191/jre/lib/ext/sunec.jar:/jdk1.8.0_191/jre/lib/ext/dnsns.jar:/jdk1.8.0_191/jre/lib/ext/cldrdata.jar:/jdk1.8.0_191/jre/lib/ext/jfxrt.jar:/jdk1.8.0_191/jre/lib/ext/jaccess.jar:/jdk1.8.0_191/jre/lib/ext/nashorn.jar:/jdk1.8.0_191/jre/lib/ext/zipfs.jar:/jdk1.8.0_191/jre/lib/ext/sunpkcs11.jar:/jdk1.8.0_191/jre/lib/ext/localedata.jar:/jdk1.8.0_191/jre/lib/ext/sunjce_provider.jar:/jdk1.8.0_191/jre/lib/ext/postgresql-42.2.5.jar:/root/apurva/Electricity Billing System/bin:/root/Downloads/ResultSet2xml.jar
Launcher Type: SUN_STANDARD

Environment Variables:
JAVA_HOME=/jdk1.8.0_191
CLASSPATH=:/apache-tomcat-8.5.38/common/lib/servlet-api.jar
PATH=/jdk1.8.0_191/bin:/usr/local/bin:/usr/local/sbin:/usr/bin:/usr/sbin:/bin:/sbin:/root/bin
USERNAME=root
SHELL=/bin/bash
DISPLAY=:0

Signal Handlers:
SIGSEGV: [libjvm.so+0xaced60], sa_mask[0]=11111111011111111101111111111110, sa_flags=SA_RESTART|SA_SIGINFO
SIGBUS: [libjvm.so+0xaced60], sa_mask[0]=11111111011111111101111111111110, sa_flags=SA_RESTART|SA_SIGINFO
SIGFPE: [libjvm.so+0x907ca0], sa_mask[0]=11111111011111111101111111111110, sa_flags=SA_RESTART|SA_SIGINFO
SIGPIPE: [libjvm.so+0x907ca0], sa_mask[0]=11111111011111111101111111111110, sa_flags=SA_RESTART|SA_SIGINFO
SIGXFSZ: [libjvm.so+0x907ca0], sa_mask[0]=11111111011111111101111111111110, sa_flags=SA_RESTART|SA_SIGINFO
SIGILL: [libjvm.so+0x907ca0], sa_mask[0]=11111111011111111101111111111110, sa_flags=SA_RESTART|SA_SIGINFO
SIGUSR1: SIG_DFL, sa_mask[0]=00000000000000000000000000000000, sa_flags=none
SIGUSR2: [libjvm.so+0x907b70], sa_mask[0]=00100000000000000000000000000000, sa_flags=SA_RESTART|SA_SIGINFO
SIGHUP: [libjvm.so+0x908190], sa_mask[0]=11111111011111111101111111111110, sa_flags=SA_RESTART|SA_SIGINFO
SIGINT: [libjvm.so+0x908190], sa_mask[0]=11111111011111111101111111111110, sa_flags=SA_RESTART|SA_SIGINFO
SIGTERM: [libjvm.so+0x908190], sa_mask[0]=11111111011111111101111111111110, sa_flags=SA_RESTART|SA_SIGINFO
SIGQUIT: [libjvm.so+0x908190], sa_mask[0]=11111111011111111101111111111110, sa_flags=SA_RESTART|SA_SIGINFO


---------------  S Y S T E M  ---------------

OS:CentOS Linux release 7.8.2003 (Core)

uname:Linux 3.10.0-1127.13.1.el7.x86_64 #1 SMP Tue Jun 23 15:46:38 UTC 2020 x86_64
libc:glibc 2.17 NPTL 2.17 
rlimit: STACK 8192k, CORE 0k, NPROC 17043, NOFILE 4096, AS infinity
load average:0.28 0.33 0.30

/proc/meminfo:
MemTotal:        4396508 kB
MemFree:          490164 kB
MemAvailable:    1496912 kB
Buffers:              96 kB
Cached:          1237576 kB
SwapCached:            0 kB
Active:          2815560 kB
Inactive:         791088 kB
Active(anon):    2360188 kB
Inactive(anon):    61948 kB
Active(file):     455372 kB
Inactive(file):   729140 kB
Unevictable:          32 kB
Mlocked:              32 kB
SwapTotal:       2359292 kB
SwapFree:        2359292 kB
Dirty:               532 kB
Writeback:             0 kB
AnonPages:       2387296 kB
Mapped:           196336 kB
Shmem:             53152 kB
Slab:             107564 kB
SReclaimable:      54820 kB
SUnreclaim:        52744 kB
KernelStack:       14608 kB
PageTables:        33700 kB
NFS_Unstable:          0 kB
Bounce:                0 kB
WritebackTmp:          0 kB
CommitLimit:     4557544 kB
Committed_AS:    5457980 kB
VmallocTotal:   34359738367 kB
VmallocUsed:       38408 kB
VmallocChunk:   34359695352 kB
Percpu:              188 kB
HardwareCorrupted:     0 kB
AnonHugePages:   1361920 kB
CmaTotal:              0 kB
CmaFree:               0 kB
HugePages_Total:       0
HugePages_Free:        0
HugePages_Rsvd:        0
HugePages_Surp:        0
Hugepagesize:       2048 kB
DirectMap4k:      104384 kB
DirectMap2M:     4614144 kB

container (cgroup) information:
container_type: cgroupv1
cpu_cpuset_cpus: 0
cpu_memory_nodes: 0
active_processor_count: 1
cpu_quota: -1
cpu_period: 100000
cpu_shares: -1
memory_limit_in_bytes: -1
memory_and_swap_limit_in_bytes: -1
memory_soft_limit_in_bytes: -1
memory_usage_in_bytes: 3693178880
memory_max_usage_in_bytes: 0


CPU:total 1 (initial active 1) (1 cores per cpu, 1 threads per core) family 6 model 126 stepping 5, cmov, cx8, fxsr, mmx, sse, sse2, sse3, ssse3, sse4.1, sse4.2, popcnt, avx, avx2, aes, clmul, 3dnowpref, lzcnt, tsc, tscinvbit, bmi1, bmi2

/proc/cpuinfo:
processor	: 0
vendor_id	: GenuineIntel
cpu family	: 6
model		: 126
model name	: Intel(R) Core(TM) i5-1035G1 CPU @ 1.00GHz
stepping	: 5
cpu MHz		: 1190.400
cache size	: 6144 KB
physical id	: 0
siblings	: 1
core id		: 0
cpu cores	: 1
apicid		: 0
initial apicid	: 0
fpu		: yes
fpu_exception	: yes
cpuid level	: 22
wp		: yes
flags		: fpu vme de pse tsc msr pae mce cx8 apic sep mtrr pge mca cmov pat pse36 clflush mmx fxsr sse sse2 ht syscall nx rdtscp lm constant_tsc rep_good nopl xtopology nonstop_tsc eagerfpu pni pclmulqdq monitor ssse3 cx16 pcid sse4_1 sse4_2 x2apic movbe popcnt aes xsave avx rdrand hypervisor lahf_lm abm 3dnowprefetch invpcid_single fsgsbase bmi1 avx2 bmi2 invpcid rdseed clflushopt md_clear flush_l1d arch_capabilities
bogomips	: 2380.80
clflush size	: 64
cache_alignment	: 64
address sizes	: 39 bits physical, 48 bits virtual
power management:



Memory: 4k page, physical 4396508k(490164k free), swap 2359292k(2359292k free)

vm_info: Java HotSpot(TM) 64-Bit Server VM (25.191-b12) for linux-amd64 JRE (1.8.0_191-b12), built on Oct  6 2018 05:43:09 by "java_re" with gcc 7.3.0

time: Thu Mar 23 22:15:40 2023
elapsed time: 2248 seconds (0d 0h 37m 28s)

